2025-04-15 00:14:15,630 - __main__ - INFO - === 開始模型評估 ===
2025-04-15 00:14:15,633 - __main__ - INFO - 命令行參數: Namespace(model_path='outputs/hybrid_model/models/best_model.pt', config='configs/model_config.yaml', data='data/raw/Training_data_warpage_final_20250321_v1.2.csv', output_dir='outputs/hybrid_model/evaluation', model_type='hybrid', device=None, batch_size=16, visualize=False, debug=False)
2025-04-15 00:14:15,651 - __main__ - INFO - 成功載入配置文件: configs/model_config.yaml
2025-04-15 00:14:15,651 - __main__ - INFO - 使用計算設備: cpu
2025-04-15 00:14:15,658 - __main__ - INFO - 創建混合PINN-LSTM模型
2025-04-15 00:14:15,689 - __main__ - INFO - 從 outputs/hybrid_model/models/best_model.pt 載入模型權重
2025-04-15 00:14:15,740 - __main__ - INFO - 直接從檢查點載入模型權重
2025-04-15 00:14:15,742 - __main__ - INFO - 模型載入成功，移至 cpu 設備
2025-04-15 00:14:16,932 - __main__ - INFO - 從 data/raw/Training_data_warpage_final_20250321_v1.2.csv 載入數據
2025-04-15 00:14:16,937 - src.data.preprocess - INFO - 成功載入資料檔案: data/raw/Training_data_warpage_final_20250321_v1.2.csv，共 81 筆資料，18 個欄位
2025-04-15 00:14:16,939 - __main__ - INFO - 標準化特徵: ['Die', 'stud', 'mold', 'PCB', 'Unit_warpage']
2025-04-15 00:14:16,942 - src.data.preprocess - INFO - 標準化完成，特徵數量: 5
2025-04-15 00:14:16,943 - __main__ - INFO - 準備時間序列數據
2025-04-15 00:14:16,943 - src.data.preprocess - INFO - 時間序列資料準備完成，形狀: (81, 4, 2)
2025-04-15 00:14:16,944 - __main__ - INFO - 數據載入完成: 81 個樣本
2025-04-15 00:14:16,944 - __main__ - INFO - 創建數據載入器成功: 81 個樣本，批次大小 16
2025-04-15 00:14:16,945 - __main__ - INFO - 開始評估模型性能
2025-04-15 00:14:17,033 - __main__ - INFO - 評估完成: 81 個預測
2025-04-15 00:14:17,033 - __main__ - INFO - 計算評估指標
2025-04-15 00:14:17,128 - src.utils.metrics - INFO - Model: Model
RMSE: 1478.7831
R2: -2.3525
MAE: 1228.3546
MAPE: 79.54%
Relative Error (Mean): 79.54%
Relative Error (Median): 87.41%
Relative Error (90th percentile): 92.74%
Log RMSE: 0.8658
2025-04-15 00:14:17,130 - __main__ - INFO - 驗證物理約束
2025-04-15 00:14:17,130 - src.utils.physics - WARNING - 物理約束驗證失敗! 有 81 個樣本違反約束
2025-04-15 00:14:17,131 - src.utils.physics - WARNING - 違反約束的樣本索引: [ 0  1  2  3  4  5  6  7  8  9 10 11 12 13 14 15 16 17 18 19 20 21 22 23
 24 25 26 27 28 29 30 31 32 33 34 35 36 37 38 39 40 41 42 43 44 45 46 47
 48 49 50 51 52 53 54 55 56 57 58 59 60 61 62 63 64 65 66 67 68 69 70 71
 72 73 74 75 76 77 78 79 80]
2025-04-15 00:14:17,132 - src.utils.physics - WARNING - 違反約束的樣本相對殘差: [58.765804 56.56829  54.08458  58.78257  56.57692  54.0878   58.798813
 56.536674 54.638187 58.797604 56.575085 54.095    58.80676  56.58024
 54.09003  58.773506 56.500988 54.603333 58.791477 56.56537  54.106266
 58.76131  56.52293  54.09726  58.757942 56.52647  54.58797  57.770264
 56.205513 53.895615 58.155315 56.12508  53.89999  58.175373 56.09795
 54.46755  58.182465 54.700447 53.920628 58.132927 56.107746 53.906147
 58.08079  56.07171  54.447277 58.169914 56.116222 53.94016  58.118896
 56.141533 53.923172 58.062683 56.051487 54.48928  57.569035 55.847446
 53.828175 57.442253 55.784363 53.838116 57.43227  55.76723  54.396854
 57.452465 55.777653 53.83451  57.386868 55.763416 53.82967  57.31273
 55.733936 54.387623 57.427097 55.77649  53.841953 57.35823  55.769875
 53.83642  57.245358 55.719006 54.361565]
2025-04-15 00:14:17,133 - __main__ - WARNING - 物理約束驗證失敗, 有 81 個樣本違反約束
2025-04-15 00:14:17,133 - __main__ - INFO - 輸出目錄: outputs/hybrid_model/evaluation
2025-04-15 00:14:17,146 - __main__ - INFO - 預測結果保存到: outputs/hybrid_model/evaluation\predictions.csv
2025-04-15 00:14:17,149 - __main__ - INFO - 評估指標保存到: outputs/hybrid_model/evaluation\metrics.csv
2025-04-15 00:14:17,158 - __main__ - INFO - 違反物理約束的樣本保存到: outputs/hybrid_model/evaluation\violated_samples.csv
2025-04-15 00:14:17,158 - __main__ - INFO - === 評估完成，耗時: 1.53秒 ===
2025-04-15 15:34:53,784 - __main__ - INFO - === 開始模型評估 ===
2025-04-15 15:34:53,786 - __main__ - INFO - 命令行參數: Namespace(model_path='outputs/hybrid_model/models/best_model.pt', config='configs/model_config.yaml', data='data/raw/Training_data_warpage_final_20250321_v1.2.csv', output_dir='outputs/hybrid_model/evaluation', model_type='hybrid', device=None, batch_size=16, visualize=False, debug=False)
2025-04-15 15:34:53,802 - __main__ - INFO - 成功載入配置文件: configs/model_config.yaml
2025-04-15 15:34:53,802 - __main__ - INFO - 使用計算設備: cpu
2025-04-15 15:34:53,809 - __main__ - INFO - 創建混合PINN-LSTM模型
2025-04-15 15:34:53,829 - __main__ - INFO - 從 outputs/hybrid_model/models/best_model.pt 載入模型權重
2025-04-15 15:34:53,881 - __main__ - INFO - 直接從檢查點載入模型權重
2025-04-15 15:34:53,884 - __main__ - INFO - 模型載入成功，移至 cpu 設備
2025-04-15 15:34:54,978 - __main__ - INFO - 從 data/raw/Training_data_warpage_final_20250321_v1.2.csv 載入數據
2025-04-15 15:34:54,982 - src.data.preprocess - INFO - 成功載入資料檔案: data/raw/Training_data_warpage_final_20250321_v1.2.csv，共 81 筆資料，18 個欄位
2025-04-15 15:34:54,984 - __main__ - INFO - 標準化特徵: ['Die', 'stud', 'mold', 'PCB', 'Unit_warpage']
2025-04-15 15:34:54,986 - src.data.preprocess - INFO - 標準化完成，特徵數量: 5
2025-04-15 15:34:54,986 - __main__ - INFO - 準備時間序列數據
2025-04-15 15:34:54,987 - src.data.preprocess - INFO - 時間序列資料準備完成，形狀: (81, 4, 2)
2025-04-15 15:34:54,987 - __main__ - INFO - 數據載入完成: 81 個樣本
2025-04-15 15:34:54,988 - __main__ - INFO - 創建數據載入器成功: 81 個樣本，批次大小 16
2025-04-15 15:34:54,988 - __main__ - INFO - 開始評估模型性能
2025-04-15 15:34:55,072 - __main__ - INFO - 評估完成: 81 個預測
2025-04-15 15:34:55,073 - __main__ - INFO - 計算評估指標
2025-04-15 15:34:55,160 - src.utils.metrics - INFO - Model: Model
RMSE: 1478.7831
R2: -2.3525
MAE: 1228.3546
MAPE: 79.54%
Relative Error (Mean): 79.54%
Relative Error (Median): 87.41%
Relative Error (90th percentile): 92.74%
Log RMSE: 0.8658
2025-04-15 15:34:55,162 - __main__ - INFO - 驗證物理約束
2025-04-15 15:34:55,162 - src.utils.physics - WARNING - 物理約束驗證失敗! 有 81 個樣本違反約束
2025-04-15 15:34:55,163 - src.utils.physics - WARNING - 違反約束的樣本索引: [ 0  1  2  3  4  5  6  7  8  9 10 11 12 13 14 15 16 17 18 19 20 21 22 23
 24 25 26 27 28 29 30 31 32 33 34 35 36 37 38 39 40 41 42 43 44 45 46 47
 48 49 50 51 52 53 54 55 56 57 58 59 60 61 62 63 64 65 66 67 68 69 70 71
 72 73 74 75 76 77 78 79 80]
2025-04-15 15:34:55,164 - src.utils.physics - WARNING - 違反約束的樣本相對殘差: [58.765804 56.56829  54.08458  58.78257  56.57692  54.0878   58.798813
 56.536674 54.638187 58.797604 56.575085 54.095    58.80676  56.58024
 54.09003  58.773506 56.500988 54.603333 58.791477 56.56537  54.106266
 58.76131  56.52293  54.09726  58.757942 56.52647  54.58797  57.770264
 56.205513 53.895615 58.155315 56.12508  53.89999  58.175373 56.09795
 54.46755  58.182465 54.700447 53.920628 58.132927 56.107746 53.906147
 58.08079  56.07171  54.447277 58.169914 56.116222 53.94016  58.118896
 56.141533 53.923172 58.062683 56.051487 54.48928  57.569035 55.847446
 53.828175 57.442253 55.784363 53.838116 57.43227  55.76723  54.396854
 57.452465 55.777653 53.83451  57.386868 55.763416 53.82967  57.31273
 55.733936 54.387623 57.427097 55.77649  53.841953 57.35823  55.769875
 53.83642  57.245358 55.719006 54.361565]
2025-04-15 15:34:55,165 - __main__ - WARNING - 物理約束驗證失敗, 有 81 個樣本違反約束
2025-04-15 15:34:55,165 - __main__ - INFO - 輸出目錄: outputs/hybrid_model/evaluation
2025-04-15 15:34:55,180 - __main__ - INFO - 預測結果保存到: outputs/hybrid_model/evaluation\predictions.csv
2025-04-15 15:34:55,182 - __main__ - INFO - 評估指標保存到: outputs/hybrid_model/evaluation\metrics.csv
2025-04-15 15:34:55,188 - __main__ - INFO - 違反物理約束的樣本保存到: outputs/hybrid_model/evaluation\violated_samples.csv
2025-04-15 15:34:55,189 - __main__ - INFO - === 評估完成，耗時: 1.40秒 ===
