2025-04-14 11:54:10,196 - __main__ - INFO - 成功載入配置文件: configs/model_config.yaml
2025-04-14 11:54:10,216 - __main__ - INFO - 成功載入配置文件: configs/train_config.yaml
2025-04-14 11:54:10,220 - __main__ - INFO - 已設定隨機種子: 42
2025-04-14 11:54:10,220 - __main__ - INFO - 使用計算設備: cpu
2025-04-14 11:54:10,220 - __main__ - INFO - 輸出目錄: outputs/hybrid_model
2025-04-14 11:54:10,220 - __main__ - INFO - 載入資料: data/raw/Training_data_warpage_final_20250321_v1.2.csv
2025-04-14 11:54:10,224 - src.data.preprocess - INFO - 成功載入資料檔案: data/raw/Training_data_warpage_final_20250321_v1.2.csv，共 81 筆資料，18 個欄位
2025-04-14 11:54:10,228 - src.data.preprocess - INFO - 標準化完成，特徵數量: 5
2025-04-14 11:54:10,228 - src.data.preprocess - INFO - 時間序列資料準備完成，形狀: (81, 4, 2)
2025-04-14 11:54:10,230 - src.data.preprocess - INFO - 資料分割完成 - 訓練集: 56 樣本, 驗證集: 12 樣本, 測試集: 13 樣本
2025-04-14 11:54:10,230 - src.data.preprocess - INFO - 完整資料處理流程完成
2025-04-14 11:54:10,232 - __main__ - INFO - 資料分割完成, 訓練集: 56 樣本, 驗證集: 12 樣本, 測試集: 13 樣本
2025-04-14 11:54:10,232 - __main__ - INFO - 應用資料增強...
2025-04-14 11:54:10,232 - src.data.dataset - INFO - 進行資料增強，原始訓練集大小: 56 樣本
2025-04-14 11:54:10,381 - src.data.dataset - INFO - 資料增強完成，增強後的訓練集大小: 626 樣本
2025-04-14 11:54:10,381 - __main__ - INFO - 資料增強完成，增強後的訓練集大小: 626 樣本
2025-04-14 11:54:10,399 - __main__ - INFO - 創建混合PINN-LSTM模型，使用物理約束: True，融合方法: weighted
2025-04-14 11:54:10,401 - src.data.dataset - INFO - 已創建資料載入器 - 訓練: 626 樣本, 驗證: 12 樣本, 測試: 13 樣本, 批次大小: 8
2025-04-14 11:54:12,001 - src.training.trainer - INFO - 創建adamw優化器，學習率: 0.002，權重衰減: 0.0005
2025-04-14 11:54:12,001 - src.training.losses - INFO - 初始化HybridLoss: lambda_physics=0.1, lambda_consistency=0.1, delta_w_weight=1.5
2025-04-14 11:54:12,001 - src.training.losses - INFO - 初始化AdaptiveHybridLoss: physics權重從0.1增加到1.0, consistency權重從0.1增加到0.5, delta_w權重從1.5增加到3.0, 在40個輪次內達到最大值, 預熱輪次: 5, 調整方案: linear
2025-04-14 11:54:12,001 - src.training.trainer - WARNING - 不支援的學習率調度器類型: one_cycle，不使用學習率調度
2025-04-14 11:54:12,003 - src.training.callbacks - INFO - 初始化ModelCheckpoint: 保存目錄=outputs\hybrid_model\HybridPINNLSTMModel_20250414_115412\checkpoints, 保存頻率=5, 只保存最佳=False, 監控指標=val_loss, 模式=min
2025-04-14 11:54:12,003 - src.training.callbacks - INFO - 初始化LossHistory: 保存路徑=outputs\hybrid_model\HybridPINNLSTMModel_20250414_115412\history.json, 保存頻率=1
2025-04-14 11:54:12,007 - src.training.trainer - INFO - 初始化訓練器完成，模型: HybridPINNLSTMModel, 優化器: AdamW, 設備: cpu
2025-04-14 11:54:12,007 - __main__ - INFO - 開始訓練，總輪數: 450
2025-04-14 11:54:12,007 - src.training.trainer - INFO - 開始訓練，總輪數: 450
2025-04-14 11:54:14,512 - src.training.trainer - INFO - 輪次 1/450 - 訓練損失: 14827518566.958719 - 驗證損失: 5529.118530 - rmse: 83830.375000 - r2: -12726.648438 - mae: 39154.449219 - 學習率: 0.002000 - 時間: 2.51秒
2025-04-14 11:54:14,540 - src.training.callbacks - INFO - 模型檢查點已保存至 outputs\hybrid_model\HybridPINNLSTMModel_20250414_115412\checkpoints\HybridPINNLSTMModel_epoch_001.pt
2025-04-14 11:54:14,552 - src.training.trainer - INFO - 監控指標改善，模型已保存至 outputs/hybrid_model\models\best_model.pt
2025-04-14 11:54:17,586 - src.training.trainer - INFO - 監控指標改善，模型已保存至 outputs/hybrid_model\models\best_model.pt
2025-04-14 11:54:19,950 - src.training.trainer - INFO - 輪次 3/450 - 訓練損失: 25.049457 - 驗證損失: 25.893735 - rmse: 1386.794556 - r2: -2.483130 - mae: 1170.919312 - 學習率: 0.002000 - 時間: 2.36秒
2025-04-14 11:54:19,962 - src.training.trainer - INFO - 監控指標改善，模型已保存至 outputs/hybrid_model\models\best_model.pt
2025-04-14 11:54:22,423 - src.training.trainer - INFO - 監控指標改善，模型已保存至 outputs/hybrid_model\models\best_model.pt
2025-04-14 11:54:24,958 - src.training.trainer - INFO - 輪次 5/450 - 訓練損失: 5.107300 - 驗證損失: 5.553593 - rmse: 1379.006714 - r2: -2.444119 - mae: 1161.137085 - 學習率: 0.002000 - 時間: 2.53秒
2025-04-14 11:54:24,966 - src.training.trainer - INFO - 監控指標改善，模型已保存至 outputs/hybrid_model\models\best_model.pt
2025-04-14 11:54:27,589 - src.training.callbacks - INFO - 模型檢查點已保存至 outputs\hybrid_model\HybridPINNLSTMModel_20250414_115412\checkpoints\HybridPINNLSTMModel_epoch_006.pt
2025-04-14 11:54:27,597 - src.training.trainer - INFO - 監控指標改善，模型已保存至 outputs/hybrid_model\models\best_model.pt
2025-04-14 11:54:30,130 - src.training.trainer - INFO - 輪次 7/450 - 訓練損失: 3.554831 - 驗證損失: 4.158099 - rmse: 1367.676636 - r2: -2.387757 - mae: 1149.047974 - 學習率: 0.002000 - 時間: 2.53秒
2025-04-14 11:54:30,140 - src.training.trainer - INFO - 監控指標改善，模型已保存至 outputs/hybrid_model\models\best_model.pt
2025-04-14 11:54:32,690 - src.training.trainer - INFO - 監控指標改善，模型已保存至 outputs/hybrid_model\models\best_model.pt
2025-04-14 11:54:35,063 - src.training.trainer - INFO - 輪次 9/450 - 訓練損失: 2.461467 - 驗證損失: 2.250004 - rmse: 1253.829834 - r2: -1.847230 - mae: 975.288574 - 學習率: 0.002000 - 時間: 2.37秒
2025-04-14 11:54:35,077 - src.training.trainer - INFO - 監控指標改善，模型已保存至 outputs/hybrid_model\models\best_model.pt
2025-04-14 11:54:37,557 - src.training.trainer - INFO - 監控指標改善，模型已保存至 outputs/hybrid_model\models\best_model.pt
2025-04-14 11:54:39,930 - src.training.trainer - INFO - 輪次 11/450 - 訓練損失: 1.993756 - 驗證損失: 1.993045 - rmse: 1262.024902 - r2: -1.884571 - mae: 1026.922119 - 學習率: 0.002000 - 時間: 2.37秒
2025-04-14 11:54:39,948 - src.training.callbacks - INFO - 模型檢查點已保存至 outputs\hybrid_model\HybridPINNLSTMModel_20250414_115412\checkpoints\HybridPINNLSTMModel_epoch_011.pt
2025-04-14 11:54:39,962 - src.training.trainer - INFO - 監控指標改善，模型已保存至 outputs/hybrid_model\models\best_model.pt
2025-04-14 11:54:42,428 - src.training.trainer - INFO - 監控指標改善，模型已保存至 outputs/hybrid_model\models\best_model.pt
2025-04-14 11:54:44,887 - src.training.trainer - INFO - 輪次 13/450 - 訓練損失: 1.639390 - 驗證損失: 2.824282 - rmse: 1354.750854 - r2: -2.324025 - mae: 1128.984497 - 學習率: 0.002000 - 時間: 2.46秒
2025-04-14 11:54:44,899 - src.training.trainer - INFO - 監控指標改善，模型已保存至 outputs/hybrid_model\models\best_model.pt
2025-04-14 11:54:47,330 - src.training.trainer - INFO - 監控指標改善，模型已保存至 outputs/hybrid_model\models\best_model.pt
2025-04-14 11:54:49,906 - src.training.trainer - INFO - 輪次 15/450 - 訓練損失: 1.416912 - 驗證損失: 3.291603 - rmse: 1365.045044 - r2: -2.374732 - mae: 1145.876587 - 學習率: 0.002000 - 時間: 2.58秒
2025-04-14 11:54:49,916 - src.training.trainer - INFO - 監控指標改善，模型已保存至 outputs/hybrid_model\models\best_model.pt
2025-04-14 11:54:52,317 - src.training.callbacks - INFO - 模型檢查點已保存至 outputs\hybrid_model\HybridPINNLSTMModel_20250414_115412\checkpoints\HybridPINNLSTMModel_epoch_016.pt
2025-04-14 11:54:52,325 - src.training.trainer - INFO - 監控指標改善，模型已保存至 outputs/hybrid_model\models\best_model.pt
2025-04-14 11:54:54,699 - src.training.trainer - INFO - 輪次 17/450 - 訓練損失: 1.208261 - 驗證損失: 2.978833 - rmse: 1361.495117 - r2: -2.357203 - mae: 1141.637329 - 學習率: 0.002000 - 時間: 2.37秒
2025-04-14 11:54:54,713 - src.training.trainer - INFO - 監控指標改善，模型已保存至 outputs/hybrid_model\models\best_model.pt
2025-04-14 11:54:57,172 - src.training.trainer - INFO - 監控指標改善，模型已保存至 outputs/hybrid_model\models\best_model.pt
2025-04-14 11:54:59,568 - src.training.trainer - INFO - 輪次 19/450 - 訓練損失: 1.097910 - 驗證損失: 2.206770 - rmse: 1341.700928 - r2: -2.260294 - mae: 1116.305664 - 學習率: 0.002000 - 時間: 2.40秒
2025-04-14 11:54:59,578 - src.training.trainer - INFO - 監控指標改善，模型已保存至 outputs/hybrid_model\models\best_model.pt
2025-04-14 11:55:01,911 - src.training.trainer - INFO - 監控指標改善，模型已保存至 outputs/hybrid_model\models\best_model.pt
2025-04-14 11:55:04,367 - src.training.trainer - INFO - 輪次 21/450 - 訓練損失: 0.968448 - 驗證損失: 1.504317 - rmse: 1296.332886 - r2: -2.043536 - mae: 1063.850952 - 學習率: 0.002000 - 時間: 2.46秒
2025-04-14 11:55:04,395 - src.training.callbacks - INFO - 模型檢查點已保存至 outputs\hybrid_model\HybridPINNLSTMModel_20250414_115412\checkpoints\HybridPINNLSTMModel_epoch_021.pt
2025-04-14 11:55:04,409 - src.training.trainer - INFO - 監控指標改善，模型已保存至 outputs/hybrid_model\models\best_model.pt
2025-04-14 11:55:06,848 - src.training.trainer - INFO - 監控指標改善，模型已保存至 outputs/hybrid_model\models\best_model.pt
2025-04-14 11:55:09,437 - src.training.trainer - INFO - 輪次 23/450 - 訓練損失: 0.901715 - 驗證損失: 1.482392 - rmse: 1306.566895 - r2: -2.091781 - mae: 1077.705933 - 學習率: 0.002000 - 時間: 2.59秒
2025-04-14 11:55:09,447 - src.training.trainer - INFO - 監控指標改善，模型已保存至 outputs/hybrid_model\models\best_model.pt
2025-04-14 11:55:11,843 - src.training.trainer - INFO - 監控指標改善，模型已保存至 outputs/hybrid_model\models\best_model.pt
2025-04-14 11:55:14,360 - src.training.trainer - INFO - 輪次 25/450 - 訓練損失: 0.809245 - 驗證損失: 2.217342 - rmse: 1346.789062 - r2: -2.285069 - mae: 1122.704834 - 學習率: 0.002000 - 時間: 2.52秒
2025-04-14 11:55:14,368 - src.training.trainer - INFO - 監控指標改善，模型已保存至 outputs/hybrid_model\models\best_model.pt
2025-04-14 11:55:16,704 - src.training.callbacks - INFO - 模型檢查點已保存至 outputs\hybrid_model\HybridPINNLSTMModel_20250414_115412\checkpoints\HybridPINNLSTMModel_epoch_026.pt
2025-04-14 11:55:16,718 - src.training.trainer - INFO - 監控指標改善，模型已保存至 outputs/hybrid_model\models\best_model.pt
2025-04-14 11:55:19,235 - src.training.trainer - INFO - 輪次 27/450 - 訓練損失: 0.756148 - 驗證損失: 1.359727 - rmse: 1302.709961 - r2: -2.073554 - mae: 1071.456421 - 學習率: 0.002000 - 時間: 2.52秒
2025-04-14 11:55:19,243 - src.training.trainer - INFO - 監控指標改善，模型已保存至 outputs/hybrid_model\models\best_model.pt
2025-04-14 11:55:21,718 - src.training.trainer - INFO - 監控指標改善，模型已保存至 outputs/hybrid_model\models\best_model.pt
2025-04-14 11:55:24,148 - src.training.trainer - INFO - 輪次 29/450 - 訓練損失: 0.699050 - 驗證損失: 1.394813 - rmse: 1311.444458 - r2: -2.114908 - mae: 1079.580933 - 學習率: 0.002000 - 時間: 2.43秒
2025-04-14 11:55:24,156 - src.training.trainer - INFO - 監控指標改善，模型已保存至 outputs/hybrid_model\models\best_model.pt
2025-04-14 11:55:26,571 - src.training.trainer - INFO - 監控指標改善，模型已保存至 outputs/hybrid_model\models\best_model.pt
2025-04-14 11:55:28,999 - src.training.trainer - INFO - 輪次 31/450 - 訓練損失: 0.647944 - 驗證損失: 1.489933 - rmse: 1320.234253 - r2: -2.156802 - mae: 1085.388306 - 學習率: 0.002000 - 時間: 2.43秒
2025-04-14 11:55:29,023 - src.training.callbacks - INFO - 模型檢查點已保存至 outputs\hybrid_model\HybridPINNLSTMModel_20250414_115412\checkpoints\HybridPINNLSTMModel_epoch_031.pt
2025-04-14 11:55:29,035 - src.training.trainer - INFO - 監控指標改善，模型已保存至 outputs/hybrid_model\models\best_model.pt
2025-04-14 11:55:31,508 - src.training.trainer - INFO - 監控指標改善，模型已保存至 outputs/hybrid_model\models\best_model.pt
2025-04-14 11:55:33,872 - src.training.trainer - INFO - 輪次 33/450 - 訓練損失: 0.618063 - 驗證損失: 2.109230 - rmse: 1344.843872 - r2: -2.275587 - mae: 1118.536133 - 學習率: 0.002000 - 時間: 2.36秒
2025-04-14 11:55:33,884 - src.training.trainer - INFO - 監控指標改善，模型已保存至 outputs/hybrid_model\models\best_model.pt
2025-04-14 11:55:36,355 - src.training.trainer - INFO - 監控指標改善，模型已保存至 outputs/hybrid_model\models\best_model.pt
2025-04-14 11:55:38,691 - src.training.trainer - INFO - 輪次 35/450 - 訓練損失: 0.597172 - 驗證損失: 1.761307 - rmse: 1332.794312 - r2: -2.217152 - mae: 1106.449951 - 學習率: 0.002000 - 時間: 2.34秒
2025-04-14 11:55:38,699 - src.training.trainer - INFO - 監控指標改善，模型已保存至 outputs/hybrid_model\models\best_model.pt
2025-04-14 11:55:41,252 - src.training.callbacks - INFO - 模型檢查點已保存至 outputs\hybrid_model\HybridPINNLSTMModel_20250414_115412\checkpoints\HybridPINNLSTMModel_epoch_036.pt
2025-04-14 11:55:41,262 - src.training.trainer - INFO - 監控指標改善，模型已保存至 outputs/hybrid_model\models\best_model.pt
2025-04-14 11:55:43,744 - src.training.trainer - INFO - 輪次 37/450 - 訓練損失: 0.584256 - 驗證損失: 1.442096 - rmse: 1316.644043 - r2: -2.139657 - mae: 1080.856812 - 學習率: 0.002000 - 時間: 2.48秒
2025-04-14 11:55:43,754 - src.training.trainer - INFO - 監控指標改善，模型已保存至 outputs/hybrid_model\models\best_model.pt
2025-04-14 11:55:46,243 - src.training.trainer - INFO - 監控指標改善，模型已保存至 outputs/hybrid_model\models\best_model.pt
2025-04-14 11:55:48,684 - src.training.trainer - INFO - 輪次 39/450 - 訓練損失: 0.557207 - 驗證損失: 2.001374 - rmse: 1344.920654 - r2: -2.275961 - mae: 1118.682983 - 學習率: 0.002000 - 時間: 2.44秒
2025-04-14 11:55:48,694 - src.training.trainer - INFO - 監控指標改善，模型已保存至 outputs/hybrid_model\models\best_model.pt
2025-04-14 11:55:51,220 - src.training.trainer - INFO - 監控指標改善，模型已保存至 outputs/hybrid_model\models\best_model.pt
2025-04-14 11:55:53,581 - src.training.trainer - INFO - 輪次 41/450 - 訓練損失: 0.544303 - 驗證損失: 1.259359 - rmse: 1305.780396 - r2: -2.088059 - mae: 1062.799561 - 學習率: 0.002000 - 時間: 2.36秒
2025-04-14 11:55:53,607 - src.training.callbacks - INFO - 模型檢查點已保存至 outputs\hybrid_model\HybridPINNLSTMModel_20250414_115412\checkpoints\HybridPINNLSTMModel_epoch_041.pt
2025-04-14 11:55:53,617 - src.training.trainer - INFO - 監控指標改善，模型已保存至 outputs/hybrid_model\models\best_model.pt
2025-04-14 11:55:56,194 - src.training.trainer - INFO - 監控指標改善，模型已保存至 outputs/hybrid_model\models\best_model.pt
2025-04-14 11:55:58,604 - src.training.trainer - INFO - 輪次 43/450 - 訓練損失: 0.527604 - 驗證損失: 2.040305 - rmse: 1346.247437 - r2: -2.282427 - mae: 1120.516113 - 學習率: 0.002000 - 時間: 2.41秒
2025-04-14 11:55:58,618 - src.training.trainer - INFO - 監控指標改善，模型已保存至 outputs/hybrid_model\models\best_model.pt
2025-04-14 11:56:00,983 - src.training.trainer - INFO - 監控指標改善，模型已保存至 outputs/hybrid_model\models\best_model.pt
2025-04-14 11:56:03,339 - src.training.trainer - INFO - 輪次 45/450 - 訓練損失: 0.519781 - 驗證損失: 1.151170 - rmse: 1287.924072 - r2: -2.004179 - mae: 1047.564209 - 學習率: 0.002000 - 時間: 2.36秒
2025-04-14 11:56:03,349 - src.training.trainer - INFO - 監控指標改善，模型已保存至 outputs/hybrid_model\models\best_model.pt
2025-04-14 11:56:05,777 - src.training.callbacks - INFO - 模型檢查點已保存至 outputs\hybrid_model\HybridPINNLSTMModel_20250414_115412\checkpoints\HybridPINNLSTMModel_epoch_046.pt
2025-04-14 11:56:05,791 - src.training.trainer - INFO - 監控指標改善，模型已保存至 outputs/hybrid_model\models\best_model.pt
2025-04-14 11:56:08,302 - src.training.trainer - INFO - 輪次 47/450 - 訓練損失: 0.499921 - 驗證損失: 1.590319 - rmse: 1326.496948 - r2: -2.186822 - mae: 1092.577515 - 學習率: 0.002000 - 時間: 2.51秒
2025-04-14 11:56:08,310 - src.training.trainer - INFO - 監控指標改善，模型已保存至 outputs/hybrid_model\models\best_model.pt
2025-04-14 11:56:10,777 - src.training.trainer - INFO - 監控指標改善，模型已保存至 outputs/hybrid_model\models\best_model.pt
2025-04-14 11:56:13,219 - src.training.trainer - INFO - 輪次 49/450 - 訓練損失: 0.491212 - 驗證損失: 1.414305 - rmse: 1315.132690 - r2: -2.132452 - mae: 1076.997559 - 學習率: 0.002000 - 時間: 2.44秒
2025-04-14 11:56:13,233 - src.training.trainer - INFO - 監控指標改善，模型已保存至 outputs/hybrid_model\models\best_model.pt
2025-04-14 11:56:15,670 - src.training.trainer - INFO - 監控指標改善，模型已保存至 outputs/hybrid_model\models\best_model.pt
2025-04-14 11:56:18,173 - src.training.trainer - INFO - 輪次 51/450 - 訓練損失: 0.494817 - 驗證損失: 1.378347 - rmse: 1313.227295 - r2: -2.123383 - mae: 1071.392700 - 學習率: 0.002000 - 時間: 2.50秒
2025-04-14 11:56:18,201 - src.training.callbacks - INFO - 模型檢查點已保存至 outputs\hybrid_model\HybridPINNLSTMModel_20250414_115412\checkpoints\HybridPINNLSTMModel_epoch_051.pt
2025-04-14 11:56:18,207 - src.training.trainer - INFO - min模式下監控指標改善
2025-04-14 11:56:18,217 - src.training.trainer - INFO - 監控指標改善，模型已保存至 outputs/hybrid_model\models\best_model.pt
2025-04-14 11:56:20,647 - src.training.trainer - INFO - 監控指標未改善，已連續 1 輪。最佳值: 1.378347, 當前值: 1.658195
2025-04-14 11:56:23,011 - src.training.trainer - INFO - 輪次 53/450 - 訓練損失: 0.478526 - 驗證損失: 1.343012 - rmse: 1312.034912 - r2: -2.117713 - mae: 1079.047363 - 學習率: 0.002000 - 時間: 2.36秒
2025-04-14 11:56:23,013 - src.training.trainer - INFO - min模式下監控指標改善, 從 1.378347 改善到 1.343012
2025-04-14 11:56:23,023 - src.training.trainer - INFO - 監控指標改善，模型已保存至 outputs/hybrid_model\models\best_model.pt
2025-04-14 11:56:25,388 - src.training.trainer - INFO - 監控指標未改善，已連續 1 輪。最佳值: 1.343012, 當前值: 1.409190
2025-04-14 11:56:27,696 - src.training.trainer - INFO - 輪次 55/450 - 訓練損失: 0.470784 - 驗證損失: 1.643357 - rmse: 1325.308594 - r2: -2.181115 - mae: 1090.234253 - 學習率: 0.002000 - 時間: 2.31秒
2025-04-14 11:56:27,698 - src.training.trainer - INFO - 監控指標未改善，已連續 2 輪。最佳值: 1.343012, 當前值: 1.643357
2025-04-14 11:56:30,331 - src.training.callbacks - INFO - 模型檢查點已保存至 outputs\hybrid_model\HybridPINNLSTMModel_20250414_115412\checkpoints\HybridPINNLSTMModel_epoch_056.pt
2025-04-14 11:56:30,337 - src.training.trainer - INFO - 監控指標未改善，已連續 3 輪。最佳值: 1.343012, 當前值: 1.594156
2025-04-14 11:56:32,840 - src.training.trainer - INFO - 輪次 57/450 - 訓練損失: 0.453662 - 驗證損失: 1.296315 - rmse: 1309.614746 - r2: -2.106222 - mae: 1068.940308 - 學習率: 0.002000 - 時間: 2.50秒
2025-04-14 11:56:32,842 - src.training.trainer - INFO - min模式下監控指標改善, 從 1.343012 改善到 1.296315
2025-04-14 11:56:32,850 - src.training.trainer - INFO - 監控指標改善，模型已保存至 outputs/hybrid_model\models\best_model.pt
2025-04-14 11:56:35,292 - src.training.trainer - INFO - min模式下監控指標改善, 從 1.296315 改善到 1.015522
2025-04-14 11:56:35,300 - src.training.trainer - INFO - 監控指標改善，模型已保存至 outputs/hybrid_model\models\best_model.pt
2025-04-14 11:56:37,611 - src.training.trainer - INFO - 輪次 59/450 - 訓練損失: 0.449886 - 驗證損失: 1.639951 - rmse: 1331.034424 - r2: -2.208661 - mae: 1096.620483 - 學習率: 0.002000 - 時間: 2.31秒
2025-04-14 11:56:37,613 - src.training.trainer - INFO - 監控指標未改善，已連續 1 輪。最佳值: 1.015522, 當前值: 1.639951
2025-04-14 11:56:40,125 - src.training.trainer - INFO - 監控指標未改善，已連續 2 輪。最佳值: 1.015522, 當前值: 1.211090
2025-04-14 11:56:42,490 - src.training.trainer - INFO - 輪次 61/450 - 訓練損失: 0.448887 - 驗證損失: 1.745891 - rmse: 1336.357056 - r2: -2.234375 - mae: 1105.532349 - 學習率: 0.002000 - 時間: 2.37秒
2025-04-14 11:56:42,508 - src.training.callbacks - INFO - 模型檢查點已保存至 outputs\hybrid_model\HybridPINNLSTMModel_20250414_115412\checkpoints\HybridPINNLSTMModel_epoch_061.pt
2025-04-14 11:56:42,512 - src.training.trainer - INFO - 監控指標未改善，已連續 3 輪。最佳值: 1.015522, 當前值: 1.745891
2025-04-14 11:56:44,952 - src.training.trainer - INFO - 監控指標未改善，已連續 4 輪。最佳值: 1.015522, 當前值: 1.931756
2025-04-14 11:56:47,405 - src.training.trainer - INFO - 輪次 63/450 - 訓練損失: 0.445769 - 驗證損失: 1.573094 - rmse: 1329.852783 - r2: -2.202967 - mae: 1097.218994 - 學習率: 0.002000 - 時間: 2.45秒
2025-04-14 11:56:47,409 - src.training.trainer - INFO - 監控指標未改善，已連續 5 輪。最佳值: 1.015522, 當前值: 1.573094
2025-04-14 11:56:47,409 - src.training.trainer - INFO - 檢測到訓練停滯，嘗試重啟訓練...
2025-04-14 11:56:49,992 - src.training.trainer - INFO - 監控指標未改善，已連續 4 輪。最佳值: 1.015522, 當前值: 1.211768
2025-04-14 11:56:52,470 - src.training.trainer - INFO - 輪次 65/450 - 訓練損失: 0.436413 - 驗證損失: 1.745576 - rmse: 1338.972168 - r2: -2.247046 - mae: 1110.338867 - 學習率: 0.002000 - 時間: 2.48秒
2025-04-14 11:56:52,472 - src.training.trainer - INFO - 監控指標未改善，已連續 5 輪。最佳值: 1.015522, 當前值: 1.745576
2025-04-14 11:56:55,053 - src.training.callbacks - INFO - 模型檢查點已保存至 outputs\hybrid_model\HybridPINNLSTMModel_20250414_115412\checkpoints\HybridPINNLSTMModel_epoch_066.pt
2025-04-14 11:56:55,059 - src.training.trainer - INFO - 監控指標未改善，已連續 6 輪。最佳值: 1.015522, 當前值: 1.736644
2025-04-14 11:56:57,578 - src.training.trainer - INFO - 輪次 67/450 - 訓練損失: 0.429187 - 驗證損失: 1.473600 - rmse: 1317.242554 - r2: -2.142511 - mae: 1079.471558 - 學習率: 0.002000 - 時間: 2.52秒
2025-04-14 11:56:57,582 - src.training.trainer - INFO - 監控指標未改善，已連續 7 輪。最佳值: 1.015522, 當前值: 1.473600
2025-04-14 11:57:00,073 - src.training.trainer - INFO - 監控指標未改善，已連續 8 輪。最佳值: 1.015522, 當前值: 1.422468
2025-04-14 11:57:00,073 - src.training.trainer - INFO - 檢測到訓練停滯，嘗試重啟訓練...
2025-04-14 11:57:02,623 - src.training.trainer - INFO - 輪次 69/450 - 訓練損失: 0.448813 - 驗證損失: 1.502098 - rmse: 1324.653687 - r2: -2.177972 - mae: 1092.453857 - 學習率: 0.002000 - 時間: 2.55秒
2025-04-14 11:57:02,625 - src.training.trainer - INFO - 監控指標未改善，已連續 7 輪。最佳值: 1.015522, 當前值: 1.502098
2025-04-14 11:57:04,865 - src.training.trainer - INFO - 監控指標未改善，已連續 8 輪。最佳值: 1.015522, 當前值: 1.678309
2025-04-14 11:57:07,430 - src.training.trainer - INFO - 輪次 71/450 - 訓練損失: 0.443530 - 驗證損失: 0.887762 - rmse: 1252.492554 - r2: -1.841160 - mae: 999.117493 - 學習率: 0.002000 - 時間: 2.57秒
2025-04-14 11:57:07,452 - src.training.callbacks - INFO - 模型檢查點已保存至 outputs\hybrid_model\HybridPINNLSTMModel_20250414_115412\checkpoints\HybridPINNLSTMModel_epoch_071.pt
2025-04-14 11:57:07,454 - src.training.trainer - INFO - min模式下監控指標改善, 從 1.015522 改善到 0.887762
2025-04-14 11:57:07,462 - src.training.trainer - INFO - 監控指標改善，模型已保存至 outputs/hybrid_model\models\best_model.pt
2025-04-14 11:57:09,941 - src.training.trainer - INFO - 監控指標未改善，已連續 1 輪。最佳值: 0.887762, 當前值: 1.126881
2025-04-14 11:57:12,468 - src.training.trainer - INFO - 輪次 73/450 - 訓練損失: 0.426954 - 驗證損失: 1.462459 - rmse: 1318.370972 - r2: -2.147898 - mae: 1081.256348 - 學習率: 0.002000 - 時間: 2.53秒
2025-04-14 11:57:12,472 - src.training.trainer - INFO - 監控指標未改善，已連續 2 輪。最佳值: 0.887762, 當前值: 1.462459
2025-04-14 11:57:14,986 - src.training.trainer - INFO - 監控指標未改善，已連續 3 輪。最佳值: 0.887762, 當前值: 1.331194
2025-04-14 11:57:17,599 - src.training.trainer - INFO - 輪次 75/450 - 訓練損失: 0.438529 - 驗證損失: 2.077896 - rmse: 1352.008179 - r2: -2.310579 - mae: 1126.762451 - 學習率: 0.002000 - 時間: 2.61秒
2025-04-14 11:57:17,603 - src.training.trainer - INFO - 監控指標未改善，已連續 4 輪。最佳值: 0.887762, 當前值: 2.077896
2025-04-14 11:57:20,228 - src.training.callbacks - INFO - 模型檢查點已保存至 outputs\hybrid_model\HybridPINNLSTMModel_20250414_115412\checkpoints\HybridPINNLSTMModel_epoch_076.pt
2025-04-14 11:57:20,231 - src.training.trainer - INFO - 監控指標未改善，已連續 5 輪。最佳值: 0.887762, 當前值: 1.341444
2025-04-14 11:57:20,231 - src.training.trainer - INFO - 檢測到訓練停滯，嘗試重啟訓練...
2025-04-14 11:57:22,759 - src.training.trainer - INFO - 輪次 77/450 - 訓練損失: 0.422793 - 驗證損失: 0.933789 - rmse: 1258.924561 - r2: -1.870416 - mae: 1010.117859 - 學習率: 0.002000 - 時間: 2.53秒
2025-04-14 11:57:22,761 - src.training.trainer - INFO - 監控指標未改善，已連續 4 輪。最佳值: 0.887762, 當前值: 0.933789
2025-04-14 11:57:25,302 - src.training.trainer - INFO - 監控指標未改善，已連續 5 輪。最佳值: 0.887762, 當前值: 2.060735
2025-04-14 11:57:27,757 - src.training.trainer - INFO - 輪次 79/450 - 訓練損失: 0.428237 - 驗證損失: 1.327671 - rmse: 1310.319458 - r2: -2.109565 - mae: 1075.081177 - 學習率: 0.002000 - 時間: 2.46秒
2025-04-14 11:57:27,759 - src.training.trainer - INFO - 監控指標未改善，已連續 6 輪。最佳值: 0.887762, 當前值: 1.327671
2025-04-14 11:57:30,205 - src.training.trainer - INFO - 監控指標未改善，已連續 7 輪。最佳值: 0.887762, 當前值: 1.635402
2025-04-14 11:57:32,798 - src.training.trainer - INFO - 輪次 81/450 - 訓練損失: 0.409074 - 驗證損失: 1.401062 - rmse: 1317.190918 - r2: -2.142265 - mae: 1081.160645 - 學習率: 0.002000 - 時間: 2.59秒
2025-04-14 11:57:32,816 - src.training.callbacks - INFO - 模型檢查點已保存至 outputs\hybrid_model\HybridPINNLSTMModel_20250414_115412\checkpoints\HybridPINNLSTMModel_epoch_081.pt
2025-04-14 11:57:32,822 - src.training.trainer - INFO - 監控指標未改善，已連續 8 輪。最佳值: 0.887762, 當前值: 1.401062
2025-04-14 11:57:32,822 - src.training.trainer - INFO - 檢測到訓練停滯，嘗試重啟訓練...
2025-04-14 11:57:35,287 - src.training.trainer - INFO - 監控指標未改善，已連續 7 輪。最佳值: 0.887762, 當前值: 2.627632
2025-04-14 11:57:37,884 - src.training.trainer - INFO - 輪次 83/450 - 訓練損失: 0.430782 - 驗證損失: 1.170938 - rmse: 1292.475098 - r2: -2.025448 - mae: 1045.242798 - 學習率: 0.002000 - 時間: 2.60秒
2025-04-14 11:57:37,888 - src.training.trainer - INFO - 監控指標未改善，已連續 8 輪。最佳值: 0.887762, 當前值: 1.170938
2025-04-14 11:57:40,284 - src.training.trainer - INFO - 監控指標未改善，已連續 9 輪。最佳值: 0.887762, 當前值: 1.346346
2025-04-14 11:57:42,749 - src.training.trainer - INFO - 輪次 85/450 - 訓練損失: 0.411770 - 驗證損失: 1.206920 - rmse: 1297.984253 - r2: -2.051295 - mae: 1060.196777 - 學習率: 0.002000 - 時間: 2.47秒
2025-04-14 11:57:42,751 - src.training.trainer - INFO - 監控指標未改善，已連續 10 輪。最佳值: 0.887762, 當前值: 1.206920
2025-04-14 11:57:45,272 - src.training.callbacks - INFO - 模型檢查點已保存至 outputs\hybrid_model\HybridPINNLSTMModel_20250414_115412\checkpoints\HybridPINNLSTMModel_epoch_086.pt
2025-04-14 11:57:45,276 - src.training.trainer - INFO - 監控指標未改善，已連續 11 輪。最佳值: 0.887762, 當前值: 2.049772
2025-04-14 11:57:45,276 - src.training.trainer - INFO - 檢測到訓練停滯，嘗試重啟訓練...
2025-04-14 11:57:47,778 - src.training.trainer - INFO - 輪次 87/450 - 訓練損失: 0.424270 - 驗證損失: 1.535316 - rmse: 1326.697021 - r2: -2.187784 - mae: 1094.856812 - 學習率: 0.002000 - 時間: 2.50秒
2025-04-14 11:57:47,782 - src.training.trainer - INFO - 監控指標未改善，已連續 10 輪。最佳值: 0.887762, 當前值: 1.535316
2025-04-14 11:57:50,363 - src.training.trainer - INFO - 監控指標未改善，已連續 11 輪。最佳值: 0.887762, 當前值: 1.663235
2025-04-14 11:57:52,816 - src.training.trainer - INFO - 輪次 89/450 - 訓練損失: 0.395707 - 驗證損失: 1.402292 - rmse: 1319.425659 - r2: -2.152936 - mae: 1087.262085 - 學習率: 0.002000 - 時間: 2.45秒
2025-04-14 11:57:52,820 - src.training.trainer - INFO - 監控指標未改善，已連續 12 輪。最佳值: 0.887762, 當前值: 1.402292
2025-04-14 11:57:55,272 - src.training.trainer - INFO - 監控指標未改善，已連續 13 輪。最佳值: 0.887762, 當前值: 1.966127
2025-04-14 11:57:57,805 - src.training.trainer - INFO - 輪次 91/450 - 訓練損失: 0.399243 - 驗證損失: 1.530962 - rmse: 1327.163086 - r2: -2.190024 - mae: 1096.101074 - 學習率: 0.002000 - 時間: 2.53秒
2025-04-14 11:57:57,823 - src.training.callbacks - INFO - 模型檢查點已保存至 outputs\hybrid_model\HybridPINNLSTMModel_20250414_115412\checkpoints\HybridPINNLSTMModel_epoch_091.pt
2025-04-14 11:57:57,829 - src.training.trainer - INFO - 監控指標未改善，已連續 14 輪。最佳值: 0.887762, 當前值: 1.530962
2025-04-14 11:57:57,829 - src.training.trainer - INFO - 檢測到訓練停滯，嘗試重啟訓練...
2025-04-14 11:58:00,270 - src.training.trainer - INFO - 監控指標未改善，已連續 13 輪。最佳值: 0.887762, 當前值: 1.629502
2025-04-14 11:58:02,700 - src.training.trainer - INFO - 輪次 93/450 - 訓練損失: 0.409611 - 驗證損失: 1.273916 - rmse: 1304.413818 - r2: -2.081599 - mae: 1067.631470 - 學習率: 0.002000 - 時間: 2.43秒
2025-04-14 11:58:02,702 - src.training.trainer - INFO - 監控指標未改善，已連續 14 輪。最佳值: 0.887762, 當前值: 1.273916
2025-04-14 11:58:05,293 - src.training.trainer - INFO - 監控指標未改善，已連續 15 輪。最佳值: 0.887762, 當前值: 1.575201
2025-04-14 11:58:07,816 - src.training.trainer - INFO - 輪次 95/450 - 訓練損失: 0.404724 - 驗證損失: 1.327777 - rmse: 1312.225586 - r2: -2.118619 - mae: 1073.787720 - 學習率: 0.002000 - 時間: 2.52秒
2025-04-14 11:58:07,820 - src.training.trainer - INFO - 監控指標未改善，已連續 16 輪。最佳值: 0.887762, 當前值: 1.327777
2025-04-14 11:58:10,270 - src.training.callbacks - INFO - 模型檢查點已保存至 outputs\hybrid_model\HybridPINNLSTMModel_20250414_115412\checkpoints\HybridPINNLSTMModel_epoch_096.pt
2025-04-14 11:58:10,276 - src.training.trainer - INFO - 監控指標未改善，已連續 17 輪。最佳值: 0.887762, 當前值: 1.602346
2025-04-14 11:58:10,276 - src.training.trainer - INFO - 檢測到訓練停滯，嘗試重啟訓練...
2025-04-14 11:58:12,835 - src.training.trainer - INFO - 輪次 97/450 - 訓練損失: 0.411122 - 驗證損失: 1.409391 - rmse: 1315.919312 - r2: -2.136201 - mae: 1080.728760 - 學習率: 0.002000 - 時間: 2.56秒
2025-04-14 11:58:12,837 - src.training.trainer - INFO - 監控指標未改善，已連續 16 輪。最佳值: 0.887762, 當前值: 1.409391
2025-04-14 11:58:15,444 - src.training.trainer - INFO - 監控指標未改善，已連續 17 輪。最佳值: 0.887762, 當前值: 1.567366
2025-04-14 11:58:17,989 - src.training.trainer - INFO - 輪次 99/450 - 訓練損失: 0.396109 - 驗證損失: 1.035362 - rmse: 1275.829834 - r2: -1.948023 - mae: 1026.746216 - 學習率: 0.002000 - 時間: 2.54秒
2025-04-14 11:58:17,991 - src.training.trainer - INFO - 監控指標未改善，已連續 18 輪。最佳值: 0.887762, 當前值: 1.035362
2025-04-14 11:58:20,525 - src.training.trainer - INFO - 監控指標未改善，已連續 19 輪。最佳值: 0.887762, 當前值: 1.650194
2025-04-14 11:58:22,958 - src.training.trainer - INFO - 輪次 101/450 - 訓練損失: 0.392006 - 驗證損失: 1.433374 - rmse: 1315.849121 - r2: -2.135866 - mae: 1077.596313 - 學習率: 0.002000 - 時間: 2.43秒
2025-04-14 11:58:22,980 - src.training.callbacks - INFO - 模型檢查點已保存至 outputs\hybrid_model\HybridPINNLSTMModel_20250414_115412\checkpoints\HybridPINNLSTMModel_epoch_101.pt
2025-04-14 11:58:22,984 - src.training.trainer - INFO - 監控指標未改善，已連續 20 輪。最佳值: 0.887762, 當前值: 1.433374
2025-04-14 11:58:22,984 - src.training.trainer - INFO - 檢測到訓練停滯，嘗試重啟訓練...
2025-04-14 11:58:25,525 - src.training.trainer - INFO - 監控指標未改善，已連續 19 輪。最佳值: 0.887762, 當前值: 1.216331
2025-04-14 11:58:27,995 - src.training.trainer - INFO - 輪次 103/450 - 訓練損失: 0.397558 - 驗證損失: 3.450164 - rmse: 1377.599365 - r2: -2.437093 - mae: 1158.225952 - 學習率: 0.002000 - 時間: 2.47秒
2025-04-14 11:58:28,001 - src.training.trainer - INFO - 監控指標未改善，已連續 20 輪。最佳值: 0.887762, 當前值: 3.450164
2025-04-14 11:58:30,560 - src.training.trainer - INFO - 監控指標未改善，已連續 21 輪。最佳值: 0.887762, 當前值: 1.502125
2025-04-14 11:58:33,043 - src.training.trainer - INFO - 輪次 105/450 - 訓練損失: 0.400468 - 驗證損失: 1.940895 - rmse: 1348.012329 - r2: -2.291039 - mae: 1122.041748 - 學習率: 0.002000 - 時間: 2.48秒
2025-04-14 11:58:33,047 - src.training.trainer - INFO - 監控指標未改善，已連續 22 輪。最佳值: 0.887762, 當前值: 1.940895
2025-04-14 11:58:35,654 - src.training.callbacks - INFO - 模型檢查點已保存至 outputs\hybrid_model\HybridPINNLSTMModel_20250414_115412\checkpoints\HybridPINNLSTMModel_epoch_106.pt
2025-04-14 11:58:35,658 - src.training.trainer - INFO - 監控指標未改善，已連續 23 輪。最佳值: 0.887762, 當前值: 1.654582
2025-04-14 11:58:35,658 - src.training.trainer - INFO - 檢測到訓練停滯，嘗試重啟訓練...
2025-04-14 11:58:38,098 - src.training.trainer - INFO - 輪次 107/450 - 訓練損失: 0.390561 - 驗證損失: 1.466007 - rmse: 1319.792114 - r2: -2.154688 - mae: 1084.867554 - 學習率: 0.002000 - 時間: 2.44秒
2025-04-14 11:58:38,104 - src.training.trainer - INFO - 監控指標未改善，已連續 22 輪。最佳值: 0.887762, 當前值: 1.466007
2025-04-14 11:58:40,609 - src.training.trainer - INFO - 監控指標未改善，已連續 23 輪。最佳值: 0.887762, 當前值: 1.455570
2025-04-14 11:58:42,989 - src.training.trainer - INFO - 輪次 109/450 - 訓練損失: 0.399813 - 驗證損失: 1.611150 - rmse: 1323.174927 - r2: -2.170881 - mae: 1087.122314 - 學習率: 0.002000 - 時間: 2.38秒
2025-04-14 11:58:42,993 - src.training.trainer - INFO - 監控指標未改善，已連續 24 輪。最佳值: 0.887762, 當前值: 1.611150
2025-04-14 11:58:45,580 - src.training.trainer - INFO - 監控指標未改善，已連續 25 輪。最佳值: 0.887762, 當前值: 1.449905
2025-04-14 11:58:48,103 - src.training.trainer - INFO - 輪次 111/450 - 訓練損失: 0.386546 - 驗證損失: 1.826041 - rmse: 1343.453369 - r2: -2.268816 - mae: 1116.558594 - 學習率: 0.002000 - 時間: 2.52秒
2025-04-14 11:58:48,133 - src.training.callbacks - INFO - 模型檢查點已保存至 outputs\hybrid_model\HybridPINNLSTMModel_20250414_115412\checkpoints\HybridPINNLSTMModel_epoch_111.pt
2025-04-14 11:58:48,137 - src.training.trainer - INFO - 監控指標未改善，已連續 26 輪。最佳值: 0.887762, 當前值: 1.826041
2025-04-14 11:58:48,137 - src.training.trainer - INFO - 檢測到訓練停滯，嘗試重啟訓練...
2025-04-14 11:58:50,495 - src.training.trainer - INFO - 監控指標未改善，已連續 25 輪。最佳值: 0.887762, 當前值: 1.113526
2025-04-14 11:58:53,006 - src.training.trainer - INFO - 輪次 113/450 - 訓練損失: 0.376644 - 驗證損失: 1.390809 - rmse: 1316.578613 - r2: -2.139344 - mae: 1081.442749 - 學習率: 0.002000 - 時間: 2.51秒
2025-04-14 11:58:53,012 - src.training.trainer - INFO - 監控指標未改善，已連續 26 輪。最佳值: 0.887762, 當前值: 1.390809
2025-04-14 11:58:55,449 - src.training.trainer - INFO - 監控指標未改善，已連續 27 輪。最佳值: 0.887762, 當前值: 2.025048
2025-04-14 11:58:58,018 - src.training.trainer - INFO - 輪次 115/450 - 訓練損失: 0.375591 - 驗證損失: 1.619548 - rmse: 1333.914917 - r2: -2.222564 - mae: 1105.859863 - 學習率: 0.002000 - 時間: 2.57秒
2025-04-14 11:58:58,024 - src.training.trainer - INFO - 監控指標未改善，已連續 28 輪。最佳值: 0.887762, 當前值: 1.619548
2025-04-14 11:59:00,398 - src.training.callbacks - INFO - 模型檢查點已保存至 outputs\hybrid_model\HybridPINNLSTMModel_20250414_115412\checkpoints\HybridPINNLSTMModel_epoch_116.pt
2025-04-14 11:59:00,404 - src.training.trainer - INFO - 監控指標未改善，已連續 29 輪。最佳值: 0.887762, 當前值: 1.218278
2025-04-14 11:59:00,404 - src.training.trainer - INFO - 檢測到訓練停滯，嘗試重啟訓練...
2025-04-14 11:59:02,887 - src.training.trainer - INFO - 輪次 117/450 - 訓練損失: 0.396669 - 驗證損失: 1.583708 - rmse: 1331.689453 - r2: -2.211821 - mae: 1102.883667 - 學習率: 0.002000 - 時間: 2.48秒
2025-04-14 11:59:02,889 - src.training.trainer - INFO - 監控指標未改善，已連續 28 輪。最佳值: 0.887762, 當前值: 1.583708
2025-04-14 11:59:05,369 - src.training.trainer - INFO - 監控指標未改善，已連續 29 輪。最佳值: 0.887762, 當前值: 1.478862
2025-04-14 11:59:07,882 - src.training.trainer - INFO - 輪次 119/450 - 訓練損失: 0.384611 - 驗證損失: 1.498548 - rmse: 1325.400879 - r2: -2.181558 - mae: 1092.695801 - 學習率: 0.002000 - 時間: 2.51秒
2025-04-14 11:59:07,886 - src.training.trainer - INFO - 監控指標未改善，已連續 30 輪。最佳值: 0.887762, 當前值: 1.498548
2025-04-14 11:59:10,284 - src.training.trainer - INFO - 監控指標未改善，已連續 31 輪。最佳值: 0.887762, 當前值: 1.784145
2025-04-14 11:59:12,919 - src.training.trainer - INFO - 輪次 121/450 - 訓練損失: 0.388894 - 驗證損失: 1.323012 - rmse: 1309.896851 - r2: -2.107560 - mae: 1071.422974 - 學習率: 0.002000 - 時間: 2.63秒
2025-04-14 11:59:12,946 - src.training.callbacks - INFO - 模型檢查點已保存至 outputs\hybrid_model\HybridPINNLSTMModel_20250414_115412\checkpoints\HybridPINNLSTMModel_epoch_121.pt
2025-04-14 11:59:12,952 - src.training.trainer - INFO - 監控指標未改善，已連續 32 輪。最佳值: 0.887762, 當前值: 1.323012
2025-04-14 11:59:12,952 - src.training.trainer - INFO - 檢測到訓練停滯，嘗試重啟訓練...
2025-04-14 11:59:15,416 - src.training.trainer - INFO - 監控指標未改善，已連續 31 輪。最佳值: 0.887762, 當前值: 1.600868
2025-04-14 11:59:18,071 - src.training.trainer - INFO - 輪次 123/450 - 訓練損失: 0.382018 - 驗證損失: 1.308423 - rmse: 1305.946777 - r2: -2.088846 - mae: 1068.112305 - 學習率: 0.002000 - 時間: 2.65秒
2025-04-14 11:59:18,077 - src.training.trainer - INFO - 監控指標未改善，已連續 32 輪。最佳值: 0.887762, 當前值: 1.308423
2025-04-14 11:59:20,526 - src.training.trainer - INFO - 監控指標未改善，已連續 33 輪。最佳值: 0.887762, 當前值: 1.244403
2025-04-14 11:59:22,952 - src.training.trainer - INFO - 輪次 125/450 - 訓練損失: 0.373289 - 驗證損失: 0.999317 - rmse: 1273.929932 - r2: -1.939250 - mae: 1025.166138 - 學習率: 0.002000 - 時間: 2.42秒
2025-04-14 11:59:22,958 - src.training.trainer - INFO - 監控指標未改善，已連續 34 輪。最佳值: 0.887762, 當前值: 0.999317
2025-04-14 11:59:25,367 - src.training.callbacks - INFO - 模型檢查點已保存至 outputs\hybrid_model\HybridPINNLSTMModel_20250414_115412\checkpoints\HybridPINNLSTMModel_epoch_126.pt
2025-04-14 11:59:25,375 - src.training.trainer - INFO - 監控指標未改善，已連續 35 輪。最佳值: 0.887762, 當前值: 2.012918
2025-04-14 11:59:25,375 - src.training.trainer - INFO - 檢測到訓練停滯，嘗試重啟訓練...
2025-04-14 11:59:27,930 - src.training.trainer - INFO - 輪次 127/450 - 訓練損失: 0.373677 - 驗證損失: 1.363107 - rmse: 1315.399170 - r2: -2.133722 - mae: 1080.650635 - 學習率: 0.002000 - 時間: 2.56秒
2025-04-14 11:59:27,936 - src.training.trainer - INFO - 監控指標未改善，已連續 34 輪。最佳值: 0.887762, 當前值: 1.363107
2025-04-14 11:59:30,549 - src.training.trainer - INFO - 監控指標未改善，已連續 35 輪。最佳值: 0.887762, 當前值: 1.504274
2025-04-14 11:59:33,044 - src.training.trainer - INFO - 輪次 129/450 - 訓練損失: 0.404614 - 驗證損失: 1.853072 - rmse: 1342.374268 - r2: -2.263567 - mae: 1114.323730 - 學習率: 0.002000 - 時間: 2.50秒
2025-04-14 11:59:33,048 - src.training.trainer - INFO - 監控指標未改善，已連續 36 輪。最佳值: 0.887762, 當前值: 1.853072
2025-04-14 11:59:35,599 - src.training.trainer - INFO - 監控指標未改善，已連續 37 輪。最佳值: 0.887762, 當前值: 1.443508
2025-04-14 11:59:38,075 - src.training.trainer - INFO - 輪次 131/450 - 訓練損失: 0.377265 - 驗證損失: 1.715627 - rmse: 1330.801636 - r2: -2.207539 - mae: 1094.156860 - 學習率: 0.002000 - 時間: 2.48秒
2025-04-14 11:59:38,095 - src.training.callbacks - INFO - 模型檢查點已保存至 outputs\hybrid_model\HybridPINNLSTMModel_20250414_115412\checkpoints\HybridPINNLSTMModel_epoch_131.pt
2025-04-14 11:59:38,103 - src.training.trainer - INFO - 監控指標未改善，已連續 38 輪。最佳值: 0.887762, 當前值: 1.715627
2025-04-14 11:59:38,103 - src.training.trainer - INFO - 檢測到訓練停滯，嘗試重啟訓練...
2025-04-14 11:59:40,665 - src.training.trainer - INFO - 監控指標未改善，已連續 37 輪。最佳值: 0.887762, 當前值: 1.736899
2025-04-14 11:59:43,148 - src.training.trainer - INFO - 輪次 133/450 - 訓練損失: 0.379873 - 驗證損失: 1.305752 - rmse: 1310.934448 - r2: -2.112485 - mae: 1074.958984 - 學習率: 0.002000 - 時間: 2.48秒
2025-04-14 11:59:43,152 - src.training.trainer - INFO - 監控指標未改善，已連續 38 輪。最佳值: 0.887762, 當前值: 1.305752
2025-04-14 11:59:45,727 - src.training.trainer - INFO - 監控指標未改善，已連續 39 輪。最佳值: 0.887762, 當前值: 1.169563
2025-04-14 11:59:48,194 - src.training.trainer - INFO - 輪次 135/450 - 訓練損失: 0.376619 - 驗證損失: 1.441664 - rmse: 1320.696167 - r2: -2.159012 - mae: 1085.488892 - 學習率: 0.002000 - 時間: 2.47秒
2025-04-14 11:59:48,198 - src.training.trainer - INFO - 監控指標未改善，已連續 40 輪。最佳值: 0.887762, 當前值: 1.441664
2025-04-14 11:59:48,198 - src.training.trainer - INFO - 早停觸發！40 輪未改善
2025-04-14 11:59:48,198 - src.training.trainer - INFO - 早停觸發，在輪次 135 停止訓練
2025-04-14 11:59:48,198 - src.training.trainer - INFO - 訓練完成，總時間: 336.19秒
2025-04-14 11:59:48,224 - __main__ - INFO - 訓練完成，最終模型已保存至: outputs/hybrid_model\models\final_model.pt
2025-04-14 11:59:48,240 - __main__ - WARNING - 合併輸出 l2_penalty 時出錯: zero-dimensional arrays cannot be concatenated
2025-04-14 11:59:48,254 - __main__ - INFO - 評估指標已保存至: outputs/hybrid_model\evaluation\metrics.csv
2025-04-14 11:59:48,254 - __main__ - INFO - 生成視覺化結果...
2025-04-14 11:59:49,000 - src.utils.visualization - INFO - 圖像已保存至: outputs/hybrid_model\evaluation\visualizations\prediction_vs_true.png
2025-04-14 11:59:49,831 - src.utils.visualization - INFO - 圖像已保存至: outputs/hybrid_model\evaluation\visualizations\delta_w_prediction.png
2025-04-14 11:59:50,533 - src.utils.visualization - INFO - 圖像已保存至: outputs/hybrid_model\evaluation\visualizations\physical_constraint.png
2025-04-14 11:59:50,543 - __main__ - INFO - 評估完成，結果已保存至: outputs/hybrid_model\evaluation
2025-04-14 11:59:50,543 - __main__ - INFO - 任務完成
