2025-04-13 23:20:23,735 - __main__ - INFO - 成功載入配置文件: configs/model_config.yaml
2025-04-13 23:20:23,760 - __main__ - INFO - 成功載入配置文件: configs/train_config.yaml
2025-04-13 23:20:23,763 - __main__ - INFO - 已設定隨機種子: 42
2025-04-13 23:20:23,764 - __main__ - INFO - 使用計算設備: cpu
2025-04-13 23:20:23,764 - __main__ - INFO - 輸出目錄: outputs\hybrid_20250413_232023
2025-04-13 23:20:23,766 - __main__ - INFO - 載入資料: data/raw/Training_data_warpage_final_20250321_v1.2.csv
2025-04-13 23:20:23,769 - src.data.preprocess - INFO - 成功載入資料檔案: data/raw/Training_data_warpage_final_20250321_v1.2.csv，共 81 筆資料，18 個欄位
2025-04-13 23:20:23,774 - src.data.preprocess - INFO - 標準化完成，特徵數量: 5
2025-04-13 23:20:23,775 - src.data.preprocess - INFO - 時間序列資料準備完成，形狀: (81, 4, 2)
2025-04-13 23:20:23,777 - src.data.preprocess - INFO - 資料分割完成 - 訓練集: 56 樣本, 驗證集: 12 樣本, 測試集: 13 樣本
2025-04-13 23:20:23,777 - src.data.preprocess - INFO - 完整資料處理流程完成
2025-04-13 23:20:23,778 - __main__ - INFO - 資料分割完成, 訓練集: 56 樣本, 驗證集: 12 樣本, 測試集: 13 樣本
2025-04-13 23:20:23,778 - __main__ - INFO - 應用資料增強...
2025-04-13 23:20:23,778 - src.data.dataset - INFO - 進行資料增強，原始訓練集大小: 56 樣本
2025-04-13 23:20:23,960 - src.data.dataset - INFO - 資料增強完成，增強後的訓練集大小: 626 樣本
2025-04-13 23:20:23,960 - __main__ - INFO - 資料增強完成，增強後的訓練集大小: 626 樣本
2025-04-13 23:20:23,986 - __main__ - INFO - 創建混合PINN-LSTM模型，使用物理約束: True，融合方法: weighted
2025-04-13 23:20:23,988 - src.data.dataset - INFO - 已創建資料載入器 - 訓練: 626 樣本, 驗證: 12 樣本, 測試: 13 樣本, 批次大小: 8
2025-04-13 23:20:25,881 - src.training.trainer - INFO - 創建adamw優化器，學習率: 0.002，權重衰減: 0.0005
2025-04-13 23:20:25,882 - src.training.losses - INFO - 初始化HybridLoss: lambda_physics=0.1, lambda_consistency=0.1, a=55.83, b=-2.259, log_space=True, l1_reg=0.0, l2_reg=0.001, delta_w_weight=1.5
2025-04-13 23:20:25,882 - src.training.losses - INFO - 初始化AdaptiveHybridLoss: physics權重從0.1增加到1.0, consistency權重從0.1增加到0.5, delta_w權重從1.5增加到3.0, 在40個輪次內達到最大值, 預熱輪次: 5, 調整方案: linear
2025-04-13 23:20:25,882 - src.training.trainer - WARNING - 不支援的學習率調度器類型: one_cycle，不使用學習率調度
2025-04-13 23:20:25,885 - src.training.callbacks - INFO - 初始化ModelCheckpoint: 保存目錄=outputs\hybrid_20250413_232023\HybridPINNLSTMModel_20250413_232025\checkpoints, 保存頻率=5, 只保存最佳=False, 監控指標=val_loss, 模式=min
2025-04-13 23:20:25,885 - src.training.callbacks - INFO - 初始化LossHistory: 保存路徑=outputs\hybrid_20250413_232023\HybridPINNLSTMModel_20250413_232025\history.json, 保存頻率=1
2025-04-13 23:20:25,888 - src.training.trainer - INFO - 初始化訓練器完成，模型: HybridPINNLSTMModel, 優化器: AdamW, 設備: cpu
2025-04-13 23:20:25,888 - __main__ - INFO - 開始訓練，總輪數: 250
2025-04-13 23:20:25,889 - src.training.trainer - INFO - 開始訓練，總輪數: 250
2025-04-13 23:20:25,895 - __main__ - ERROR - 執行過程中發生錯誤: forward() missing 1 required positional argument: 'time_series_input'
Traceback (most recent call last):
  File "C:\Users\a\Desktop\畢業論文\CAE\code\pinnlstm_code_sacq_5\scripts\train.py", line 706, in <module>
    main()
  File "C:\Users\a\Desktop\畢業論文\CAE\code\pinnlstm_code_sacq_5\scripts\train.py", line 696, in main
    train_model(model, data_dict, config, train_config, args, device, output_dir)
  File "C:\Users\a\Desktop\畢業論文\CAE\code\pinnlstm_code_sacq_5\scripts\train.py", line 406, in train_model
    history = trainer.train(
  File "C:\Users\a\Desktop\畢業論文\CAE\code\pinnlstm_code_sacq_5\src\training\trainer.py", line 622, in train
    train_results = self.train_epoch(train_loader)
  File "C:\Users\a\Desktop\畢業論文\CAE\code\pinnlstm_code_sacq_5\src\training\trainer.py", line 352, in train_epoch
    outputs, predictions, loss = self._forward_pass(inputs, targets)
  File "C:\Users\a\Desktop\畢業論文\CAE\code\pinnlstm_code_sacq_5\src\training\trainer.py", line 396, in _forward_pass
    outputs = self.model(inputs)
  File "C:\Users\a\anaconda3\envs\solder_fatigue\lib\site-packages\torch\nn\modules\module.py", line 1739, in _wrapped_call_impl
    return self._call_impl(*args, **kwargs)
  File "C:\Users\a\anaconda3\envs\solder_fatigue\lib\site-packages\torch\nn\modules\module.py", line 1750, in _call_impl
    return forward_call(*args, **kwargs)
TypeError: forward() missing 1 required positional argument: 'time_series_input'
2025-04-13 23:20:25,897 - __main__ - ERROR - 詳細錯誤追蹤: Traceback (most recent call last):
  File "C:\Users\a\Desktop\畢業論文\CAE\code\pinnlstm_code_sacq_5\scripts\train.py", line 706, in <module>
    main()
  File "C:\Users\a\Desktop\畢業論文\CAE\code\pinnlstm_code_sacq_5\scripts\train.py", line 696, in main
    train_model(model, data_dict, config, train_config, args, device, output_dir)
  File "C:\Users\a\Desktop\畢業論文\CAE\code\pinnlstm_code_sacq_5\scripts\train.py", line 406, in train_model
    history = trainer.train(
  File "C:\Users\a\Desktop\畢業論文\CAE\code\pinnlstm_code_sacq_5\src\training\trainer.py", line 622, in train
    train_results = self.train_epoch(train_loader)
  File "C:\Users\a\Desktop\畢業論文\CAE\code\pinnlstm_code_sacq_5\src\training\trainer.py", line 352, in train_epoch
    outputs, predictions, loss = self._forward_pass(inputs, targets)
  File "C:\Users\a\Desktop\畢業論文\CAE\code\pinnlstm_code_sacq_5\src\training\trainer.py", line 396, in _forward_pass
    outputs = self.model(inputs)
  File "C:\Users\a\anaconda3\envs\solder_fatigue\lib\site-packages\torch\nn\modules\module.py", line 1739, in _wrapped_call_impl
    return self._call_impl(*args, **kwargs)
  File "C:\Users\a\anaconda3\envs\solder_fatigue\lib\site-packages\torch\nn\modules\module.py", line 1750, in _call_impl
    return forward_call(*args, **kwargs)
TypeError: forward() missing 1 required positional argument: 'time_series_input'

