2025-04-15 21:09:29,155 - __main__ - INFO - 成功載入配置文件: configs/model_config.yaml
2025-04-15 21:09:29,173 - __main__ - INFO - 成功載入配置文件: configs/train_config.yaml
2025-04-15 21:09:29,176 - __main__ - INFO - 已設定隨機種子: 42
2025-04-15 21:09:29,177 - __main__ - INFO - 使用計算設備: cpu
2025-04-15 21:09:29,177 - __main__ - INFO - 輸出目錄: outputs/hybrid_model
2025-04-15 21:09:29,178 - __main__ - INFO - 載入資料: data/raw/Training_data_warpage_final_20250321_v1.2.csv
2025-04-15 21:09:29,182 - src.data.preprocess - INFO - 成功載入資料檔案: data/raw/Training_data_warpage_final_20250321_v1.2.csv，共 81 筆資料，18 個欄位
2025-04-15 21:09:29,185 - src.data.preprocess - INFO - 標準化完成，特徵數量: 5
2025-04-15 21:09:29,188 - src.data.preprocess - INFO - 時間序列資料準備完成，形狀: (81, 4, 2)
2025-04-15 21:09:29,190 - src.data.preprocess - INFO - 資料分割完成 - 訓練集: 56 樣本, 驗證集: 12 樣本, 測試集: 13 樣本
2025-04-15 21:09:29,190 - src.data.preprocess - INFO - 完整資料處理流程完成
2025-04-15 21:09:29,190 - __main__ - INFO - 資料分割完成, 訓練集: 56 樣本, 驗證集: 12 樣本, 測試集: 13 樣本
2025-04-15 21:09:29,190 - __main__ - INFO - 應用資料增強...
2025-04-15 21:09:29,191 - src.data.dataset - INFO - 進行資料增強，原始訓練集大小: 56 樣本
2025-04-15 21:09:29,348 - src.data.dataset - INFO - 資料增強完成，增強後的訓練集大小: 940 樣本
2025-04-15 21:09:29,348 - __main__ - INFO - 資料增強完成，增強後的訓練集大小: 940 樣本
2025-04-15 21:09:29,360 - __main__ - INFO - 創建混合PINN-LSTM模型，使用物理約束: True，融合方法: weighted
2025-04-15 21:09:29,362 - src.data.dataset - INFO - 已創建資料載入器 - 訓練: 940 樣本, 驗證: 12 樣本, 測試: 13 樣本, 批次大小: 8
2025-04-15 21:09:31,440 - src.training.trainer - INFO - 創建adam優化器，學習率: 0.0005，權重衰減: 0.001
2025-04-15 21:09:31,440 - src.training.losses - INFO - 初始化HybridLoss: lambda_physics=0.5, lambda_consistency=0.2, delta_w_weight=1.5
2025-04-15 21:09:31,441 - src.training.losses - INFO - 初始化AdaptiveHybridLoss: physics權重從0.5增加到2.0, consistency權重從0.2增加到0.5, delta_w權重從1.5增加到3.0, 在50個輪次內達到最大值, 預熱輪次: 5, 調整方案: linear
2025-04-15 21:09:31,441 - src.training.trainer - INFO - 創建餘弦退火學習率調度器，週期: 150，最小學習率: 1e-05
2025-04-15 21:09:31,443 - src.training.callbacks - INFO - 初始化ModelCheckpoint: 保存目錄=outputs\hybrid_model\HybridPINNLSTMModel_20250415_210931\checkpoints, 保存頻率=5, 只保存最佳=False, 監控指標=val_loss, 模式=min
2025-04-15 21:09:31,444 - src.training.callbacks - INFO - 初始化LossHistory: 保存路徑=outputs\hybrid_model\HybridPINNLSTMModel_20250415_210931\history.json, 保存頻率=1
2025-04-15 21:09:31,448 - src.training.trainer - INFO - 初始化訓練器完成，模型: HybridPINNLSTMModel, 優化器: Adam, 設備: cpu
2025-04-15 21:09:31,449 - __main__ - INFO - 開始訓練，總輪數: 300
2025-04-15 21:09:31,449 - src.training.trainer - INFO - 開始訓練，總輪數: 300
2025-04-15 21:09:34,537 - src.training.trainer - INFO - 輪次 1/300 - 訓練損失: 5934.330541 - 驗證損失: 4465.655924 - rmse: 93884.054688 - r2: -15962.535156 - mae: 74519.656250 - 學習率: 0.000500 - 時間: 3.09秒
2025-04-15 21:09:34,641 - src.training.callbacks - INFO - 模型檢查點已保存至 outputs\hybrid_model\HybridPINNLSTMModel_20250415_210931\checkpoints\HybridPINNLSTMModel_epoch_001.pt
2025-04-15 21:09:34,648 - src.training.trainer - INFO - 監控指標改善，模型已保存至 outputs/hybrid_model\models\best_model.pt
2025-04-15 21:09:37,570 - src.training.trainer - INFO - 監控指標改善，模型已保存至 outputs/hybrid_model\models\best_model.pt
2025-04-15 21:09:40,382 - src.training.trainer - INFO - 輪次 3/300 - 訓練損失: 548.239732 - 驗證損失: 72.206431 - rmse: 11483.004883 - r2: -237.812149 - mae: 10556.803711 - 學習率: 0.000500 - 時間: 2.81秒
2025-04-15 21:09:40,391 - src.training.trainer - INFO - 監控指標改善，模型已保存至 outputs/hybrid_model\models\best_model.pt
2025-04-15 21:09:43,224 - src.training.trainer - INFO - 監控指標改善，模型已保存至 outputs/hybrid_model\models\best_model.pt
2025-04-15 21:09:46,053 - src.training.trainer - INFO - 輪次 5/300 - 訓練損失: 347.556956 - 驗證損失: 306.042328 - rmse: 24599.755859 - r2: -1094.990845 - mae: 23190.154297 - 學習率: 0.000499 - 時間: 2.83秒
2025-04-15 21:09:46,062 - src.training.trainer - INFO - 監控指標改善，模型已保存至 outputs/hybrid_model\models\best_model.pt
2025-04-15 21:09:48,850 - src.training.callbacks - INFO - 模型檢查點已保存至 outputs\hybrid_model\HybridPINNLSTMModel_20250415_210931\checkpoints\HybridPINNLSTMModel_epoch_006.pt
2025-04-15 21:09:48,861 - src.training.trainer - INFO - 監控指標改善，模型已保存至 outputs/hybrid_model\models\best_model.pt
2025-04-15 21:09:51,741 - src.training.trainer - INFO - 輪次 7/300 - 訓練損失: 258.143741 - 驗證損失: 107.692586 - rmse: 14362.439453 - r2: -372.595642 - mae: 13949.418945 - 學習率: 0.000498 - 時間: 2.88秒
2025-04-15 21:09:51,751 - src.training.trainer - INFO - 監控指標改善，模型已保存至 outputs/hybrid_model\models\best_model.pt
2025-04-15 21:09:54,765 - src.training.trainer - INFO - 監控指標改善，模型已保存至 outputs/hybrid_model\models\best_model.pt
2025-04-15 21:09:57,857 - src.training.trainer - INFO - 輪次 9/300 - 訓練損失: 212.925953 - 驗證損失: 16.350820 - rmse: 5301.688477 - r2: -49.906563 - mae: 5204.416504 - 學習率: 0.000497 - 時間: 3.09秒
2025-04-15 21:09:57,867 - src.training.trainer - INFO - 監控指標改善，模型已保存至 outputs/hybrid_model\models\best_model.pt
2025-04-15 21:10:00,718 - src.training.trainer - INFO - 監控指標改善，模型已保存至 outputs/hybrid_model\models\best_model.pt
2025-04-15 21:10:03,808 - src.training.trainer - INFO - 輪次 11/300 - 訓練損失: 161.872647 - 驗證損失: 109.242132 - rmse: 15717.755859 - r2: -446.431366 - mae: 15432.395508 - 學習率: 0.000495 - 時間: 3.09秒
2025-04-15 21:10:03,828 - src.training.callbacks - INFO - 模型檢查點已保存至 outputs\hybrid_model\HybridPINNLSTMModel_20250415_210931\checkpoints\HybridPINNLSTMModel_epoch_011.pt
2025-04-15 21:10:03,838 - src.training.trainer - INFO - 監控指標改善，模型已保存至 outputs/hybrid_model\models\best_model.pt
2025-04-15 21:10:06,672 - src.training.trainer - INFO - 監控指標改善，模型已保存至 outputs/hybrid_model\models\best_model.pt
2025-04-15 21:10:09,575 - src.training.trainer - INFO - 輪次 13/300 - 訓練損失: 135.300527 - 驗證損失: 32.429119 - rmse: 7971.928711 - r2: -114.099152 - mae: 7843.858887 - 學習率: 0.000492 - 時間: 2.90秒
2025-04-15 21:10:09,582 - src.training.trainer - INFO - 監控指標改善，模型已保存至 outputs/hybrid_model\models\best_model.pt
2025-04-15 21:10:12,397 - src.training.trainer - INFO - 監控指標改善，模型已保存至 outputs/hybrid_model\models\best_model.pt
2025-04-15 21:10:15,313 - src.training.trainer - INFO - 輪次 15/300 - 訓練損失: 130.696284 - 驗證損失: 23.370904 - rmse: 6539.233887 - r2: -76.446022 - mae: 6433.144531 - 學習率: 0.000490 - 時間: 2.92秒
2025-04-15 21:10:15,323 - src.training.trainer - INFO - 監控指標改善，模型已保存至 outputs/hybrid_model\models\best_model.pt
2025-04-15 21:10:18,194 - src.training.callbacks - INFO - 模型檢查點已保存至 outputs\hybrid_model\HybridPINNLSTMModel_20250415_210931\checkpoints\HybridPINNLSTMModel_epoch_016.pt
2025-04-15 21:10:18,204 - src.training.trainer - INFO - 監控指標改善，模型已保存至 outputs/hybrid_model\models\best_model.pt
2025-04-15 21:10:21,100 - src.training.trainer - INFO - 輪次 17/300 - 訓練損失: 119.663162 - 驗證損失: 23.210247 - rmse: 6630.016113 - r2: -78.611267 - mae: 6522.085449 - 學習率: 0.000486 - 時間: 2.90秒
2025-04-15 21:10:21,111 - src.training.trainer - INFO - 監控指標改善，模型已保存至 outputs/hybrid_model\models\best_model.pt
2025-04-15 21:10:23,868 - src.training.trainer - INFO - 監控指標改善，模型已保存至 outputs/hybrid_model\models\best_model.pt
2025-04-15 21:10:26,595 - src.training.trainer - INFO - 輪次 19/300 - 訓練損失: 117.086668 - 驗證損失: 21.044048 - rmse: 6386.317871 - r2: -72.866310 - mae: 6331.576660 - 學習率: 0.000483 - 時間: 2.73秒
2025-04-15 21:10:26,605 - src.training.trainer - INFO - 監控指標改善，模型已保存至 outputs/hybrid_model\models\best_model.pt
2025-04-15 21:10:29,508 - src.training.trainer - INFO - 監控指標改善，模型已保存至 outputs/hybrid_model\models\best_model.pt
2025-04-15 21:10:32,230 - src.training.trainer - INFO - 輪次 21/300 - 訓練損失: 116.378410 - 驗證損失: 22.420102 - rmse: 6572.549805 - r2: -77.237167 - mae: 6528.674316 - 學習率: 0.000479 - 時間: 2.72秒
2025-04-15 21:10:32,243 - src.training.callbacks - INFO - 模型檢查點已保存至 outputs\hybrid_model\HybridPINNLSTMModel_20250415_210931\checkpoints\HybridPINNLSTMModel_epoch_021.pt
2025-04-15 21:10:32,249 - src.training.trainer - INFO - 監控指標改善，模型已保存至 outputs/hybrid_model\models\best_model.pt
2025-04-15 21:10:35,103 - src.training.trainer - INFO - 監控指標改善，模型已保存至 outputs/hybrid_model\models\best_model.pt
2025-04-15 21:10:37,905 - src.training.trainer - INFO - 輪次 23/300 - 訓練損失: 116.585732 - 驗證損失: 23.943237 - rmse: 6983.527832 - r2: -87.327324 - mae: 6933.635254 - 學習率: 0.000474 - 時間: 2.80秒
2025-04-15 21:10:37,916 - src.training.trainer - INFO - 監控指標改善，模型已保存至 outputs/hybrid_model\models\best_model.pt
2025-04-15 21:10:40,699 - src.training.trainer - INFO - 監控指標改善，模型已保存至 outputs/hybrid_model\models\best_model.pt
2025-04-15 21:10:43,432 - src.training.trainer - INFO - 輪次 25/300 - 訓練損失: 115.510112 - 驗證損失: 26.473727 - rmse: 7569.984863 - r2: -102.785187 - mae: 7509.687012 - 學習率: 0.000470 - 時間: 2.73秒
2025-04-15 21:10:43,439 - src.training.trainer - INFO - 監控指標改善，模型已保存至 outputs/hybrid_model\models\best_model.pt
2025-04-15 21:10:46,202 - src.training.callbacks - INFO - 模型檢查點已保存至 outputs\hybrid_model\HybridPINNLSTMModel_20250415_210931\checkpoints\HybridPINNLSTMModel_epoch_026.pt
2025-04-15 21:10:46,209 - src.training.trainer - INFO - 監控指標改善，模型已保存至 outputs/hybrid_model\models\best_model.pt
2025-04-15 21:10:49,088 - src.training.trainer - INFO - 輪次 27/300 - 訓練損失: 116.092113 - 驗證損失: 22.282512 - rmse: 6749.405762 - r2: -81.504265 - mae: 6705.656250 - 學習率: 0.000465 - 時間: 2.88秒
2025-04-15 21:10:49,095 - src.training.trainer - INFO - 監控指標改善，模型已保存至 outputs/hybrid_model\models\best_model.pt
2025-04-15 21:10:52,028 - src.training.trainer - INFO - 監控指標改善，模型已保存至 outputs/hybrid_model\models\best_model.pt
2025-04-15 21:10:54,904 - src.training.trainer - INFO - 輪次 29/300 - 訓練損失: 116.029580 - 驗證損失: 24.403718 - rmse: 7208.557617 - r2: -93.111366 - mae: 7160.873047 - 學習率: 0.000459 - 時間: 2.88秒
2025-04-15 21:10:54,911 - src.training.trainer - INFO - 監控指標改善，模型已保存至 outputs/hybrid_model\models\best_model.pt
2025-04-15 21:10:57,738 - src.training.trainer - INFO - 監控指標改善，模型已保存至 outputs/hybrid_model\models\best_model.pt
2025-04-15 21:11:00,600 - src.training.trainer - INFO - 輪次 31/300 - 訓練損失: 116.223624 - 驗證損失: 23.988477 - rmse: 7243.471680 - r2: -94.025223 - mae: 7198.794434 - 學習率: 0.000453 - 時間: 2.86秒
2025-04-15 21:11:00,620 - src.training.callbacks - INFO - 模型檢查點已保存至 outputs\hybrid_model\HybridPINNLSTMModel_20250415_210931\checkpoints\HybridPINNLSTMModel_epoch_031.pt
2025-04-15 21:11:00,631 - src.training.trainer - INFO - 監控指標改善，模型已保存至 outputs/hybrid_model\models\best_model.pt
2025-04-15 21:11:03,492 - src.training.trainer - INFO - 監控指標改善，模型已保存至 outputs/hybrid_model\models\best_model.pt
2025-04-15 21:11:06,311 - src.training.trainer - INFO - 輪次 33/300 - 訓練損失: 114.850142 - 驗證損失: 38.571068 - rmse: 9374.363281 - r2: -158.158157 - mae: 9328.959961 - 學習率: 0.000447 - 時間: 2.82秒
2025-04-15 21:11:06,323 - src.training.trainer - INFO - 監控指標改善，模型已保存至 outputs/hybrid_model\models\best_model.pt
2025-04-15 21:11:09,175 - src.training.trainer - INFO - 監控指標改善，模型已保存至 outputs/hybrid_model\models\best_model.pt
2025-04-15 21:11:11,946 - src.training.trainer - INFO - 輪次 35/300 - 訓練損失: 115.087598 - 驗證損失: 27.080502 - rmse: 7783.083008 - r2: -108.710617 - mae: 7706.465332 - 學習率: 0.000440 - 時間: 2.77秒
2025-04-15 21:11:11,956 - src.training.trainer - INFO - 監控指標改善，模型已保存至 outputs/hybrid_model\models\best_model.pt
2025-04-15 21:11:14,718 - src.training.callbacks - INFO - 模型檢查點已保存至 outputs\hybrid_model\HybridPINNLSTMModel_20250415_210931\checkpoints\HybridPINNLSTMModel_epoch_036.pt
2025-04-15 21:11:14,726 - src.training.trainer - INFO - 監控指標改善，模型已保存至 outputs/hybrid_model\models\best_model.pt
2025-04-15 21:11:17,556 - src.training.trainer - INFO - 輪次 37/300 - 訓練損失: 115.120668 - 驗證損失: 17.597521 - rmse: 6252.429199 - r2: -69.801575 - mae: 6184.617188 - 學習率: 0.000434 - 時間: 2.83秒
2025-04-15 21:11:17,567 - src.training.trainer - INFO - 監控指標改善，模型已保存至 outputs/hybrid_model\models\best_model.pt
2025-04-15 21:11:20,503 - src.training.trainer - INFO - 監控指標改善，模型已保存至 outputs/hybrid_model\models\best_model.pt
2025-04-15 21:11:23,340 - src.training.trainer - INFO - 輪次 39/300 - 訓練損失: 114.788025 - 驗證損失: 24.818774 - rmse: 7802.264648 - r2: -109.252060 - mae: 7720.958496 - 學習率: 0.000426 - 時間: 2.84秒
2025-04-15 21:11:23,348 - src.training.trainer - INFO - 監控指標改善，模型已保存至 outputs/hybrid_model\models\best_model.pt
2025-04-15 21:11:26,144 - src.training.trainer - INFO - 監控指標改善，模型已保存至 outputs/hybrid_model\models\best_model.pt
2025-04-15 21:11:28,878 - src.training.trainer - INFO - 輪次 41/300 - 訓練損失: 115.134272 - 驗證損失: 18.811600 - rmse: 6696.445801 - r2: -80.214584 - mae: 6629.328613 - 學習率: 0.000419 - 時間: 2.73秒
2025-04-15 21:11:28,890 - src.training.callbacks - INFO - 模型檢查點已保存至 outputs\hybrid_model\HybridPINNLSTMModel_20250415_210931\checkpoints\HybridPINNLSTMModel_epoch_041.pt
2025-04-15 21:11:28,897 - src.training.trainer - INFO - 監控指標改善，模型已保存至 outputs/hybrid_model\models\best_model.pt
2025-04-15 21:11:31,721 - src.training.trainer - INFO - 監控指標改善，模型已保存至 outputs/hybrid_model\models\best_model.pt
2025-04-15 21:11:34,491 - src.training.trainer - INFO - 輪次 43/300 - 訓練損失: 114.629710 - 驗證損失: 22.626581 - rmse: 7742.188477 - r2: -107.560745 - mae: 7615.750488 - 學習率: 0.000411 - 時間: 2.77秒
2025-04-15 21:11:34,498 - src.training.trainer - INFO - 監控指標改善，模型已保存至 outputs/hybrid_model\models\best_model.pt
2025-04-15 21:11:37,383 - src.training.trainer - INFO - 監控指標改善，模型已保存至 outputs/hybrid_model\models\best_model.pt
2025-04-15 21:11:40,158 - src.training.trainer - INFO - 輪次 45/300 - 訓練損失: 114.974484 - 驗證損失: 20.932079 - rmse: 7393.943359 - r2: -98.014229 - mae: 7260.389160 - 學習率: 0.000403 - 時間: 2.78秒
2025-04-15 21:11:40,169 - src.training.trainer - INFO - 監控指標改善，模型已保存至 outputs/hybrid_model\models\best_model.pt
2025-04-15 21:11:43,027 - src.training.callbacks - INFO - 模型檢查點已保存至 outputs\hybrid_model\HybridPINNLSTMModel_20250415_210931\checkpoints\HybridPINNLSTMModel_epoch_046.pt
2025-04-15 21:11:43,037 - src.training.trainer - INFO - 監控指標改善，模型已保存至 outputs/hybrid_model\models\best_model.pt
2025-04-15 21:11:45,835 - src.training.trainer - INFO - 輪次 47/300 - 訓練損失: 115.084430 - 驗證損失: 26.054901 - rmse: 8055.702148 - r2: -116.530922 - mae: 7947.916016 - 學習率: 0.000395 - 時間: 2.80秒
2025-04-15 21:11:45,842 - src.training.trainer - INFO - 監控指標改善，模型已保存至 outputs/hybrid_model\models\best_model.pt
2025-04-15 21:11:48,674 - src.training.trainer - INFO - 監控指標改善，模型已保存至 outputs/hybrid_model\models\best_model.pt
2025-04-15 21:11:51,507 - src.training.trainer - INFO - 輪次 49/300 - 訓練損失: 115.181710 - 驗證損失: 25.428013 - rmse: 8000.640625 - r2: -114.929741 - mae: 7902.218262 - 學習率: 0.000386 - 時間: 2.83秒
2025-04-15 21:11:51,514 - src.training.trainer - INFO - 監控指標改善，模型已保存至 outputs/hybrid_model\models\best_model.pt
2025-04-15 21:11:54,358 - src.training.trainer - INFO - 監控指標改善，模型已保存至 outputs/hybrid_model\models\best_model.pt
2025-04-15 21:11:57,235 - src.training.trainer - INFO - 輪次 51/300 - 訓練損失: 114.341768 - 驗證損失: 16.673288 - rmse: 6133.716797 - r2: -67.138542 - mae: 6078.090332 - 學習率: 0.000377 - 時間: 2.88秒
2025-04-15 21:11:57,255 - src.training.callbacks - INFO - 模型檢查點已保存至 outputs\hybrid_model\HybridPINNLSTMModel_20250415_210931\checkpoints\HybridPINNLSTMModel_epoch_051.pt
2025-04-15 21:11:57,259 - src.training.trainer - INFO - min模式下監控指標改善
2025-04-15 21:11:57,267 - src.training.trainer - INFO - 監控指標改善，模型已保存至 outputs/hybrid_model\models\best_model.pt
2025-04-15 21:12:00,294 - src.training.trainer - INFO - 監控指標未改善，已連續 1 輪。最佳值: 16.673288, 當前值: 30.712171
2025-04-15 21:12:03,250 - src.training.trainer - INFO - 輪次 53/300 - 訓練損失: 114.371240 - 驗證損失: 22.185388 - rmse: 7581.443359 - r2: -103.099617 - mae: 7450.195801 - 學習率: 0.000369 - 時間: 2.96秒
2025-04-15 21:12:03,254 - src.training.trainer - INFO - 監控指標未改善，已連續 2 輪。最佳值: 16.673288, 當前值: 22.185388
2025-04-15 21:12:06,007 - src.training.trainer - INFO - 監控指標未改善，已連續 3 輪。最佳值: 16.673288, 當前值: 22.608636
2025-04-15 21:12:08,665 - src.training.trainer - INFO - 輪次 55/300 - 訓練損失: 114.108272 - 驗證損失: 29.391202 - rmse: 8830.616211 - r2: -140.230133 - mae: 8692.493164 - 學習率: 0.000359 - 時間: 2.66秒
2025-04-15 21:12:08,668 - src.training.trainer - INFO - 監控指標未改善，已連續 4 輪。最佳值: 16.673288, 當前值: 29.391202
2025-04-15 21:12:11,655 - src.training.callbacks - INFO - 模型檢查點已保存至 outputs\hybrid_model\HybridPINNLSTMModel_20250415_210931\checkpoints\HybridPINNLSTMModel_epoch_056.pt
2025-04-15 21:12:11,660 - src.training.trainer - INFO - 監控指標未改善，已連續 5 輪。最佳值: 16.673288, 當前值: 22.924431
2025-04-15 21:12:11,660 - src.training.trainer - INFO - 檢測到訓練停滯，嘗試重啟訓練...
2025-04-15 21:12:14,458 - src.training.trainer - INFO - 輪次 57/300 - 訓練損失: 114.431672 - 驗證損失: 24.890996 - rmse: 7822.012695 - r2: -109.810875 - mae: 7721.273926 - 學習率: 0.000350 - 時間: 2.80秒
2025-04-15 21:12:14,461 - src.training.trainer - INFO - 監控指標未改善，已連續 4 輪。最佳值: 16.673288, 當前值: 24.890996
2025-04-15 21:12:17,334 - src.training.trainer - INFO - 監控指標未改善，已連續 5 輪。最佳值: 16.673288, 當前值: 25.159410
2025-04-15 21:12:20,184 - src.training.trainer - INFO - 輪次 59/300 - 訓練損失: 114.854407 - 驗證損失: 20.681323 - rmse: 7341.559082 - r2: -96.616211 - mae: 7228.842285 - 學習率: 0.000340 - 時間: 2.85秒
2025-04-15 21:12:20,187 - src.training.trainer - INFO - 監控指標未改善，已連續 6 輪。最佳值: 16.673288, 當前值: 20.681323
2025-04-15 21:12:22,977 - src.training.trainer - INFO - 監控指標未改善，已連續 7 輪。最佳值: 16.673288, 當前值: 21.876661
2025-04-15 21:12:25,823 - src.training.trainer - INFO - 輪次 61/300 - 訓練損失: 114.471241 - 驗證損失: 21.298275 - rmse: 7281.865723 - r2: -95.035248 - mae: 7171.462891 - 學習率: 0.000331 - 時間: 2.85秒
2025-04-15 21:12:25,840 - src.training.callbacks - INFO - 模型檢查點已保存至 outputs\hybrid_model\HybridPINNLSTMModel_20250415_210931\checkpoints\HybridPINNLSTMModel_epoch_061.pt
2025-04-15 21:12:25,844 - src.training.trainer - INFO - 監控指標未改善，已連續 8 輪。最佳值: 16.673288, 當前值: 21.298275
2025-04-15 21:12:25,844 - src.training.trainer - INFO - 檢測到訓練停滯，嘗試重啟訓練...
2025-04-15 21:12:28,647 - src.training.trainer - INFO - 監控指標未改善，已連續 7 輪。最佳值: 16.673288, 當前值: 27.656736
2025-04-15 21:12:31,587 - src.training.trainer - INFO - 輪次 63/300 - 訓練損失: 114.164731 - 驗證損失: 20.148308 - rmse: 7059.395020 - r2: -89.256889 - mae: 6942.975098 - 學習率: 0.000321 - 時間: 2.94秒
2025-04-15 21:12:31,591 - src.training.trainer - INFO - 監控指標未改善，已連續 8 輪。最佳值: 16.673288, 當前值: 20.148308
2025-04-15 21:12:34,405 - src.training.trainer - INFO - 監控指標未改善，已連續 9 輪。最佳值: 16.673288, 當前值: 21.573803
2025-04-15 21:12:37,225 - src.training.trainer - INFO - 輪次 65/300 - 訓練損失: 114.318520 - 驗證損失: 25.085512 - rmse: 7836.053223 - r2: -110.209038 - mae: 7697.006348 - 學習率: 0.000311 - 時間: 2.82秒
2025-04-15 21:12:37,228 - src.training.trainer - INFO - 監控指標未改善，已連續 10 輪。最佳值: 16.673288, 當前值: 25.085512
2025-04-15 21:12:40,014 - src.training.callbacks - INFO - 模型檢查點已保存至 outputs\hybrid_model\HybridPINNLSTMModel_20250415_210931\checkpoints\HybridPINNLSTMModel_epoch_066.pt
2025-04-15 21:12:40,017 - src.training.trainer - INFO - 監控指標未改善，已連續 11 輪。最佳值: 16.673288, 當前值: 24.332516
2025-04-15 21:12:40,017 - src.training.trainer - INFO - 檢測到訓練停滯，嘗試重啟訓練...
2025-04-15 21:12:42,829 - src.training.trainer - INFO - 輪次 67/300 - 訓練損失: 114.052534 - 驗證損失: 26.661306 - rmse: 8031.122070 - r2: -115.814781 - mae: 7925.872559 - 學習率: 0.000301 - 時間: 2.81秒
2025-04-15 21:12:42,832 - src.training.trainer - INFO - 監控指標未改善，已連續 10 輪。最佳值: 16.673288, 當前值: 26.661306
2025-04-15 21:12:45,613 - src.training.trainer - INFO - 監控指標未改善，已連續 11 輪。最佳值: 16.673288, 當前值: 24.056304
2025-04-15 21:12:48,379 - src.training.trainer - INFO - 輪次 69/300 - 訓練損失: 113.975008 - 驗證損失: 23.487176 - rmse: 7716.655273 - r2: -106.845879 - mae: 7594.409668 - 學習率: 0.000291 - 時間: 2.76秒
2025-04-15 21:12:48,383 - src.training.trainer - INFO - 監控指標未改善，已連續 12 輪。最佳值: 16.673288, 當前值: 23.487176
2025-04-15 21:12:51,181 - src.training.trainer - INFO - 監控指標未改善，已連續 13 輪。最佳值: 16.673288, 當前值: 26.139458
2025-04-15 21:12:53,961 - src.training.trainer - INFO - 輪次 71/300 - 訓練損失: 114.779748 - 驗證損失: 23.145758 - rmse: 7621.099121 - r2: -104.191483 - mae: 7530.136230 - 學習率: 0.000281 - 時間: 2.78秒
2025-04-15 21:12:53,976 - src.training.callbacks - INFO - 模型檢查點已保存至 outputs\hybrid_model\HybridPINNLSTMModel_20250415_210931\checkpoints\HybridPINNLSTMModel_epoch_071.pt
2025-04-15 21:12:53,979 - src.training.trainer - INFO - 監控指標未改善，已連續 14 輪。最佳值: 16.673288, 當前值: 23.145758
2025-04-15 21:12:53,979 - src.training.trainer - INFO - 檢測到訓練停滯，嘗試重啟訓練...
2025-04-15 21:12:56,728 - src.training.trainer - INFO - 監控指標未改善，已連續 13 輪。最佳值: 16.673288, 當前值: 25.024984
2025-04-15 21:12:59,732 - src.training.trainer - INFO - 輪次 73/300 - 訓練損失: 114.773258 - 驗證損失: 22.544699 - rmse: 7582.077637 - r2: -103.117035 - mae: 7455.836426 - 學習率: 0.000270 - 時間: 3.00秒
2025-04-15 21:12:59,736 - src.training.trainer - INFO - 監控指標未改善，已連續 14 輪。最佳值: 16.673288, 當前值: 22.544699
2025-04-15 21:13:02,631 - src.training.trainer - INFO - 監控指標未改善，已連續 15 輪。最佳值: 16.673288, 當前值: 19.240805
2025-04-15 21:13:05,400 - src.training.trainer - INFO - 輪次 75/300 - 訓練損失: 114.330557 - 驗證損失: 23.257563 - rmse: 7961.161133 - r2: -113.788445 - mae: 7754.708984 - 學習率: 0.000260 - 時間: 2.77秒
2025-04-15 21:13:05,404 - src.training.trainer - INFO - 監控指標未改善，已連續 16 輪。最佳值: 16.673288, 當前值: 23.257563
2025-04-15 21:13:08,507 - src.training.callbacks - INFO - 模型檢查點已保存至 outputs\hybrid_model\HybridPINNLSTMModel_20250415_210931\checkpoints\HybridPINNLSTMModel_epoch_076.pt
2025-04-15 21:13:08,511 - src.training.trainer - INFO - 監控指標未改善，已連續 17 輪。最佳值: 16.673288, 當前值: 28.471048
2025-04-15 21:13:08,512 - src.training.trainer - INFO - 檢測到訓練停滯，嘗試重啟訓練...
2025-04-15 21:13:11,397 - src.training.trainer - INFO - 輪次 77/300 - 訓練損失: 114.247535 - 驗證損失: 25.942328 - rmse: 8320.958984 - r2: -124.398438 - mae: 8149.214844 - 學習率: 0.000250 - 時間: 2.88秒
2025-04-15 21:13:11,401 - src.training.trainer - INFO - 監控指標未改善，已連續 16 輪。最佳值: 16.673288, 當前值: 25.942328
2025-04-15 21:13:14,274 - src.training.trainer - INFO - 監控指標未改善，已連續 17 輪。最佳值: 16.673288, 當前值: 21.392862
2025-04-15 21:13:16,958 - src.training.trainer - INFO - 輪次 79/300 - 訓練損失: 114.102152 - 驗證損失: 23.734067 - rmse: 7744.090820 - r2: -107.614105 - mae: 7558.939453 - 學習率: 0.000240 - 時間: 2.68秒
2025-04-15 21:13:16,962 - src.training.trainer - INFO - 監控指標未改善，已連續 18 輪。最佳值: 16.673288, 當前值: 23.734067
2025-04-15 21:13:19,761 - src.training.trainer - INFO - 監控指標未改善，已連續 19 輪。最佳值: 16.673288, 當前值: 24.054562
2025-04-15 21:13:22,620 - src.training.trainer - INFO - 輪次 81/300 - 訓練損失: 114.502766 - 驗證損失: 29.093596 - rmse: 8580.225586 - r2: -132.334564 - mae: 8367.670898 - 學習率: 0.000229 - 時間: 2.86秒
2025-04-15 21:13:22,635 - src.training.callbacks - INFO - 模型檢查點已保存至 outputs\hybrid_model\HybridPINNLSTMModel_20250415_210931\checkpoints\HybridPINNLSTMModel_epoch_081.pt
2025-04-15 21:13:22,639 - src.training.trainer - INFO - 監控指標未改善，已連續 20 輪。最佳值: 16.673288, 當前值: 29.093596
2025-04-15 21:13:22,640 - src.training.trainer - INFO - 檢測到訓練停滯，嘗試重啟訓練...
2025-04-15 21:13:25,512 - src.training.trainer - INFO - 監控指標未改善，已連續 19 輪。最佳值: 16.673288, 當前值: 23.586001
2025-04-15 21:13:28,397 - src.training.trainer - INFO - 輪次 83/300 - 訓練損失: 114.032852 - 驗證損失: 22.415831 - rmse: 7425.863770 - r2: -98.870987 - mae: 7278.803223 - 學習率: 0.000219 - 時間: 2.89秒
2025-04-15 21:13:28,400 - src.training.trainer - INFO - 監控指標未改善，已連續 20 輪。最佳值: 16.673288, 當前值: 22.415831
2025-04-15 21:13:31,283 - src.training.trainer - INFO - 監控指標未改善，已連續 21 輪。最佳值: 16.673288, 當前值: 27.227581
2025-04-15 21:13:34,105 - src.training.trainer - INFO - 輪次 85/300 - 訓練損失: 114.557934 - 驗證損失: 20.333607 - rmse: 7429.625977 - r2: -98.972206 - mae: 7254.574219 - 學習率: 0.000209 - 時間: 2.82秒
2025-04-15 21:13:34,108 - src.training.trainer - INFO - 監控指標未改善，已連續 22 輪。最佳值: 16.673288, 當前值: 20.333607
2025-04-15 21:13:37,003 - src.training.callbacks - INFO - 模型檢查點已保存至 outputs\hybrid_model\HybridPINNLSTMModel_20250415_210931\checkpoints\HybridPINNLSTMModel_epoch_086.pt
2025-04-15 21:13:37,008 - src.training.trainer - INFO - 監控指標未改善，已連續 23 輪。最佳值: 16.673288, 當前值: 23.792867
2025-04-15 21:13:37,008 - src.training.trainer - INFO - 檢測到訓練停滯，嘗試重啟訓練...
2025-04-15 21:13:39,956 - src.training.trainer - INFO - 輪次 87/300 - 訓練損失: 114.400475 - 驗證損失: 23.722850 - rmse: 8154.443359 - r2: -119.429802 - mae: 7967.484375 - 學習率: 0.000199 - 時間: 2.95秒
2025-04-15 21:13:39,959 - src.training.trainer - INFO - 監控指標未改善，已連續 22 輪。最佳值: 16.673288, 當前值: 23.722850
2025-04-15 21:13:42,717 - src.training.trainer - INFO - min模式下監控指標改善, 從 16.673288 改善到 16.069122
2025-04-15 21:13:42,722 - src.training.trainer - INFO - 監控指標改善，模型已保存至 outputs/hybrid_model\models\best_model.pt
2025-04-15 21:13:45,695 - src.training.trainer - INFO - 輪次 89/300 - 訓練損失: 114.190854 - 驗證損失: 25.234974 - rmse: 7969.763672 - r2: -114.036652 - mae: 7803.403809 - 學習率: 0.000189 - 時間: 2.97秒
2025-04-15 21:13:45,700 - src.training.trainer - INFO - 監控指標未改善，已連續 1 輪。最佳值: 16.069122, 當前值: 25.234974
2025-04-15 21:13:48,476 - src.training.trainer - INFO - 監控指標未改善，已連續 2 輪。最佳值: 16.069122, 當前值: 26.379462
2025-04-15 21:13:51,481 - src.training.trainer - INFO - 輪次 91/300 - 訓練損失: 113.788769 - 驗證損失: 22.259761 - rmse: 7807.400391 - r2: -109.397247 - mae: 7651.584473 - 學習率: 0.000179 - 時間: 3.00秒
2025-04-15 21:13:51,493 - src.training.callbacks - INFO - 模型檢查點已保存至 outputs\hybrid_model\HybridPINNLSTMModel_20250415_210931\checkpoints\HybridPINNLSTMModel_epoch_091.pt
2025-04-15 21:13:51,497 - src.training.trainer - INFO - 監控指標未改善，已連續 3 輪。最佳值: 16.069122, 當前值: 22.259761
2025-04-15 21:13:54,420 - src.training.trainer - INFO - 監控指標未改善，已連續 4 輪。最佳值: 16.069122, 當前值: 21.546230
2025-04-15 21:13:57,224 - src.training.trainer - INFO - 輪次 93/300 - 訓練損失: 113.190420 - 驗證損失: 23.200096 - rmse: 8141.780273 - r2: -119.056068 - mae: 7930.562500 - 學習率: 0.000170 - 時間: 2.80秒
2025-04-15 21:13:57,227 - src.training.trainer - INFO - 監控指標未改善，已連續 5 輪。最佳值: 16.069122, 當前值: 23.200096
2025-04-15 21:13:57,227 - src.training.trainer - INFO - 檢測到訓練停滯，嘗試重啟訓練...
2025-04-15 21:14:00,203 - src.training.trainer - INFO - 監控指標未改善，已連續 4 輪。最佳值: 16.069122, 當前值: 24.081184
2025-04-15 21:14:03,143 - src.training.trainer - INFO - 輪次 95/300 - 訓練損失: 114.030549 - 驗證損失: 21.915946 - rmse: 7687.338379 - r2: -106.027977 - mae: 7517.470703 - 學習率: 0.000160 - 時間: 2.94秒
2025-04-15 21:14:03,147 - src.training.trainer - INFO - 監控指標未改善，已連續 5 輪。最佳值: 16.069122, 當前值: 21.915946
2025-04-15 21:14:06,069 - src.training.callbacks - INFO - 模型檢查點已保存至 outputs\hybrid_model\HybridPINNLSTMModel_20250415_210931\checkpoints\HybridPINNLSTMModel_epoch_096.pt
2025-04-15 21:14:06,073 - src.training.trainer - INFO - 監控指標未改善，已連續 6 輪。最佳值: 16.069122, 當前值: 21.004826
2025-04-15 21:14:08,955 - src.training.trainer - INFO - 輪次 97/300 - 訓練損失: 113.804896 - 驗證損失: 19.463757 - rmse: 7260.575195 - r2: -94.474503 - mae: 7086.943848 - 學習率: 0.000151 - 時間: 2.88秒
2025-04-15 21:14:08,959 - src.training.trainer - INFO - 監控指標未改善，已連續 7 輪。最佳值: 16.069122, 當前值: 19.463757
2025-04-15 21:14:11,910 - src.training.trainer - INFO - 監控指標未改善，已連續 8 輪。最佳值: 16.069122, 當前值: 23.787944
2025-04-15 21:14:11,910 - src.training.trainer - INFO - 檢測到訓練停滯，嘗試重啟訓練...
2025-04-15 21:14:14,691 - src.training.trainer - INFO - 輪次 99/300 - 訓練損失: 113.539289 - 驗證損失: 29.240852 - rmse: 9049.706055 - r2: -147.324966 - mae: 8830.829102 - 學習率: 0.000141 - 時間: 2.78秒
2025-04-15 21:14:14,694 - src.training.trainer - INFO - 監控指標未改善，已連續 7 輪。最佳值: 16.069122, 當前值: 29.240852
2025-04-15 21:14:17,645 - src.training.trainer - INFO - 監控指標未改善，已連續 8 輪。最佳值: 16.069122, 當前值: 21.902067
2025-04-15 21:14:20,551 - src.training.trainer - INFO - 輪次 101/300 - 訓練損失: 113.809400 - 驗證損失: 18.875544 - rmse: 7387.388672 - r2: -97.838745 - mae: 7204.136719 - 學習率: 0.000132 - 時間: 2.91秒
2025-04-15 21:14:20,566 - src.training.callbacks - INFO - 模型檢查點已保存至 outputs\hybrid_model\HybridPINNLSTMModel_20250415_210931\checkpoints\HybridPINNLSTMModel_epoch_101.pt
2025-04-15 21:14:20,572 - src.training.trainer - INFO - 監控指標未改善，已連續 9 輪。最佳值: 16.069122, 當前值: 18.875544
2025-04-15 21:14:23,577 - src.training.trainer - INFO - 監控指標未改善，已連續 10 輪。最佳值: 16.069122, 當前值: 25.714256
2025-04-15 21:14:26,343 - src.training.trainer - INFO - 輪次 103/300 - 訓練損失: 114.191600 - 驗證損失: 19.294046 - rmse: 7318.640625 - r2: -96.007698 - mae: 7167.137207 - 學習率: 0.000124 - 時間: 2.77秒
2025-04-15 21:14:26,346 - src.training.trainer - INFO - 監控指標未改善，已連續 11 輪。最佳值: 16.069122, 當前值: 19.294046
2025-04-15 21:14:26,347 - src.training.trainer - INFO - 檢測到訓練停滯，嘗試重啟訓練...
2025-04-15 21:14:29,341 - src.training.trainer - INFO - 監控指標未改善，已連續 10 輪。最佳值: 16.069122, 當前值: 28.255770
2025-04-15 21:14:32,137 - src.training.trainer - INFO - 輪次 105/300 - 訓練損失: 114.035682 - 驗證損失: 20.921677 - rmse: 7812.029785 - r2: -109.528214 - mae: 7585.274902 - 學習率: 0.000115 - 時間: 2.79秒
2025-04-15 21:14:32,140 - src.training.trainer - INFO - 監控指標未改善，已連續 11 輪。最佳值: 16.069122, 當前值: 20.921677
2025-04-15 21:14:35,009 - src.training.callbacks - INFO - 模型檢查點已保存至 outputs\hybrid_model\HybridPINNLSTMModel_20250415_210931\checkpoints\HybridPINNLSTMModel_epoch_106.pt
2025-04-15 21:14:35,014 - src.training.trainer - INFO - 監控指標未改善，已連續 12 輪。最佳值: 16.069122, 當前值: 22.281606
2025-04-15 21:14:37,999 - src.training.trainer - INFO - 輪次 107/300 - 訓練損失: 113.784208 - 驗證損失: 20.664731 - rmse: 7630.186523 - r2: -104.442490 - mae: 7420.970703 - 學習率: 0.000107 - 時間: 2.98秒
2025-04-15 21:14:38,004 - src.training.trainer - INFO - 監控指標未改善，已連續 13 輪。最佳值: 16.069122, 當前值: 20.664731
2025-04-15 21:14:40,915 - src.training.trainer - INFO - 監控指標未改善，已連續 14 輪。最佳值: 16.069122, 當前值: 23.089727
2025-04-15 21:14:40,915 - src.training.trainer - INFO - 檢測到訓練停滯，嘗試重啟訓練...
2025-04-15 21:14:43,643 - src.training.trainer - INFO - 輪次 109/300 - 訓練損失: 114.235633 - 驗證損失: 21.700239 - rmse: 7642.748535 - r2: -104.789970 - mae: 7473.222168 - 學習率: 0.000099 - 時間: 2.73秒
2025-04-15 21:14:43,648 - src.training.trainer - INFO - 監控指標未改善，已連續 13 輪。最佳值: 16.069122, 當前值: 21.700239
2025-04-15 21:14:46,543 - src.training.trainer - INFO - 監控指標未改善，已連續 14 輪。最佳值: 16.069122, 當前值: 18.960789
2025-04-15 21:14:49,266 - src.training.trainer - INFO - 輪次 111/300 - 訓練損失: 113.857764 - 驗證損失: 23.729668 - rmse: 8253.535156 - r2: -122.374489 - mae: 8057.867676 - 學習率: 0.000091 - 時間: 2.72秒
2025-04-15 21:14:49,286 - src.training.callbacks - INFO - 模型檢查點已保存至 outputs\hybrid_model\HybridPINNLSTMModel_20250415_210931\checkpoints\HybridPINNLSTMModel_epoch_111.pt
2025-04-15 21:14:49,292 - src.training.trainer - INFO - 監控指標未改善，已連續 15 輪。最佳值: 16.069122, 當前值: 23.729668
2025-04-15 21:14:52,180 - src.training.trainer - INFO - 監控指標未改善，已連續 16 輪。最佳值: 16.069122, 當前值: 24.193766
2025-04-15 21:14:55,067 - src.training.trainer - INFO - 輪次 113/300 - 訓練損失: 114.155253 - 驗證損失: 22.031033 - rmse: 7732.991211 - r2: -107.302971 - mae: 7513.435547 - 學習率: 0.000084 - 時間: 2.89秒
2025-04-15 21:14:55,072 - src.training.trainer - INFO - 監控指標未改善，已連續 17 輪。最佳值: 16.069122, 當前值: 22.031033
2025-04-15 21:14:55,072 - src.training.trainer - INFO - 檢測到訓練停滯，嘗試重啟訓練...
2025-04-15 21:14:57,901 - src.training.trainer - INFO - 監控指標未改善，已連續 16 輪。最佳值: 16.069122, 當前值: 22.607647
2025-04-15 21:15:00,879 - src.training.trainer - INFO - 輪次 115/300 - 訓練損失: 113.384153 - 驗證損失: 23.718863 - rmse: 7868.394531 - r2: -111.128914 - mae: 7681.052246 - 學習率: 0.000076 - 時間: 2.98秒
2025-04-15 21:15:00,884 - src.training.trainer - INFO - 監控指標未改善，已連續 17 輪。最佳值: 16.069122, 當前值: 23.718863
2025-04-15 21:15:03,890 - src.training.callbacks - INFO - 模型檢查點已保存至 outputs\hybrid_model\HybridPINNLSTMModel_20250415_210931\checkpoints\HybridPINNLSTMModel_epoch_116.pt
2025-04-15 21:15:03,895 - src.training.trainer - INFO - 監控指標未改善，已連續 18 輪。最佳值: 16.069122, 當前值: 21.897622
2025-04-15 21:15:06,902 - src.training.trainer - INFO - 輪次 117/300 - 訓練損失: 113.959874 - 驗證損失: 20.993308 - rmse: 7818.145996 - r2: -109.701340 - mae: 7640.541016 - 學習率: 0.000070 - 時間: 3.01秒
2025-04-15 21:15:06,905 - src.training.trainer - INFO - 監控指標未改善，已連續 19 輪。最佳值: 16.069122, 當前值: 20.993308
2025-04-15 21:15:09,780 - src.training.trainer - INFO - 監控指標未改善，已連續 20 輪。最佳值: 16.069122, 當前值: 19.758598
2025-04-15 21:15:09,780 - src.training.trainer - INFO - 檢測到訓練停滯，嘗試重啟訓練...
2025-04-15 21:15:12,700 - src.training.trainer - INFO - 輪次 119/300 - 訓練損失: 113.636788 - 驗證損失: 24.942034 - rmse: 8278.748047 - r2: -123.129395 - mae: 8048.980469 - 學習率: 0.000063 - 時間: 2.92秒
2025-04-15 21:15:12,706 - src.training.trainer - INFO - 監控指標未改善，已連續 19 輪。最佳值: 16.069122, 當前值: 24.942034
2025-04-15 21:15:15,619 - src.training.trainer - INFO - 監控指標未改善，已連續 20 輪。最佳值: 16.069122, 當前值: 19.821707
2025-04-15 21:15:18,390 - src.training.trainer - INFO - 輪次 121/300 - 訓練損失: 114.316719 - 驗證損失: 20.841582 - rmse: 7834.399414 - r2: -110.162102 - mae: 7606.783691 - 學習率: 0.000057 - 時間: 2.77秒
2025-04-15 21:15:18,410 - src.training.callbacks - INFO - 模型檢查點已保存至 outputs\hybrid_model\HybridPINNLSTMModel_20250415_210931\checkpoints\HybridPINNLSTMModel_epoch_121.pt
2025-04-15 21:15:18,414 - src.training.trainer - INFO - 監控指標未改善，已連續 21 輪。最佳值: 16.069122, 當前值: 20.841582
2025-04-15 21:15:21,406 - src.training.trainer - INFO - 監控指標未改善，已連續 22 輪。最佳值: 16.069122, 當前值: 23.118201
2025-04-15 21:15:24,212 - src.training.trainer - INFO - 輪次 123/300 - 訓練損失: 113.914930 - 驗證損失: 20.634604 - rmse: 7612.745117 - r2: -103.960991 - mae: 7431.883301 - 學習率: 0.000051 - 時間: 2.81秒
2025-04-15 21:15:24,215 - src.training.trainer - INFO - 監控指標未改善，已連續 23 輪。最佳值: 16.069122, 當前值: 20.634604
2025-04-15 21:15:24,216 - src.training.trainer - INFO - 檢測到訓練停滯，嘗試重啟訓練...
2025-04-15 21:15:27,021 - src.training.trainer - INFO - 監控指標未改善，已連續 22 輪。最佳值: 16.069122, 當前值: 20.355355
2025-04-15 21:15:29,817 - src.training.trainer - INFO - 輪次 125/300 - 訓練損失: 114.736589 - 驗證損失: 22.720462 - rmse: 8042.468262 - r2: -116.145073 - mae: 7816.017578 - 學習率: 0.000045 - 時間: 2.79秒
2025-04-15 21:15:29,820 - src.training.trainer - INFO - 監控指標未改善，已連續 23 輪。最佳值: 16.069122, 當前值: 22.720462
2025-04-15 21:15:32,697 - src.training.callbacks - INFO - 模型檢查點已保存至 outputs\hybrid_model\HybridPINNLSTMModel_20250415_210931\checkpoints\HybridPINNLSTMModel_epoch_126.pt
2025-04-15 21:15:32,703 - src.training.trainer - INFO - 監控指標未改善，已連續 24 輪。最佳值: 16.069122, 當前值: 21.485001
2025-04-15 21:15:35,617 - src.training.trainer - INFO - 輪次 127/300 - 訓練損失: 114.311827 - 驗證損失: 22.424494 - rmse: 7785.946289 - r2: -108.791351 - mae: 7583.324707 - 學習率: 0.000040 - 時間: 2.91秒
2025-04-15 21:15:35,622 - src.training.trainer - INFO - 監控指標未改善，已連續 25 輪。最佳值: 16.069122, 當前值: 22.424494
2025-04-15 21:15:38,484 - src.training.trainer - INFO - 監控指標未改善，已連續 26 輪。最佳值: 16.069122, 當前值: 19.288678
2025-04-15 21:15:38,484 - src.training.trainer - INFO - 檢測到訓練停滯，嘗試重啟訓練...
2025-04-15 21:15:41,253 - src.training.trainer - INFO - 輪次 129/300 - 訓練損失: 113.705511 - 驗證損失: 22.277829 - rmse: 7855.716797 - r2: -110.767868 - mae: 7638.154297 - 學習率: 0.000036 - 時間: 2.77秒
2025-04-15 21:15:41,257 - src.training.trainer - INFO - 監控指標未改善，已連續 25 輪。最佳值: 16.069122, 當前值: 22.277829
2025-04-15 21:15:44,263 - src.training.trainer - INFO - 監控指標未改善，已連續 26 輪。最佳值: 16.069122, 當前值: 20.943016
2025-04-15 21:15:47,092 - src.training.trainer - INFO - 輪次 131/300 - 訓練損失: 113.649906 - 驗證損失: 20.079636 - rmse: 7635.070312 - r2: -104.577515 - mae: 7434.835938 - 學習率: 0.000031 - 時間: 2.83秒
2025-04-15 21:15:47,103 - src.training.callbacks - INFO - 模型檢查點已保存至 outputs\hybrid_model\HybridPINNLSTMModel_20250415_210931\checkpoints\HybridPINNLSTMModel_epoch_131.pt
2025-04-15 21:15:47,107 - src.training.trainer - INFO - 監控指標未改善，已連續 27 輪。最佳值: 16.069122, 當前值: 20.079636
2025-04-15 21:15:50,005 - src.training.trainer - INFO - 監控指標未改善，已連續 28 輪。最佳值: 16.069122, 當前值: 19.259413
2025-04-15 21:15:52,928 - src.training.trainer - INFO - 輪次 133/300 - 訓練損失: 113.720921 - 驗證損失: 23.087767 - rmse: 7958.047852 - r2: -113.698692 - mae: 7758.099121 - 學習率: 0.000027 - 時間: 2.92秒
2025-04-15 21:15:52,933 - src.training.trainer - INFO - 監控指標未改善，已連續 29 輪。最佳值: 16.069122, 當前值: 23.087767
2025-04-15 21:15:52,933 - src.training.trainer - INFO - 檢測到訓練停滯，嘗試重啟訓練...
2025-04-15 21:15:55,752 - src.training.trainer - INFO - 監控指標未改善，已連續 28 輪。最佳值: 16.069122, 當前值: 19.272055
2025-04-15 21:15:58,654 - src.training.trainer - INFO - 輪次 135/300 - 訓練損失: 113.688064 - 驗證損失: 19.960740 - rmse: 7443.937988 - r2: -99.357735 - mae: 7267.003418 - 學習率: 0.000024 - 時間: 2.90秒
2025-04-15 21:15:58,658 - src.training.trainer - INFO - 監控指標未改善，已連續 29 輪。最佳值: 16.069122, 當前值: 19.960740
2025-04-15 21:16:01,596 - src.training.callbacks - INFO - 模型檢查點已保存至 outputs\hybrid_model\HybridPINNLSTMModel_20250415_210931\checkpoints\HybridPINNLSTMModel_epoch_136.pt
2025-04-15 21:16:01,601 - src.training.trainer - INFO - 監控指標未改善，已連續 30 輪。最佳值: 16.069122, 當前值: 21.469194
2025-04-15 21:16:04,455 - src.training.trainer - INFO - 輪次 137/300 - 訓練損失: 113.351981 - 驗證損失: 21.531364 - rmse: 7801.671387 - r2: -109.235298 - mae: 7630.900391 - 學習率: 0.000020 - 時間: 2.85秒
2025-04-15 21:16:04,460 - src.training.trainer - INFO - 監控指標未改善，已連續 31 輪。最佳值: 16.069122, 當前值: 21.531364
2025-04-15 21:16:07,244 - src.training.trainer - INFO - 監控指標未改善，已連續 32 輪。最佳值: 16.069122, 當前值: 22.987546
2025-04-15 21:16:07,244 - src.training.trainer - INFO - 檢測到訓練停滯，嘗試重啟訓練...
2025-04-15 21:16:10,145 - src.training.trainer - INFO - 輪次 139/300 - 訓練損失: 113.239400 - 驗證損失: 19.684440 - rmse: 7434.335449 - r2: -99.098984 - mae: 7238.693848 - 學習率: 0.000018 - 時間: 2.90秒
2025-04-15 21:16:10,149 - src.training.trainer - INFO - 監控指標未改善，已連續 31 輪。最佳值: 16.069122, 當前值: 19.684440
2025-04-15 21:16:12,898 - src.training.trainer - INFO - 監控指標未改善，已連續 32 輪。最佳值: 16.069122, 當前值: 21.183203
2025-04-15 21:16:15,798 - src.training.trainer - INFO - 輪次 141/300 - 訓練損失: 113.870153 - 驗證損失: 18.067284 - rmse: 7249.522949 - r2: -94.184052 - mae: 7063.398438 - 學習率: 0.000015 - 時間: 2.90秒
2025-04-15 21:16:15,810 - src.training.callbacks - INFO - 模型檢查點已保存至 outputs\hybrid_model\HybridPINNLSTMModel_20250415_210931\checkpoints\HybridPINNLSTMModel_epoch_141.pt
2025-04-15 21:16:15,814 - src.training.trainer - INFO - 監控指標未改善，已連續 33 輪。最佳值: 16.069122, 當前值: 18.067284
2025-04-15 21:16:18,784 - src.training.trainer - INFO - 監控指標未改善，已連續 34 輪。最佳值: 16.069122, 當前值: 22.009023
2025-04-15 21:16:21,588 - src.training.trainer - INFO - 輪次 143/300 - 訓練損失: 113.936830 - 驗證損失: 17.742166 - rmse: 7368.326660 - r2: -97.329338 - mae: 7159.493652 - 學習率: 0.000013 - 時間: 2.80秒
2025-04-15 21:16:21,591 - src.training.trainer - INFO - 監控指標未改善，已連續 35 輪。最佳值: 16.069122, 當前值: 17.742166
2025-04-15 21:16:21,592 - src.training.trainer - INFO - 檢測到訓練停滯，嘗試重啟訓練...
2025-04-15 21:16:24,445 - src.training.trainer - INFO - 監控指標未改善，已連續 34 輪。最佳值: 16.069122, 當前值: 23.586561
2025-04-15 21:16:27,404 - src.training.trainer - INFO - 輪次 145/300 - 訓練損失: 113.762928 - 驗證損失: 21.406603 - rmse: 7756.957031 - r2: -107.975311 - mae: 7551.627441 - 學習率: 0.000012 - 時間: 2.96秒
2025-04-15 21:16:27,409 - src.training.trainer - INFO - 監控指標未改善，已連續 35 輪。最佳值: 16.069122, 當前值: 21.406603
2025-04-15 21:16:30,254 - src.training.callbacks - INFO - 模型檢查點已保存至 outputs\hybrid_model\HybridPINNLSTMModel_20250415_210931\checkpoints\HybridPINNLSTMModel_epoch_146.pt
2025-04-15 21:16:30,260 - src.training.trainer - INFO - 監控指標未改善，已連續 36 輪。最佳值: 16.069122, 當前值: 22.444247
2025-04-15 21:16:32,938 - src.training.trainer - INFO - 輪次 147/300 - 訓練損失: 113.884322 - 驗證損失: 19.972480 - rmse: 7669.201660 - r2: -105.523552 - mae: 7423.637207 - 學習率: 0.000011 - 時間: 2.68秒
2025-04-15 21:16:32,944 - src.training.trainer - INFO - 監控指標未改善，已連續 37 輪。最佳值: 16.069122, 當前值: 19.972480
2025-04-15 21:16:35,771 - src.training.trainer - INFO - 監控指標未改善，已連續 38 輪。最佳值: 16.069122, 當前值: 20.821899
2025-04-15 21:16:35,772 - src.training.trainer - INFO - 檢測到訓練停滯，嘗試重啟訓練...
2025-04-15 21:16:38,640 - src.training.trainer - INFO - 輪次 149/300 - 訓練損失: 113.661127 - 驗證損失: 24.027540 - rmse: 8110.306152 - r2: -118.129646 - mae: 7876.047363 - 學習率: 0.000010 - 時間: 2.87秒
2025-04-15 21:16:38,646 - src.training.trainer - INFO - 監控指標未改善，已連續 37 輪。最佳值: 16.069122, 當前值: 24.027540
2025-04-15 21:16:41,524 - src.training.trainer - INFO - 監控指標未改善，已連續 38 輪。最佳值: 16.069122, 當前值: 21.278957
2025-04-15 21:16:44,350 - src.training.trainer - INFO - 輪次 151/300 - 訓練損失: 113.966126 - 驗證損失: 20.196629 - rmse: 7630.350098 - r2: -104.447006 - mae: 7390.728027 - 學習率: 0.000010 - 時間: 2.83秒
2025-04-15 21:16:44,368 - src.training.callbacks - INFO - 模型檢查點已保存至 outputs\hybrid_model\HybridPINNLSTMModel_20250415_210931\checkpoints\HybridPINNLSTMModel_epoch_151.pt
2025-04-15 21:16:44,373 - src.training.trainer - INFO - 監控指標未改善，已連續 39 輪。最佳值: 16.069122, 當前值: 20.196629
2025-04-15 21:16:47,240 - src.training.trainer - INFO - 監控指標未改善，已連續 40 輪。最佳值: 16.069122, 當前值: 19.728674
2025-04-15 21:16:47,240 - src.training.trainer - INFO - 早停觸發！40 輪未改善
2025-04-15 21:16:47,240 - src.training.trainer - INFO - 早停觸發，在輪次 152 停止訓練
2025-04-15 21:16:47,241 - src.training.trainer - INFO - 訓練完成，總時間: 435.79秒
2025-04-15 21:16:47,257 - __main__ - INFO - 訓練完成，最終模型已保存至: outputs/hybrid_model\models\final_model.pt
2025-04-15 21:16:47,266 - __main__ - WARNING - 合併輸出 l2_penalty 時出錯: zero-dimensional arrays cannot be concatenated
2025-04-15 21:16:47,271 - src.utils.metrics - INFO - Model: HybridPINNLSTMModel
RMSE: 9562.4127
R2: -158.5811
MAE: 9396.5254
MAPE: 557.71%
Relative Error (Mean): 557.71%
Relative Error (Median): 455.33%
Relative Error (90th percentile): 788.90%
Log RMSE: 0.8117
2025-04-15 21:16:47,275 - __main__ - INFO - 評估指標已保存至: outputs/hybrid_model\evaluation\metrics.csv
2025-04-15 21:16:47,275 - __main__ - INFO - 生成視覺化結果...
2025-04-15 21:16:48,166 - src.utils.visualization - INFO - 圖像已保存至: outputs/hybrid_model\evaluation\visualizations\prediction_vs_true.png
2025-04-15 21:16:48,846 - src.utils.visualization - INFO - 圖像已保存至: outputs/hybrid_model\evaluation\visualizations\delta_w_prediction.png
2025-04-15 21:16:49,568 - src.utils.visualization - INFO - 圖像已保存至: outputs/hybrid_model\evaluation\visualizations\physical_constraint.png
2025-04-15 21:16:49,579 - __main__ - INFO - 評估完成，結果已保存至: outputs/hybrid_model\evaluation
2025-04-15 21:16:49,580 - __main__ - INFO - 任務完成
