2025-04-16 12:50:28,504 - __main__ - INFO - 成功載入配置文件: configs/model_config.yaml
2025-04-16 12:50:28,534 - __main__ - INFO - 成功載入配置文件: configs/train_config.yaml
2025-04-16 12:50:28,540 - __main__ - INFO - 已設定隨機種子: 42
2025-04-16 12:50:28,540 - __main__ - INFO - 使用計算設備: cpu
2025-04-16 12:50:28,541 - __main__ - INFO - 輸出目錄: outputs/hybrid_model
2025-04-16 12:50:28,542 - __main__ - INFO - 載入資料: data/raw/Training_data_warpage_final_20250321_v1.2.csv
2025-04-16 12:50:28,565 - src.data.preprocess - INFO - 成功載入資料檔案: data/raw/Training_data_warpage_final_20250321_v1.2.csv，共 81 筆資料，18 個欄位
2025-04-16 12:50:28,572 - src.data.preprocess - INFO - 標準化完成，特徵數量: 5
2025-04-16 12:50:28,575 - src.data.preprocess - INFO - 時間序列資料準備完成，形狀: (81, 4, 2)
2025-04-16 12:50:28,579 - src.data.preprocess - INFO - 資料分割完成 - 訓練集: 56 樣本, 驗證集: 12 樣本, 測試集: 13 樣本
2025-04-16 12:50:28,579 - src.data.preprocess - INFO - 完整資料處理流程完成
2025-04-16 12:50:28,580 - __main__ - INFO - 資料分割完成, 訓練集: 56 樣本, 驗證集: 12 樣本, 測試集: 13 樣本
2025-04-16 12:50:28,580 - __main__ - INFO - 應用資料增強...
2025-04-16 12:50:28,580 - src.data.dataset - INFO - 進行資料增強，原始訓練集大小: 56 樣本
2025-04-16 12:50:28,738 - src.data.dataset - INFO - 資料增強完成，增強後的訓練集大小: 940 樣本
2025-04-16 12:50:28,738 - __main__ - INFO - 資料增強完成，增強後的訓練集大小: 940 樣本
2025-04-16 12:50:28,788 - __main__ - INFO - 創建混合PINN-LSTM模型，使用物理約束: True，融合方法: weighted
2025-04-16 12:50:28,792 - src.data.dataset - INFO - 已創建資料載入器 - 訓練: 940 樣本, 驗證: 12 樣本, 測試: 13 樣本, 批次大小: 8
2025-04-16 12:50:30,971 - src.training.trainer - INFO - 創建adam優化器，學習率: 0.0005，權重衰減: 0.001
2025-04-16 12:50:30,972 - src.training.losses - INFO - 初始化HybridLoss: lambda_physics=0.5, lambda_consistency=0.2, delta_w_weight=1.5
2025-04-16 12:50:30,972 - src.training.losses - INFO - 初始化AdaptiveHybridLoss: physics權重從0.5增加到2.0, consistency權重從0.2增加到0.5, delta_w權重從1.5增加到3.0, 在50個輪次內達到最大值, 預熱輪次: 5, 調整方案: linear
2025-04-16 12:50:30,973 - src.training.trainer - INFO - 創建餘弦退火學習率調度器，週期: 150，最小學習率: 1e-05
2025-04-16 12:50:30,974 - src.training.callbacks - INFO - 初始化ModelCheckpoint: 保存目錄=outputs\hybrid_model\HybridPINNLSTMModel_20250416_125030\checkpoints, 保存頻率=5, 只保存最佳=False, 監控指標=val_loss, 模式=min
2025-04-16 12:50:30,974 - src.training.callbacks - INFO - 初始化LossHistory: 保存路徑=outputs\hybrid_model\HybridPINNLSTMModel_20250416_125030\history.json, 保存頻率=1
2025-04-16 12:50:30,977 - src.training.trainer - INFO - 初始化訓練器完成，模型: HybridPINNLSTMModel, 優化器: Adam, 設備: cpu
2025-04-16 12:50:30,978 - __main__ - INFO - 開始訓練，總輪數: 300
2025-04-16 12:50:30,978 - src.training.trainer - INFO - 開始訓練，總輪數: 300
2025-04-16 12:50:34,528 - src.training.trainer - INFO - 輪次 1/300 - 訓練損失: 442121272.062500 - 驗證損失: 590169.229167 - rmse: 1522961.125000 - r2: -4200712.000000 - mae: 1035952.937500 - 學習率: 0.000500 - 時間: 3.55秒
2025-04-16 12:50:34,549 - src.training.callbacks - INFO - 模型檢查點已保存至 outputs\hybrid_model\HybridPINNLSTMModel_20250416_125030\checkpoints\HybridPINNLSTMModel_epoch_001.pt
2025-04-16 12:50:34,560 - src.training.trainer - INFO - 監控指標改善，模型已保存至 outputs/hybrid_model\models\best_model.pt
2025-04-16 12:50:37,781 - src.training.trainer - INFO - 監控指標改善，模型已保存至 outputs/hybrid_model\models\best_model.pt
2025-04-16 12:50:41,056 - src.training.trainer - INFO - 輪次 3/300 - 訓練損失: 209230.566032 - 驗證損失: 12.299582 - rmse: 5858.296387 - r2: -61.156708 - mae: 4201.584473 - 學習率: 0.000500 - 時間: 3.27秒
2025-04-16 12:50:41,066 - src.training.trainer - INFO - 監控指標改善，模型已保存至 outputs/hybrid_model\models\best_model.pt
2025-04-16 12:50:44,422 - src.training.trainer - INFO - 監控指標改善，模型已保存至 outputs/hybrid_model\models\best_model.pt
2025-04-16 12:50:47,484 - src.training.trainer - INFO - 輪次 5/300 - 訓練損失: 124.669328 - 驗證損失: 1.900480 - rmse: 1106.397461 - r2: -1.217010 - mae: 792.705627 - 學習率: 0.000499 - 時間: 3.06秒
2025-04-16 12:50:47,493 - src.training.trainer - INFO - 監控指標改善，模型已保存至 outputs/hybrid_model\models\best_model.pt
2025-04-16 12:50:50,790 - src.training.callbacks - INFO - 模型檢查點已保存至 outputs\hybrid_model\HybridPINNLSTMModel_20250416_125030\checkpoints\HybridPINNLSTMModel_epoch_006.pt
2025-04-16 12:50:50,799 - src.training.trainer - INFO - 監控指標改善，模型已保存至 outputs/hybrid_model\models\best_model.pt
2025-04-16 12:50:54,260 - src.training.trainer - INFO - 輪次 7/300 - 訓練損失: 48.672400 - 驗證損失: 1.119871 - rmse: 1328.323364 - r2: -2.195604 - mae: 909.724915 - 學習率: 0.000498 - 時間: 3.46秒
2025-04-16 12:50:54,268 - src.training.trainer - INFO - 監控指標改善，模型已保存至 outputs/hybrid_model\models\best_model.pt
2025-04-16 12:50:57,418 - src.training.trainer - INFO - 監控指標改善，模型已保存至 outputs/hybrid_model\models\best_model.pt
2025-04-16 12:51:00,659 - src.training.trainer - INFO - 輪次 9/300 - 訓練損失: 6.077144 - 驗證損失: 0.947770 - rmse: 1051.647339 - r2: -1.003021 - mae: 751.953796 - 學習率: 0.000497 - 時間: 3.24秒
2025-04-16 12:51:00,667 - src.training.trainer - INFO - 監控指標改善，模型已保存至 outputs/hybrid_model\models\best_model.pt
2025-04-16 12:51:03,849 - src.training.trainer - INFO - 監控指標改善，模型已保存至 outputs/hybrid_model\models\best_model.pt
2025-04-16 12:51:06,966 - src.training.trainer - INFO - 輪次 11/300 - 訓練損失: 10.704972 - 驗證損失: 0.716828 - rmse: 920.827087 - r2: -0.535683 - mae: 622.149109 - 學習率: 0.000495 - 時間: 3.12秒
2025-04-16 12:51:06,980 - src.training.callbacks - INFO - 模型檢查點已保存至 outputs\hybrid_model\HybridPINNLSTMModel_20250416_125030\checkpoints\HybridPINNLSTMModel_epoch_011.pt
2025-04-16 12:51:06,988 - src.training.trainer - INFO - 監控指標改善，模型已保存至 outputs/hybrid_model\models\best_model.pt
2025-04-16 12:51:10,108 - src.training.trainer - INFO - 監控指標改善，模型已保存至 outputs/hybrid_model\models\best_model.pt
2025-04-16 12:51:13,339 - src.training.trainer - INFO - 輪次 13/300 - 訓練損失: 3.709472 - 驗證損失: 0.802473 - rmse: 953.721802 - r2: -0.647361 - mae: 751.896912 - 學習率: 0.000492 - 時間: 3.23秒
2025-04-16 12:51:13,349 - src.training.trainer - INFO - 監控指標改善，模型已保存至 outputs/hybrid_model\models\best_model.pt
2025-04-16 12:51:16,548 - src.training.trainer - INFO - 監控指標改善，模型已保存至 outputs/hybrid_model\models\best_model.pt
2025-04-16 12:51:19,693 - src.training.trainer - INFO - 輪次 15/300 - 訓練損失: 5.011610 - 驗證損失: 0.930914 - rmse: 1138.111450 - r2: -1.345929 - mae: 861.515686 - 學習率: 0.000490 - 時間: 3.14秒
2025-04-16 12:51:19,703 - src.training.trainer - INFO - 監控指標改善，模型已保存至 outputs/hybrid_model\models\best_model.pt
2025-04-16 12:51:22,981 - src.training.callbacks - INFO - 模型檢查點已保存至 outputs\hybrid_model\HybridPINNLSTMModel_20250416_125030\checkpoints\HybridPINNLSTMModel_epoch_016.pt
2025-04-16 12:51:22,990 - src.training.trainer - INFO - 監控指標改善，模型已保存至 outputs/hybrid_model\models\best_model.pt
2025-04-16 12:51:26,248 - src.training.trainer - INFO - 輪次 17/300 - 訓練損失: 3.754803 - 驗證損失: 0.897997 - rmse: 1251.674316 - r2: -1.837449 - mae: 988.931458 - 學習率: 0.000486 - 時間: 3.26秒
2025-04-16 12:51:26,258 - src.training.trainer - INFO - 監控指標改善，模型已保存至 outputs/hybrid_model\models\best_model.pt
2025-04-16 12:51:29,541 - src.training.trainer - INFO - 監控指標改善，模型已保存至 outputs/hybrid_model\models\best_model.pt
2025-04-16 12:51:32,860 - src.training.trainer - INFO - 輪次 19/300 - 訓練損失: 3.052098 - 驗證損失: 0.947287 - rmse: 1441.584839 - r2: -2.763793 - mae: 1272.884888 - 學習率: 0.000483 - 時間: 3.32秒
2025-04-16 12:51:32,868 - src.training.trainer - INFO - 監控指標改善，模型已保存至 outputs/hybrid_model\models\best_model.pt
2025-04-16 12:51:35,976 - src.training.trainer - INFO - 監控指標改善，模型已保存至 outputs/hybrid_model\models\best_model.pt
2025-04-16 12:51:39,172 - src.training.trainer - INFO - 輪次 21/300 - 訓練損失: 2.059566 - 驗證損失: 0.596142 - rmse: 1005.091553 - r2: -0.829602 - mae: 793.104065 - 學習率: 0.000479 - 時間: 3.20秒
2025-04-16 12:51:39,187 - src.training.callbacks - INFO - 模型檢查點已保存至 outputs\hybrid_model\HybridPINNLSTMModel_20250416_125030\checkpoints\HybridPINNLSTMModel_epoch_021.pt
2025-04-16 12:51:39,195 - src.training.trainer - INFO - 監控指標改善，模型已保存至 outputs/hybrid_model\models\best_model.pt
2025-04-16 12:51:42,522 - src.training.trainer - INFO - 監控指標改善，模型已保存至 outputs/hybrid_model\models\best_model.pt
2025-04-16 12:51:45,695 - src.training.trainer - INFO - 輪次 23/300 - 訓練損失: 2.004293 - 驗證損失: 0.633659 - rmse: 1097.416016 - r2: -1.181162 - mae: 781.891418 - 學習率: 0.000474 - 時間: 3.17秒
2025-04-16 12:51:45,702 - src.training.trainer - INFO - 監控指標改善，模型已保存至 outputs/hybrid_model\models\best_model.pt
2025-04-16 12:51:48,624 - src.training.trainer - INFO - 監控指標改善，模型已保存至 outputs/hybrid_model\models\best_model.pt
2025-04-16 12:51:51,413 - src.training.trainer - INFO - 輪次 25/300 - 訓練損失: 3.310273 - 驗證損失: 0.635772 - rmse: 1066.807861 - r2: -1.061189 - mae: 781.017090 - 學習率: 0.000470 - 時間: 2.79秒
2025-04-16 12:51:51,420 - src.training.trainer - INFO - 監控指標改善，模型已保存至 outputs/hybrid_model\models\best_model.pt
2025-04-16 12:51:54,371 - src.training.callbacks - INFO - 模型檢查點已保存至 outputs\hybrid_model\HybridPINNLSTMModel_20250416_125030\checkpoints\HybridPINNLSTMModel_epoch_026.pt
2025-04-16 12:51:54,383 - src.training.trainer - INFO - 監控指標改善，模型已保存至 outputs/hybrid_model\models\best_model.pt
2025-04-16 12:51:57,110 - src.training.trainer - INFO - 輪次 27/300 - 訓練損失: 3.345033 - 驗證損失: 0.535024 - rmse: 946.577515 - r2: -0.622773 - mae: 749.419434 - 學習率: 0.000465 - 時間: 2.73秒
2025-04-16 12:51:57,116 - src.training.trainer - INFO - 監控指標改善，模型已保存至 outputs/hybrid_model\models\best_model.pt
2025-04-16 12:51:59,930 - src.training.trainer - INFO - 監控指標改善，模型已保存至 outputs/hybrid_model\models\best_model.pt
2025-04-16 12:52:02,705 - src.training.trainer - INFO - 輪次 29/300 - 訓練損失: 1.905480 - 驗證損失: 0.677438 - rmse: 1148.748779 - r2: -1.389987 - mae: 813.930908 - 學習率: 0.000459 - 時間: 2.77秒
2025-04-16 12:52:02,716 - src.training.trainer - INFO - 監控指標改善，模型已保存至 outputs/hybrid_model\models\best_model.pt
2025-04-16 12:52:05,570 - src.training.trainer - INFO - 監控指標改善，模型已保存至 outputs/hybrid_model\models\best_model.pt
2025-04-16 12:52:08,341 - src.training.trainer - INFO - 輪次 31/300 - 訓練損失: 2.001670 - 驗證損失: 1.616715 - rmse: 1323.377686 - r2: -2.171853 - mae: 1084.931763 - 學習率: 0.000453 - 時間: 2.77秒
2025-04-16 12:52:08,358 - src.training.callbacks - INFO - 模型檢查點已保存至 outputs\hybrid_model\HybridPINNLSTMModel_20250416_125030\checkpoints\HybridPINNLSTMModel_epoch_031.pt
2025-04-16 12:52:08,370 - src.training.trainer - INFO - 監控指標改善，模型已保存至 outputs/hybrid_model\models\best_model.pt
2025-04-16 12:52:11,176 - src.training.trainer - INFO - 監控指標改善，模型已保存至 outputs/hybrid_model\models\best_model.pt
2025-04-16 12:52:13,992 - src.training.trainer - INFO - 輪次 33/300 - 訓練損失: 1.547959 - 驗證損失: 0.906593 - rmse: 1234.439209 - r2: -1.759845 - mae: 932.937012 - 學習率: 0.000447 - 時間: 2.82秒
2025-04-16 12:52:14,000 - src.training.trainer - INFO - 監控指標改善，模型已保存至 outputs/hybrid_model\models\best_model.pt
2025-04-16 12:52:16,830 - src.training.trainer - INFO - 監控指標改善，模型已保存至 outputs/hybrid_model\models\best_model.pt
2025-04-16 12:52:19,652 - src.training.trainer - INFO - 輪次 35/300 - 訓練損失: 1.525921 - 驗證損失: 0.680547 - rmse: 1183.945923 - r2: -1.538686 - mae: 866.399963 - 學習率: 0.000440 - 時間: 2.82秒
2025-04-16 12:52:19,663 - src.training.trainer - INFO - 監控指標改善，模型已保存至 outputs/hybrid_model\models\best_model.pt
2025-04-16 12:52:22,307 - src.training.callbacks - INFO - 模型檢查點已保存至 outputs\hybrid_model\HybridPINNLSTMModel_20250416_125030\checkpoints\HybridPINNLSTMModel_epoch_036.pt
2025-04-16 12:52:22,319 - src.training.trainer - INFO - 監控指標改善，模型已保存至 outputs/hybrid_model\models\best_model.pt
2025-04-16 12:52:25,030 - src.training.trainer - INFO - 輪次 37/300 - 訓練損失: 1.134215 - 驗證損失: 0.764651 - rmse: 1203.848145 - r2: -1.624755 - mae: 929.261902 - 學習率: 0.000434 - 時間: 2.71秒
2025-04-16 12:52:25,037 - src.training.trainer - INFO - 監控指標改善，模型已保存至 outputs/hybrid_model\models\best_model.pt
2025-04-16 12:52:27,792 - src.training.trainer - INFO - 監控指標改善，模型已保存至 outputs/hybrid_model\models\best_model.pt
2025-04-16 12:52:30,561 - src.training.trainer - INFO - 輪次 39/300 - 訓練損失: 1.119043 - 驗證損失: 1.306339 - rmse: 1303.822021 - r2: -2.078804 - mae: 1060.118652 - 學習率: 0.000426 - 時間: 2.77秒
2025-04-16 12:52:30,567 - src.training.trainer - INFO - 監控指標改善，模型已保存至 outputs/hybrid_model\models\best_model.pt
2025-04-16 12:52:33,386 - src.training.trainer - INFO - 監控指標改善，模型已保存至 outputs/hybrid_model\models\best_model.pt
2025-04-16 12:52:36,273 - src.training.trainer - INFO - 輪次 41/300 - 訓練損失: 1.073642 - 驗證損失: 0.926365 - rmse: 1244.865967 - r2: -1.806665 - mae: 958.968567 - 學習率: 0.000419 - 時間: 2.89秒
2025-04-16 12:52:36,285 - src.training.callbacks - INFO - 模型檢查點已保存至 outputs\hybrid_model\HybridPINNLSTMModel_20250416_125030\checkpoints\HybridPINNLSTMModel_epoch_041.pt
2025-04-16 12:52:36,297 - src.training.trainer - INFO - 監控指標改善，模型已保存至 outputs/hybrid_model\models\best_model.pt
2025-04-16 12:52:38,990 - src.training.trainer - INFO - 監控指標改善，模型已保存至 outputs/hybrid_model\models\best_model.pt
2025-04-16 12:52:41,856 - src.training.trainer - INFO - 輪次 43/300 - 訓練損失: 1.006960 - 驗證損失: 0.714562 - rmse: 1202.785767 - r2: -1.620125 - mae: 916.278320 - 學習率: 0.000411 - 時間: 2.87秒
2025-04-16 12:52:41,863 - src.training.trainer - INFO - 監控指標改善，模型已保存至 outputs/hybrid_model\models\best_model.pt
2025-04-16 12:52:44,800 - src.training.trainer - INFO - 監控指標改善，模型已保存至 outputs/hybrid_model\models\best_model.pt
2025-04-16 12:52:47,579 - src.training.trainer - INFO - 輪次 45/300 - 訓練損失: 0.947367 - 驗證損失: 0.894553 - rmse: 1241.469604 - r2: -1.791371 - mae: 955.677917 - 學習率: 0.000403 - 時間: 2.78秒
2025-04-16 12:52:47,587 - src.training.trainer - INFO - 監控指標改善，模型已保存至 outputs/hybrid_model\models\best_model.pt
2025-04-16 12:52:50,353 - src.training.callbacks - INFO - 模型檢查點已保存至 outputs\hybrid_model\HybridPINNLSTMModel_20250416_125030\checkpoints\HybridPINNLSTMModel_epoch_046.pt
2025-04-16 12:52:50,362 - src.training.trainer - INFO - 監控指標改善，模型已保存至 outputs/hybrid_model\models\best_model.pt
2025-04-16 12:52:53,154 - src.training.trainer - INFO - 輪次 47/300 - 訓練損失: 0.896768 - 驗證損失: 1.006596 - rmse: 1271.413574 - r2: -1.927649 - mae: 1019.876648 - 學習率: 0.000395 - 時間: 2.79秒
2025-04-16 12:52:53,161 - src.training.trainer - INFO - 監控指標改善，模型已保存至 outputs/hybrid_model\models\best_model.pt
2025-04-16 12:52:55,909 - src.training.trainer - INFO - 監控指標改善，模型已保存至 outputs/hybrid_model\models\best_model.pt
2025-04-16 12:52:58,686 - src.training.trainer - INFO - 輪次 49/300 - 訓練損失: 0.889738 - 驗證損失: 1.122279 - rmse: 1278.291626 - r2: -1.959411 - mae: 1012.600037 - 學習率: 0.000386 - 時間: 2.78秒
2025-04-16 12:52:58,694 - src.training.trainer - INFO - 監控指標改善，模型已保存至 outputs/hybrid_model\models\best_model.pt
2025-04-16 12:53:02,117 - src.training.trainer - INFO - 監控指標改善，模型已保存至 outputs/hybrid_model\models\best_model.pt
2025-04-16 12:53:05,370 - src.training.trainer - INFO - 輪次 51/300 - 訓練損失: 0.902659 - 驗證損失: 1.009924 - rmse: 1275.690063 - r2: -1.947377 - mae: 1025.925903 - 學習率: 0.000377 - 時間: 3.25秒
2025-04-16 12:53:05,390 - src.training.callbacks - INFO - 模型檢查點已保存至 outputs\hybrid_model\HybridPINNLSTMModel_20250416_125030\checkpoints\HybridPINNLSTMModel_epoch_051.pt
2025-04-16 12:53:05,394 - src.training.trainer - INFO - min模式下監控指標改善
2025-04-16 12:53:05,403 - src.training.trainer - INFO - 監控指標改善，模型已保存至 outputs/hybrid_model\models\best_model.pt
2025-04-16 12:53:09,118 - src.training.trainer - INFO - min模式下監控指標改善, 從 1.009924 改善到 0.784082
2025-04-16 12:53:09,125 - src.training.trainer - INFO - 監控指標改善，模型已保存至 outputs/hybrid_model\models\best_model.pt
2025-04-16 12:53:12,147 - src.training.trainer - INFO - 輪次 53/300 - 訓練損失: 0.879350 - 驗證損失: 0.860070 - rmse: 1250.916870 - r2: -1.834016 - mae: 988.514160 - 學習率: 0.000369 - 時間: 3.02秒
2025-04-16 12:53:12,149 - src.training.trainer - INFO - 監控指標未改善，已連續 1 輪。最佳值: 0.784082, 當前值: 0.860070
2025-04-16 12:53:15,363 - src.training.trainer - INFO - 監控指標未改善，已連續 2 輪。最佳值: 0.784082, 當前值: 0.830185
2025-04-16 12:53:19,930 - src.training.trainer - INFO - 輪次 55/300 - 訓練損失: 0.816481 - 驗證損失: 0.894736 - rmse: 1260.504517 - r2: -1.877625 - mae: 1000.971497 - 學習率: 0.000359 - 時間: 4.57秒
2025-04-16 12:53:19,934 - src.training.trainer - INFO - 監控指標未改善，已連續 3 輪。最佳值: 0.784082, 當前值: 0.894736
2025-04-16 12:53:24,430 - src.training.callbacks - INFO - 模型檢查點已保存至 outputs\hybrid_model\HybridPINNLSTMModel_20250416_125030\checkpoints\HybridPINNLSTMModel_epoch_056.pt
2025-04-16 12:53:24,432 - src.training.trainer - INFO - 監控指標未改善，已連續 4 輪。最佳值: 0.784082, 當前值: 0.904963
2025-04-16 12:53:27,741 - src.training.trainer - INFO - 輪次 57/300 - 訓練損失: 0.868946 - 驗證損失: 1.031291 - rmse: 1277.650879 - r2: -1.956445 - mae: 1017.621094 - 學習率: 0.000350 - 時間: 3.31秒
2025-04-16 12:53:27,746 - src.training.trainer - INFO - 監控指標未改善，已連續 5 輪。最佳值: 0.784082, 當前值: 1.031291
2025-04-16 12:53:27,746 - src.training.trainer - INFO - 檢測到訓練停滯，嘗試重啟訓練...
2025-04-16 12:53:30,793 - src.training.trainer - INFO - 監控指標未改善，已連續 4 輪。最佳值: 0.784082, 當前值: 0.915602
2025-04-16 12:53:33,810 - src.training.trainer - INFO - 輪次 59/300 - 訓練損失: 0.805409 - 驗證損失: 1.015326 - rmse: 1279.349976 - r2: -1.964313 - mae: 1028.790039 - 學習率: 0.000340 - 時間: 3.02秒
2025-04-16 12:53:33,829 - src.training.trainer - INFO - 監控指標未改善，已連續 5 輪。最佳值: 0.784082, 當前值: 1.015326
2025-04-16 12:53:37,072 - src.training.trainer - INFO - 監控指標未改善，已連續 6 輪。最佳值: 0.784082, 當前值: 0.810908
2025-04-16 12:53:40,796 - src.training.trainer - INFO - 輪次 61/300 - 訓練損失: 0.778560 - 驗證損失: 0.881493 - rmse: 1252.006592 - r2: -1.838955 - mae: 976.124939 - 學習率: 0.000331 - 時間: 3.72秒
2025-04-16 12:53:40,810 - src.training.callbacks - INFO - 模型檢查點已保存至 outputs\hybrid_model\HybridPINNLSTMModel_20250416_125030\checkpoints\HybridPINNLSTMModel_epoch_061.pt
2025-04-16 12:53:40,812 - src.training.trainer - INFO - 監控指標未改善，已連續 7 輪。最佳值: 0.784082, 當前值: 0.881493
2025-04-16 12:53:44,559 - src.training.trainer - INFO - 監控指標未改善，已連續 8 輪。最佳值: 0.784082, 當前值: 0.971694
2025-04-16 12:53:44,559 - src.training.trainer - INFO - 檢測到訓練停滯，嘗試重啟訓練...
2025-04-16 12:53:48,191 - src.training.trainer - INFO - 輪次 63/300 - 訓練損失: 0.794413 - 驗證損失: 0.915021 - rmse: 1273.041626 - r2: -1.935152 - mae: 1016.532043 - 學習率: 0.000321 - 時間: 3.63秒
2025-04-16 12:53:48,195 - src.training.trainer - INFO - 監控指標未改善，已連續 7 輪。最佳值: 0.784082, 當前值: 0.915021
2025-04-16 12:53:52,616 - src.training.trainer - INFO - 監控指標未改善，已連續 8 輪。最佳值: 0.784082, 當前值: 1.052146
2025-04-16 12:53:57,156 - src.training.trainer - INFO - 輪次 65/300 - 訓練損失: 0.743840 - 驗證損失: 0.883003 - rmse: 1265.018311 - r2: -1.898271 - mae: 1006.161804 - 學習率: 0.000311 - 時間: 4.54秒
2025-04-16 12:53:57,160 - src.training.trainer - INFO - 監控指標未改善，已連續 9 輪。最佳值: 0.784082, 當前值: 0.883003
2025-04-16 12:54:01,056 - src.training.callbacks - INFO - 模型檢查點已保存至 outputs\hybrid_model\HybridPINNLSTMModel_20250416_125030\checkpoints\HybridPINNLSTMModel_epoch_066.pt
2025-04-16 12:54:01,060 - src.training.trainer - INFO - 監控指標未改善，已連續 10 輪。最佳值: 0.784082, 當前值: 0.812515
2025-04-16 12:54:04,484 - src.training.trainer - INFO - 輪次 67/300 - 訓練損失: 0.762414 - 驗證損失: 0.878376 - rmse: 1258.611572 - r2: -1.868988 - mae: 985.172363 - 學習率: 0.000301 - 時間: 3.42秒
2025-04-16 12:54:04,488 - src.training.trainer - INFO - 監控指標未改善，已連續 11 輪。最佳值: 0.784082, 當前值: 0.878376
2025-04-16 12:54:04,489 - src.training.trainer - INFO - 檢測到訓練停滯，嘗試重啟訓練...
2025-04-16 12:54:08,640 - src.training.trainer - INFO - 監控指標未改善，已連續 10 輪。最佳值: 0.784082, 當前值: 0.889717
2025-04-16 12:54:13,467 - src.training.trainer - INFO - 輪次 69/300 - 訓練損失: 0.802083 - 驗證損失: 0.788423 - rmse: 1243.538452 - r2: -1.800682 - mae: 973.719666 - 學習率: 0.000291 - 時間: 4.83秒
2025-04-16 12:54:13,471 - src.training.trainer - INFO - 監控指標未改善，已連續 11 輪。最佳值: 0.784082, 當前值: 0.788423
2025-04-16 12:54:18,893 - src.training.trainer - INFO - 監控指標未改善，已連續 12 輪。最佳值: 0.784082, 當前值: 0.948008
2025-04-16 12:54:23,046 - src.training.trainer - INFO - 輪次 71/300 - 訓練損失: 0.747924 - 驗證損失: 0.890809 - rmse: 1254.196655 - r2: -1.848896 - mae: 974.278503 - 學習率: 0.000281 - 時間: 4.15秒
2025-04-16 12:54:23,066 - src.training.callbacks - INFO - 模型檢查點已保存至 outputs\hybrid_model\HybridPINNLSTMModel_20250416_125030\checkpoints\HybridPINNLSTMModel_epoch_071.pt
2025-04-16 12:54:23,072 - src.training.trainer - INFO - 監控指標未改善，已連續 13 輪。最佳值: 0.784082, 當前值: 0.890809
2025-04-16 12:54:27,079 - src.training.trainer - INFO - 監控指標未改善，已連續 14 輪。最佳值: 0.784082, 當前值: 0.917748
2025-04-16 12:54:27,079 - src.training.trainer - INFO - 檢測到訓練停滯，嘗試重啟訓練...
2025-04-16 12:54:30,548 - src.training.trainer - INFO - 輪次 73/300 - 訓練損失: 0.770622 - 驗證損失: 0.870156 - rmse: 1263.728638 - r2: -1.892365 - mae: 1010.956299 - 學習率: 0.000270 - 時間: 3.47秒
2025-04-16 12:54:30,552 - src.training.trainer - INFO - 監控指標未改善，已連續 13 輪。最佳值: 0.784082, 當前值: 0.870156
2025-04-16 12:54:35,233 - src.training.trainer - INFO - 監控指標未改善，已連續 14 輪。最佳值: 0.784082, 當前值: 0.949396
2025-04-16 12:54:39,708 - src.training.trainer - INFO - 輪次 75/300 - 訓練損失: 0.713849 - 驗證損失: 0.911460 - rmse: 1266.522583 - r2: -1.905168 - mae: 1006.566345 - 學習率: 0.000260 - 時間: 4.47秒
2025-04-16 12:54:39,712 - src.training.trainer - INFO - 監控指標未改善，已連續 15 輪。最佳值: 0.784082, 當前值: 0.911460
2025-04-16 12:54:47,385 - src.training.callbacks - INFO - 模型檢查點已保存至 outputs\hybrid_model\HybridPINNLSTMModel_20250416_125030\checkpoints\HybridPINNLSTMModel_epoch_076.pt
2025-04-16 12:54:47,390 - src.training.trainer - INFO - 監控指標未改善，已連續 16 輪。最佳值: 0.784082, 當前值: 0.875647
2025-04-16 12:54:51,121 - src.training.trainer - INFO - 輪次 77/300 - 訓練損失: 0.734251 - 驗證損失: 0.898260 - rmse: 1267.203369 - r2: -1.908292 - mae: 1007.270813 - 學習率: 0.000250 - 時間: 3.73秒
2025-04-16 12:54:51,124 - src.training.trainer - INFO - 監控指標未改善，已連續 17 輪。最佳值: 0.784082, 當前值: 0.898260
2025-04-16 12:54:51,126 - src.training.trainer - INFO - 檢測到訓練停滯，嘗試重啟訓練...
2025-04-16 12:54:55,724 - src.training.trainer - INFO - 監控指標未改善，已連續 16 輪。最佳值: 0.784082, 當前值: 0.896999
2025-04-16 12:54:59,452 - src.training.trainer - INFO - 輪次 79/300 - 訓練損失: 0.762805 - 驗證損失: 0.876408 - rmse: 1264.002930 - r2: -1.893620 - mae: 1003.130310 - 學習率: 0.000240 - 時間: 3.73秒
2025-04-16 12:54:59,456 - src.training.trainer - INFO - 監控指標未改善，已連續 17 輪。最佳值: 0.784082, 當前值: 0.876408
2025-04-16 12:55:02,659 - src.training.trainer - INFO - 監控指標未改善，已連續 18 輪。最佳值: 0.784082, 當前值: 0.862404
2025-04-16 12:55:05,837 - src.training.trainer - INFO - 輪次 81/300 - 訓練損失: 0.734745 - 驗證損失: 0.968091 - rmse: 1283.218872 - r2: -1.982269 - mae: 1036.864258 - 學習率: 0.000229 - 時間: 3.18秒
2025-04-16 12:55:05,855 - src.training.callbacks - INFO - 模型檢查點已保存至 outputs\hybrid_model\HybridPINNLSTMModel_20250416_125030\checkpoints\HybridPINNLSTMModel_epoch_081.pt
2025-04-16 12:55:05,858 - src.training.trainer - INFO - 監控指標未改善，已連續 19 輪。最佳值: 0.784082, 當前值: 0.968091
2025-04-16 12:55:08,841 - src.training.trainer - INFO - 監控指標未改善，已連續 20 輪。最佳值: 0.784082, 當前值: 0.869630
2025-04-16 12:55:08,841 - src.training.trainer - INFO - 檢測到訓練停滯，嘗試重啟訓練...
2025-04-16 12:55:11,693 - src.training.trainer - INFO - 輪次 83/300 - 訓練損失: 0.678683 - 驗證損失: 0.886134 - rmse: 1263.618286 - r2: -1.891859 - mae: 1003.398132 - 學習率: 0.000219 - 時間: 2.85秒
2025-04-16 12:55:11,697 - src.training.trainer - INFO - 監控指標未改善，已連續 19 輪。最佳值: 0.784082, 當前值: 0.886134
2025-04-16 12:55:14,513 - src.training.trainer - INFO - 監控指標未改善，已連續 20 輪。最佳值: 0.784082, 當前值: 0.840232
2025-04-16 12:55:17,220 - src.training.trainer - INFO - 輪次 85/300 - 訓練損失: 0.706721 - 驗證損失: 0.871108 - rmse: 1268.716675 - r2: -1.915242 - mae: 1017.006348 - 學習率: 0.000209 - 時間: 2.71秒
2025-04-16 12:55:17,224 - src.training.trainer - INFO - 監控指標未改善，已連續 21 輪。最佳值: 0.784082, 當前值: 0.871108
2025-04-16 12:55:19,921 - src.training.callbacks - INFO - 模型檢查點已保存至 outputs\hybrid_model\HybridPINNLSTMModel_20250416_125030\checkpoints\HybridPINNLSTMModel_epoch_086.pt
2025-04-16 12:55:19,925 - src.training.trainer - INFO - 監控指標未改善，已連續 22 輪。最佳值: 0.784082, 當前值: 0.862156
2025-04-16 12:55:22,733 - src.training.trainer - INFO - 輪次 87/300 - 訓練損失: 0.696328 - 驗證損失: 0.843061 - rmse: 1258.187622 - r2: -1.867056 - mae: 994.259216 - 學習率: 0.000199 - 時間: 2.81秒
2025-04-16 12:55:22,737 - src.training.trainer - INFO - 監控指標未改善，已連續 23 輪。最佳值: 0.784082, 當前值: 0.843061
2025-04-16 12:55:22,737 - src.training.trainer - INFO - 檢測到訓練停滯，嘗試重啟訓練...
2025-04-16 12:55:25,428 - src.training.trainer - INFO - 監控指標未改善，已連續 22 輪。最佳值: 0.784082, 當前值: 0.871898
2025-04-16 12:55:28,171 - src.training.trainer - INFO - 輪次 89/300 - 訓練損失: 0.699125 - 驗證損失: 0.882637 - rmse: 1275.570923 - r2: -1.946826 - mae: 1028.286255 - 學習率: 0.000189 - 時間: 2.74秒
2025-04-16 12:55:28,175 - src.training.trainer - INFO - 監控指標未改善，已連續 23 輪。最佳值: 0.784082, 當前值: 0.882637
2025-04-16 12:55:30,780 - src.training.trainer - INFO - 監控指標未改善，已連續 24 輪。最佳值: 0.784082, 當前值: 0.892140
2025-04-16 12:55:33,447 - src.training.trainer - INFO - 輪次 91/300 - 訓練損失: 0.668041 - 驗證損失: 0.926537 - rmse: 1279.031128 - r2: -1.962836 - mae: 1028.668945 - 學習率: 0.000179 - 時間: 2.66秒
2025-04-16 12:55:33,459 - src.training.callbacks - INFO - 模型檢查點已保存至 outputs\hybrid_model\HybridPINNLSTMModel_20250416_125030\checkpoints\HybridPINNLSTMModel_epoch_091.pt
2025-04-16 12:55:33,461 - src.training.trainer - INFO - 監控指標未改善，已連續 25 輪。最佳值: 0.784082, 當前值: 0.926537
2025-04-16 12:55:36,157 - src.training.trainer - INFO - 監控指標未改善，已連續 26 輪。最佳值: 0.784082, 當前值: 0.874181
2025-04-16 12:55:36,157 - src.training.trainer - INFO - 檢測到訓練停滯，嘗試重啟訓練...
2025-04-16 12:55:38,966 - src.training.trainer - INFO - 輪次 93/300 - 訓練損失: 0.688916 - 驗證損失: 0.774553 - rmse: 1248.487183 - r2: -1.823017 - mae: 976.326965 - 學習率: 0.000170 - 時間: 2.81秒
2025-04-16 12:55:38,970 - src.training.trainer - INFO - min模式下監控指標改善, 從 0.784082 改善到 0.774553
2025-04-16 12:55:38,976 - src.training.trainer - INFO - 監控指標改善，模型已保存至 outputs/hybrid_model\models\best_model.pt
2025-04-16 12:55:41,755 - src.training.trainer - INFO - 監控指標未改善，已連續 1 輪。最佳值: 0.774553, 當前值: 0.838565
2025-04-16 12:55:44,505 - src.training.trainer - INFO - 輪次 95/300 - 訓練損失: 0.702251 - 驗證損失: 0.764874 - rmse: 1247.935059 - r2: -1.820521 - mae: 982.119385 - 學習率: 0.000160 - 時間: 2.75秒
2025-04-16 12:55:44,511 - src.training.trainer - INFO - min模式下監控指標改善, 從 0.774553 改善到 0.764874
2025-04-16 12:55:44,519 - src.training.trainer - INFO - 監控指標改善，模型已保存至 outputs/hybrid_model\models\best_model.pt
2025-04-16 12:55:47,331 - src.training.callbacks - INFO - 模型檢查點已保存至 outputs\hybrid_model\HybridPINNLSTMModel_20250416_125030\checkpoints\HybridPINNLSTMModel_epoch_096.pt
2025-04-16 12:55:47,333 - src.training.trainer - INFO - 監控指標未改善，已連續 1 輪。最佳值: 0.764874, 當前值: 0.940466
2025-04-16 12:55:50,157 - src.training.trainer - INFO - 輪次 97/300 - 訓練損失: 0.693123 - 驗證損失: 0.907649 - rmse: 1266.577881 - r2: -1.905421 - mae: 1005.906982 - 學習率: 0.000151 - 時間: 2.82秒
2025-04-16 12:55:50,161 - src.training.trainer - INFO - 監控指標未改善，已連續 2 輪。最佳值: 0.764874, 當前值: 0.907649
2025-04-16 12:55:52,855 - src.training.trainer - INFO - 監控指標未改善，已連續 3 輪。最佳值: 0.764874, 當前值: 0.901563
2025-04-16 12:55:55,532 - src.training.trainer - INFO - 輪次 99/300 - 訓練損失: 0.707229 - 驗證損失: 0.811454 - rmse: 1259.112427 - r2: -1.871272 - mae: 1000.846741 - 學習率: 0.000141 - 時間: 2.68秒
2025-04-16 12:55:55,536 - src.training.trainer - INFO - 監控指標未改善，已連續 4 輪。最佳值: 0.764874, 當前值: 0.811454
2025-04-16 12:55:58,331 - src.training.trainer - INFO - 監控指標未改善，已連續 5 輪。最佳值: 0.764874, 當前值: 0.795054
2025-04-16 12:55:58,331 - src.training.trainer - INFO - 檢測到訓練停滯，嘗試重啟訓練...
2025-04-16 12:56:00,866 - src.training.trainer - INFO - 輪次 101/300 - 訓練損失: 0.665184 - 驗證損失: 0.854334 - rmse: 1264.680420 - r2: -1.896723 - mae: 1004.208923 - 學習率: 0.000132 - 時間: 2.54秒
2025-04-16 12:56:00,878 - src.training.callbacks - INFO - 模型檢查點已保存至 outputs\hybrid_model\HybridPINNLSTMModel_20250416_125030\checkpoints\HybridPINNLSTMModel_epoch_101.pt
2025-04-16 12:56:00,884 - src.training.trainer - INFO - 監控指標未改善，已連續 4 輪。最佳值: 0.764874, 當前值: 0.854334
2025-04-16 12:56:03,772 - src.training.trainer - INFO - 監控指標未改善，已連續 5 輪。最佳值: 0.764874, 當前值: 0.921626
2025-04-16 12:56:06,447 - src.training.trainer - INFO - 輪次 103/300 - 訓練損失: 0.669599 - 驗證損失: 0.835148 - rmse: 1255.433960 - r2: -1.854520 - mae: 987.425964 - 學習率: 0.000124 - 時間: 2.67秒
2025-04-16 12:56:06,451 - src.training.trainer - INFO - 監控指標未改善，已連續 6 輪。最佳值: 0.764874, 當前值: 0.835148
2025-04-16 12:56:09,184 - src.training.trainer - INFO - 監控指標未改善，已連續 7 輪。最佳值: 0.764874, 當前值: 0.845264
2025-04-16 12:56:11,793 - src.training.trainer - INFO - 輪次 105/300 - 訓練損失: 0.694915 - 驗證損失: 0.863510 - rmse: 1266.627563 - r2: -1.905649 - mae: 1003.486389 - 學習率: 0.000115 - 時間: 2.61秒
2025-04-16 12:56:11,797 - src.training.trainer - INFO - 監控指標未改善，已連續 8 輪。最佳值: 0.764874, 當前值: 0.863510
2025-04-16 12:56:11,797 - src.training.trainer - INFO - 檢測到訓練停滯，嘗試重啟訓練...
2025-04-16 12:56:14,635 - src.training.callbacks - INFO - 模型檢查點已保存至 outputs\hybrid_model\HybridPINNLSTMModel_20250416_125030\checkpoints\HybridPINNLSTMModel_epoch_106.pt
2025-04-16 12:56:14,639 - src.training.trainer - INFO - 監控指標未改善，已連續 7 輪。最佳值: 0.764874, 當前值: 0.838768
2025-04-16 12:56:17,316 - src.training.trainer - INFO - 輪次 107/300 - 訓練損失: 0.697226 - 驗證損失: 0.870053 - rmse: 1268.747437 - r2: -1.915384 - mae: 1007.206726 - 學習率: 0.000107 - 時間: 2.68秒
2025-04-16 12:56:17,318 - src.training.trainer - INFO - 監控指標未改善，已連續 8 輪。最佳值: 0.764874, 當前值: 0.870053
2025-04-16 12:56:19,891 - src.training.trainer - INFO - 監控指標未改善，已連續 9 輪。最佳值: 0.764874, 當前值: 0.959007
2025-04-16 12:56:22,572 - src.training.trainer - INFO - 輪次 109/300 - 訓練損失: 0.666032 - 驗證損失: 0.865575 - rmse: 1269.786743 - r2: -1.920162 - mae: 1012.245544 - 學習率: 0.000099 - 時間: 2.68秒
2025-04-16 12:56:22,576 - src.training.trainer - INFO - 監控指標未改善，已連續 10 輪。最佳值: 0.764874, 當前值: 0.865575
2025-04-16 12:56:25,376 - src.training.trainer - INFO - 監控指標未改善，已連續 11 輪。最佳值: 0.764874, 當前值: 0.848112
2025-04-16 12:56:25,376 - src.training.trainer - INFO - 檢測到訓練停滯，嘗試重啟訓練...
2025-04-16 12:56:28,129 - src.training.trainer - INFO - 輪次 111/300 - 訓練損失: 0.650409 - 驗證損失: 0.848583 - rmse: 1267.720947 - r2: -1.910668 - mae: 1012.485596 - 學習率: 0.000091 - 時間: 2.75秒
2025-04-16 12:56:28,141 - src.training.callbacks - INFO - 模型檢查點已保存至 outputs\hybrid_model\HybridPINNLSTMModel_20250416_125030\checkpoints\HybridPINNLSTMModel_epoch_111.pt
2025-04-16 12:56:28,145 - src.training.trainer - INFO - 監控指標未改善，已連續 10 輪。最佳值: 0.764874, 當前值: 0.848583
2025-04-16 12:56:30,959 - src.training.trainer - INFO - 監控指標未改善，已連續 11 輪。最佳值: 0.764874, 當前值: 0.867242
2025-04-16 12:56:33,638 - src.training.trainer - INFO - 輪次 113/300 - 訓練損失: 0.666322 - 驗證損失: 0.875617 - rmse: 1271.220093 - r2: -1.926758 - mae: 1012.785095 - 學習率: 0.000084 - 時間: 2.68秒
2025-04-16 12:56:33,642 - src.training.trainer - INFO - 監控指標未改善，已連續 12 輪。最佳值: 0.764874, 當前值: 0.875617
2025-04-16 12:56:36,372 - src.training.trainer - INFO - 監控指標未改善，已連續 13 輪。最佳值: 0.764874, 當前值: 0.838810
2025-04-16 12:56:38,959 - src.training.trainer - INFO - 輪次 115/300 - 訓練損失: 0.663718 - 驗證損失: 0.842522 - rmse: 1268.350708 - r2: -1.913560 - mae: 1007.072693 - 學習率: 0.000076 - 時間: 2.59秒
2025-04-16 12:56:38,963 - src.training.trainer - INFO - 監控指標未改善，已連續 14 輪。最佳值: 0.764874, 當前值: 0.842522
2025-04-16 12:56:38,963 - src.training.trainer - INFO - 檢測到訓練停滯，嘗試重啟訓練...
2025-04-16 12:56:41,733 - src.training.callbacks - INFO - 模型檢查點已保存至 outputs\hybrid_model\HybridPINNLSTMModel_20250416_125030\checkpoints\HybridPINNLSTMModel_epoch_116.pt
2025-04-16 12:56:41,737 - src.training.trainer - INFO - 監控指標未改善，已連續 13 輪。最佳值: 0.764874, 當前值: 0.876271
2025-04-16 12:56:44,348 - src.training.trainer - INFO - 輪次 117/300 - 訓練損失: 0.656636 - 驗證損失: 0.846029 - rmse: 1269.783081 - r2: -1.920145 - mae: 1012.819397 - 學習率: 0.000070 - 時間: 2.61秒
2025-04-16 12:56:44,354 - src.training.trainer - INFO - 監控指標未改善，已連續 14 輪。最佳值: 0.764874, 當前值: 0.846029
2025-04-16 12:56:47,041 - src.training.trainer - INFO - 監控指標未改善，已連續 15 輪。最佳值: 0.764874, 當前值: 0.824763
2025-04-16 12:56:49,706 - src.training.trainer - INFO - 輪次 119/300 - 訓練損失: 0.662423 - 驗證損失: 0.828808 - rmse: 1261.566528 - r2: -1.882476 - mae: 997.653503 - 學習率: 0.000063 - 時間: 2.66秒
2025-04-16 12:56:49,710 - src.training.trainer - INFO - 監控指標未改善，已連續 16 輪。最佳值: 0.764874, 當前值: 0.828808
2025-04-16 12:56:52,490 - src.training.trainer - INFO - 監控指標未改善，已連續 17 輪。最佳值: 0.764874, 當前值: 0.814005
2025-04-16 12:56:52,492 - src.training.trainer - INFO - 檢測到訓練停滯，嘗試重啟訓練...
2025-04-16 12:56:55,089 - src.training.trainer - INFO - 輪次 121/300 - 訓練損失: 0.648754 - 驗證損失: 0.846714 - rmse: 1266.490845 - r2: -1.905022 - mae: 1004.659485 - 學習率: 0.000057 - 時間: 2.60秒
2025-04-16 12:56:55,109 - src.training.callbacks - INFO - 模型檢查點已保存至 outputs\hybrid_model\HybridPINNLSTMModel_20250416_125030\checkpoints\HybridPINNLSTMModel_epoch_121.pt
2025-04-16 12:56:55,113 - src.training.trainer - INFO - 監控指標未改善，已連續 16 輪。最佳值: 0.764874, 當前值: 0.846714
2025-04-16 12:56:57,863 - src.training.trainer - INFO - 監控指標未改善，已連續 17 輪。最佳值: 0.764874, 當前值: 0.868885
2025-04-16 12:57:00,634 - src.training.trainer - INFO - 輪次 123/300 - 訓練損失: 0.658567 - 驗證損失: 0.861150 - rmse: 1270.881836 - r2: -1.925201 - mae: 1014.704102 - 學習率: 0.000051 - 時間: 2.77秒
2025-04-16 12:57:00,636 - src.training.trainer - INFO - 監控指標未改善，已連續 18 輪。最佳值: 0.764874, 當前值: 0.861150
2025-04-16 12:57:03,303 - src.training.trainer - INFO - 監控指標未改善，已連續 19 輪。最佳值: 0.764874, 當前值: 0.814095
2025-04-16 12:57:05,802 - src.training.trainer - INFO - 輪次 125/300 - 訓練損失: 0.668865 - 驗證損失: 0.877005 - rmse: 1273.979248 - r2: -1.939477 - mae: 1016.984070 - 學習率: 0.000045 - 時間: 2.50秒
2025-04-16 12:57:05,804 - src.training.trainer - INFO - 監控指標未改善，已連續 20 輪。最佳值: 0.764874, 當前值: 0.877005
2025-04-16 12:57:05,804 - src.training.trainer - INFO - 檢測到訓練停滯，嘗試重啟訓練...
2025-04-16 12:57:08,505 - src.training.callbacks - INFO - 模型檢查點已保存至 outputs\hybrid_model\HybridPINNLSTMModel_20250416_125030\checkpoints\HybridPINNLSTMModel_epoch_126.pt
2025-04-16 12:57:08,507 - src.training.trainer - INFO - 監控指標未改善，已連續 19 輪。最佳值: 0.764874, 當前值: 0.866028
2025-04-16 12:57:11,180 - src.training.trainer - INFO - 輪次 127/300 - 訓練損失: 0.639142 - 驗證損失: 0.832969 - rmse: 1264.112793 - r2: -1.894123 - mae: 1002.764404 - 學習率: 0.000040 - 時間: 2.67秒
2025-04-16 12:57:11,186 - src.training.trainer - INFO - 監控指標未改善，已連續 20 輪。最佳值: 0.764874, 當前值: 0.832969
2025-04-16 12:57:13,928 - src.training.trainer - INFO - 監控指標未改善，已連續 21 輪。最佳值: 0.764874, 當前值: 0.849415
2025-04-16 12:57:16,615 - src.training.trainer - INFO - 輪次 129/300 - 訓練損失: 0.645693 - 驗證損失: 0.849337 - rmse: 1268.483154 - r2: -1.914169 - mae: 1010.201843 - 學習率: 0.000036 - 時間: 2.69秒
2025-04-16 12:57:16,621 - src.training.trainer - INFO - 監控指標未改善，已連續 22 輪。最佳值: 0.764874, 當前值: 0.849337
2025-04-16 12:57:19,267 - src.training.trainer - INFO - 監控指標未改善，已連續 23 輪。最佳值: 0.764874, 當前值: 0.799770
2025-04-16 12:57:19,267 - src.training.trainer - INFO - 檢測到訓練停滯，嘗試重啟訓練...
2025-04-16 12:57:21,812 - src.training.trainer - INFO - 輪次 131/300 - 訓練損失: 0.648349 - 驗證損失: 0.849019 - rmse: 1268.339478 - r2: -1.913509 - mae: 1011.217590 - 學習率: 0.000031 - 時間: 2.54秒
2025-04-16 12:57:21,832 - src.training.callbacks - INFO - 模型檢查點已保存至 outputs\hybrid_model\HybridPINNLSTMModel_20250416_125030\checkpoints\HybridPINNLSTMModel_epoch_131.pt
2025-04-16 12:57:21,836 - src.training.trainer - INFO - 監控指標未改善，已連續 22 輪。最佳值: 0.764874, 當前值: 0.849019
2025-04-16 12:57:24,527 - src.training.trainer - INFO - 監控指標未改善，已連續 23 輪。最佳值: 0.764874, 當前值: 0.802135
2025-04-16 12:57:27,152 - src.training.trainer - INFO - 輪次 133/300 - 訓練損失: 0.655722 - 驗證損失: 0.853096 - rmse: 1270.356689 - r2: -1.922784 - mae: 1012.853760 - 學習率: 0.000027 - 時間: 2.62秒
2025-04-16 12:57:27,158 - src.training.trainer - INFO - 監控指標未改善，已連續 24 輪。最佳值: 0.764874, 當前值: 0.853096
2025-04-16 12:57:30,010 - src.training.trainer - INFO - 監控指標未改善，已連續 25 輪。最佳值: 0.764874, 當前值: 0.790136
2025-04-16 12:57:32,820 - src.training.trainer - INFO - 輪次 135/300 - 訓練損失: 0.664367 - 驗證損失: 0.830631 - rmse: 1265.907227 - r2: -1.902346 - mae: 1007.567810 - 學習率: 0.000024 - 時間: 2.81秒
2025-04-16 12:57:32,824 - src.training.trainer - INFO - 監控指標未改善，已連續 26 輪。最佳值: 0.764874, 當前值: 0.830631
2025-04-16 12:57:32,824 - src.training.trainer - INFO - 檢測到訓練停滯，嘗試重啟訓練...
2025-04-16 12:57:35,704 - src.training.callbacks - INFO - 模型檢查點已保存至 outputs\hybrid_model\HybridPINNLSTMModel_20250416_125030\checkpoints\HybridPINNLSTMModel_epoch_136.pt
2025-04-16 12:57:35,710 - src.training.trainer - INFO - 監控指標未改善，已連續 25 輪。最佳值: 0.764874, 當前值: 0.837544
2025-04-16 12:57:38,337 - src.training.trainer - INFO - 輪次 137/300 - 訓練損失: 0.635743 - 驗證損失: 0.813239 - rmse: 1260.060303 - r2: -1.875597 - mae: 992.866882 - 學習率: 0.000020 - 時間: 2.63秒
2025-04-16 12:57:38,341 - src.training.trainer - INFO - 監控指標未改善，已連續 26 輪。最佳值: 0.764874, 當前值: 0.813239
2025-04-16 12:57:41,059 - src.training.trainer - INFO - 監控指標未改善，已連續 27 輪。最佳值: 0.764874, 當前值: 0.883536
2025-04-16 12:57:43,861 - src.training.trainer - INFO - 輪次 139/300 - 訓練損失: 0.638025 - 驗證損失: 0.821427 - rmse: 1262.471924 - r2: -1.886615 - mae: 1000.384033 - 學習率: 0.000018 - 時間: 2.80秒
2025-04-16 12:57:43,867 - src.training.trainer - INFO - 監控指標未改善，已連續 28 輪。最佳值: 0.764874, 當前值: 0.821427
2025-04-16 12:57:46,710 - src.training.trainer - INFO - 監控指標未改善，已連續 29 輪。最佳值: 0.764874, 當前值: 0.814022
2025-04-16 12:57:46,712 - src.training.trainer - INFO - 檢測到訓練停滯，嘗試重啟訓練...
2025-04-16 12:57:49,311 - src.training.trainer - INFO - 輪次 141/300 - 訓練損失: 0.632189 - 驗證損失: 0.818931 - rmse: 1262.871338 - r2: -1.888442 - mae: 1000.791443 - 學習率: 0.000015 - 時間: 2.60秒
2025-04-16 12:57:49,327 - src.training.callbacks - INFO - 模型檢查點已保存至 outputs\hybrid_model\HybridPINNLSTMModel_20250416_125030\checkpoints\HybridPINNLSTMModel_epoch_141.pt
2025-04-16 12:57:49,333 - src.training.trainer - INFO - 監控指標未改善，已連續 28 輪。最佳值: 0.764874, 當前值: 0.818931
2025-04-16 12:57:52,396 - src.training.trainer - INFO - 監控指標未改善，已連續 29 輪。最佳值: 0.764874, 當前值: 0.879324
2025-04-16 12:57:55,528 - src.training.trainer - INFO - 輪次 143/300 - 訓練損失: 0.651237 - 驗證損失: 0.824294 - rmse: 1263.642822 - r2: -1.891972 - mae: 1004.036804 - 學習率: 0.000013 - 時間: 3.13秒
2025-04-16 12:57:55,534 - src.training.trainer - INFO - 監控指標未改善，已連續 30 輪。最佳值: 0.764874, 當前值: 0.824294
2025-04-16 12:57:58,432 - src.training.trainer - INFO - 監控指標未改善，已連續 31 輪。最佳值: 0.764874, 當前值: 0.862065
2025-04-16 12:58:01,289 - src.training.trainer - INFO - 輪次 145/300 - 訓練損失: 0.625451 - 驗證損失: 0.840824 - rmse: 1266.568237 - r2: -1.905377 - mae: 1004.436340 - 學習率: 0.000012 - 時間: 2.86秒
2025-04-16 12:58:01,297 - src.training.trainer - INFO - 監控指標未改善，已連續 32 輪。最佳值: 0.764874, 當前值: 0.840824
2025-04-16 12:58:01,297 - src.training.trainer - INFO - 檢測到訓練停滯，嘗試重啟訓練...
2025-04-16 12:58:04,115 - src.training.callbacks - INFO - 模型檢查點已保存至 outputs\hybrid_model\HybridPINNLSTMModel_20250416_125030\checkpoints\HybridPINNLSTMModel_epoch_146.pt
2025-04-16 12:58:04,121 - src.training.trainer - INFO - 監控指標未改善，已連續 31 輪。最佳值: 0.764874, 當前值: 0.840600
2025-04-16 12:58:07,011 - src.training.trainer - INFO - 輪次 147/300 - 訓練損失: 0.637638 - 驗證損失: 0.837344 - rmse: 1265.617065 - r2: -1.901015 - mae: 1005.998718 - 學習率: 0.000011 - 時間: 2.89秒
2025-04-16 12:58:07,015 - src.training.trainer - INFO - 監控指標未改善，已連續 32 輪。最佳值: 0.764874, 當前值: 0.837344
2025-04-16 12:58:10,313 - src.training.trainer - INFO - 監控指標未改善，已連續 33 輪。最佳值: 0.764874, 當前值: 0.830805
2025-04-16 12:58:14,320 - src.training.trainer - INFO - 輪次 149/300 - 訓練損失: 0.632575 - 驗證損失: 0.876565 - rmse: 1273.905151 - r2: -1.939135 - mae: 1015.711731 - 學習率: 0.000010 - 時間: 4.01秒
2025-04-16 12:58:14,324 - src.training.trainer - INFO - 監控指標未改善，已連續 34 輪。最佳值: 0.764874, 當前值: 0.876565
2025-04-16 12:58:17,305 - src.training.trainer - INFO - 監控指標未改善，已連續 35 輪。最佳值: 0.764874, 當前值: 0.831744
2025-04-16 12:58:17,305 - src.training.trainer - INFO - 檢測到訓練停滯，嘗試重啟訓練...
2025-04-16 12:58:20,090 - src.training.trainer - INFO - 輪次 151/300 - 訓練損失: 0.681699 - 驗證損失: 0.799243 - rmse: 1256.942871 - r2: -1.861386 - mae: 992.929443 - 學習率: 0.000010 - 時間: 2.78秒
2025-04-16 12:58:20,102 - src.training.callbacks - INFO - 模型檢查點已保存至 outputs\hybrid_model\HybridPINNLSTMModel_20250416_125030\checkpoints\HybridPINNLSTMModel_epoch_151.pt
2025-04-16 12:58:20,108 - src.training.trainer - INFO - 監控指標未改善，已連續 34 輪。最佳值: 0.764874, 當前值: 0.799243
2025-04-16 12:58:22,918 - src.training.trainer - INFO - 監控指標未改善，已連續 35 輪。最佳值: 0.764874, 當前值: 0.842487
2025-04-16 12:58:25,597 - src.training.trainer - INFO - 輪次 153/300 - 訓練損失: 0.666865 - 驗證損失: 0.858038 - rmse: 1268.831177 - r2: -1.915768 - mae: 1009.161438 - 學習率: 0.000010 - 時間: 2.68秒
2025-04-16 12:58:25,601 - src.training.trainer - INFO - 監控指標未改善，已連續 36 輪。最佳值: 0.764874, 當前值: 0.858038
2025-04-16 12:58:28,368 - src.training.trainer - INFO - 監控指標未改善，已連續 37 輪。最佳值: 0.764874, 當前值: 0.863881
2025-04-16 12:58:31,006 - src.training.trainer - INFO - 輪次 155/300 - 訓練損失: 0.623973 - 驗證損失: 0.827337 - rmse: 1264.176514 - r2: -1.894415 - mae: 1002.839905 - 學習率: 0.000011 - 時間: 2.64秒
2025-04-16 12:58:31,012 - src.training.trainer - INFO - 監控指標未改善，已連續 38 輪。最佳值: 0.764874, 當前值: 0.827337
2025-04-16 12:58:31,012 - src.training.trainer - INFO - 檢測到訓練停滯，嘗試重啟訓練...
2025-04-16 12:58:33,705 - src.training.callbacks - INFO - 模型檢查點已保存至 outputs\hybrid_model\HybridPINNLSTMModel_20250416_125030\checkpoints\HybridPINNLSTMModel_epoch_156.pt
2025-04-16 12:58:33,709 - src.training.trainer - INFO - 監控指標未改善，已連續 37 輪。最佳值: 0.764874, 當前值: 0.808452
2025-04-16 12:58:36,318 - src.training.trainer - INFO - 輪次 157/300 - 訓練損失: 0.647648 - 驗證損失: 0.864162 - rmse: 1269.079590 - r2: -1.916910 - mae: 1008.772522 - 學習率: 0.000012 - 時間: 2.61秒
2025-04-16 12:58:36,322 - src.training.trainer - INFO - 監控指標未改善，已連續 38 輪。最佳值: 0.764874, 當前值: 0.864162
2025-04-16 12:58:39,083 - src.training.trainer - INFO - 監控指標未改善，已連續 39 輪。最佳值: 0.764874, 當前值: 0.871730
2025-04-16 12:58:41,931 - src.training.trainer - INFO - 輪次 159/300 - 訓練損失: 0.659254 - 驗證損失: 0.818379 - rmse: 1262.135254 - r2: -1.885075 - mae: 998.463440 - 學習率: 0.000013 - 時間: 2.85秒
2025-04-16 12:58:41,935 - src.training.trainer - INFO - 監控指標未改善，已連續 40 輪。最佳值: 0.764874, 當前值: 0.818379
2025-04-16 12:58:41,935 - src.training.trainer - INFO - 早停觸發！40 輪未改善
2025-04-16 12:58:41,935 - src.training.trainer - INFO - 早停觸發，在輪次 159 停止訓練
2025-04-16 12:58:41,935 - src.training.trainer - INFO - 訓練完成，總時間: 490.96秒
2025-04-16 12:58:41,955 - __main__ - INFO - 訓練完成，最終模型已保存至: outputs/hybrid_model\models\final_model.pt
2025-04-16 12:58:41,963 - __main__ - WARNING - 合併輸出 l2_penalty 時出錯: zero-dimensional arrays cannot be concatenated
2025-04-16 12:58:41,967 - src.utils.metrics - INFO - Model: HybridPINNLSTMModel
RMSE: 1926.8083
R2: -5.4792
MAE: 1782.6827
MAPE: 93.17%
Relative Error (Mean): 93.17%
Relative Error (Median): 93.82%
Relative Error (90th percentile): 95.06%
Log RMSE: 1.1834
2025-04-16 12:58:41,973 - __main__ - INFO - 評估指標已保存至: outputs/hybrid_model\evaluation\metrics.csv
2025-04-16 12:58:41,973 - __main__ - INFO - 生成視覺化結果...
2025-04-16 12:58:43,001 - src.utils.visualization - INFO - 圖像已保存至: outputs/hybrid_model\evaluation\visualizations\prediction_vs_true.png
2025-04-16 12:58:43,695 - src.utils.visualization - INFO - 圖像已保存至: outputs/hybrid_model\evaluation\visualizations\delta_w_prediction.png
2025-04-16 12:58:44,474 - src.utils.visualization - INFO - 圖像已保存至: outputs/hybrid_model\evaluation\visualizations\physical_constraint.png
2025-04-16 12:58:44,484 - __main__ - INFO - 評估完成，結果已保存至: outputs/hybrid_model\evaluation
2025-04-16 12:58:44,484 - __main__ - INFO - 任務完成
