2025-04-16 13:04:18,269 - __main__ - INFO - 成功載入配置文件: configs/model_config.yaml
2025-04-16 13:04:18,307 - __main__ - INFO - 成功載入配置文件: configs/train_config.yaml
2025-04-16 13:04:18,309 - __main__ - INFO - 已設定隨機種子: 42
2025-04-16 13:04:18,311 - __main__ - INFO - 使用計算設備: cpu
2025-04-16 13:04:18,311 - __main__ - INFO - 輸出目錄: outputs/hybrid_model
2025-04-16 13:04:18,313 - __main__ - INFO - 載入資料: data/raw/Training_data_warpage_final_20250321_v1.2.csv
2025-04-16 13:04:18,335 - src.data.preprocess - INFO - 成功載入資料檔案: data/raw/Training_data_warpage_final_20250321_v1.2.csv，共 81 筆資料，18 個欄位
2025-04-16 13:04:18,339 - src.data.preprocess - INFO - 標準化完成，特徵數量: 5
2025-04-16 13:04:18,341 - src.data.preprocess - INFO - 時間序列資料準備完成，形狀: (81, 4, 2)
2025-04-16 13:04:18,343 - src.data.preprocess - INFO - 資料分割完成 - 訓練集: 56 樣本, 驗證集: 12 樣本, 測試集: 13 樣本
2025-04-16 13:04:18,343 - src.data.preprocess - INFO - 完整資料處理流程完成
2025-04-16 13:04:18,343 - __main__ - INFO - 資料分割完成, 訓練集: 56 樣本, 驗證集: 12 樣本, 測試集: 13 樣本
2025-04-16 13:04:18,345 - __main__ - INFO - 應用資料增強...
2025-04-16 13:04:18,345 - src.data.dataset - INFO - 進行資料增強，原始訓練集大小: 56 樣本
2025-04-16 13:04:18,530 - src.data.dataset - INFO - 資料增強完成，增強後的訓練集大小: 940 樣本
2025-04-16 13:04:18,530 - __main__ - INFO - 資料增強完成，增強後的訓練集大小: 940 樣本
2025-04-16 13:04:18,542 - __main__ - INFO - 創建混合PINN-LSTM模型，使用物理約束: True，融合方法: weighted
2025-04-16 13:04:18,544 - src.data.dataset - INFO - 已創建資料載入器 - 訓練: 940 樣本, 驗證: 12 樣本, 測試: 13 樣本, 批次大小: 8
2025-04-16 13:04:20,771 - src.training.trainer - INFO - 創建adam優化器，學習率: 0.0005，權重衰減: 0.001
2025-04-16 13:04:20,773 - src.training.losses - INFO - 初始化HybridLoss: lambda_physics=0.5, lambda_consistency=0.2, delta_w_weight=1.5
2025-04-16 13:04:20,773 - src.training.losses - INFO - 初始化AdaptiveHybridLoss: physics權重從0.5增加到2.0, consistency權重從0.2增加到0.5, delta_w權重從1.5增加到3.0, 在50個輪次內達到最大值, 預熱輪次: 5, 調整方案: linear
2025-04-16 13:04:20,773 - src.training.trainer - INFO - 創建餘弦退火學習率調度器，週期: 150，最小學習率: 1e-05
2025-04-16 13:04:20,775 - src.training.callbacks - INFO - 初始化ModelCheckpoint: 保存目錄=outputs\hybrid_model\HybridPINNLSTMModel_20250416_130420\checkpoints, 保存頻率=5, 只保存最佳=False, 監控指標=val_loss, 模式=min
2025-04-16 13:04:20,775 - src.training.callbacks - INFO - 初始化LossHistory: 保存路徑=outputs\hybrid_model\HybridPINNLSTMModel_20250416_130420\history.json, 保存頻率=1
2025-04-16 13:04:20,779 - src.training.trainer - INFO - 初始化訓練器完成，模型: HybridPINNLSTMModel, 優化器: Adam, 設備: cpu
2025-04-16 13:04:20,779 - __main__ - INFO - 開始訓練，總輪數: 300
2025-04-16 13:04:20,779 - src.training.trainer - INFO - 開始訓練，總輪數: 300
2025-04-16 13:04:24,569 - src.training.trainer - INFO - 輪次 1/300 - 訓練損失: 27761193446.485107 - 驗證損失: 36999008.333333 - rmse: 12059941.000000 - r2: -263412096.000000 - mae: 8206445.500000 - 學習率: 0.000500 - 時間: 3.79秒
2025-04-16 13:04:24,703 - src.training.callbacks - INFO - 模型檢查點已保存至 outputs\hybrid_model\HybridPINNLSTMModel_20250416_130420\checkpoints\HybridPINNLSTMModel_epoch_001.pt
2025-04-16 13:04:24,715 - src.training.trainer - INFO - 監控指標改善，模型已保存至 outputs/hybrid_model\models\best_model.pt
2025-04-16 13:04:27,826 - src.training.trainer - INFO - 監控指標改善，模型已保存至 outputs/hybrid_model\models\best_model.pt
2025-04-16 13:04:30,713 - src.training.trainer - INFO - 輪次 3/300 - 訓練損失: 13137331.606792 - 驗證損失: 796.917440 - rmse: 52611.593750 - r2: -5012.121582 - mae: 37086.148438 - 學習率: 0.000500 - 時間: 2.89秒
2025-04-16 13:04:30,723 - src.training.trainer - INFO - 監控指標改善，模型已保存至 outputs/hybrid_model\models\best_model.pt
2025-04-16 13:04:33,503 - src.training.trainer - INFO - 監控指標改善，模型已保存至 outputs/hybrid_model\models\best_model.pt
2025-04-16 13:04:36,202 - src.training.trainer - INFO - 輪次 5/300 - 訓練損失: 6115.292073 - 驗證損失: 2.173374 - rmse: 1124.180420 - r2: -1.288850 - mae: 833.746582 - 學習率: 0.000499 - 時間: 2.70秒
2025-04-16 13:04:36,208 - src.training.trainer - INFO - 監控指標改善，模型已保存至 outputs/hybrid_model\models\best_model.pt
2025-04-16 13:04:39,024 - src.training.callbacks - INFO - 模型檢查點已保存至 outputs\hybrid_model\HybridPINNLSTMModel_20250416_130420\checkpoints\HybridPINNLSTMModel_epoch_006.pt
2025-04-16 13:04:39,034 - src.training.trainer - INFO - 監控指標改善，模型已保存至 outputs/hybrid_model\models\best_model.pt
2025-04-16 13:04:41,677 - src.training.trainer - INFO - 輪次 7/300 - 訓練損失: 308.183236 - 驗證損失: 3.877866 - rmse: 4060.647949 - r2: -28.863178 - mae: 2537.750977 - 學習率: 0.000498 - 時間: 2.64秒
2025-04-16 13:04:41,683 - src.training.trainer - INFO - 監控指標改善，模型已保存至 outputs/hybrid_model\models\best_model.pt
2025-04-16 13:04:44,446 - src.training.trainer - INFO - 監控指標改善，模型已保存至 outputs/hybrid_model\models\best_model.pt
2025-04-16 13:04:47,228 - src.training.trainer - INFO - 輪次 9/300 - 訓練損失: 37.154328 - 驗證損失: 1.332678 - rmse: 2200.759766 - r2: -7.771838 - mae: 1525.906372 - 學習率: 0.000497 - 時間: 2.78秒
2025-04-16 13:04:47,238 - src.training.trainer - INFO - 監控指標改善，模型已保存至 outputs/hybrid_model\models\best_model.pt
2025-04-16 13:04:50,051 - src.training.trainer - INFO - 監控指標改善，模型已保存至 outputs/hybrid_model\models\best_model.pt
2025-04-16 13:04:52,800 - src.training.trainer - INFO - 輪次 11/300 - 訓練損失: 47.307746 - 驗證損失: 0.790430 - rmse: 877.441956 - r2: -0.394383 - mae: 620.531494 - 學習率: 0.000495 - 時間: 2.75秒
2025-04-16 13:04:52,821 - src.training.callbacks - INFO - 模型檢查點已保存至 outputs\hybrid_model\HybridPINNLSTMModel_20250416_130420\checkpoints\HybridPINNLSTMModel_epoch_011.pt
2025-04-16 13:04:52,829 - src.training.trainer - INFO - 監控指標改善，模型已保存至 outputs/hybrid_model\models\best_model.pt
2025-04-16 13:04:55,430 - src.training.trainer - INFO - 監控指標改善，模型已保存至 outputs/hybrid_model\models\best_model.pt
2025-04-16 13:04:58,197 - src.training.trainer - INFO - 輪次 13/300 - 訓練損失: 12.644403 - 驗證損失: 1.109440 - rmse: 1303.019653 - r2: -2.075015 - mae: 900.885986 - 學習率: 0.000492 - 時間: 2.76秒
2025-04-16 13:04:58,207 - src.training.trainer - INFO - 監控指標改善，模型已保存至 outputs/hybrid_model\models\best_model.pt
2025-04-16 13:05:01,014 - src.training.trainer - INFO - 監控指標改善，模型已保存至 outputs/hybrid_model\models\best_model.pt
2025-04-16 13:05:03,625 - src.training.trainer - INFO - 輪次 15/300 - 訓練損失: 8.130052 - 驗證損失: 0.765724 - rmse: 961.986328 - r2: -0.676035 - mae: 733.151855 - 學習率: 0.000490 - 時間: 2.61秒
2025-04-16 13:05:03,635 - src.training.trainer - INFO - 監控指標改善，模型已保存至 outputs/hybrid_model\models\best_model.pt
2025-04-16 13:05:06,295 - src.training.callbacks - INFO - 模型檢查點已保存至 outputs\hybrid_model\HybridPINNLSTMModel_20250416_130420\checkpoints\HybridPINNLSTMModel_epoch_016.pt
2025-04-16 13:05:06,307 - src.training.trainer - INFO - 監控指標改善，模型已保存至 outputs/hybrid_model\models\best_model.pt
2025-04-16 13:05:09,022 - src.training.trainer - INFO - 輪次 17/300 - 訓練損失: 18.378237 - 驗證損失: 2.283123 - rmse: 2560.783691 - r2: -10.876572 - mae: 1929.668091 - 學習率: 0.000486 - 時間: 2.71秒
2025-04-16 13:05:09,030 - src.training.trainer - INFO - 監控指標改善，模型已保存至 outputs/hybrid_model\models\best_model.pt
2025-04-16 13:05:11,671 - src.training.trainer - INFO - 監控指標改善，模型已保存至 outputs/hybrid_model\models\best_model.pt
2025-04-16 13:05:14,400 - src.training.trainer - INFO - 輪次 19/300 - 訓練損失: 4.849975 - 驗證損失: 0.648982 - rmse: 958.923096 - r2: -0.665378 - mae: 761.768066 - 學習率: 0.000483 - 時間: 2.73秒
2025-04-16 13:05:14,408 - src.training.trainer - INFO - 監控指標改善，模型已保存至 outputs/hybrid_model\models\best_model.pt
2025-04-16 13:05:16,995 - src.training.trainer - INFO - 監控指標改善，模型已保存至 outputs/hybrid_model\models\best_model.pt
2025-04-16 13:05:19,793 - src.training.trainer - INFO - 輪次 21/300 - 訓練損失: 9.161548 - 驗證損失: 0.588812 - rmse: 874.308350 - r2: -0.384441 - mae: 634.396790 - 學習率: 0.000479 - 時間: 2.80秒
2025-04-16 13:05:19,805 - src.training.callbacks - INFO - 模型檢查點已保存至 outputs\hybrid_model\HybridPINNLSTMModel_20250416_130420\checkpoints\HybridPINNLSTMModel_epoch_021.pt
2025-04-16 13:05:19,815 - src.training.trainer - INFO - 監控指標改善，模型已保存至 outputs/hybrid_model\models\best_model.pt
2025-04-16 13:05:22,662 - src.training.trainer - INFO - 監控指標改善，模型已保存至 outputs/hybrid_model\models\best_model.pt
2025-04-16 13:05:25,387 - src.training.trainer - INFO - 輪次 23/300 - 訓練損失: 7.328232 - 驗證損失: 0.569166 - rmse: 1018.577087 - r2: -0.879027 - mae: 739.165771 - 學習率: 0.000474 - 時間: 2.72秒
2025-04-16 13:05:25,393 - src.training.trainer - INFO - 監控指標改善，模型已保存至 outputs/hybrid_model\models\best_model.pt
2025-04-16 13:05:28,037 - src.training.trainer - INFO - 監控指標改善，模型已保存至 outputs/hybrid_model\models\best_model.pt
2025-04-16 13:05:30,872 - src.training.trainer - INFO - 輪次 25/300 - 訓練損失: 10.277005 - 驗證損失: 0.659089 - rmse: 1099.250977 - r2: -1.188462 - mae: 956.014404 - 學習率: 0.000470 - 時間: 2.83秒
2025-04-16 13:05:30,882 - src.training.trainer - INFO - 監控指標改善，模型已保存至 outputs/hybrid_model\models\best_model.pt
2025-04-16 13:05:33,734 - src.training.callbacks - INFO - 模型檢查點已保存至 outputs\hybrid_model\HybridPINNLSTMModel_20250416_130420\checkpoints\HybridPINNLSTMModel_epoch_026.pt
2025-04-16 13:05:33,744 - src.training.trainer - INFO - 監控指標改善，模型已保存至 outputs/hybrid_model\models\best_model.pt
2025-04-16 13:05:36,323 - src.training.trainer - INFO - 輪次 27/300 - 訓練損失: 4.632390 - 驗證損失: 1.303160 - rmse: 1630.843262 - r2: -3.816924 - mae: 1254.195801 - 學習率: 0.000465 - 時間: 2.58秒
2025-04-16 13:05:36,335 - src.training.trainer - INFO - 監控指標改善，模型已保存至 outputs/hybrid_model\models\best_model.pt
2025-04-16 13:05:39,044 - src.training.trainer - INFO - 監控指標改善，模型已保存至 outputs/hybrid_model\models\best_model.pt
2025-04-16 13:05:41,848 - src.training.trainer - INFO - 輪次 29/300 - 訓練損失: 4.687694 - 驗證損失: 0.673602 - rmse: 1129.983398 - r2: -1.312541 - mae: 845.418518 - 學習率: 0.000459 - 時間: 2.80秒
2025-04-16 13:05:41,854 - src.training.trainer - INFO - 監控指標改善，模型已保存至 outputs/hybrid_model\models\best_model.pt
2025-04-16 13:05:44,449 - src.training.trainer - INFO - 監控指標改善，模型已保存至 outputs/hybrid_model\models\best_model.pt
2025-04-16 13:05:47,262 - src.training.trainer - INFO - 輪次 31/300 - 訓練損失: 4.743393 - 驗證損失: 1.137868 - rmse: 1266.000610 - r2: -1.902774 - mae: 1008.841980 - 學習率: 0.000453 - 時間: 2.81秒
2025-04-16 13:05:47,282 - src.training.callbacks - INFO - 模型檢查點已保存至 outputs\hybrid_model\HybridPINNLSTMModel_20250416_130420\checkpoints\HybridPINNLSTMModel_epoch_031.pt
2025-04-16 13:05:47,290 - src.training.trainer - INFO - 監控指標改善，模型已保存至 outputs/hybrid_model\models\best_model.pt
2025-04-16 13:05:49,857 - src.training.trainer - INFO - 監控指標改善，模型已保存至 outputs/hybrid_model\models\best_model.pt
2025-04-16 13:05:52,642 - src.training.trainer - INFO - 輪次 33/300 - 訓練損失: 2.380021 - 驗證損失: 0.629483 - rmse: 1125.643066 - r2: -1.294810 - mae: 836.919861 - 學習率: 0.000447 - 時間: 2.78秒
2025-04-16 13:05:52,648 - src.training.trainer - INFO - 監控指標改善，模型已保存至 outputs/hybrid_model\models\best_model.pt
2025-04-16 13:05:55,504 - src.training.trainer - INFO - 監控指標改善，模型已保存至 outputs/hybrid_model\models\best_model.pt
2025-04-16 13:05:58,211 - src.training.trainer - INFO - 輪次 35/300 - 訓練損失: 5.201576 - 驗證損失: 0.517798 - rmse: 1075.786133 - r2: -1.096029 - mae: 819.287109 - 學習率: 0.000440 - 時間: 2.71秒
2025-04-16 13:05:58,223 - src.training.trainer - INFO - 監控指標改善，模型已保存至 outputs/hybrid_model\models\best_model.pt
2025-04-16 13:06:00,899 - src.training.callbacks - INFO - 模型檢查點已保存至 outputs\hybrid_model\HybridPINNLSTMModel_20250416_130420\checkpoints\HybridPINNLSTMModel_epoch_036.pt
2025-04-16 13:06:00,911 - src.training.trainer - INFO - 監控指標改善，模型已保存至 outputs/hybrid_model\models\best_model.pt
2025-04-16 13:06:03,691 - src.training.trainer - INFO - 輪次 37/300 - 訓練損失: 1.786081 - 驗證損失: 0.529840 - rmse: 1055.510376 - r2: -1.017764 - mae: 766.252136 - 學習率: 0.000434 - 時間: 2.78秒
2025-04-16 13:06:03,697 - src.training.trainer - INFO - 監控指標改善，模型已保存至 outputs/hybrid_model\models\best_model.pt
2025-04-16 13:06:06,486 - src.training.trainer - INFO - 監控指標改善，模型已保存至 outputs/hybrid_model\models\best_model.pt
2025-04-16 13:06:09,179 - src.training.trainer - INFO - 輪次 39/300 - 訓練損失: 1.615410 - 驗證損失: 0.807755 - rmse: 1203.726929 - r2: -1.624226 - mae: 933.019836 - 學習率: 0.000426 - 時間: 2.69秒
2025-04-16 13:06:09,189 - src.training.trainer - INFO - 監控指標改善，模型已保存至 outputs/hybrid_model\models\best_model.pt
2025-04-16 13:06:11,868 - src.training.trainer - INFO - 監控指標改善，模型已保存至 outputs/hybrid_model\models\best_model.pt
2025-04-16 13:06:14,701 - src.training.trainer - INFO - 輪次 41/300 - 訓練損失: 1.708868 - 驗證損失: 0.949202 - rmse: 1247.706543 - r2: -1.819488 - mae: 985.255676 - 學習率: 0.000419 - 時間: 2.83秒
2025-04-16 13:06:14,713 - src.training.callbacks - INFO - 模型檢查點已保存至 outputs\hybrid_model\HybridPINNLSTMModel_20250416_130420\checkpoints\HybridPINNLSTMModel_epoch_041.pt
2025-04-16 13:06:14,723 - src.training.trainer - INFO - 監控指標改善，模型已保存至 outputs/hybrid_model\models\best_model.pt
2025-04-16 13:06:17,354 - src.training.trainer - INFO - 監控指標改善，模型已保存至 outputs/hybrid_model\models\best_model.pt
2025-04-16 13:06:20,240 - src.training.trainer - INFO - 輪次 43/300 - 訓練損失: 1.423458 - 驗證損失: 1.000824 - rmse: 1261.396729 - r2: -1.881700 - mae: 1009.382996 - 學習率: 0.000411 - 時間: 2.89秒
2025-04-16 13:06:20,248 - src.training.trainer - INFO - 監控指標改善，模型已保存至 outputs/hybrid_model\models\best_model.pt
2025-04-16 13:06:23,089 - src.training.trainer - INFO - 監控指標改善，模型已保存至 outputs/hybrid_model\models\best_model.pt
2025-04-16 13:06:25,867 - src.training.trainer - INFO - 輪次 45/300 - 訓練損失: 1.265143 - 驗證損失: 1.014014 - rmse: 1256.013184 - r2: -1.857155 - mae: 969.240295 - 學習率: 0.000403 - 時間: 2.78秒
2025-04-16 13:06:25,877 - src.training.trainer - INFO - 監控指標改善，模型已保存至 outputs/hybrid_model\models\best_model.pt
2025-04-16 13:06:28,606 - src.training.callbacks - INFO - 模型檢查點已保存至 outputs\hybrid_model\HybridPINNLSTMModel_20250416_130420\checkpoints\HybridPINNLSTMModel_epoch_046.pt
2025-04-16 13:06:28,612 - src.training.trainer - INFO - 監控指標改善，模型已保存至 outputs/hybrid_model\models\best_model.pt
2025-04-16 13:06:31,207 - src.training.trainer - INFO - 輪次 47/300 - 訓練損失: 1.241333 - 驗證損失: 0.932982 - rmse: 1250.820190 - r2: -1.833578 - mae: 991.909424 - 學習率: 0.000395 - 時間: 2.59秒
2025-04-16 13:06:31,219 - src.training.trainer - INFO - 監控指標改善，模型已保存至 outputs/hybrid_model\models\best_model.pt
2025-04-16 13:06:34,114 - src.training.trainer - INFO - 監控指標改善，模型已保存至 outputs/hybrid_model\models\best_model.pt
2025-04-16 13:06:36,723 - src.training.trainer - INFO - 輪次 49/300 - 訓練損失: 1.147866 - 驗證損失: 1.454130 - rmse: 1308.843384 - r2: -2.102564 - mae: 1061.592896 - 學習率: 0.000386 - 時間: 2.61秒
2025-04-16 13:06:36,731 - src.training.trainer - INFO - 監控指標改善，模型已保存至 outputs/hybrid_model\models\best_model.pt
2025-04-16 13:06:39,384 - src.training.trainer - INFO - 監控指標改善，模型已保存至 outputs/hybrid_model\models\best_model.pt
2025-04-16 13:06:42,197 - src.training.trainer - INFO - 輪次 51/300 - 訓練損失: 1.195766 - 驗證損失: 1.070341 - rmse: 1276.789307 - r2: -1.952458 - mae: 1030.451050 - 學習率: 0.000377 - 時間: 2.81秒
2025-04-16 13:06:42,208 - src.training.callbacks - INFO - 模型檢查點已保存至 outputs\hybrid_model\HybridPINNLSTMModel_20250416_130420\checkpoints\HybridPINNLSTMModel_epoch_051.pt
2025-04-16 13:06:42,210 - src.training.trainer - INFO - min模式下監控指標改善
2025-04-16 13:06:42,216 - src.training.trainer - INFO - 監控指標改善，模型已保存至 outputs/hybrid_model\models\best_model.pt
2025-04-16 13:06:44,967 - src.training.trainer - INFO - min模式下監控指標改善, 從 1.070341 改善到 0.863175
2025-04-16 13:06:44,971 - src.training.trainer - INFO - 監控指標改善，模型已保存至 outputs/hybrid_model\models\best_model.pt
2025-04-16 13:06:47,582 - src.training.trainer - INFO - 輪次 53/300 - 訓練損失: 1.109746 - 驗證損失: 0.748680 - rmse: 1206.009644 - r2: -1.634189 - mae: 929.465271 - 學習率: 0.000369 - 時間: 2.61秒
2025-04-16 13:06:47,586 - src.training.trainer - INFO - min模式下監控指標改善, 從 0.863175 改善到 0.748680
2025-04-16 13:06:47,594 - src.training.trainer - INFO - 監控指標改善，模型已保存至 outputs/hybrid_model\models\best_model.pt
2025-04-16 13:06:50,369 - src.training.trainer - INFO - 監控指標未改善，已連續 1 輪。最佳值: 0.748680, 當前值: 0.864820
2025-04-16 13:06:52,927 - src.training.trainer - INFO - 輪次 55/300 - 訓練損失: 0.978646 - 驗證損失: 0.883719 - rmse: 1251.822388 - r2: -1.838120 - mae: 997.996094 - 學習率: 0.000359 - 時間: 2.56秒
2025-04-16 13:06:52,929 - src.training.trainer - INFO - 監控指標未改善，已連續 2 輪。最佳值: 0.748680, 當前值: 0.883719
2025-04-16 13:06:55,647 - src.training.callbacks - INFO - 模型檢查點已保存至 outputs\hybrid_model\HybridPINNLSTMModel_20250416_130420\checkpoints\HybridPINNLSTMModel_epoch_056.pt
2025-04-16 13:06:55,649 - src.training.trainer - INFO - 監控指標未改善，已連續 3 輪。最佳值: 0.748680, 當前值: 0.838983
2025-04-16 13:06:58,404 - src.training.trainer - INFO - 輪次 57/300 - 訓練損失: 1.095237 - 驗證損失: 1.101214 - rmse: 1282.934082 - r2: -1.980946 - mae: 1029.580444 - 學習率: 0.000350 - 時間: 2.75秒
2025-04-16 13:06:58,408 - src.training.trainer - INFO - 監控指標未改善，已連續 4 輪。最佳值: 0.748680, 當前值: 1.101214
2025-04-16 13:07:01,102 - src.training.trainer - INFO - 監控指標未改善，已連續 5 輪。最佳值: 0.748680, 當前值: 0.938952
2025-04-16 13:07:01,104 - src.training.trainer - INFO - 檢測到訓練停滯，嘗試重啟訓練...
2025-04-16 13:07:03,813 - src.training.trainer - INFO - 輪次 59/300 - 訓練損失: 1.017205 - 驗證損失: 1.196482 - rmse: 1297.812378 - r2: -2.050487 - mae: 1052.925049 - 學習率: 0.000340 - 時間: 2.71秒
2025-04-16 13:07:03,815 - src.training.trainer - INFO - 監控指標未改善，已連續 4 輪。最佳值: 0.748680, 當前值: 1.196482
2025-04-16 13:07:06,548 - src.training.trainer - INFO - min模式下監控指標改善, 從 0.748680 改善到 0.700045
2025-04-16 13:07:06,552 - src.training.trainer - INFO - 監控指標改善，模型已保存至 outputs/hybrid_model\models\best_model.pt
2025-04-16 13:07:09,239 - src.training.trainer - INFO - 輪次 61/300 - 訓練損失: 0.923981 - 驗證損失: 0.870389 - rmse: 1240.024902 - r2: -1.784878 - mae: 964.372070 - 學習率: 0.000331 - 時間: 2.69秒
2025-04-16 13:07:09,251 - src.training.callbacks - INFO - 模型檢查點已保存至 outputs\hybrid_model\HybridPINNLSTMModel_20250416_130420\checkpoints\HybridPINNLSTMModel_epoch_061.pt
2025-04-16 13:07:09,253 - src.training.trainer - INFO - 監控指標未改善，已連續 1 輪。最佳值: 0.700045, 當前值: 0.870389
2025-04-16 13:07:12,169 - src.training.trainer - INFO - 監控指標未改善，已連續 2 輪。最佳值: 0.700045, 當前值: 1.059041
2025-04-16 13:07:14,800 - src.training.trainer - INFO - 輪次 63/300 - 訓練損失: 0.971884 - 驗證損失: 0.930503 - rmse: 1269.523560 - r2: -1.918951 - mae: 1013.237305 - 學習率: 0.000321 - 時間: 2.63秒
2025-04-16 13:07:14,804 - src.training.trainer - INFO - 監控指標未改善，已連續 3 輪。最佳值: 0.700045, 當前值: 0.930503
2025-04-16 13:07:17,532 - src.training.trainer - INFO - 監控指標未改善，已連續 4 輪。最佳值: 0.700045, 當前值: 1.071607
2025-04-16 13:07:20,237 - src.training.trainer - INFO - 輪次 65/300 - 訓練損失: 0.899214 - 驗證損失: 0.927408 - rmse: 1265.361694 - r2: -1.899844 - mae: 1009.414795 - 學習率: 0.000311 - 時間: 2.70秒
2025-04-16 13:07:20,241 - src.training.trainer - INFO - 監控指標未改善，已連續 5 輪。最佳值: 0.700045, 當前值: 0.927408
2025-04-16 13:07:20,241 - src.training.trainer - INFO - 檢測到訓練停滯，嘗試重啟訓練...
2025-04-16 13:07:22,992 - src.training.callbacks - INFO - 模型檢查點已保存至 outputs\hybrid_model\HybridPINNLSTMModel_20250416_130420\checkpoints\HybridPINNLSTMModel_epoch_066.pt
2025-04-16 13:07:22,996 - src.training.trainer - INFO - 監控指標未改善，已連續 4 輪。最佳值: 0.700045, 當前值: 0.811428
2025-04-16 13:07:25,684 - src.training.trainer - INFO - 輪次 67/300 - 訓練損失: 0.921538 - 驗證損失: 0.867814 - rmse: 1245.646973 - r2: -1.810187 - mae: 963.602234 - 學習率: 0.000301 - 時間: 2.69秒
2025-04-16 13:07:25,686 - src.training.trainer - INFO - 監控指標未改善，已連續 5 輪。最佳值: 0.700045, 當前值: 0.867814
2025-04-16 13:07:28,463 - src.training.trainer - INFO - 監控指標未改善，已連續 6 輪。最佳值: 0.700045, 當前值: 0.931337
2025-04-16 13:07:31,098 - src.training.trainer - INFO - 輪次 69/300 - 訓練損失: 0.992311 - 驗證損失: 0.783197 - rmse: 1231.483398 - r2: -1.746644 - mae: 945.841248 - 學習率: 0.000291 - 時間: 2.63秒
2025-04-16 13:07:31,101 - src.training.trainer - INFO - 監控指標未改善，已連續 7 輪。最佳值: 0.700045, 當前值: 0.783197
2025-04-16 13:07:33,831 - src.training.trainer - INFO - 監控指標未改善，已連續 8 輪。最佳值: 0.700045, 當前值: 0.920420
2025-04-16 13:07:33,831 - src.training.trainer - INFO - 檢測到訓練停滯，嘗試重啟訓練...
2025-04-16 13:07:36,411 - src.training.trainer - INFO - 輪次 71/300 - 訓練損失: 0.959261 - 驗證損失: 1.028355 - rmse: 1269.104370 - r2: -1.917024 - mae: 998.671936 - 學習率: 0.000281 - 時間: 2.58秒
2025-04-16 13:07:36,423 - src.training.callbacks - INFO - 模型檢查點已保存至 outputs\hybrid_model\HybridPINNLSTMModel_20250416_130420\checkpoints\HybridPINNLSTMModel_epoch_071.pt
2025-04-16 13:07:36,427 - src.training.trainer - INFO - 監控指標未改善，已連續 7 輪。最佳值: 0.700045, 當前值: 1.028355
2025-04-16 13:07:39,169 - src.training.trainer - INFO - 監控指標未改善，已連續 8 輪。最佳值: 0.700045, 當前值: 0.934158
2025-04-16 13:07:41,916 - src.training.trainer - INFO - 輪次 73/300 - 訓練損失: 0.982543 - 驗證損失: 0.862207 - rmse: 1255.260498 - r2: -1.853731 - mae: 998.911316 - 學習率: 0.000270 - 時間: 2.75秒
2025-04-16 13:07:41,918 - src.training.trainer - INFO - 監控指標未改善，已連續 9 輪。最佳值: 0.700045, 當前值: 0.862207
2025-04-16 13:07:44,638 - src.training.trainer - INFO - 監控指標未改善，已連續 10 輪。最佳值: 0.700045, 當前值: 0.977145
2025-04-16 13:07:47,411 - src.training.trainer - INFO - 輪次 75/300 - 訓練損失: 0.861930 - 驗證損失: 0.983387 - rmse: 1271.520508 - r2: -1.928142 - mae: 1013.218506 - 學習率: 0.000260 - 時間: 2.77秒
2025-04-16 13:07:47,415 - src.training.trainer - INFO - 監控指標未改善，已連續 11 輪。最佳值: 0.700045, 當前值: 0.983387
2025-04-16 13:07:47,415 - src.training.trainer - INFO - 檢測到訓練停滯，嘗試重啟訓練...
2025-04-16 13:07:50,249 - src.training.callbacks - INFO - 模型檢查點已保存至 outputs\hybrid_model\HybridPINNLSTMModel_20250416_130420\checkpoints\HybridPINNLSTMModel_epoch_076.pt
2025-04-16 13:07:50,253 - src.training.trainer - INFO - 監控指標未改善，已連續 10 輪。最佳值: 0.700045, 當前值: 0.847326
2025-04-16 13:07:53,028 - src.training.trainer - INFO - 輪次 77/300 - 訓練損失: 0.886956 - 驗證損失: 0.972261 - rmse: 1273.023926 - r2: -1.935070 - mae: 1015.937256 - 學習率: 0.000250 - 時間: 2.77秒
2025-04-16 13:07:53,032 - src.training.trainer - INFO - 監控指標未改善，已連續 11 輪。最佳值: 0.700045, 當前值: 0.972261
2025-04-16 13:07:55,828 - src.training.trainer - INFO - 監控指標未改善，已連續 12 輪。最佳值: 0.700045, 當前值: 0.951153
2025-04-16 13:07:58,583 - src.training.trainer - INFO - 輪次 79/300 - 訓練損失: 1.004388 - 驗證損失: 0.916582 - rmse: 1262.845459 - r2: -1.888323 - mae: 1003.177185 - 學習率: 0.000240 - 時間: 2.75秒
2025-04-16 13:07:58,587 - src.training.trainer - INFO - 監控指標未改善，已連續 13 輪。最佳值: 0.700045, 當前值: 0.916582
2025-04-16 13:08:01,188 - src.training.trainer - INFO - 監控指標未改善，已連續 14 輪。最佳值: 0.700045, 當前值: 0.876740
2025-04-16 13:08:01,188 - src.training.trainer - INFO - 檢測到訓練停滯，嘗試重啟訓練...
2025-04-16 13:08:03,948 - src.training.trainer - INFO - 輪次 81/300 - 訓練損失: 0.871421 - 驗證損失: 0.999445 - rmse: 1281.207397 - r2: -1.972927 - mae: 1035.400513 - 學習率: 0.000229 - 時間: 2.76秒
2025-04-16 13:08:03,960 - src.training.callbacks - INFO - 模型檢查點已保存至 outputs\hybrid_model\HybridPINNLSTMModel_20250416_130420\checkpoints\HybridPINNLSTMModel_epoch_081.pt
2025-04-16 13:08:03,964 - src.training.trainer - INFO - 監控指標未改善，已連續 13 輪。最佳值: 0.700045, 當前值: 0.999445
2025-04-16 13:08:06,544 - src.training.trainer - INFO - 監控指標未改善，已連續 14 輪。最佳值: 0.700045, 當前值: 0.915953
2025-04-16 13:08:09,179 - src.training.trainer - INFO - 輪次 83/300 - 訓練損失: 0.800075 - 驗證損失: 0.884858 - rmse: 1250.866211 - r2: -1.833786 - mae: 983.011475 - 學習率: 0.000219 - 時間: 2.63秒
2025-04-16 13:08:09,183 - src.training.trainer - INFO - 監控指標未改善，已連續 15 輪。最佳值: 0.700045, 當前值: 0.884858
2025-04-16 13:08:11,781 - src.training.trainer - INFO - 監控指標未改善，已連續 16 輪。最佳值: 0.700045, 當前值: 0.889386
2025-04-16 13:08:14,599 - src.training.trainer - INFO - 輪次 85/300 - 訓練損失: 0.859850 - 驗證損失: 0.900838 - rmse: 1267.320801 - r2: -1.908831 - mae: 1016.336609 - 學習率: 0.000209 - 時間: 2.82秒
2025-04-16 13:08:14,603 - src.training.trainer - INFO - 監控指標未改善，已連續 17 輪。最佳值: 0.700045, 當前值: 0.900838
2025-04-16 13:08:14,603 - src.training.trainer - INFO - 檢測到訓練停滯，嘗試重啟訓練...
2025-04-16 13:08:17,278 - src.training.callbacks - INFO - 模型檢查點已保存至 outputs\hybrid_model\HybridPINNLSTMModel_20250416_130420\checkpoints\HybridPINNLSTMModel_epoch_086.pt
2025-04-16 13:08:17,282 - src.training.trainer - INFO - 監控指標未改善，已連續 16 輪。最佳值: 0.700045, 當前值: 0.934618
2025-04-16 13:08:20,046 - src.training.trainer - INFO - 輪次 87/300 - 訓練損失: 0.855321 - 驗證損失: 0.836599 - rmse: 1249.025879 - r2: -1.825454 - mae: 980.114685 - 學習率: 0.000199 - 時間: 2.76秒
2025-04-16 13:08:20,050 - src.training.trainer - INFO - 監控指標未改善，已連續 17 輪。最佳值: 0.700045, 當前值: 0.836599
2025-04-16 13:08:22,815 - src.training.trainer - INFO - 監控指標未改善，已連續 18 輪。最佳值: 0.700045, 當前值: 0.927629
2025-04-16 13:08:25,410 - src.training.trainer - INFO - 輪次 89/300 - 訓練損失: 0.877747 - 驗證損失: 0.912155 - rmse: 1274.114380 - r2: -1.940100 - mae: 1028.282471 - 學習率: 0.000189 - 時間: 2.59秒
2025-04-16 13:08:25,414 - src.training.trainer - INFO - 監控指標未改善，已連續 19 輪。最佳值: 0.700045, 當前值: 0.912155
2025-04-16 13:08:28,039 - src.training.trainer - INFO - 監控指標未改善，已連續 20 輪。最佳值: 0.700045, 當前值: 0.918290
2025-04-16 13:08:28,039 - src.training.trainer - INFO - 檢測到訓練停滯，嘗試重啟訓練...
2025-04-16 13:08:30,626 - src.training.trainer - INFO - 輪次 91/300 - 訓練損失: 0.791932 - 驗證損失: 0.957864 - rmse: 1278.507324 - r2: -1.960410 - mae: 1029.111328 - 學習率: 0.000179 - 時間: 2.59秒
2025-04-16 13:08:30,642 - src.training.callbacks - INFO - 模型檢查點已保存至 outputs\hybrid_model\HybridPINNLSTMModel_20250416_130420\checkpoints\HybridPINNLSTMModel_epoch_091.pt
2025-04-16 13:08:30,646 - src.training.trainer - INFO - 監控指標未改善，已連續 19 輪。最佳值: 0.700045, 當前值: 0.957864
2025-04-16 13:08:33,369 - src.training.trainer - INFO - 監控指標未改善，已連續 20 輪。最佳值: 0.700045, 當前值: 0.909926
2025-04-16 13:08:36,048 - src.training.trainer - INFO - 輪次 93/300 - 訓練損失: 0.835140 - 驗證損失: 0.812347 - rmse: 1248.131592 - r2: -1.821409 - mae: 977.983643 - 學習率: 0.000170 - 時間: 2.68秒
2025-04-16 13:08:36,052 - src.training.trainer - INFO - 監控指標未改善，已連續 21 輪。最佳值: 0.700045, 當前值: 0.812347
2025-04-16 13:08:38,677 - src.training.trainer - INFO - 監控指標未改善，已連續 22 輪。最佳值: 0.700045, 當前值: 0.859274
2025-04-16 13:08:41,417 - src.training.trainer - INFO - 輪次 95/300 - 訓練損失: 0.863748 - 驗證損失: 0.816605 - rmse: 1251.845215 - r2: -1.838224 - mae: 989.681824 - 學習率: 0.000160 - 時間: 2.74秒
2025-04-16 13:08:41,419 - src.training.trainer - INFO - 監控指標未改善，已連續 23 輪。最佳值: 0.700045, 當前值: 0.816605
2025-04-16 13:08:41,419 - src.training.trainer - INFO - 檢測到訓練停滯，嘗試重啟訓練...
2025-04-16 13:08:44,110 - src.training.callbacks - INFO - 模型檢查點已保存至 outputs\hybrid_model\HybridPINNLSTMModel_20250416_130420\checkpoints\HybridPINNLSTMModel_epoch_096.pt
2025-04-16 13:08:44,114 - src.training.trainer - INFO - 監控指標未改善，已連續 22 輪。最佳值: 0.700045, 當前值: 0.915344
2025-04-16 13:08:47,019 - src.training.trainer - INFO - 輪次 97/300 - 訓練損失: 0.841815 - 驗證損失: 0.934447 - rmse: 1263.883301 - r2: -1.893072 - mae: 1002.858459 - 學習率: 0.000151 - 時間: 2.91秒
2025-04-16 13:08:47,023 - src.training.trainer - INFO - 監控指標未改善，已連續 23 輪。最佳值: 0.700045, 當前值: 0.934447
2025-04-16 13:08:49,788 - src.training.trainer - INFO - 監控指標未改善，已連續 24 輪。最佳值: 0.700045, 當前值: 0.949075
2025-04-16 13:08:52,622 - src.training.trainer - INFO - 輪次 99/300 - 訓練損失: 0.859911 - 驗證損失: 0.844258 - rmse: 1259.935303 - r2: -1.875026 - mae: 1005.947754 - 學習率: 0.000141 - 時間: 2.83秒
2025-04-16 13:08:52,626 - src.training.trainer - INFO - 監控指標未改善，已連續 25 輪。最佳值: 0.700045, 當前值: 0.844258
2025-04-16 13:08:55,261 - src.training.trainer - INFO - 監控指標未改善，已連續 26 輪。最佳值: 0.700045, 當前值: 0.843083
2025-04-16 13:08:55,261 - src.training.trainer - INFO - 檢測到訓練停滯，嘗試重啟訓練...
2025-04-16 13:08:58,114 - src.training.trainer - INFO - 輪次 101/300 - 訓練損失: 0.804648 - 驗證損失: 0.915438 - rmse: 1270.079712 - r2: -1.921509 - mae: 1014.643738 - 學習率: 0.000132 - 時間: 2.85秒
2025-04-16 13:08:58,126 - src.training.callbacks - INFO - 模型檢查點已保存至 outputs\hybrid_model\HybridPINNLSTMModel_20250416_130420\checkpoints\HybridPINNLSTMModel_epoch_101.pt
2025-04-16 13:08:58,132 - src.training.trainer - INFO - 監控指標未改善，已連續 25 輪。最佳值: 0.700045, 當前值: 0.915438
2025-04-16 13:09:00,986 - src.training.trainer - INFO - 監控指標未改善，已連續 26 輪。最佳值: 0.700045, 當前值: 1.008507
2025-04-16 13:09:03,856 - src.training.trainer - INFO - 輪次 103/300 - 訓練損失: 0.818371 - 驗證損失: 0.851001 - rmse: 1255.011353 - r2: -1.852599 - mae: 988.349365 - 學習率: 0.000124 - 時間: 2.87秒
2025-04-16 13:09:03,858 - src.training.trainer - INFO - 監控指標未改善，已連續 27 輪。最佳值: 0.700045, 當前值: 0.851001
2025-04-16 13:09:06,583 - src.training.trainer - INFO - 監控指標未改善，已連續 28 輪。最佳值: 0.700045, 當前值: 0.915018
2025-04-16 13:09:09,393 - src.training.trainer - INFO - 輪次 105/300 - 訓練損失: 0.855980 - 驗證損失: 0.906758 - rmse: 1269.177979 - r2: -1.917363 - mae: 1009.272400 - 學習率: 0.000115 - 時間: 2.81秒
2025-04-16 13:09:09,395 - src.training.trainer - INFO - 監控指標未改善，已連續 29 輪。最佳值: 0.700045, 當前值: 0.906758
2025-04-16 13:09:09,397 - src.training.trainer - INFO - 檢測到訓練停滯，嘗試重啟訓練...
2025-04-16 13:09:12,145 - src.training.callbacks - INFO - 模型檢查點已保存至 outputs\hybrid_model\HybridPINNLSTMModel_20250416_130420\checkpoints\HybridPINNLSTMModel_epoch_106.pt
2025-04-16 13:09:12,151 - src.training.trainer - INFO - 監控指標未改善，已連續 28 輪。最佳值: 0.700045, 當前值: 0.898121
2025-04-16 13:09:14,886 - src.training.trainer - INFO - 輪次 107/300 - 訓練損失: 0.885129 - 驗證損失: 0.893008 - rmse: 1268.595703 - r2: -1.914686 - mae: 1008.903076 - 學習率: 0.000107 - 時間: 2.73秒
2025-04-16 13:09:14,890 - src.training.trainer - INFO - 監控指標未改善，已連續 29 輪。最佳值: 0.700045, 當前值: 0.893008
2025-04-16 13:09:17,611 - src.training.trainer - INFO - 監控指標未改善，已連續 30 輪。最佳值: 0.700045, 當前值: 0.991752
2025-04-16 13:09:20,493 - src.training.trainer - INFO - 輪次 109/300 - 訓練損失: 0.793138 - 驗證損失: 0.906687 - rmse: 1271.486084 - r2: -1.927983 - mae: 1018.666565 - 學習率: 0.000099 - 時間: 2.88秒
2025-04-16 13:09:20,495 - src.training.trainer - INFO - 監控指標未改善，已連續 31 輪。最佳值: 0.700045, 當前值: 0.906687
2025-04-16 13:09:23,246 - src.training.trainer - INFO - 監控指標未改善，已連續 32 輪。最佳值: 0.700045, 當前值: 0.893434
2025-04-16 13:09:23,248 - src.training.trainer - INFO - 檢測到訓練停滯，嘗試重啟訓練...
2025-04-16 13:09:25,929 - src.training.trainer - INFO - 輪次 111/300 - 訓練損失: 0.775410 - 驗證損失: 0.887953 - rmse: 1267.776489 - r2: -1.910923 - mae: 1013.879456 - 學習率: 0.000091 - 時間: 2.68秒
2025-04-16 13:09:25,949 - src.training.callbacks - INFO - 模型檢查點已保存至 outputs\hybrid_model\HybridPINNLSTMModel_20250416_130420\checkpoints\HybridPINNLSTMModel_epoch_111.pt
2025-04-16 13:09:25,953 - src.training.trainer - INFO - 監控指標未改善，已連續 31 輪。最佳值: 0.700045, 當前值: 0.887953
2025-04-16 13:09:28,725 - src.training.trainer - INFO - 監控指標未改善，已連續 32 輪。最佳值: 0.700045, 當前值: 0.942209
2025-04-16 13:09:31,516 - src.training.trainer - INFO - 輪次 113/300 - 訓練損失: 0.840412 - 驗證損失: 0.913646 - rmse: 1271.316284 - r2: -1.927201 - mae: 1015.588867 - 學習率: 0.000084 - 時間: 2.79秒
2025-04-16 13:09:31,520 - src.training.trainer - INFO - 監控指標未改善，已連續 33 輪。最佳值: 0.700045, 當前值: 0.913646
2025-04-16 13:09:34,312 - src.training.trainer - INFO - 監控指標未改善，已連續 34 輪。最佳值: 0.700045, 當前值: 0.883846
2025-04-16 13:09:36,969 - src.training.trainer - INFO - 輪次 115/300 - 訓練損失: 0.821613 - 驗證損失: 0.852939 - rmse: 1264.348755 - r2: -1.895203 - mae: 1003.116882 - 學習率: 0.000076 - 時間: 2.66秒
2025-04-16 13:09:36,973 - src.training.trainer - INFO - 監控指標未改善，已連續 35 輪。最佳值: 0.700045, 當前值: 0.852939
2025-04-16 13:09:36,973 - src.training.trainer - INFO - 檢測到訓練停滯，嘗試重啟訓練...
2025-04-16 13:09:39,730 - src.training.callbacks - INFO - 模型檢查點已保存至 outputs\hybrid_model\HybridPINNLSTMModel_20250416_130420\checkpoints\HybridPINNLSTMModel_epoch_116.pt
2025-04-16 13:09:39,736 - src.training.trainer - INFO - 監控指標未改善，已連續 34 輪。最佳值: 0.700045, 當前值: 0.923784
2025-04-16 13:09:42,337 - src.training.trainer - INFO - 輪次 117/300 - 訓練損失: 0.801678 - 驗證損失: 0.868419 - rmse: 1269.112793 - r2: -1.917063 - mae: 1014.458435 - 學習率: 0.000070 - 時間: 2.60秒
2025-04-16 13:09:42,341 - src.training.trainer - INFO - 監控指標未改善，已連續 35 輪。最佳值: 0.700045, 當前值: 0.868419
2025-04-16 13:09:44,974 - src.training.trainer - INFO - 監控指標未改善，已連續 36 輪。最佳值: 0.700045, 當前值: 0.857598
2025-04-16 13:09:47,541 - src.training.trainer - INFO - 輪次 119/300 - 訓練損失: 0.806383 - 驗證損失: 0.845220 - rmse: 1258.928711 - r2: -1.870434 - mae: 993.784668 - 學習率: 0.000063 - 時間: 2.57秒
2025-04-16 13:09:47,545 - src.training.trainer - INFO - 監控指標未改善，已連續 37 輪。最佳值: 0.700045, 當前值: 0.845220
2025-04-16 13:09:50,298 - src.training.trainer - INFO - 監控指標未改善，已連續 38 輪。最佳值: 0.700045, 當前值: 0.832516
2025-04-16 13:09:50,298 - src.training.trainer - INFO - 檢測到訓練停滯，嘗試重啟訓練...
2025-04-16 13:09:52,995 - src.training.trainer - INFO - 輪次 121/300 - 訓練損失: 0.779550 - 驗證損失: 0.890012 - rmse: 1269.039429 - r2: -1.916725 - mae: 1008.073792 - 學習率: 0.000057 - 時間: 2.70秒
2025-04-16 13:09:53,007 - src.training.callbacks - INFO - 模型檢查點已保存至 outputs\hybrid_model\HybridPINNLSTMModel_20250416_130420\checkpoints\HybridPINNLSTMModel_epoch_121.pt
2025-04-16 13:09:53,011 - src.training.trainer - INFO - 監控指標未改善，已連續 37 輪。最佳值: 0.700045, 當前值: 0.890012
2025-04-16 13:09:55,739 - src.training.trainer - INFO - 監控指標未改善，已連續 38 輪。最佳值: 0.700045, 當前值: 0.924716
2025-04-16 13:09:58,482 - src.training.trainer - INFO - 輪次 123/300 - 訓練損失: 0.786380 - 驗證損失: 0.893532 - rmse: 1270.459595 - r2: -1.923257 - mae: 1014.465515 - 學習率: 0.000051 - 時間: 2.74秒
2025-04-16 13:09:58,488 - src.training.trainer - INFO - 監控指標未改善，已連續 39 輪。最佳值: 0.700045, 當前值: 0.893532
2025-04-16 13:10:01,314 - src.training.trainer - INFO - 監控指標未改善，已連續 40 輪。最佳值: 0.700045, 當前值: 0.851715
2025-04-16 13:10:01,314 - src.training.trainer - INFO - 早停觸發！40 輪未改善
2025-04-16 13:10:01,314 - src.training.trainer - INFO - 早停觸發，在輪次 124 停止訓練
2025-04-16 13:10:01,314 - src.training.trainer - INFO - 訓練完成，總時間: 340.54秒
2025-04-16 13:10:01,334 - __main__ - INFO - 訓練完成，最終模型已保存至: outputs/hybrid_model\models\final_model.pt
2025-04-16 13:10:01,342 - __main__ - WARNING - 合併輸出 l2_penalty 時出錯: zero-dimensional arrays cannot be concatenated
2025-04-16 13:10:01,348 - src.utils.metrics - INFO - Model: HybridPINNLSTMModel
RMSE: 1925.5357
R2: -5.4707
MAE: 1779.4141
MAPE: 92.82%
Relative Error (Mean): 92.82%
Relative Error (Median): 93.33%
Relative Error (90th percentile): 95.28%
Log RMSE: 1.1714
2025-04-16 13:10:01,352 - __main__ - INFO - 評估指標已保存至: outputs/hybrid_model\evaluation\metrics.csv
2025-04-16 13:10:01,352 - __main__ - INFO - 生成視覺化結果...
2025-04-16 13:10:02,221 - src.utils.visualization - INFO - 圖像已保存至: outputs/hybrid_model\evaluation\visualizations\prediction_vs_true.png
2025-04-16 13:10:02,873 - src.utils.visualization - INFO - 圖像已保存至: outputs/hybrid_model\evaluation\visualizations\delta_w_prediction.png
2025-04-16 13:10:03,617 - src.utils.visualization - INFO - 圖像已保存至: outputs/hybrid_model\evaluation\visualizations\physical_constraint.png
2025-04-16 13:10:03,625 - __main__ - INFO - 評估完成，結果已保存至: outputs/hybrid_model\evaluation
2025-04-16 13:10:03,627 - __main__ - INFO - 任務完成
