2025-04-13 23:29:25,829 - __main__ - INFO - 成功載入配置文件: configs/model_config.yaml
2025-04-13 23:29:25,853 - __main__ - INFO - 成功載入配置文件: configs/train_config.yaml
2025-04-13 23:29:25,856 - __main__ - INFO - 已設定隨機種子: 42
2025-04-13 23:29:25,857 - __main__ - INFO - 使用計算設備: cpu
2025-04-13 23:29:25,857 - __main__ - INFO - 輸出目錄: outputs\hybrid_20250413_232925
2025-04-13 23:29:25,859 - __main__ - INFO - 載入資料: data/raw/Training_data_warpage_final_20250321_v1.2.csv
2025-04-13 23:29:25,862 - src.data.preprocess - INFO - 成功載入資料檔案: data/raw/Training_data_warpage_final_20250321_v1.2.csv，共 81 筆資料，18 個欄位
2025-04-13 23:29:25,867 - src.data.preprocess - INFO - 標準化完成，特徵數量: 5
2025-04-13 23:29:25,867 - src.data.preprocess - INFO - 時間序列資料準備完成，形狀: (81, 4, 2)
2025-04-13 23:29:25,869 - src.data.preprocess - INFO - 資料分割完成 - 訓練集: 56 樣本, 驗證集: 12 樣本, 測試集: 13 樣本
2025-04-13 23:29:25,869 - src.data.preprocess - INFO - 完整資料處理流程完成
2025-04-13 23:29:25,869 - __main__ - INFO - 資料分割完成, 訓練集: 56 樣本, 驗證集: 12 樣本, 測試集: 13 樣本
2025-04-13 23:29:25,869 - __main__ - INFO - 應用資料增強...
2025-04-13 23:29:25,869 - src.data.dataset - INFO - 進行資料增強，原始訓練集大小: 56 樣本
2025-04-13 23:29:26,010 - src.data.dataset - INFO - 資料增強完成，增強後的訓練集大小: 626 樣本
2025-04-13 23:29:26,011 - __main__ - INFO - 資料增強完成，增強後的訓練集大小: 626 樣本
2025-04-13 23:29:26,033 - __main__ - INFO - 創建混合PINN-LSTM模型，使用物理約束: True，融合方法: weighted
2025-04-13 23:29:26,036 - src.data.dataset - INFO - 已創建資料載入器 - 訓練: 626 樣本, 驗證: 12 樣本, 測試: 13 樣本, 批次大小: 8
2025-04-13 23:29:27,847 - src.training.trainer - INFO - 創建adamw優化器，學習率: 0.002，權重衰減: 0.0005
2025-04-13 23:29:27,848 - src.training.losses - INFO - 初始化HybridLoss: lambda_physics=0.1, lambda_consistency=0.1, a=55.83, b=-2.259, log_space=True, l1_reg=0.0, l2_reg=0.001, delta_w_weight=1.5
2025-04-13 23:29:27,848 - src.training.losses - INFO - 初始化AdaptiveHybridLoss: physics權重從0.1增加到1.0, consistency權重從0.1增加到0.5, delta_w權重從1.5增加到3.0, 在40個輪次內達到最大值, 預熱輪次: 5, 調整方案: linear
2025-04-13 23:29:27,848 - src.training.trainer - WARNING - 不支援的學習率調度器類型: one_cycle，不使用學習率調度
2025-04-13 23:29:27,850 - src.training.callbacks - INFO - 初始化ModelCheckpoint: 保存目錄=outputs\hybrid_20250413_232925\HybridPINNLSTMModel_20250413_232927\checkpoints, 保存頻率=5, 只保存最佳=False, 監控指標=val_loss, 模式=min
2025-04-13 23:29:27,850 - src.training.callbacks - INFO - 初始化LossHistory: 保存路徑=outputs\hybrid_20250413_232925\HybridPINNLSTMModel_20250413_232927\history.json, 保存頻率=1
2025-04-13 23:29:27,853 - src.training.trainer - INFO - 初始化訓練器完成，模型: HybridPINNLSTMModel, 優化器: AdamW, 設備: cpu
2025-04-13 23:29:27,854 - __main__ - INFO - 開始訓練，總輪數: 250
2025-04-13 23:29:27,854 - src.training.trainer - INFO - 開始訓練，總輪數: 250
2025-04-13 23:29:30,601 - src.training.trainer - INFO - 輪次 1/250 - 訓練損失: 55650002961754472.000000 - 驗證損失: 1048.969467 - rmse: 1382.543701 - r2: -2.461809 - mae: 1163.438232 - 學習率: 0.002000 - 時間: 2.75秒
2025-04-13 23:29:30,624 - src.training.callbacks - INFO - 模型檢查點已保存至 outputs\hybrid_20250413_232925\HybridPINNLSTMModel_20250413_232927\checkpoints\HybridPINNLSTMModel_epoch_001.pt
2025-04-13 23:29:30,634 - src.training.trainer - INFO - 監控指標改善，模型已保存至 outputs\hybrid_20250413_232925\models\best_model.pt
2025-04-13 23:29:33,260 - src.training.trainer - INFO - 監控指標改善，模型已保存至 outputs\hybrid_20250413_232925\models\best_model.pt
2025-04-13 23:29:35,906 - src.training.trainer - INFO - 輪次 3/250 - 訓練損失: 75111638252.194977 - 驗證損失: 36.239139 - rmse: 1380.782959 - r2: -2.452997 - mae: 1159.228394 - 學習率: 0.002000 - 時間: 2.64秒
2025-04-13 23:29:35,916 - src.training.trainer - INFO - 監控指標改善，模型已保存至 outputs\hybrid_20250413_232925\models\best_model.pt
2025-04-13 23:29:38,568 - src.training.trainer - INFO - 監控指標改善，模型已保存至 outputs\hybrid_20250413_232925\models\best_model.pt
2025-04-13 23:29:41,300 - src.training.trainer - INFO - 輪次 5/250 - 訓練損失: 7654198115.817991 - 驗證損失: 22.915364 - rmse: 1385.149658 - r2: -2.474871 - mae: 1166.963501 - 學習率: 0.002000 - 時間: 2.73秒
2025-04-13 23:29:41,316 - src.training.trainer - INFO - 監控指標改善，模型已保存至 outputs\hybrid_20250413_232925\models\best_model.pt
2025-04-13 23:29:43,923 - src.training.callbacks - INFO - 模型檢查點已保存至 outputs\hybrid_20250413_232925\HybridPINNLSTMModel_20250413_232927\checkpoints\HybridPINNLSTMModel_epoch_006.pt
2025-04-13 23:29:43,933 - src.training.trainer - INFO - 監控指標改善，模型已保存至 outputs\hybrid_20250413_232925\models\best_model.pt
2025-04-13 23:29:46,672 - src.training.trainer - INFO - 輪次 7/250 - 訓練損失: 1037560714.660785 - 驗證損失: 17.440882 - rmse: 1350.002441 - r2: -2.300764 - mae: 1123.200317 - 學習率: 0.002000 - 時間: 2.74秒
2025-04-13 23:29:46,681 - src.training.trainer - INFO - 監控指標改善，模型已保存至 outputs\hybrid_20250413_232925\models\best_model.pt
2025-04-13 23:29:49,432 - src.training.trainer - INFO - 監控指標改善，模型已保存至 outputs\hybrid_20250413_232925\models\best_model.pt
2025-04-13 23:29:52,195 - src.training.trainer - INFO - 輪次 9/250 - 訓練損失: 1223.777829 - 驗證損失: 14.258295 - rmse: 1351.588379 - r2: -2.308523 - mae: 1095.140869 - 學習率: 0.002000 - 時間: 2.76秒
2025-04-13 23:29:52,206 - src.training.trainer - INFO - 監控指標改善，模型已保存至 outputs\hybrid_20250413_232925\models\best_model.pt
2025-04-13 23:29:55,574 - src.training.trainer - INFO - 監控指標改善，模型已保存至 outputs\hybrid_20250413_232925\models\best_model.pt
2025-04-13 23:29:58,560 - src.training.trainer - INFO - 輪次 11/250 - 訓練損失: 21842.397647 - 驗證損失: 11.386220 - rmse: 1392.085571 - r2: -2.509758 - mae: 1127.331909 - 學習率: 0.002000 - 時間: 2.99秒
2025-04-13 23:29:58,583 - src.training.callbacks - INFO - 模型檢查點已保存至 outputs\hybrid_20250413_232925\HybridPINNLSTMModel_20250413_232927\checkpoints\HybridPINNLSTMModel_epoch_011.pt
2025-04-13 23:29:58,592 - src.training.trainer - INFO - 監控指標改善，模型已保存至 outputs\hybrid_20250413_232925\models\best_model.pt
2025-04-13 23:30:02,014 - src.training.trainer - INFO - 監控指標改善，模型已保存至 outputs\hybrid_20250413_232925\models\best_model.pt
2025-04-13 23:30:05,295 - src.training.trainer - INFO - 輪次 13/250 - 訓練損失: 1224.236331 - 驗證損失: 15.774669 - rmse: 1378.201172 - r2: -2.440096 - mae: 1163.022827 - 學習率: 0.002000 - 時間: 3.28秒
2025-04-13 23:30:05,304 - src.training.trainer - INFO - 監控指標改善，模型已保存至 outputs\hybrid_20250413_232925\models\best_model.pt
2025-04-13 23:30:08,444 - src.training.trainer - INFO - 監控指標改善，模型已保存至 outputs\hybrid_20250413_232925\models\best_model.pt
2025-04-13 23:30:11,416 - src.training.trainer - INFO - 輪次 15/250 - 訓練損失: 145.245094 - 驗證損失: 11.910912 - rmse: 1359.559082 - r2: -2.347661 - mae: 1120.096313 - 學習率: 0.002000 - 時間: 2.97秒
2025-04-13 23:30:11,426 - src.training.trainer - INFO - 監控指標改善，模型已保存至 outputs\hybrid_20250413_232925\models\best_model.pt
2025-04-13 23:30:14,233 - src.training.callbacks - INFO - 模型檢查點已保存至 outputs\hybrid_20250413_232925\HybridPINNLSTMModel_20250413_232927\checkpoints\HybridPINNLSTMModel_epoch_016.pt
2025-04-13 23:30:14,249 - src.training.trainer - INFO - 監控指標改善，模型已保存至 outputs\hybrid_20250413_232925\models\best_model.pt
2025-04-13 23:30:18,229 - src.training.trainer - INFO - 輪次 17/250 - 訓練損失: 9.507230 - 驗證損失: 12.464428 - rmse: 1364.047485 - r2: -2.369802 - mae: 1146.700928 - 學習率: 0.002000 - 時間: 3.98秒
2025-04-13 23:30:18,241 - src.training.trainer - INFO - 監控指標改善，模型已保存至 outputs\hybrid_20250413_232925\models\best_model.pt
2025-04-13 23:30:21,724 - src.training.trainer - INFO - 監控指標改善，模型已保存至 outputs\hybrid_20250413_232925\models\best_model.pt
2025-04-13 23:30:24,951 - src.training.trainer - INFO - 輪次 19/250 - 訓練損失: 6.674945 - 驗證損失: 13.632601 - rmse: 1368.213989 - r2: -2.390419 - mae: 1155.535278 - 學習率: 0.002000 - 時間: 3.23秒
2025-04-13 23:30:24,965 - src.training.trainer - INFO - 監控指標改善，模型已保存至 outputs\hybrid_20250413_232925\models\best_model.pt
2025-04-13 23:30:28,502 - src.training.trainer - INFO - 監控指標改善，模型已保存至 outputs\hybrid_20250413_232925\models\best_model.pt
2025-04-13 23:30:32,087 - src.training.trainer - INFO - 輪次 21/250 - 訓練損失: 7.537310 - 驗證損失: 10.888207 - rmse: 1350.597412 - r2: -2.303674 - mae: 1106.017700 - 學習率: 0.002000 - 時間: 3.58秒
2025-04-13 23:30:32,120 - src.training.callbacks - INFO - 模型檢查點已保存至 outputs\hybrid_20250413_232925\HybridPINNLSTMModel_20250413_232927\checkpoints\HybridPINNLSTMModel_epoch_021.pt
2025-04-13 23:30:32,138 - src.training.trainer - INFO - 監控指標改善，模型已保存至 outputs\hybrid_20250413_232925\models\best_model.pt
2025-04-13 23:30:36,249 - src.training.trainer - INFO - 監控指標改善，模型已保存至 outputs\hybrid_20250413_232925\models\best_model.pt
2025-04-13 23:30:40,007 - src.training.trainer - INFO - 輪次 23/250 - 訓練損失: 8.755311 - 驗證損失: 9.585266 - rmse: 1354.553711 - r2: -2.323057 - mae: 1126.114136 - 學習率: 0.002000 - 時間: 3.76秒
2025-04-13 23:30:40,020 - src.training.trainer - INFO - 監控指標改善，模型已保存至 outputs\hybrid_20250413_232925\models\best_model.pt
2025-04-13 23:30:43,236 - src.training.trainer - INFO - 監控指標改善，模型已保存至 outputs\hybrid_20250413_232925\models\best_model.pt
2025-04-13 23:30:46,460 - src.training.trainer - INFO - 輪次 25/250 - 訓練損失: 7.450520 - 驗證損失: 9.353226 - rmse: 1353.826050 - r2: -2.319488 - mae: 1118.307373 - 學習率: 0.002000 - 時間: 3.22秒
2025-04-13 23:30:46,473 - src.training.trainer - INFO - 監控指標改善，模型已保存至 outputs\hybrid_20250413_232925\models\best_model.pt
2025-04-13 23:30:50,179 - src.training.callbacks - INFO - 模型檢查點已保存至 outputs\hybrid_20250413_232925\HybridPINNLSTMModel_20250413_232927\checkpoints\HybridPINNLSTMModel_epoch_026.pt
2025-04-13 23:30:50,196 - src.training.trainer - INFO - 監控指標改善，模型已保存至 outputs\hybrid_20250413_232925\models\best_model.pt
2025-04-13 23:30:53,463 - src.training.trainer - INFO - 輪次 27/250 - 訓練損失: 5.995157 - 驗證損失: 8.092500 - rmse: 1342.277588 - r2: -2.263097 - mae: 1100.965820 - 學習率: 0.002000 - 時間: 3.27秒
2025-04-13 23:30:53,477 - src.training.trainer - INFO - 監控指標改善，模型已保存至 outputs\hybrid_20250413_232925\models\best_model.pt
2025-04-13 23:30:56,531 - src.training.trainer - INFO - 監控指標改善，模型已保存至 outputs\hybrid_20250413_232925\models\best_model.pt
2025-04-13 23:30:59,700 - src.training.trainer - INFO - 輪次 29/250 - 訓練損失: 7.500231 - 驗證損失: 9.918431 - rmse: 1353.263062 - r2: -2.316727 - mae: 1124.174316 - 學習率: 0.002000 - 時間: 3.17秒
2025-04-13 23:30:59,717 - src.training.trainer - INFO - 監控指標改善，模型已保存至 outputs\hybrid_20250413_232925\models\best_model.pt
2025-04-13 23:31:03,020 - src.training.trainer - INFO - 監控指標改善，模型已保存至 outputs\hybrid_20250413_232925\models\best_model.pt
2025-04-13 23:31:06,197 - src.training.trainer - INFO - 輪次 31/250 - 訓練損失: 52.195211 - 驗證損失: 8.772201 - rmse: 1341.373657 - r2: -2.258704 - mae: 1099.096558 - 學習率: 0.002000 - 時間: 3.17秒
2025-04-13 23:31:06,225 - src.training.callbacks - INFO - 模型檢查點已保存至 outputs\hybrid_20250413_232925\HybridPINNLSTMModel_20250413_232927\checkpoints\HybridPINNLSTMModel_epoch_031.pt
2025-04-13 23:31:06,241 - src.training.trainer - INFO - 監控指標改善，模型已保存至 outputs\hybrid_20250413_232925\models\best_model.pt
2025-04-13 23:31:09,507 - src.training.trainer - INFO - 監控指標改善，模型已保存至 outputs\hybrid_20250413_232925\models\best_model.pt
2025-04-13 23:31:12,626 - src.training.trainer - INFO - 輪次 33/250 - 訓練損失: 71854.783179 - 驗證損失: 10.104500 - rmse: 1356.878906 - r2: -2.334476 - mae: 1134.350708 - 學習率: 0.002000 - 時間: 3.12秒
2025-04-13 23:31:12,640 - src.training.trainer - INFO - 監控指標改善，模型已保存至 outputs\hybrid_20250413_232925\models\best_model.pt
2025-04-13 23:31:16,038 - src.training.trainer - INFO - 監控指標改善，模型已保存至 outputs\hybrid_20250413_232925\models\best_model.pt
2025-04-13 23:31:19,221 - src.training.trainer - INFO - 輪次 35/250 - 訓練損失: 5.553758 - 驗證損失: 8.166364 - rmse: 1348.799927 - r2: -2.294886 - mae: 1115.439819 - 學習率: 0.002000 - 時間: 3.18秒
2025-04-13 23:31:19,240 - src.training.trainer - INFO - 監控指標改善，模型已保存至 outputs\hybrid_20250413_232925\models\best_model.pt
2025-04-13 23:31:22,367 - src.training.callbacks - INFO - 模型檢查點已保存至 outputs\hybrid_20250413_232925\HybridPINNLSTMModel_20250413_232927\checkpoints\HybridPINNLSTMModel_epoch_036.pt
2025-04-13 23:31:22,385 - src.training.trainer - INFO - 監控指標改善，模型已保存至 outputs\hybrid_20250413_232925\models\best_model.pt
2025-04-13 23:31:25,525 - src.training.trainer - INFO - 輪次 37/250 - 訓練損失: 5.653319 - 驗證損失: 5.849698 - rmse: 1299.194702 - r2: -2.056989 - mae: 1026.539429 - 學習率: 0.002000 - 時間: 3.14秒
2025-04-13 23:31:25,535 - src.training.trainer - INFO - 監控指標改善，模型已保存至 outputs\hybrid_20250413_232925\models\best_model.pt
2025-04-13 23:31:28,549 - src.training.trainer - INFO - 監控指標改善，模型已保存至 outputs\hybrid_20250413_232925\models\best_model.pt
2025-04-13 23:31:31,668 - src.training.trainer - INFO - 輪次 39/250 - 訓練損失: 5.048882 - 驗證損失: 7.939851 - rmse: 1337.105469 - r2: -2.237999 - mae: 1107.948242 - 學習率: 0.002000 - 時間: 3.12秒
2025-04-13 23:31:31,680 - src.training.trainer - INFO - 監控指標改善，模型已保存至 outputs\hybrid_20250413_232925\models\best_model.pt
2025-04-13 23:31:34,934 - src.training.trainer - INFO - 監控指標改善，模型已保存至 outputs\hybrid_20250413_232925\models\best_model.pt
2025-04-13 23:31:37,974 - src.training.trainer - INFO - 輪次 41/250 - 訓練損失: 3.012487 - 驗證損失: 6.374007 - rmse: 1298.793945 - r2: -2.055103 - mae: 1045.424316 - 學習率: 0.002000 - 時間: 3.04秒
2025-04-13 23:31:37,996 - src.training.callbacks - INFO - 模型檢查點已保存至 outputs\hybrid_20250413_232925\HybridPINNLSTMModel_20250413_232927\checkpoints\HybridPINNLSTMModel_epoch_041.pt
2025-04-13 23:31:38,014 - src.training.trainer - INFO - 監控指標改善，模型已保存至 outputs\hybrid_20250413_232925\models\best_model.pt
2025-04-13 23:31:41,144 - src.training.trainer - INFO - 監控指標改善，模型已保存至 outputs\hybrid_20250413_232925\models\best_model.pt
2025-04-13 23:31:44,511 - src.training.trainer - INFO - 輪次 43/250 - 訓練損失: 3.138559 - 驗證損失: 7.140281 - rmse: 1338.204102 - r2: -2.243322 - mae: 1114.766113 - 學習率: 0.002000 - 時間: 3.37秒
2025-04-13 23:31:44,523 - src.training.trainer - INFO - 監控指標改善，模型已保存至 outputs\hybrid_20250413_232925\models\best_model.pt
2025-04-13 23:31:47,741 - src.training.trainer - INFO - 監控指標改善，模型已保存至 outputs\hybrid_20250413_232925\models\best_model.pt
2025-04-13 23:31:50,952 - src.training.trainer - INFO - 輪次 45/250 - 訓練損失: 3.110995 - 驗證損失: 6.865104 - rmse: 1328.431885 - r2: -2.196126 - mae: 1091.748291 - 學習率: 0.002000 - 時間: 3.21秒
2025-04-13 23:31:50,967 - src.training.trainer - INFO - 監控指標改善，模型已保存至 outputs\hybrid_20250413_232925\models\best_model.pt
2025-04-13 23:31:54,132 - src.training.callbacks - INFO - 模型檢查點已保存至 outputs\hybrid_20250413_232925\HybridPINNLSTMModel_20250413_232927\checkpoints\HybridPINNLSTMModel_epoch_046.pt
2025-04-13 23:31:54,151 - src.training.trainer - INFO - 監控指標改善，模型已保存至 outputs\hybrid_20250413_232925\models\best_model.pt
2025-04-13 23:31:57,351 - src.training.trainer - INFO - 輪次 47/250 - 訓練損失: 2.474174 - 驗證損失: 6.666171 - rmse: 1324.889160 - r2: -2.179102 - mae: 1093.783081 - 學習率: 0.002000 - 時間: 3.20秒
2025-04-13 23:31:57,365 - src.training.trainer - INFO - 監控指標改善，模型已保存至 outputs\hybrid_20250413_232925\models\best_model.pt
2025-04-13 23:32:00,537 - src.training.trainer - INFO - 監控指標改善，模型已保存至 outputs\hybrid_20250413_232925\models\best_model.pt
2025-04-13 23:32:03,760 - src.training.trainer - INFO - 輪次 49/250 - 訓練損失: 2.543120 - 驗證損失: 7.495489 - rmse: 1345.517212 - r2: -2.278868 - mae: 1116.875488 - 學習率: 0.002000 - 時間: 3.22秒
2025-04-13 23:32:03,777 - src.training.trainer - INFO - 監控指標改善，模型已保存至 outputs\hybrid_20250413_232925\models\best_model.pt
2025-04-13 23:32:07,094 - src.training.trainer - INFO - 監控指標改善，模型已保存至 outputs\hybrid_20250413_232925\models\best_model.pt
2025-04-13 23:32:10,318 - src.training.trainer - INFO - 輪次 51/250 - 訓練損失: 2.524198 - 驗證損失: 6.678773 - rmse: 1329.479370 - r2: -2.201169 - mae: 1094.198975 - 學習率: 0.002000 - 時間: 3.22秒
2025-04-13 23:32:10,343 - src.training.callbacks - INFO - 模型檢查點已保存至 outputs\hybrid_20250413_232925\HybridPINNLSTMModel_20250413_232927\checkpoints\HybridPINNLSTMModel_epoch_051.pt
2025-04-13 23:32:10,347 - src.training.trainer - INFO - min模式下監控指標改善
2025-04-13 23:32:10,360 - src.training.trainer - INFO - 監控指標改善，模型已保存至 outputs\hybrid_20250413_232925\models\best_model.pt
2025-04-13 23:32:13,773 - src.training.trainer - INFO - 監控指標未改善，已連續 1 輪。最佳值: 6.678773, 當前值: 7.039618
2025-04-13 23:32:16,927 - src.training.trainer - INFO - 輪次 53/250 - 訓練損失: 2.445168 - 驗證損失: 6.522612 - rmse: 1335.210205 - r2: -2.228826 - mae: 1111.349976 - 學習率: 0.002000 - 時間: 3.15秒
2025-04-13 23:32:16,931 - src.training.trainer - INFO - min模式下監控指標改善, 從 6.678773 改善到 6.522612
2025-04-13 23:32:16,944 - src.training.trainer - INFO - 監控指標改善，模型已保存至 outputs\hybrid_20250413_232925\models\best_model.pt
2025-04-13 23:32:20,214 - src.training.trainer - INFO - 監控指標未改善，已連續 1 輪。最佳值: 6.522612, 當前值: 7.135248
2025-04-13 23:32:23,383 - src.training.trainer - INFO - 輪次 55/250 - 訓練損失: 2.143160 - 驗證損失: 6.482985 - rmse: 1333.992920 - r2: -2.222941 - mae: 1100.405273 - 學習率: 0.002000 - 時間: 3.17秒
2025-04-13 23:32:23,386 - src.training.trainer - INFO - min模式下監控指標改善, 從 6.522612 改善到 6.482985
2025-04-13 23:32:23,394 - src.training.trainer - INFO - 監控指標改善，模型已保存至 outputs\hybrid_20250413_232925\models\best_model.pt
2025-04-13 23:32:26,653 - src.training.callbacks - INFO - 模型檢查點已保存至 outputs\hybrid_20250413_232925\HybridPINNLSTMModel_20250413_232927\checkpoints\HybridPINNLSTMModel_epoch_056.pt
2025-04-13 23:32:26,657 - src.training.trainer - INFO - min模式下監控指標改善, 從 6.482985 改善到 5.358820
2025-04-13 23:32:26,667 - src.training.trainer - INFO - 監控指標改善，模型已保存至 outputs\hybrid_20250413_232925\models\best_model.pt
2025-04-13 23:32:29,830 - src.training.trainer - INFO - 輪次 57/250 - 訓練損失: 2.046046 - 驗證損失: 7.040361 - rmse: 1334.267578 - r2: -2.224269 - mae: 1092.747437 - 學習率: 0.002000 - 時間: 3.16秒
2025-04-13 23:32:29,834 - src.training.trainer - INFO - 監控指標未改善，已連續 1 輪。最佳值: 5.358820, 當前值: 7.040361
2025-04-13 23:32:32,959 - src.training.trainer - INFO - min模式下監控指標改善, 從 5.358820 改善到 5.010501
2025-04-13 23:32:32,968 - src.training.trainer - INFO - 監控指標改善，模型已保存至 outputs\hybrid_20250413_232925\models\best_model.pt
2025-04-13 23:32:36,097 - src.training.trainer - INFO - 輪次 59/250 - 訓練損失: 1.909189 - 驗證損失: 6.447755 - rmse: 1335.595703 - r2: -2.230691 - mae: 1104.682495 - 學習率: 0.002000 - 時間: 3.13秒
2025-04-13 23:32:36,100 - src.training.trainer - INFO - 監控指標未改善，已連續 1 輪。最佳值: 5.010501, 當前值: 6.447755
2025-04-13 23:32:39,075 - src.training.trainer - INFO - 監控指標未改善，已連續 2 輪。最佳值: 5.010501, 當前值: 5.231243
2025-04-13 23:32:42,166 - src.training.trainer - INFO - 輪次 61/250 - 訓練損失: 1.869176 - 驗證損失: 6.495301 - rmse: 1332.138672 - r2: -2.213988 - mae: 1098.835815 - 學習率: 0.002000 - 時間: 3.09秒
2025-04-13 23:32:42,196 - src.training.callbacks - INFO - 模型檢查點已保存至 outputs\hybrid_20250413_232925\HybridPINNLSTMModel_20250413_232927\checkpoints\HybridPINNLSTMModel_epoch_061.pt
2025-04-13 23:32:42,201 - src.training.trainer - INFO - 監控指標未改善，已連續 3 輪。最佳值: 5.010501, 當前值: 6.495301
2025-04-13 23:32:45,534 - src.training.trainer - INFO - min模式下監控指標改善, 從 5.010501 改善到 4.910972
2025-04-13 23:32:45,546 - src.training.trainer - INFO - 監控指標改善，模型已保存至 outputs\hybrid_20250413_232925\models\best_model.pt
2025-04-13 23:32:48,741 - src.training.trainer - INFO - 輪次 63/250 - 訓練損失: 1.731081 - 驗證損失: 5.826606 - rmse: 1326.888672 - r2: -2.188705 - mae: 1098.151001 - 學習率: 0.002000 - 時間: 3.20秒
2025-04-13 23:32:48,744 - src.training.trainer - INFO - 監控指標未改善，已連續 1 輪。最佳值: 4.910972, 當前值: 5.826606
2025-04-13 23:32:52,018 - src.training.trainer - INFO - 監控指標未改善，已連續 2 輪。最佳值: 4.910972, 當前值: 5.904984
2025-04-13 23:32:55,125 - src.training.trainer - INFO - 輪次 65/250 - 訓練損失: 1.608393 - 驗證損失: 5.119024 - rmse: 1305.495728 - r2: -2.086713 - mae: 1039.884033 - 學習率: 0.002000 - 時間: 3.11秒
2025-04-13 23:32:55,128 - src.training.trainer - INFO - 監控指標未改善，已連續 3 輪。最佳值: 4.910972, 當前值: 5.119024
2025-04-13 23:32:58,288 - src.training.callbacks - INFO - 模型檢查點已保存至 outputs\hybrid_20250413_232925\HybridPINNLSTMModel_20250413_232927\checkpoints\HybridPINNLSTMModel_epoch_066.pt
2025-04-13 23:32:58,292 - src.training.trainer - INFO - 監控指標未改善，已連續 4 輪。最佳值: 4.910972, 當前值: 6.058651
2025-04-13 23:33:01,379 - src.training.trainer - INFO - 輪次 67/250 - 訓練損失: 1.557341 - 驗證損失: 5.936747 - rmse: 1327.350952 - r2: -2.190927 - mae: 1091.824829 - 學習率: 0.002000 - 時間: 3.09秒
2025-04-13 23:33:01,385 - src.training.trainer - INFO - 監控指標未改善，已連續 5 輪。最佳值: 4.910972, 當前值: 5.936747
2025-04-13 23:33:01,385 - src.training.trainer - INFO - 檢測到訓練停滯，嘗試重啟訓練...
2025-04-13 23:33:04,552 - src.training.trainer - INFO - 監控指標未改善，已連續 4 輪。最佳值: 4.910972, 當前值: 6.249077
2025-04-13 23:33:07,796 - src.training.trainer - INFO - 輪次 69/250 - 訓練損失: 1.467859 - 驗證損失: 5.747088 - rmse: 1318.895630 - r2: -2.150404 - mae: 1072.861938 - 學習率: 0.002000 - 時間: 3.24秒
2025-04-13 23:33:07,800 - src.training.trainer - INFO - 監控指標未改善，已連續 5 輪。最佳值: 4.910972, 當前值: 5.747088
2025-04-13 23:33:10,838 - src.training.trainer - INFO - 監控指標未改善，已連續 6 輪。最佳值: 4.910972, 當前值: 5.470548
2025-04-13 23:33:14,019 - src.training.trainer - INFO - 輪次 71/250 - 訓練損失: 1.608332 - 驗證損失: 4.892970 - rmse: 1313.550537 - r2: -2.124920 - mae: 1070.855103 - 學習率: 0.002000 - 時間: 3.18秒
2025-04-13 23:33:14,046 - src.training.callbacks - INFO - 模型檢查點已保存至 outputs\hybrid_20250413_232925\HybridPINNLSTMModel_20250413_232927\checkpoints\HybridPINNLSTMModel_epoch_071.pt
2025-04-13 23:33:14,050 - src.training.trainer - INFO - min模式下監控指標改善, 從 4.910972 改善到 4.892970
2025-04-13 23:33:14,057 - src.training.trainer - INFO - 監控指標改善，模型已保存至 outputs\hybrid_20250413_232925\models\best_model.pt
2025-04-13 23:33:17,293 - src.training.trainer - INFO - 監控指標未改善，已連續 1 輪。最佳值: 4.892970, 當前值: 5.409484
2025-04-13 23:33:20,874 - src.training.trainer - INFO - 輪次 73/250 - 訓練損失: 1.373491 - 驗證損失: 4.809011 - rmse: 1305.371948 - r2: -2.086128 - mae: 1065.297607 - 學習率: 0.002000 - 時間: 3.58秒
2025-04-13 23:33:20,877 - src.training.trainer - INFO - min模式下監控指標改善, 從 4.892970 改善到 4.809011
2025-04-13 23:33:20,885 - src.training.trainer - INFO - 監控指標改善，模型已保存至 outputs\hybrid_20250413_232925\models\best_model.pt
2025-04-13 23:33:24,223 - src.training.trainer - INFO - 監控指標未改善，已連續 1 輪。最佳值: 4.809011, 當前值: 5.696642
2025-04-13 23:33:27,401 - src.training.trainer - INFO - 輪次 75/250 - 訓練損失: 1.300668 - 驗證損失: 5.856521 - rmse: 1332.313599 - r2: -2.214832 - mae: 1092.396484 - 學習率: 0.002000 - 時間: 3.18秒
2025-04-13 23:33:27,408 - src.training.trainer - INFO - 監控指標未改善，已連續 2 輪。最佳值: 4.809011, 當前值: 5.856521
2025-04-13 23:33:30,677 - src.training.callbacks - INFO - 模型檢查點已保存至 outputs\hybrid_20250413_232925\HybridPINNLSTMModel_20250413_232927\checkpoints\HybridPINNLSTMModel_epoch_076.pt
2025-04-13 23:33:30,681 - src.training.trainer - INFO - 監控指標未改善，已連續 3 輪。最佳值: 4.809011, 當前值: 5.846266
2025-04-13 23:33:35,027 - src.training.trainer - INFO - 輪次 77/250 - 訓練損失: 1.347853 - 驗證損失: 4.950610 - rmse: 1312.419556 - r2: -2.119541 - mae: 1056.888062 - 學習率: 0.002000 - 時間: 4.35秒
2025-04-13 23:33:35,033 - src.training.trainer - INFO - 監控指標未改善，已連續 4 輪。最佳值: 4.809011, 當前值: 4.950610
2025-04-13 23:33:38,593 - src.training.trainer - INFO - min模式下監控指標改善, 從 4.809011 改善到 4.539685
2025-04-13 23:33:38,606 - src.training.trainer - INFO - 監控指標改善，模型已保存至 outputs\hybrid_20250413_232925\models\best_model.pt
2025-04-13 23:33:41,805 - src.training.trainer - INFO - 輪次 79/250 - 訓練損失: 1.188935 - 驗證損失: 5.588480 - rmse: 1325.738892 - r2: -2.183181 - mae: 1087.812744 - 學習率: 0.002000 - 時間: 3.20秒
2025-04-13 23:33:41,809 - src.training.trainer - INFO - 監控指標未改善，已連續 1 輪。最佳值: 4.539685, 當前值: 5.588480
2025-04-13 23:33:44,810 - src.training.trainer - INFO - min模式下監控指標改善, 從 4.539685 改善到 4.508165
2025-04-13 23:33:44,819 - src.training.trainer - INFO - 監控指標改善，模型已保存至 outputs\hybrid_20250413_232925\models\best_model.pt
2025-04-13 23:33:47,822 - src.training.trainer - INFO - 輪次 81/250 - 訓練損失: 1.177558 - 驗證損失: 8.248927 - rmse: 1361.085327 - r2: -2.355182 - mae: 1125.679810 - 學習率: 0.002000 - 時間: 3.00秒
2025-04-13 23:33:47,848 - src.training.callbacks - INFO - 模型檢查點已保存至 outputs\hybrid_20250413_232925\HybridPINNLSTMModel_20250413_232927\checkpoints\HybridPINNLSTMModel_epoch_081.pt
2025-04-13 23:33:47,854 - src.training.trainer - INFO - 監控指標未改善，已連續 1 輪。最佳值: 4.508165, 當前值: 8.248927
2025-04-13 23:33:50,768 - src.training.trainer - INFO - min模式下監控指標改善, 從 4.508165 改善到 4.476751
2025-04-13 23:33:50,780 - src.training.trainer - INFO - 監控指標改善，模型已保存至 outputs\hybrid_20250413_232925\models\best_model.pt
2025-04-13 23:33:53,713 - src.training.trainer - INFO - 輪次 83/250 - 訓練損失: 1.211528 - 驗證損失: 4.827555 - rmse: 1312.382690 - r2: -2.119366 - mae: 1071.141724 - 學習率: 0.002000 - 時間: 2.93秒
2025-04-13 23:33:53,718 - src.training.trainer - INFO - 監控指標未改善，已連續 1 輪。最佳值: 4.476751, 當前值: 4.827555
2025-04-13 23:33:56,768 - src.training.trainer - INFO - 監控指標未改善，已連續 2 輪。最佳值: 4.476751, 當前值: 4.513953
2025-04-13 23:33:59,835 - src.training.trainer - INFO - 輪次 85/250 - 訓練損失: 1.107192 - 驗證損失: 4.014871 - rmse: 1285.895508 - r2: -1.994723 - mae: 1037.216675 - 學習率: 0.002000 - 時間: 3.07秒
2025-04-13 23:33:59,841 - src.training.trainer - INFO - min模式下監控指標改善, 從 4.476751 改善到 4.014871
2025-04-13 23:33:59,851 - src.training.trainer - INFO - 監控指標改善，模型已保存至 outputs\hybrid_20250413_232925\models\best_model.pt
2025-04-13 23:34:03,036 - src.training.callbacks - INFO - 模型檢查點已保存至 outputs\hybrid_20250413_232925\HybridPINNLSTMModel_20250413_232927\checkpoints\HybridPINNLSTMModel_epoch_086.pt
2025-04-13 23:34:03,042 - src.training.trainer - INFO - 監控指標未改善，已連續 1 輪。最佳值: 4.014871, 當前值: 5.525785
2025-04-13 23:34:06,921 - src.training.trainer - INFO - 輪次 87/250 - 訓練損失: 1.074909 - 驗證損失: 5.214384 - rmse: 1320.908569 - r2: -2.160027 - mae: 1079.354370 - 學習率: 0.002000 - 時間: 3.88秒
2025-04-13 23:34:06,925 - src.training.trainer - INFO - 監控指標未改善，已連續 2 輪。最佳值: 4.014871, 當前值: 5.214384
2025-04-13 23:34:10,689 - src.training.trainer - INFO - 監控指標未改善，已連續 3 輪。最佳值: 4.014871, 當前值: 5.241478
2025-04-13 23:34:14,423 - src.training.trainer - INFO - 輪次 89/250 - 訓練損失: 1.099580 - 驗證損失: 4.510940 - rmse: 1306.545410 - r2: -2.091679 - mae: 1064.505737 - 學習率: 0.002000 - 時間: 3.73秒
2025-04-13 23:34:14,427 - src.training.trainer - INFO - 監控指標未改善，已連續 4 輪。最佳值: 4.014871, 當前值: 4.510940
2025-04-13 23:34:17,815 - src.training.trainer - INFO - 監控指標未改善，已連續 5 輪。最佳值: 4.014871, 當前值: 5.231734
2025-04-13 23:34:17,816 - src.training.trainer - INFO - 檢測到訓練停滯，嘗試重啟訓練...
2025-04-13 23:34:21,043 - src.training.trainer - INFO - 輪次 91/250 - 訓練損失: 0.998330 - 驗證損失: 3.714093 - rmse: 1283.233032 - r2: -1.982335 - mae: 1030.627563 - 學習率: 0.002000 - 時間: 3.23秒
2025-04-13 23:34:21,069 - src.training.callbacks - INFO - 模型檢查點已保存至 outputs\hybrid_20250413_232925\HybridPINNLSTMModel_20250413_232927\checkpoints\HybridPINNLSTMModel_epoch_091.pt
2025-04-13 23:34:21,073 - src.training.trainer - INFO - min模式下監控指標改善, 從 4.014871 改善到 3.714093
2025-04-13 23:34:21,086 - src.training.trainer - INFO - 監控指標改善，模型已保存至 outputs\hybrid_20250413_232925\models\best_model.pt
2025-04-13 23:34:24,441 - src.training.trainer - INFO - 監控指標未改善，已連續 1 輪。最佳值: 3.714093, 當前值: 4.602482
2025-04-13 23:34:27,735 - src.training.trainer - INFO - 輪次 93/250 - 訓練損失: 1.007628 - 驗證損失: 4.282097 - rmse: 1300.643921 - r2: -2.063812 - mae: 1058.546753 - 學習率: 0.002000 - 時間: 3.29秒
2025-04-13 23:34:27,737 - src.training.trainer - INFO - 監控指標未改善，已連續 2 輪。最佳值: 3.714093, 當前值: 4.282097
2025-04-13 23:34:30,918 - src.training.trainer - INFO - 監控指標未改善，已連續 3 輪。最佳值: 3.714093, 當前值: 4.408905
2025-04-13 23:34:34,118 - src.training.trainer - INFO - 輪次 95/250 - 訓練損失: 0.978967 - 驗證損失: 3.962082 - rmse: 1288.212524 - r2: -2.005525 - mae: 1039.024048 - 學習率: 0.002000 - 時間: 3.20秒
2025-04-13 23:34:34,125 - src.training.trainer - INFO - 監控指標未改善，已連續 4 輪。最佳值: 3.714093, 當前值: 3.962082
2025-04-13 23:34:37,288 - src.training.callbacks - INFO - 模型檢查點已保存至 outputs\hybrid_20250413_232925\HybridPINNLSTMModel_20250413_232927\checkpoints\HybridPINNLSTMModel_epoch_096.pt
2025-04-13 23:34:37,293 - src.training.trainer - INFO - 監控指標未改善，已連續 5 輪。最佳值: 3.714093, 當前值: 6.183654
2025-04-13 23:34:37,293 - src.training.trainer - INFO - 檢測到訓練停滯，嘗試重啟訓練...
2025-04-13 23:34:40,439 - src.training.trainer - INFO - 輪次 97/250 - 訓練損失: 1.019173 - 驗證損失: 4.319311 - rmse: 1307.133911 - r2: -2.094465 - mae: 1067.577515 - 學習率: 0.002000 - 時間: 3.15秒
2025-04-13 23:34:40,444 - src.training.trainer - INFO - 監控指標未改善，已連續 4 輪。最佳值: 3.714093, 當前值: 4.319311
2025-04-13 23:34:43,589 - src.training.trainer - INFO - 監控指標未改善，已連續 5 輪。最佳值: 3.714093, 當前值: 4.335440
2025-04-13 23:34:46,736 - src.training.trainer - INFO - 輪次 99/250 - 訓練損失: 0.938076 - 驗證損失: 4.561111 - rmse: 1310.535522 - r2: -2.110591 - mae: 1068.608765 - 學習率: 0.002000 - 時間: 3.15秒
2025-04-13 23:34:46,741 - src.training.trainer - INFO - 監控指標未改善，已連續 6 輪。最佳值: 3.714093, 當前值: 4.561111
2025-04-13 23:34:50,189 - src.training.trainer - INFO - 監控指標未改善，已連續 7 輪。最佳值: 3.714093, 當前值: 3.885139
2025-04-13 23:34:53,311 - src.training.trainer - INFO - 輪次 101/250 - 訓練損失: 0.891531 - 驗證損失: 4.885946 - rmse: 1316.248535 - r2: -2.137770 - mae: 1061.852173 - 學習率: 0.002000 - 時間: 3.12秒
2025-04-13 23:34:53,336 - src.training.callbacks - INFO - 模型檢查點已保存至 outputs\hybrid_20250413_232925\HybridPINNLSTMModel_20250413_232927\checkpoints\HybridPINNLSTMModel_epoch_101.pt
2025-04-13 23:34:53,341 - src.training.trainer - INFO - 監控指標未改善，已連續 8 輪。最佳值: 3.714093, 當前值: 4.885946
2025-04-13 23:34:53,341 - src.training.trainer - INFO - 檢測到訓練停滯，嘗試重啟訓練...
2025-04-13 23:34:56,462 - src.training.trainer - INFO - min模式下監控指標改善, 從 3.714093 改善到 3.432248
2025-04-13 23:34:56,475 - src.training.trainer - INFO - 監控指標改善，模型已保存至 outputs\hybrid_20250413_232925\models\best_model.pt
2025-04-13 23:34:59,774 - src.training.trainer - INFO - 輪次 103/250 - 訓練損失: 0.874965 - 驗證損失: 5.147749 - rmse: 1322.987427 - r2: -2.169982 - mae: 1082.965698 - 學習率: 0.002000 - 時間: 3.30秒
2025-04-13 23:34:59,783 - src.training.trainer - INFO - 監控指標未改善，已連續 1 輪。最佳值: 3.432248, 當前值: 5.147749
2025-04-13 23:35:02,920 - src.training.trainer - INFO - 監控指標未改善，已連續 2 輪。最佳值: 3.432248, 當前值: 4.204757
2025-04-13 23:35:06,130 - src.training.trainer - INFO - 輪次 105/250 - 訓練損失: 0.856784 - 驗證損失: 5.684086 - rmse: 1327.686523 - r2: -2.192540 - mae: 1079.893677 - 學習率: 0.002000 - 時間: 3.21秒
2025-04-13 23:35:06,133 - src.training.trainer - INFO - 監控指標未改善，已連續 3 輪。最佳值: 3.432248, 當前值: 5.684086
2025-04-13 23:35:09,274 - src.training.callbacks - INFO - 模型檢查點已保存至 outputs\hybrid_20250413_232925\HybridPINNLSTMModel_20250413_232927\checkpoints\HybridPINNLSTMModel_epoch_106.pt
2025-04-13 23:35:09,281 - src.training.trainer - INFO - 監控指標未改善，已連續 4 輪。最佳值: 3.432248, 當前值: 4.277237
2025-04-13 23:35:12,442 - src.training.trainer - INFO - 輪次 107/250 - 訓練損失: 0.900699 - 驗證損失: 4.172469 - rmse: 1304.918213 - r2: -2.083983 - mae: 1057.538452 - 學習率: 0.002000 - 時間: 3.16秒
2025-04-13 23:35:12,447 - src.training.trainer - INFO - 監控指標未改善，已連續 5 輪。最佳值: 3.432248, 當前值: 4.172469
2025-04-13 23:35:12,447 - src.training.trainer - INFO - 檢測到訓練停滯，嘗試重啟訓練...
2025-04-13 23:35:15,505 - src.training.trainer - INFO - 監控指標未改善，已連續 4 輪。最佳值: 3.432248, 當前值: 3.593609
2025-04-13 23:35:18,779 - src.training.trainer - INFO - 輪次 109/250 - 訓練損失: 0.770555 - 驗證損失: 4.091205 - rmse: 1291.010742 - r2: -2.018597 - mae: 1036.118164 - 學習率: 0.002000 - 時間: 3.27秒
2025-04-13 23:35:18,784 - src.training.trainer - INFO - 監控指標未改善，已連續 5 輪。最佳值: 3.432248, 當前值: 4.091205
2025-04-13 23:35:22,014 - src.training.trainer - INFO - min模式下監控指標改善, 從 3.432248 改善到 2.630773
2025-04-13 23:35:22,030 - src.training.trainer - INFO - 監控指標改善，模型已保存至 outputs\hybrid_20250413_232925\models\best_model.pt
2025-04-13 23:35:25,112 - src.training.trainer - INFO - 輪次 111/250 - 訓練損失: 0.790433 - 驗證損失: 4.054052 - rmse: 1300.813599 - r2: -2.064612 - mae: 1066.425659 - 學習率: 0.002000 - 時間: 3.08秒
2025-04-13 23:35:25,138 - src.training.callbacks - INFO - 模型檢查點已保存至 outputs\hybrid_20250413_232925\HybridPINNLSTMModel_20250413_232927\checkpoints\HybridPINNLSTMModel_epoch_111.pt
2025-04-13 23:35:25,144 - src.training.trainer - INFO - 監控指標未改善，已連續 1 輪。最佳值: 2.630773, 當前值: 4.054052
2025-04-13 23:35:28,478 - src.training.trainer - INFO - 監控指標未改善，已連續 2 輪。最佳值: 2.630773, 當前值: 5.568852
2025-04-13 23:35:31,486 - src.training.trainer - INFO - 輪次 113/250 - 訓練損失: 0.782622 - 驗證損失: 3.679566 - rmse: 1279.463379 - r2: -1.964839 - mae: 1027.789673 - 學習率: 0.002000 - 時間: 3.01秒
2025-04-13 23:35:31,492 - src.training.trainer - INFO - 監控指標未改善，已連續 3 輪。最佳值: 2.630773, 當前值: 3.679566
2025-04-13 23:35:34,748 - src.training.trainer - INFO - min模式下監控指標改善, 從 2.630773 改善到 2.357128
2025-04-13 23:35:34,758 - src.training.trainer - INFO - 監控指標改善，模型已保存至 outputs\hybrid_20250413_232925\models\best_model.pt
2025-04-13 23:35:38,073 - src.training.trainer - INFO - 輪次 115/250 - 訓練損失: 0.762678 - 驗證損失: 5.110121 - rmse: 1323.891602 - r2: -2.174317 - mae: 1079.857300 - 學習率: 0.002000 - 時間: 3.31秒
2025-04-13 23:35:38,079 - src.training.trainer - INFO - 監控指標未改善，已連續 1 輪。最佳值: 2.357128, 當前值: 5.110121
2025-04-13 23:35:41,213 - src.training.callbacks - INFO - 模型檢查點已保存至 outputs\hybrid_20250413_232925\HybridPINNLSTMModel_20250413_232927\checkpoints\HybridPINNLSTMModel_epoch_116.pt
2025-04-13 23:35:41,220 - src.training.trainer - INFO - 監控指標未改善，已連續 2 輪。最佳值: 2.357128, 當前值: 2.966839
2025-04-13 23:35:44,456 - src.training.trainer - INFO - 輪次 117/250 - 訓練損失: 0.768252 - 驗證損失: 2.710827 - rmse: 1233.279663 - r2: -1.754663 - mae: 954.150574 - 學習率: 0.002000 - 時間: 3.24秒
2025-04-13 23:35:44,461 - src.training.trainer - INFO - 監控指標未改善，已連續 3 輪。最佳值: 2.357128, 當前值: 2.710827
2025-04-13 23:35:47,582 - src.training.trainer - INFO - 監控指標未改善，已連續 4 輪。最佳值: 2.357128, 當前值: 4.977869
2025-04-13 23:35:50,653 - src.training.trainer - INFO - 輪次 119/250 - 訓練損失: 0.731731 - 驗證損失: 4.697513 - rmse: 1320.162720 - r2: -2.156460 - mae: 1086.805664 - 學習率: 0.002000 - 時間: 3.07秒
2025-04-13 23:35:50,660 - src.training.trainer - INFO - 監控指標未改善，已連續 5 輪。最佳值: 2.357128, 當前值: 4.697513
2025-04-13 23:35:50,660 - src.training.trainer - INFO - 檢測到訓練停滯，嘗試重啟訓練...
2025-04-13 23:35:53,907 - src.training.trainer - INFO - 監控指標未改善，已連續 4 輪。最佳值: 2.357128, 當前值: 4.568465
2025-04-13 23:35:57,065 - src.training.trainer - INFO - 輪次 121/250 - 訓練損失: 0.778560 - 驗證損失: 3.338142 - rmse: 1263.813110 - r2: -1.892751 - mae: 999.289490 - 學習率: 0.002000 - 時間: 3.16秒
2025-04-13 23:35:57,099 - src.training.callbacks - INFO - 模型檢查點已保存至 outputs\hybrid_20250413_232925\HybridPINNLSTMModel_20250413_232927\checkpoints\HybridPINNLSTMModel_epoch_121.pt
2025-04-13 23:35:57,113 - src.training.trainer - INFO - 監控指標未改善，已連續 5 輪。最佳值: 2.357128, 當前值: 3.338142
2025-04-13 23:36:00,335 - src.training.trainer - INFO - 監控指標未改善，已連續 6 輪。最佳值: 2.357128, 當前值: 3.552985
2025-04-13 23:36:03,540 - src.training.trainer - INFO - 輪次 123/250 - 訓練損失: 0.694766 - 驗證損失: 3.435086 - rmse: 1277.240112 - r2: -1.954544 - mae: 1023.643127 - 學習率: 0.002000 - 時間: 3.21秒
2025-04-13 23:36:03,546 - src.training.trainer - INFO - 監控指標未改善，已連續 7 輪。最佳值: 2.357128, 當前值: 3.435086
2025-04-13 23:36:06,741 - src.training.trainer - INFO - 監控指標未改善，已連續 8 輪。最佳值: 2.357128, 當前值: 4.542326
2025-04-13 23:36:06,741 - src.training.trainer - INFO - 檢測到訓練停滯，嘗試重啟訓練...
2025-04-13 23:36:10,024 - src.training.trainer - INFO - 輪次 125/250 - 訓練損失: 0.737375 - 驗證損失: 2.748682 - rmse: 1216.423584 - r2: -1.679878 - mae: 930.967224 - 學習率: 0.002000 - 時間: 3.28秒
2025-04-13 23:36:10,030 - src.training.trainer - INFO - 監控指標未改善，已連續 7 輪。最佳值: 2.357128, 當前值: 2.748682
2025-04-13 23:36:13,843 - src.training.callbacks - INFO - 模型檢查點已保存至 outputs\hybrid_20250413_232925\HybridPINNLSTMModel_20250413_232927\checkpoints\HybridPINNLSTMModel_epoch_126.pt
2025-04-13 23:36:13,847 - src.training.trainer - INFO - 監控指標未改善，已連續 8 輪。最佳值: 2.357128, 當前值: 5.028720
2025-04-13 23:36:17,501 - src.training.trainer - INFO - 輪次 127/250 - 訓練損失: 0.710294 - 驗證損失: 4.333561 - rmse: 1301.548828 - r2: -2.068077 - mae: 1048.047729 - 學習率: 0.002000 - 時間: 3.65秒
2025-04-13 23:36:17,508 - src.training.trainer - INFO - 監控指標未改善，已連續 9 輪。最佳值: 2.357128, 當前值: 4.333561
2025-04-13 23:36:20,895 - src.training.trainer - INFO - 監控指標未改善，已連續 10 輪。最佳值: 2.357128, 當前值: 4.105420
2025-04-13 23:36:23,508 - src.training.trainer - INFO - 輪次 129/250 - 訓練損失: 0.724345 - 驗證損失: 5.347018 - rmse: 1330.234009 - r2: -2.204803 - mae: 1091.797363 - 學習率: 0.002000 - 時間: 2.61秒
2025-04-13 23:36:23,513 - src.training.trainer - INFO - 監控指標未改善，已連續 11 輪。最佳值: 2.357128, 當前值: 5.347018
2025-04-13 23:36:23,514 - src.training.trainer - INFO - 檢測到訓練停滯，嘗試重啟訓練...
2025-04-13 23:36:26,582 - src.training.trainer - INFO - 監控指標未改善，已連續 10 輪。最佳值: 2.357128, 當前值: 3.398459
2025-04-13 23:36:30,164 - src.training.trainer - INFO - 輪次 131/250 - 訓練損失: 0.700646 - 驗證損失: 4.858727 - rmse: 1300.366455 - r2: -2.062505 - mae: 1024.998169 - 學習率: 0.002000 - 時間: 3.58秒
2025-04-13 23:36:30,197 - src.training.callbacks - INFO - 模型檢查點已保存至 outputs\hybrid_20250413_232925\HybridPINNLSTMModel_20250413_232927\checkpoints\HybridPINNLSTMModel_epoch_131.pt
2025-04-13 23:36:30,205 - src.training.trainer - INFO - 監控指標未改善，已連續 11 輪。最佳值: 2.357128, 當前值: 4.858727
2025-04-13 23:36:33,333 - src.training.trainer - INFO - 監控指標未改善，已連續 12 輪。最佳值: 2.357128, 當前值: 3.716080
2025-04-13 23:36:36,028 - src.training.trainer - INFO - 輪次 133/250 - 訓練損失: 0.721930 - 驗證損失: 5.361908 - rmse: 1327.669434 - r2: -2.192459 - mae: 1090.846680 - 學習率: 0.002000 - 時間: 2.69秒
2025-04-13 23:36:36,039 - src.training.trainer - INFO - 監控指標未改善，已連續 13 輪。最佳值: 2.357128, 當前值: 5.361908
2025-04-13 23:36:39,207 - src.training.trainer - INFO - 監控指標未改善，已連續 14 輪。最佳值: 2.357128, 當前值: 4.955475
2025-04-13 23:36:39,207 - src.training.trainer - INFO - 檢測到訓練停滯，嘗試重啟訓練...
2025-04-13 23:36:42,131 - src.training.trainer - INFO - 輪次 135/250 - 訓練損失: 0.677464 - 驗證損失: 4.087532 - rmse: 1301.809692 - r2: -2.069307 - mae: 1058.126343 - 學習率: 0.002000 - 時間: 2.92秒
2025-04-13 23:36:42,135 - src.training.trainer - INFO - 監控指標未改善，已連續 13 輪。最佳值: 2.357128, 當前值: 4.087532
2025-04-13 23:36:45,731 - src.training.callbacks - INFO - 模型檢查點已保存至 outputs\hybrid_20250413_232925\HybridPINNLSTMModel_20250413_232927\checkpoints\HybridPINNLSTMModel_epoch_136.pt
2025-04-13 23:36:45,736 - src.training.trainer - INFO - 監控指標未改善，已連續 14 輪。最佳值: 2.357128, 當前值: 3.865048
2025-04-13 23:36:48,623 - src.training.trainer - INFO - 輪次 137/250 - 訓練損失: 0.708933 - 驗證損失: 4.427608 - rmse: 1305.399170 - r2: -2.086257 - mae: 1056.852539 - 學習率: 0.002000 - 時間: 2.89秒
2025-04-13 23:36:48,626 - src.training.trainer - INFO - 監控指標未改善，已連續 15 輪。最佳值: 2.357128, 當前值: 4.427608
2025-04-13 23:36:51,714 - src.training.trainer - INFO - 監控指標未改善，已連續 16 輪。最佳值: 2.357128, 當前值: 5.345552
2025-04-13 23:36:54,605 - src.training.trainer - INFO - 輪次 139/250 - 訓練損失: 0.664275 - 驗證損失: 3.103072 - rmse: 1249.472656 - r2: -1.827475 - mae: 963.680481 - 學習率: 0.002000 - 時間: 2.89秒
2025-04-13 23:36:54,612 - src.training.trainer - INFO - 監控指標未改善，已連續 17 輪。最佳值: 2.357128, 當前值: 3.103072
2025-04-13 23:36:54,612 - src.training.trainer - INFO - 檢測到訓練停滯，嘗試重啟訓練...
2025-04-13 23:36:57,394 - src.training.trainer - INFO - 監控指標未改善，已連續 16 輪。最佳值: 2.357128, 當前值: 4.659010
2025-04-13 23:37:00,397 - src.training.trainer - INFO - 輪次 141/250 - 訓練損失: 0.717886 - 驗證損失: 4.839923 - rmse: 1319.501709 - r2: -2.153300 - mae: 1081.026245 - 學習率: 0.002000 - 時間: 3.00秒
2025-04-13 23:37:00,420 - src.training.callbacks - INFO - 模型檢查點已保存至 outputs\hybrid_20250413_232925\HybridPINNLSTMModel_20250413_232927\checkpoints\HybridPINNLSTMModel_epoch_141.pt
2025-04-13 23:37:00,428 - src.training.trainer - INFO - 監控指標未改善，已連續 17 輪。最佳值: 2.357128, 當前值: 4.839923
2025-04-13 23:37:03,258 - src.training.trainer - INFO - 監控指標未改善，已連續 18 輪。最佳值: 2.357128, 當前值: 4.849547
2025-04-13 23:37:06,135 - src.training.trainer - INFO - 輪次 143/250 - 訓練損失: 0.714421 - 驗證損失: 3.744362 - rmse: 1289.485962 - r2: -2.011470 - mae: 1040.479614 - 學習率: 0.002000 - 時間: 2.88秒
2025-04-13 23:37:06,143 - src.training.trainer - INFO - 監控指標未改善，已連續 19 輪。最佳值: 2.357128, 當前值: 3.744362
2025-04-13 23:37:09,005 - src.training.trainer - INFO - 監控指標未改善，已連續 20 輪。最佳值: 2.357128, 當前值: 5.291447
2025-04-13 23:37:09,005 - src.training.trainer - INFO - 檢測到訓練停滯，嘗試重啟訓練...
2025-04-13 23:37:11,838 - src.training.trainer - INFO - 輪次 145/250 - 訓練損失: 0.723719 - 驗證損失: 2.602250 - rmse: 1228.430420 - r2: -1.733043 - mae: 951.703796 - 學習率: 0.002000 - 時間: 2.83秒
2025-04-13 23:37:11,842 - src.training.trainer - INFO - 監控指標未改善，已連續 19 輪。最佳值: 2.357128, 當前值: 2.602250
2025-04-13 23:37:14,787 - src.training.callbacks - INFO - 模型檢查點已保存至 outputs\hybrid_20250413_232925\HybridPINNLSTMModel_20250413_232927\checkpoints\HybridPINNLSTMModel_epoch_146.pt
2025-04-13 23:37:14,794 - src.training.trainer - INFO - 監控指標未改善，已連續 20 輪。最佳值: 2.357128, 當前值: 3.154438
2025-04-13 23:37:17,605 - src.training.trainer - INFO - 輪次 147/250 - 訓練損失: 0.686516 - 驗證損失: 4.344278 - rmse: 1305.524902 - r2: -2.086851 - mae: 1056.866333 - 學習率: 0.002000 - 時間: 2.81秒
2025-04-13 23:37:17,609 - src.training.trainer - INFO - 監控指標未改善，已連續 21 輪。最佳值: 2.357128, 當前值: 4.344278
2025-04-13 23:37:20,455 - src.training.trainer - INFO - 監控指標未改善，已連續 22 輪。最佳值: 2.357128, 當前值: 4.228233
2025-04-13 23:37:23,390 - src.training.trainer - INFO - 輪次 149/250 - 訓練損失: 0.690244 - 驗證損失: 4.601969 - rmse: 1312.000000 - r2: -2.117547 - mae: 1069.552856 - 學習率: 0.002000 - 時間: 2.93秒
2025-04-13 23:37:23,394 - src.training.trainer - INFO - 監控指標未改善，已連續 23 輪。最佳值: 2.357128, 當前值: 4.601969
2025-04-13 23:37:23,394 - src.training.trainer - INFO - 檢測到訓練停滯，嘗試重啟訓練...
2025-04-13 23:37:26,268 - src.training.trainer - INFO - 監控指標未改善，已連續 22 輪。最佳值: 2.357128, 當前值: 4.344102
2025-04-13 23:37:29,141 - src.training.trainer - INFO - 輪次 151/250 - 訓練損失: 0.663597 - 驗證損失: 4.559847 - rmse: 1307.012451 - r2: -2.093889 - mae: 1059.364380 - 學習率: 0.002000 - 時間: 2.87秒
2025-04-13 23:37:29,165 - src.training.callbacks - INFO - 模型檢查點已保存至 outputs\hybrid_20250413_232925\HybridPINNLSTMModel_20250413_232927\checkpoints\HybridPINNLSTMModel_epoch_151.pt
2025-04-13 23:37:29,170 - src.training.trainer - INFO - 監控指標未改善，已連續 23 輪。最佳值: 2.357128, 當前值: 4.559847
2025-04-13 23:37:32,051 - src.training.trainer - INFO - 監控指標未改善，已連續 24 輪。最佳值: 2.357128, 當前值: 4.482998
2025-04-13 23:37:34,793 - src.training.trainer - INFO - 輪次 153/250 - 訓練損失: 0.696240 - 驗證損失: 4.094466 - rmse: 1289.873657 - r2: -2.013282 - mae: 1028.242188 - 學習率: 0.002000 - 時間: 2.74秒
2025-04-13 23:37:34,797 - src.training.trainer - INFO - 監控指標未改善，已連續 25 輪。最佳值: 2.357128, 當前值: 4.094466
2025-04-13 23:37:37,763 - src.training.trainer - INFO - 監控指標未改善，已連續 26 輪。最佳值: 2.357128, 當前值: 4.801239
2025-04-13 23:37:37,763 - src.training.trainer - INFO - 檢測到訓練停滯，嘗試重啟訓練...
2025-04-13 23:37:40,615 - src.training.trainer - INFO - 輪次 155/250 - 訓練損失: 0.671196 - 驗證損失: 2.189808 - rmse: 1202.800903 - r2: -1.620190 - mae: 919.700928 - 學習率: 0.002000 - 時間: 2.85秒
2025-04-13 23:37:40,621 - src.training.trainer - INFO - min模式下監控指標改善, 從 2.357128 改善到 2.189808
2025-04-13 23:37:40,634 - src.training.trainer - INFO - 監控指標改善，模型已保存至 outputs\hybrid_20250413_232925\models\best_model.pt
2025-04-13 23:37:43,580 - src.training.callbacks - INFO - 模型檢查點已保存至 outputs\hybrid_20250413_232925\HybridPINNLSTMModel_20250413_232927\checkpoints\HybridPINNLSTMModel_epoch_156.pt
2025-04-13 23:37:43,587 - src.training.trainer - INFO - 監控指標未改善，已連續 1 輪。最佳值: 2.189808, 當前值: 3.793426
2025-04-13 23:37:46,488 - src.training.trainer - INFO - 輪次 157/250 - 訓練損失: 0.651587 - 驗證損失: 4.467268 - rmse: 1312.299316 - r2: -2.118970 - mae: 1070.365967 - 學習率: 0.002000 - 時間: 2.90秒
2025-04-13 23:37:46,492 - src.training.trainer - INFO - 監控指標未改善，已連續 2 輪。最佳值: 2.189808, 當前值: 4.467268
2025-04-13 23:37:49,402 - src.training.trainer - INFO - 監控指標未改善，已連續 3 輪。最佳值: 2.189808, 當前值: 6.824022
2025-04-13 23:37:52,339 - src.training.trainer - INFO - 輪次 159/250 - 訓練損失: 0.643680 - 驗證損失: 4.096638 - rmse: 1296.723755 - r2: -2.045372 - mae: 1046.471069 - 學習率: 0.002000 - 時間: 2.94秒
2025-04-13 23:37:52,344 - src.training.trainer - INFO - 監控指標未改善，已連續 4 輪。最佳值: 2.189808, 當前值: 4.096638
2025-04-13 23:37:55,214 - src.training.trainer - INFO - 監控指標未改善，已連續 5 輪。最佳值: 2.189808, 當前值: 2.886202
2025-04-13 23:37:55,215 - src.training.trainer - INFO - 檢測到訓練停滯，嘗試重啟訓練...
2025-04-13 23:37:58,061 - src.training.trainer - INFO - 輪次 161/250 - 訓練損失: 0.682396 - 驗證損失: 3.971830 - rmse: 1268.601807 - r2: -1.914715 - mae: 966.513489 - 學習率: 0.002000 - 時間: 2.85秒
2025-04-13 23:37:58,084 - src.training.callbacks - INFO - 模型檢查點已保存至 outputs\hybrid_20250413_232925\HybridPINNLSTMModel_20250413_232927\checkpoints\HybridPINNLSTMModel_epoch_161.pt
2025-04-13 23:37:58,091 - src.training.trainer - INFO - 監控指標未改善，已連續 4 輪。最佳值: 2.189808, 當前值: 3.971830
2025-04-13 23:38:01,064 - src.training.trainer - INFO - 監控指標未改善，已連續 5 輪。最佳值: 2.189808, 當前值: 3.160351
2025-04-13 23:38:03,951 - src.training.trainer - INFO - 輪次 163/250 - 訓練損失: 0.699991 - 驗證損失: 4.535876 - rmse: 1306.275757 - r2: -2.090403 - mae: 1057.663086 - 學習率: 0.002000 - 時間: 2.89秒
2025-04-13 23:38:03,956 - src.training.trainer - INFO - 監控指標未改善，已連續 6 輪。最佳值: 2.189808, 當前值: 4.535876
2025-04-13 23:38:06,821 - src.training.trainer - INFO - 監控指標未改善，已連續 7 輪。最佳值: 2.189808, 當前值: 3.077319
2025-04-13 23:38:09,760 - src.training.trainer - INFO - 輪次 165/250 - 訓練損失: 0.679019 - 驗證損失: 4.072968 - rmse: 1280.368286 - r2: -1.969034 - mae: 1004.381042 - 學習率: 0.002000 - 時間: 2.94秒
2025-04-13 23:38:09,765 - src.training.trainer - INFO - 監控指標未改善，已連續 8 輪。最佳值: 2.189808, 當前值: 4.072968
2025-04-13 23:38:09,765 - src.training.trainer - INFO - 檢測到訓練停滯，嘗試重啟訓練...
2025-04-13 23:38:12,795 - src.training.callbacks - INFO - 模型檢查點已保存至 outputs\hybrid_20250413_232925\HybridPINNLSTMModel_20250413_232927\checkpoints\HybridPINNLSTMModel_epoch_166.pt
2025-04-13 23:38:12,804 - src.training.trainer - INFO - 監控指標未改善，已連續 7 輪。最佳值: 2.189808, 當前值: 3.719462
2025-04-13 23:38:15,600 - src.training.trainer - INFO - 輪次 167/250 - 訓練損失: 0.642282 - 驗證損失: 2.916369 - rmse: 1240.953491 - r2: -1.789050 - mae: 954.921082 - 學習率: 0.002000 - 時間: 2.80秒
2025-04-13 23:38:15,609 - src.training.trainer - INFO - 監控指標未改善，已連續 8 輪。最佳值: 2.189808, 當前值: 2.916369
2025-04-13 23:38:18,472 - src.training.trainer - INFO - 監控指標未改善，已連續 9 輪。最佳值: 2.189808, 當前值: 3.605571
2025-04-13 23:38:21,334 - src.training.trainer - INFO - 輪次 169/250 - 訓練損失: 0.674949 - 驗證損失: 4.678262 - rmse: 1309.320679 - r2: -2.104827 - mae: 1062.572388 - 學習率: 0.002000 - 時間: 2.86秒
2025-04-13 23:38:21,342 - src.training.trainer - INFO - 監控指標未改善，已連續 10 輪。最佳值: 2.189808, 當前值: 4.678262
2025-04-13 23:38:24,257 - src.training.trainer - INFO - 監控指標未改善，已連續 11 輪。最佳值: 2.189808, 當前值: 4.658847
2025-04-13 23:38:24,257 - src.training.trainer - INFO - 檢測到訓練停滯，嘗試重啟訓練...
2025-04-13 23:38:27,160 - src.training.trainer - INFO - 輪次 171/250 - 訓練損失: 0.665350 - 驗證損失: 3.257038 - rmse: 1274.629395 - r2: -1.942478 - mae: 1027.863892 - 學習率: 0.002000 - 時間: 2.90秒
2025-04-13 23:38:27,183 - src.training.callbacks - INFO - 模型檢查點已保存至 outputs\hybrid_20250413_232925\HybridPINNLSTMModel_20250413_232927\checkpoints\HybridPINNLSTMModel_epoch_171.pt
2025-04-13 23:38:27,192 - src.training.trainer - INFO - 監控指標未改善，已連續 10 輪。最佳值: 2.189808, 當前值: 3.257038
2025-04-13 23:38:30,111 - src.training.trainer - INFO - 監控指標未改善，已連續 11 輪。最佳值: 2.189808, 當前值: 4.196438
2025-04-13 23:38:32,842 - src.training.trainer - INFO - 輪次 173/250 - 訓練損失: 0.672545 - 驗證損失: 3.700734 - rmse: 1276.228638 - r2: -1.949866 - mae: 1011.308411 - 學習率: 0.002000 - 時間: 2.73秒
2025-04-13 23:38:32,846 - src.training.trainer - INFO - 監控指標未改善，已連續 12 輪。最佳值: 2.189808, 當前值: 3.700734
2025-04-13 23:38:35,778 - src.training.trainer - INFO - 監控指標未改善，已連續 13 輪。最佳值: 2.189808, 當前值: 4.008548
2025-04-13 23:38:38,663 - src.training.trainer - INFO - 輪次 175/250 - 訓練損失: 0.677113 - 驗證損失: 4.462289 - rmse: 1310.752441 - r2: -2.111621 - mae: 1069.063843 - 學習率: 0.002000 - 時間: 2.89秒
2025-04-13 23:38:38,667 - src.training.trainer - INFO - 監控指標未改善，已連續 14 輪。最佳值: 2.189808, 當前值: 4.462289
2025-04-13 23:38:38,667 - src.training.trainer - INFO - 檢測到訓練停滯，嘗試重啟訓練...
2025-04-13 23:38:41,566 - src.training.callbacks - INFO - 模型檢查點已保存至 outputs\hybrid_20250413_232925\HybridPINNLSTMModel_20250413_232927\checkpoints\HybridPINNLSTMModel_epoch_176.pt
2025-04-13 23:38:41,575 - src.training.trainer - INFO - 監控指標未改善，已連續 13 輪。最佳值: 2.189808, 當前值: 4.684657
2025-04-13 23:38:44,764 - src.training.trainer - INFO - 輪次 177/250 - 訓練損失: 0.617961 - 驗證損失: 6.227755 - rmse: 1344.164551 - r2: -2.272278 - mae: 1112.901611 - 學習率: 0.002000 - 時間: 3.19秒
2025-04-13 23:38:44,770 - src.training.trainer - INFO - 監控指標未改善，已連續 14 輪。最佳值: 2.189808, 當前值: 6.227755
2025-04-13 23:38:47,942 - src.training.trainer - INFO - 監控指標未改善，已連續 15 輪。最佳值: 2.189808, 當前值: 3.724027
2025-04-13 23:38:50,956 - src.training.trainer - INFO - 輪次 179/250 - 訓練損失: 0.627750 - 驗證損失: 3.529207 - rmse: 1283.818970 - r2: -1.985059 - mae: 1029.048950 - 學習率: 0.002000 - 時間: 3.01秒
2025-04-13 23:38:50,963 - src.training.trainer - INFO - 監控指標未改善，已連續 16 輪。最佳值: 2.189808, 當前值: 3.529207
2025-04-13 23:38:53,843 - src.training.trainer - INFO - 監控指標未改善，已連續 17 輪。最佳值: 2.189808, 當前值: 4.746945
2025-04-13 23:38:53,843 - src.training.trainer - INFO - 檢測到訓練停滯，嘗試重啟訓練...
2025-04-13 23:38:56,549 - src.training.trainer - INFO - 輪次 181/250 - 訓練損失: 0.671940 - 驗證損失: 3.646618 - rmse: 1272.867188 - r2: -1.934348 - mae: 1000.058350 - 學習率: 0.002000 - 時間: 2.70秒
2025-04-13 23:38:56,575 - src.training.callbacks - INFO - 模型檢查點已保存至 outputs\hybrid_20250413_232925\HybridPINNLSTMModel_20250413_232927\checkpoints\HybridPINNLSTMModel_epoch_181.pt
2025-04-13 23:38:56,581 - src.training.trainer - INFO - 監控指標未改善，已連續 16 輪。最佳值: 2.189808, 當前值: 3.646618
2025-04-13 23:39:00,009 - src.training.trainer - INFO - 監控指標未改善，已連續 17 輪。最佳值: 2.189808, 當前值: 4.132766
2025-04-13 23:39:02,880 - src.training.trainer - INFO - 輪次 183/250 - 訓練損失: 0.608338 - 驗證損失: 4.049658 - rmse: 1293.531128 - r2: -2.030394 - mae: 1034.627563 - 學習率: 0.002000 - 時間: 2.87秒
2025-04-13 23:39:02,885 - src.training.trainer - INFO - 監控指標未改善，已連續 18 輪。最佳值: 2.189808, 當前值: 4.049658
2025-04-13 23:39:05,560 - src.training.trainer - INFO - 監控指標未改善，已連續 19 輪。最佳值: 2.189808, 當前值: 5.186642
2025-04-13 23:39:08,677 - src.training.trainer - INFO - 輪次 185/250 - 訓練損失: 0.655238 - 驗證損失: 2.416412 - rmse: 1229.314331 - r2: -1.736978 - mae: 945.627625 - 學習率: 0.002000 - 時間: 3.12秒
2025-04-13 23:39:08,685 - src.training.trainer - INFO - 監控指標未改善，已連續 20 輪。最佳值: 2.189808, 當前值: 2.416412
2025-04-13 23:39:08,686 - src.training.trainer - INFO - 檢測到訓練停滯，嘗試重啟訓練...
2025-04-13 23:39:11,459 - src.training.callbacks - INFO - 模型檢查點已保存至 outputs\hybrid_20250413_232925\HybridPINNLSTMModel_20250413_232927\checkpoints\HybridPINNLSTMModel_epoch_186.pt
2025-04-13 23:39:11,467 - src.training.trainer - INFO - 監控指標未改善，已連續 19 輪。最佳值: 2.189808, 當前值: 5.679108
2025-04-13 23:39:14,947 - src.training.trainer - INFO - 輪次 187/250 - 訓練損失: 0.662398 - 驗證損失: 3.507488 - rmse: 1265.191406 - r2: -1.899064 - mae: 990.580078 - 學習率: 0.002000 - 時間: 3.48秒
2025-04-13 23:39:14,952 - src.training.trainer - INFO - 監控指標未改善，已連續 20 輪。最佳值: 2.189808, 當前值: 3.507488
2025-04-13 23:39:18,247 - src.training.trainer - INFO - 監控指標未改善，已連續 21 輪。最佳值: 2.189808, 當前值: 4.347087
2025-04-13 23:39:21,319 - src.training.trainer - INFO - 輪次 189/250 - 訓練損失: 0.635463 - 驗證損失: 5.206939 - rmse: 1320.354370 - r2: -2.157377 - mae: 1075.656616 - 學習率: 0.002000 - 時間: 3.07秒
2025-04-13 23:39:21,326 - src.training.trainer - INFO - 監控指標未改善，已連續 22 輪。最佳值: 2.189808, 當前值: 5.206939
2025-04-13 23:39:24,444 - src.training.trainer - INFO - 監控指標未改善，已連續 23 輪。最佳值: 2.189808, 當前值: 4.025792
2025-04-13 23:39:24,445 - src.training.trainer - INFO - 檢測到訓練停滯，嘗試重啟訓練...
2025-04-13 23:39:27,629 - src.training.trainer - INFO - 輪次 191/250 - 訓練損失: 0.642687 - 驗證損失: 4.149988 - rmse: 1295.753540 - r2: -2.040816 - mae: 1034.653809 - 學習率: 0.002000 - 時間: 3.18秒
2025-04-13 23:39:27,656 - src.training.callbacks - INFO - 模型檢查點已保存至 outputs\hybrid_20250413_232925\HybridPINNLSTMModel_20250413_232927\checkpoints\HybridPINNLSTMModel_epoch_191.pt
2025-04-13 23:39:27,662 - src.training.trainer - INFO - 監控指標未改善，已連續 22 輪。最佳值: 2.189808, 當前值: 4.149988
2025-04-13 23:39:30,557 - src.training.trainer - INFO - 監控指標未改善，已連續 23 輪。最佳值: 2.189808, 當前值: 5.098305
2025-04-13 23:39:33,499 - src.training.trainer - INFO - 輪次 193/250 - 訓練損失: 0.627103 - 驗證損失: 4.804845 - rmse: 1319.173950 - r2: -2.151733 - mae: 1079.738647 - 學習率: 0.002000 - 時間: 2.94秒
2025-04-13 23:39:33,507 - src.training.trainer - INFO - 監控指標未改善，已連續 24 輪。最佳值: 2.189808, 當前值: 4.804845
2025-04-13 23:39:36,348 - src.training.trainer - INFO - 監控指標未改善，已連續 25 輪。最佳值: 2.189808, 當前值: 4.160017
2025-04-13 23:39:39,570 - src.training.trainer - INFO - 輪次 195/250 - 訓練損失: 0.602505 - 驗證損失: 5.399521 - rmse: 1325.170166 - r2: -2.180450 - mae: 1085.193970 - 學習率: 0.002000 - 時間: 3.22秒
2025-04-13 23:39:39,575 - src.training.trainer - INFO - 監控指標未改善，已連續 26 輪。最佳值: 2.189808, 當前值: 5.399521
2025-04-13 23:39:39,575 - src.training.trainer - INFO - 檢測到訓練停滯，嘗試重啟訓練...
2025-04-13 23:39:42,740 - src.training.callbacks - INFO - 模型檢查點已保存至 outputs\hybrid_20250413_232925\HybridPINNLSTMModel_20250413_232927\checkpoints\HybridPINNLSTMModel_epoch_196.pt
2025-04-13 23:39:42,750 - src.training.trainer - INFO - 監控指標未改善，已連續 25 輪。最佳值: 2.189808, 當前值: 4.413149
2025-04-13 23:39:45,690 - src.training.trainer - INFO - 輪次 197/250 - 訓練損失: 0.593108 - 驗證損失: 4.414300 - rmse: 1302.850586 - r2: -2.074217 - mae: 1050.545166 - 學習率: 0.002000 - 時間: 2.94秒
2025-04-13 23:39:45,695 - src.training.trainer - INFO - 監控指標未改善，已連續 26 輪。最佳值: 2.189808, 當前值: 4.414300
2025-04-13 23:39:48,628 - src.training.trainer - INFO - 監控指標未改善，已連續 27 輪。最佳值: 2.189808, 當前值: 4.210211
2025-04-13 23:39:51,545 - src.training.trainer - INFO - 輪次 199/250 - 訓練損失: 0.646299 - 驗證損失: 4.058721 - rmse: 1293.279419 - r2: -2.029215 - mae: 1041.005249 - 學習率: 0.002000 - 時間: 2.92秒
2025-04-13 23:39:51,553 - src.training.trainer - INFO - 監控指標未改善，已連續 28 輪。最佳值: 2.189808, 當前值: 4.058721
2025-04-13 23:39:54,419 - src.training.trainer - INFO - 監控指標未改善，已連續 29 輪。最佳值: 2.189808, 當前值: 2.747705
2025-04-13 23:39:54,419 - src.training.trainer - INFO - 檢測到訓練停滯，嘗試重啟訓練...
2025-04-13 23:39:57,329 - src.training.trainer - INFO - 輪次 201/250 - 訓練損失: 0.609159 - 驗證損失: 4.877916 - rmse: 1308.981445 - r2: -2.103219 - mae: 1058.735474 - 學習率: 0.002000 - 時間: 2.91秒
2025-04-13 23:39:57,356 - src.training.callbacks - INFO - 模型檢查點已保存至 outputs\hybrid_20250413_232925\HybridPINNLSTMModel_20250413_232927\checkpoints\HybridPINNLSTMModel_epoch_201.pt
2025-04-13 23:39:57,364 - src.training.trainer - INFO - 監控指標未改善，已連續 28 輪。最佳值: 2.189808, 當前值: 4.877916
2025-04-13 23:40:00,204 - src.training.trainer - INFO - 監控指標未改善，已連續 29 輪。最佳值: 2.189808, 當前值: 3.557896
2025-04-13 23:40:03,083 - src.training.trainer - INFO - 輪次 203/250 - 訓練損失: 0.604355 - 驗證損失: 2.986096 - rmse: 1249.610962 - r2: -1.828102 - mae: 971.225586 - 學習率: 0.002000 - 時間: 2.88秒
2025-04-13 23:40:03,088 - src.training.trainer - INFO - 監控指標未改善，已連續 30 輪。最佳值: 2.189808, 當前值: 2.986096
2025-04-13 23:40:06,011 - src.training.trainer - INFO - 監控指標未改善，已連續 31 輪。最佳值: 2.189808, 當前值: 4.772213
2025-04-13 23:40:08,882 - src.training.trainer - INFO - 輪次 205/250 - 訓練損失: 0.610366 - 驗證損失: 2.999452 - rmse: 1258.765869 - r2: -1.869692 - mae: 1000.549805 - 學習率: 0.002000 - 時間: 2.87秒
2025-04-13 23:40:08,888 - src.training.trainer - INFO - 監控指標未改善，已連續 32 輪。最佳值: 2.189808, 當前值: 2.999452
2025-04-13 23:40:08,888 - src.training.trainer - INFO - 檢測到訓練停滯，嘗試重啟訓練...
2025-04-13 23:40:11,922 - src.training.callbacks - INFO - 模型檢查點已保存至 outputs\hybrid_20250413_232925\HybridPINNLSTMModel_20250413_232927\checkpoints\HybridPINNLSTMModel_epoch_206.pt
2025-04-13 23:40:11,929 - src.training.trainer - INFO - 監控指標未改善，已連續 31 輪。最佳值: 2.189808, 當前值: 4.531913
2025-04-13 23:40:14,854 - src.training.trainer - INFO - 輪次 207/250 - 訓練損失: 0.606796 - 驗證損失: 4.839380 - rmse: 1312.331177 - r2: -2.119121 - mae: 1063.954834 - 學習率: 0.002000 - 時間: 2.93秒
2025-04-13 23:40:14,860 - src.training.trainer - INFO - 監控指標未改善，已連續 32 輪。最佳值: 2.189808, 當前值: 4.839380
2025-04-13 23:40:17,856 - src.training.trainer - INFO - min模式下監控指標改善, 從 2.189808 改善到 1.959682
2025-04-13 23:40:17,866 - src.training.trainer - INFO - 監控指標改善，模型已保存至 outputs\hybrid_20250413_232925\models\best_model.pt
2025-04-13 23:40:20,831 - src.training.trainer - INFO - 輪次 209/250 - 訓練損失: 0.647849 - 驗證損失: 4.203655 - rmse: 1280.926636 - r2: -1.971624 - mae: 1009.132324 - 學習率: 0.002000 - 時間: 2.96秒
2025-04-13 23:40:20,837 - src.training.trainer - INFO - 監控指標未改善，已連續 1 輪。最佳值: 1.959682, 當前值: 4.203655
2025-04-13 23:40:23,819 - src.training.trainer - INFO - 監控指標未改善，已連續 2 輪。最佳值: 1.959682, 當前值: 4.991306
2025-04-13 23:40:26,692 - src.training.trainer - INFO - 輪次 211/250 - 訓練損失: 0.646155 - 驗證損失: 3.889076 - rmse: 1293.503174 - r2: -2.030263 - mae: 1044.256104 - 學習率: 0.002000 - 時間: 2.87秒
2025-04-13 23:40:26,714 - src.training.callbacks - INFO - 模型檢查點已保存至 outputs\hybrid_20250413_232925\HybridPINNLSTMModel_20250413_232927\checkpoints\HybridPINNLSTMModel_epoch_211.pt
2025-04-13 23:40:26,724 - src.training.trainer - INFO - 監控指標未改善，已連續 3 輪。最佳值: 1.959682, 當前值: 3.889076
2025-04-13 23:40:29,609 - src.training.trainer - INFO - 監控指標未改善，已連續 4 輪。最佳值: 1.959682, 當前值: 4.391823
2025-04-13 23:40:32,541 - src.training.trainer - INFO - 輪次 213/250 - 訓練損失: 0.634370 - 驗證損失: 3.972830 - rmse: 1291.921387 - r2: -2.022856 - mae: 1038.048828 - 學習率: 0.002000 - 時間: 2.93秒
2025-04-13 23:40:32,550 - src.training.trainer - INFO - 監控指標未改善，已連續 5 輪。最佳值: 1.959682, 當前值: 3.972830
2025-04-13 23:40:32,551 - src.training.trainer - INFO - 檢測到訓練停滯，嘗試重啟訓練...
2025-04-13 23:40:35,411 - src.training.trainer - INFO - 監控指標未改善，已連續 4 輪。最佳值: 1.959682, 當前值: 4.192439
2025-04-13 23:40:38,361 - src.training.trainer - INFO - 輪次 215/250 - 訓練損失: 0.611072 - 驗證損失: 4.287541 - rmse: 1299.760742 - r2: -2.059653 - mae: 1049.946045 - 學習率: 0.002000 - 時間: 2.95秒
2025-04-13 23:40:38,368 - src.training.trainer - INFO - 監控指標未改善，已連續 5 輪。最佳值: 1.959682, 當前值: 4.287541
2025-04-13 23:40:41,243 - src.training.callbacks - INFO - 模型檢查點已保存至 outputs\hybrid_20250413_232925\HybridPINNLSTMModel_20250413_232927\checkpoints\HybridPINNLSTMModel_epoch_216.pt
2025-04-13 23:40:41,250 - src.training.trainer - INFO - 監控指標未改善，已連續 6 輪。最佳值: 1.959682, 當前值: 4.670885
2025-04-13 23:40:44,139 - src.training.trainer - INFO - 輪次 217/250 - 訓練損失: 0.607121 - 驗證損失: 3.783932 - rmse: 1280.133057 - r2: -1.967943 - mae: 1021.603577 - 學習率: 0.002000 - 時間: 2.89秒
2025-04-13 23:40:44,144 - src.training.trainer - INFO - 監控指標未改善，已連續 7 輪。最佳值: 1.959682, 當前值: 3.783932
2025-04-13 23:40:47,025 - src.training.trainer - INFO - 監控指標未改善，已連續 8 輪。最佳值: 1.959682, 當前值: 3.912592
2025-04-13 23:40:47,025 - src.training.trainer - INFO - 檢測到訓練停滯，嘗試重啟訓練...
2025-04-13 23:40:49,916 - src.training.trainer - INFO - 輪次 219/250 - 訓練損失: 0.597293 - 驗證損失: 4.571073 - rmse: 1311.627808 - r2: -2.115778 - mae: 1068.151733 - 學習率: 0.002000 - 時間: 2.89秒
2025-04-13 23:40:49,925 - src.training.trainer - INFO - 監控指標未改善，已連續 7 輪。最佳值: 1.959682, 當前值: 4.571073
2025-04-13 23:40:52,821 - src.training.trainer - INFO - 監控指標未改善，已連續 8 輪。最佳值: 1.959682, 當前值: 3.737161
2025-04-13 23:40:55,678 - src.training.trainer - INFO - 輪次 221/250 - 訓練損失: 0.604739 - 驗證損失: 3.631393 - rmse: 1289.447510 - r2: -2.011291 - mae: 1041.519653 - 學習率: 0.002000 - 時間: 2.86秒
2025-04-13 23:40:55,710 - src.training.callbacks - INFO - 模型檢查點已保存至 outputs\hybrid_20250413_232925\HybridPINNLSTMModel_20250413_232927\checkpoints\HybridPINNLSTMModel_epoch_221.pt
2025-04-13 23:40:55,719 - src.training.trainer - INFO - 監控指標未改善，已連續 9 輪。最佳值: 1.959682, 當前值: 3.631393
2025-04-13 23:40:58,675 - src.training.trainer - INFO - 監控指標未改善，已連續 10 輪。最佳值: 1.959682, 當前值: 4.442108
2025-04-13 23:41:01,512 - src.training.trainer - INFO - 輪次 223/250 - 訓練損失: 0.593373 - 驗證損失: 4.029528 - rmse: 1269.291626 - r2: -1.917885 - mae: 981.351013 - 學習率: 0.002000 - 時間: 2.84秒
2025-04-13 23:41:01,518 - src.training.trainer - INFO - 監控指標未改善，已連續 11 輪。最佳值: 1.959682, 當前值: 4.029528
2025-04-13 23:41:01,518 - src.training.trainer - INFO - 檢測到訓練停滯，嘗試重啟訓練...
2025-04-13 23:41:04,439 - src.training.trainer - INFO - 監控指標未改善，已連續 10 輪。最佳值: 1.959682, 當前值: 4.891207
2025-04-13 23:41:07,271 - src.training.trainer - INFO - 輪次 225/250 - 訓練損失: 0.612088 - 驗證損失: 4.104012 - rmse: 1294.025146 - r2: -2.032709 - mae: 1040.980103 - 學習率: 0.002000 - 時間: 2.83秒
2025-04-13 23:41:07,280 - src.training.trainer - INFO - 監控指標未改善，已連續 11 輪。最佳值: 1.959682, 當前值: 4.104012
2025-04-13 23:41:10,182 - src.training.callbacks - INFO - 模型檢查點已保存至 outputs\hybrid_20250413_232925\HybridPINNLSTMModel_20250413_232927\checkpoints\HybridPINNLSTMModel_epoch_226.pt
2025-04-13 23:41:10,192 - src.training.trainer - INFO - 監控指標未改善，已連續 12 輪。最佳值: 1.959682, 當前值: 4.586113
2025-04-13 23:41:13,021 - src.training.trainer - INFO - 輪次 227/250 - 訓練損失: 0.608857 - 驗證損失: 2.956004 - rmse: 1253.914185 - r2: -1.847613 - mae: 990.202820 - 學習率: 0.002000 - 時間: 2.83秒
2025-04-13 23:41:13,028 - src.training.trainer - INFO - 監控指標未改善，已連續 13 輪。最佳值: 1.959682, 當前值: 2.956004
2025-04-13 23:41:15,842 - src.training.trainer - INFO - 監控指標未改善，已連續 14 輪。最佳值: 1.959682, 當前值: 4.919516
2025-04-13 23:41:15,842 - src.training.trainer - INFO - 檢測到訓練停滯，嘗試重啟訓練...
2025-04-13 23:41:18,717 - src.training.trainer - INFO - 輪次 229/250 - 訓練損失: 0.624180 - 驗證損失: 3.687415 - rmse: 1286.189331 - r2: -1.996092 - mae: 1037.350952 - 學習率: 0.002000 - 時間: 2.87秒
2025-04-13 23:41:18,725 - src.training.trainer - INFO - 監控指標未改善，已連續 13 輪。最佳值: 1.959682, 當前值: 3.687415
2025-04-13 23:41:21,701 - src.training.trainer - INFO - 監控指標未改善，已連續 14 輪。最佳值: 1.959682, 當前值: 5.162068
2025-04-13 23:41:24,646 - src.training.trainer - INFO - 輪次 231/250 - 訓練損失: 0.613982 - 驗證損失: 2.889100 - rmse: 1242.987549 - r2: -1.798201 - mae: 960.936340 - 學習率: 0.002000 - 時間: 2.94秒
2025-04-13 23:41:24,675 - src.training.callbacks - INFO - 模型檢查點已保存至 outputs\hybrid_20250413_232925\HybridPINNLSTMModel_20250413_232927\checkpoints\HybridPINNLSTMModel_epoch_231.pt
2025-04-13 23:41:24,686 - src.training.trainer - INFO - 監控指標未改善，已連續 15 輪。最佳值: 1.959682, 當前值: 2.889100
2025-04-13 23:41:28,176 - src.training.trainer - INFO - 監控指標未改善，已連續 16 輪。最佳值: 1.959682, 當前值: 2.306972
2025-04-13 23:41:31,927 - src.training.trainer - INFO - 輪次 233/250 - 訓練損失: 0.625805 - 驗證損失: 2.986242 - rmse: 1251.065552 - r2: -1.834689 - mae: 982.304688 - 學習率: 0.002000 - 時間: 3.75秒
2025-04-13 23:41:31,932 - src.training.trainer - INFO - 監控指標未改善，已連續 17 輪。最佳值: 1.959682, 當前值: 2.986242
2025-04-13 23:41:31,933 - src.training.trainer - INFO - 檢測到訓練停滯，嘗試重啟訓練...
2025-04-13 23:41:34,742 - src.training.trainer - INFO - 監控指標未改善，已連續 16 輪。最佳值: 1.959682, 當前值: 3.022085
2025-04-13 23:41:37,653 - src.training.trainer - INFO - 輪次 235/250 - 訓練損失: 0.615239 - 驗證損失: 4.339119 - rmse: 1304.325684 - r2: -2.081182 - mae: 1060.284546 - 學習率: 0.002000 - 時間: 2.91秒
2025-04-13 23:41:37,663 - src.training.trainer - INFO - 監控指標未改善，已連續 17 輪。最佳值: 1.959682, 當前值: 4.339119
2025-04-13 23:41:40,695 - src.training.callbacks - INFO - 模型檢查點已保存至 outputs\hybrid_20250413_232925\HybridPINNLSTMModel_20250413_232927\checkpoints\HybridPINNLSTMModel_epoch_236.pt
2025-04-13 23:41:40,706 - src.training.trainer - INFO - 監控指標未改善，已連續 18 輪。最佳值: 1.959682, 當前值: 4.572483
2025-04-13 23:41:43,429 - src.training.trainer - INFO - 輪次 237/250 - 訓練損失: 0.624222 - 驗證損失: 4.204298 - rmse: 1294.210815 - r2: -2.033580 - mae: 1033.898682 - 學習率: 0.002000 - 時間: 2.72秒
2025-04-13 23:41:43,436 - src.training.trainer - INFO - 監控指標未改善，已連續 19 輪。最佳值: 1.959682, 當前值: 4.204298
2025-04-13 23:41:46,202 - src.training.trainer - INFO - 監控指標未改善，已連續 20 輪。最佳值: 1.959682, 當前值: 4.080577
2025-04-13 23:41:46,203 - src.training.trainer - INFO - 檢測到訓練停滯，嘗試重啟訓練...
2025-04-13 23:41:48,989 - src.training.trainer - INFO - 輪次 239/250 - 訓練損失: 0.619096 - 驗證損失: 3.250214 - rmse: 1263.735840 - r2: -1.892397 - mae: 996.679626 - 學習率: 0.002000 - 時間: 2.79秒
2025-04-13 23:41:48,995 - src.training.trainer - INFO - 監控指標未改善，已連續 19 輪。最佳值: 1.959682, 當前值: 3.250214
2025-04-13 23:41:51,745 - src.training.trainer - INFO - 監控指標未改善，已連續 20 輪。最佳值: 1.959682, 當前值: 4.538226
2025-04-13 23:41:54,418 - src.training.trainer - INFO - 輪次 241/250 - 訓練損失: 0.612216 - 驗證損失: 3.811885 - rmse: 1280.109741 - r2: -1.967835 - mae: 1011.886902 - 學習率: 0.002000 - 時間: 2.67秒
2025-04-13 23:41:54,450 - src.training.callbacks - INFO - 模型檢查點已保存至 outputs\hybrid_20250413_232925\HybridPINNLSTMModel_20250413_232927\checkpoints\HybridPINNLSTMModel_epoch_241.pt
2025-04-13 23:41:54,460 - src.training.trainer - INFO - 監控指標未改善，已連續 21 輪。最佳值: 1.959682, 當前值: 3.811885
2025-04-13 23:41:57,293 - src.training.trainer - INFO - 監控指標未改善，已連續 22 輪。最佳值: 1.959682, 當前值: 5.407317
2025-04-13 23:42:00,382 - src.training.trainer - INFO - 輪次 243/250 - 訓練損失: 0.595154 - 驗證損失: 4.403112 - rmse: 1297.721069 - r2: -2.050058 - mae: 1041.596802 - 學習率: 0.002000 - 時間: 3.09秒
2025-04-13 23:42:00,391 - src.training.trainer - INFO - 監控指標未改善，已連續 23 輪。最佳值: 1.959682, 當前值: 4.403112
2025-04-13 23:42:00,392 - src.training.trainer - INFO - 檢測到訓練停滯，嘗試重啟訓練...
2025-04-13 23:42:03,854 - src.training.trainer - INFO - 監控指標未改善，已連續 22 輪。最佳值: 1.959682, 當前值: 4.899384
2025-04-13 23:42:07,074 - src.training.trainer - INFO - 輪次 245/250 - 訓練損失: 0.595253 - 驗證損失: 4.433522 - rmse: 1308.691284 - r2: -2.101843 - mae: 1062.738892 - 學習率: 0.002000 - 時間: 3.22秒
2025-04-13 23:42:07,083 - src.training.trainer - INFO - 監控指標未改善，已連續 23 輪。最佳值: 1.959682, 當前值: 4.433522
2025-04-13 23:42:10,041 - src.training.callbacks - INFO - 模型檢查點已保存至 outputs\hybrid_20250413_232925\HybridPINNLSTMModel_20250413_232927\checkpoints\HybridPINNLSTMModel_epoch_246.pt
2025-04-13 23:42:10,048 - src.training.trainer - INFO - 監控指標未改善，已連續 24 輪。最佳值: 1.959682, 當前值: 5.008293
2025-04-13 23:42:12,874 - src.training.trainer - INFO - 輪次 247/250 - 訓練損失: 0.640842 - 驗證損失: 4.067250 - rmse: 1287.140869 - r2: -2.000527 - mae: 1026.243408 - 學習率: 0.002000 - 時間: 2.83秒
2025-04-13 23:42:12,881 - src.training.trainer - INFO - 監控指標未改善，已連續 25 輪。最佳值: 1.959682, 當前值: 4.067250
2025-04-13 23:42:15,704 - src.training.trainer - INFO - 監控指標未改善，已連續 26 輪。最佳值: 1.959682, 當前值: 4.075464
2025-04-13 23:42:15,704 - src.training.trainer - INFO - 檢測到訓練停滯，嘗試重啟訓練...
2025-04-13 23:42:18,798 - src.training.trainer - INFO - 輪次 249/250 - 訓練損失: 0.581532 - 驗證損失: 1.211633 - rmse: 1097.192383 - r2: -1.180273 - mae: 781.864441 - 學習率: 0.002000 - 時間: 3.09秒
2025-04-13 23:42:18,803 - src.training.trainer - INFO - min模式下監控指標改善, 從 1.959682 改善到 1.211633
2025-04-13 23:42:18,811 - src.training.trainer - INFO - 監控指標改善，模型已保存至 outputs\hybrid_20250413_232925\models\best_model.pt
2025-04-13 23:42:21,712 - src.training.trainer - INFO - 輪次 250/250 - 訓練損失: 0.628230 - 驗證損失: 3.940903 - rmse: 1296.838867 - r2: -2.045912 - mae: 1052.335571 - 學習率: 0.002000 - 時間: 2.90秒
2025-04-13 23:42:21,718 - src.training.trainer - INFO - 監控指標未改善，已連續 1 輪。最佳值: 1.211633, 當前值: 3.940903
2025-04-13 23:42:21,718 - src.training.trainer - INFO - 訓練完成，總時間: 773.86秒
2025-04-13 23:42:21,754 - __main__ - INFO - 訓練完成，最終模型已保存至: outputs\hybrid_20250413_232925\models\final_model.pt
2025-04-13 23:42:21,756 - __main__ - ERROR - 執行過程中發生錯誤: forward() missing 1 required positional argument: 'time_series_input'
Traceback (most recent call last):
  File "C:\Users\a\Desktop\畢業論文\CAE\code\pinnlstm_code_sacq_5\scripts\train.py", line 706, in <module>
    main()
  File "C:\Users\a\Desktop\畢業論文\CAE\code\pinnlstm_code_sacq_5\scripts\train.py", line 699, in main
    evaluate_trained_model(model, data_dict, device, output_dir)
  File "C:\Users\a\Desktop\畢業論文\CAE\code\pinnlstm_code_sacq_5\scripts\train.py", line 495, in evaluate_trained_model
    outputs = model(time_series)
  File "C:\Users\a\anaconda3\envs\solder_fatigue\lib\site-packages\torch\nn\modules\module.py", line 1739, in _wrapped_call_impl
    return self._call_impl(*args, **kwargs)
  File "C:\Users\a\anaconda3\envs\solder_fatigue\lib\site-packages\torch\nn\modules\module.py", line 1750, in _call_impl
    return forward_call(*args, **kwargs)
TypeError: forward() missing 1 required positional argument: 'time_series_input'
2025-04-13 23:42:21,758 - __main__ - ERROR - 詳細錯誤追蹤: Traceback (most recent call last):
  File "C:\Users\a\Desktop\畢業論文\CAE\code\pinnlstm_code_sacq_5\scripts\train.py", line 706, in <module>
    main()
  File "C:\Users\a\Desktop\畢業論文\CAE\code\pinnlstm_code_sacq_5\scripts\train.py", line 699, in main
    evaluate_trained_model(model, data_dict, device, output_dir)
  File "C:\Users\a\Desktop\畢業論文\CAE\code\pinnlstm_code_sacq_5\scripts\train.py", line 495, in evaluate_trained_model
    outputs = model(time_series)
  File "C:\Users\a\anaconda3\envs\solder_fatigue\lib\site-packages\torch\nn\modules\module.py", line 1739, in _wrapped_call_impl
    return self._call_impl(*args, **kwargs)
  File "C:\Users\a\anaconda3\envs\solder_fatigue\lib\site-packages\torch\nn\modules\module.py", line 1750, in _call_impl
    return forward_call(*args, **kwargs)
TypeError: forward() missing 1 required positional argument: 'time_series_input'

