2025-04-15 20:04:48,121 - __main__ - INFO - 成功載入配置文件: configs/model_config.yaml
2025-04-15 20:04:48,139 - __main__ - INFO - 成功載入配置文件: configs/train_config.yaml
2025-04-15 20:04:48,143 - __main__ - INFO - 已設定隨機種子: 42
2025-04-15 20:04:48,143 - __main__ - INFO - 使用計算設備: cpu
2025-04-15 20:04:48,143 - __main__ - INFO - 輸出目錄: outputs/hybrid_model
2025-04-15 20:04:48,144 - __main__ - INFO - 載入資料: data/raw/Training_data_warpage_final_20250321_v1.2.csv
2025-04-15 20:04:48,147 - src.data.preprocess - INFO - 成功載入資料檔案: data/raw/Training_data_warpage_final_20250321_v1.2.csv，共 81 筆資料，18 個欄位
2025-04-15 20:04:48,152 - src.data.preprocess - INFO - 標準化完成，特徵數量: 5
2025-04-15 20:04:48,153 - src.data.preprocess - INFO - 時間序列資料準備完成，形狀: (81, 4, 2)
2025-04-15 20:04:48,154 - src.data.preprocess - INFO - 資料分割完成 - 訓練集: 56 樣本, 驗證集: 12 樣本, 測試集: 13 樣本
2025-04-15 20:04:48,155 - src.data.preprocess - INFO - 完整資料處理流程完成
2025-04-15 20:04:48,155 - __main__ - INFO - 資料分割完成, 訓練集: 56 樣本, 驗證集: 12 樣本, 測試集: 13 樣本
2025-04-15 20:04:48,155 - __main__ - INFO - 應用資料增強...
2025-04-15 20:04:48,155 - src.data.dataset - INFO - 進行資料增強，原始訓練集大小: 56 樣本
2025-04-15 20:04:48,297 - src.data.dataset - INFO - 資料增強完成，增強後的訓練集大小: 940 樣本
2025-04-15 20:04:48,298 - __main__ - INFO - 資料增強完成，增強後的訓練集大小: 940 樣本
2025-04-15 20:04:48,317 - __main__ - INFO - 創建混合PINN-LSTM模型，使用物理約束: True，融合方法: weighted
2025-04-15 20:04:48,318 - src.data.dataset - INFO - 已創建資料載入器 - 訓練: 940 樣本, 驗證: 12 樣本, 測試: 13 樣本, 批次大小: 8
2025-04-15 20:04:50,019 - src.training.trainer - INFO - 創建adamw優化器，學習率: 0.001，權重衰減: 0.0005
2025-04-15 20:04:50,019 - src.training.losses - INFO - 初始化HybridLoss: lambda_physics=2.0, lambda_consistency=0.5, delta_w_weight=1.5
2025-04-15 20:04:50,020 - src.training.losses - INFO - 初始化AdaptiveHybridLoss: physics權重從2.0增加到5.0, consistency權重從0.5增加到1.0, delta_w權重從1.5增加到3.0, 在30個輪次內達到最大值, 預熱輪次: 5, 調整方案: linear
2025-04-15 20:04:50,020 - src.training.trainer - INFO - 創建餘弦退火學習率調度器，週期: 100，最小學習率: 1e-05
2025-04-15 20:04:50,022 - src.training.callbacks - INFO - 初始化ModelCheckpoint: 保存目錄=outputs\hybrid_model\HybridPINNLSTMModel_20250415_200450\checkpoints, 保存頻率=5, 只保存最佳=False, 監控指標=val_loss, 模式=min
2025-04-15 20:04:50,023 - src.training.callbacks - INFO - 初始化LossHistory: 保存路徑=outputs\hybrid_model\HybridPINNLSTMModel_20250415_200450\history.json, 保存頻率=1
2025-04-15 20:04:50,027 - src.training.trainer - INFO - 初始化訓練器完成，模型: HybridPINNLSTMModel, 優化器: AdamW, 設備: cpu
2025-04-15 20:04:50,027 - __main__ - INFO - 開始訓練，總輪數: 300
2025-04-15 20:04:50,028 - src.training.trainer - INFO - 開始訓練，總輪數: 300
2025-04-15 20:04:53,527 - src.training.trainer - INFO - 輪次 1/300 - 訓練損失: 1025265.545085 - 驗證損失: 19.029997 - rmse: 1967.357544 - r2: -6.009902 - mae: 1499.734253 - 學習率: 0.001000 - 時間: 3.50秒
2025-04-15 20:04:53,559 - src.training.callbacks - INFO - 模型檢查點已保存至 outputs\hybrid_model\HybridPINNLSTMModel_20250415_200450\checkpoints\HybridPINNLSTMModel_epoch_001.pt
2025-04-15 20:04:53,569 - src.training.trainer - INFO - 監控指標改善，模型已保存至 outputs/hybrid_model\models\best_model.pt
2025-04-15 20:04:57,644 - src.training.trainer - INFO - 監控指標改善，模型已保存至 outputs/hybrid_model\models\best_model.pt
2025-04-15 20:05:01,262 - src.training.trainer - INFO - 輪次 3/300 - 訓練損失: 31.907008 - 驗證損失: 6.180971 - rmse: 1303.167725 - r2: -2.075714 - mae: 1108.620483 - 學習率: 0.000999 - 時間: 3.62秒
2025-04-15 20:05:01,275 - src.training.trainer - INFO - 監控指標改善，模型已保存至 outputs/hybrid_model\models\best_model.pt
2025-04-15 20:05:04,969 - src.training.trainer - INFO - 監控指標改善，模型已保存至 outputs/hybrid_model\models\best_model.pt
2025-04-15 20:05:08,490 - src.training.trainer - INFO - 輪次 5/300 - 訓練損失: 10.320245 - 驗證損失: 19.557613 - rmse: 1386.794556 - r2: -2.483130 - mae: 1170.919312 - 學習率: 0.000996 - 時間: 3.52秒
2025-04-15 20:05:08,502 - src.training.trainer - INFO - 監控指標改善，模型已保存至 outputs/hybrid_model\models\best_model.pt
2025-04-15 20:05:12,216 - src.training.callbacks - INFO - 模型檢查點已保存至 outputs\hybrid_model\HybridPINNLSTMModel_20250415_200450\checkpoints\HybridPINNLSTMModel_epoch_006.pt
2025-04-15 20:05:12,227 - src.training.trainer - INFO - 監控指標改善，模型已保存至 outputs/hybrid_model\models\best_model.pt
2025-04-15 20:05:15,824 - src.training.trainer - INFO - 輪次 7/300 - 訓練損失: 7.687085 - 驗證損失: 4.601666 - rmse: 1293.073853 - r2: -2.028252 - mae: 1013.993408 - 學習率: 0.000991 - 時間: 3.60秒
2025-04-15 20:05:15,837 - src.training.trainer - INFO - 監控指標改善，模型已保存至 outputs/hybrid_model\models\best_model.pt
2025-04-15 20:05:19,333 - src.training.trainer - INFO - 監控指標改善，模型已保存至 outputs/hybrid_model\models\best_model.pt
2025-04-15 20:05:22,872 - src.training.trainer - INFO - 輪次 9/300 - 訓練損失: 5.272379 - 驗證損失: 6.749861 - rmse: 1372.936035 - r2: -2.413862 - mae: 1150.964600 - 學習率: 0.000984 - 時間: 3.54秒
2025-04-15 20:05:22,881 - src.training.trainer - INFO - 監控指標改善，模型已保存至 outputs/hybrid_model\models\best_model.pt
2025-04-15 20:05:26,488 - src.training.trainer - INFO - 監控指標改善，模型已保存至 outputs/hybrid_model\models\best_model.pt
2025-04-15 20:05:30,141 - src.training.trainer - INFO - 輪次 11/300 - 訓練損失: 4.271118 - 驗證損失: 2.230963 - rmse: 1092.010742 - r2: -1.159729 - mae: 700.437195 - 學習率: 0.000976 - 時間: 3.65秒
2025-04-15 20:05:30,160 - src.training.callbacks - INFO - 模型檢查點已保存至 outputs\hybrid_model\HybridPINNLSTMModel_20250415_200450\checkpoints\HybridPINNLSTMModel_epoch_011.pt
2025-04-15 20:05:30,171 - src.training.trainer - INFO - 監控指標改善，模型已保存至 outputs/hybrid_model\models\best_model.pt
2025-04-15 20:05:33,967 - src.training.trainer - INFO - 監控指標改善，模型已保存至 outputs/hybrid_model\models\best_model.pt
2025-04-15 20:05:37,546 - src.training.trainer - INFO - 輪次 13/300 - 訓練損失: 4.188677 - 驗證損失: 1.980369 - rmse: 1086.917969 - r2: -1.139631 - mae: 744.792664 - 學習率: 0.000965 - 時間: 3.58秒
2025-04-15 20:05:37,559 - src.training.trainer - INFO - 監控指標改善，模型已保存至 outputs/hybrid_model\models\best_model.pt
2025-04-15 20:05:41,122 - src.training.trainer - INFO - 監控指標改善，模型已保存至 outputs/hybrid_model\models\best_model.pt
2025-04-15 20:05:44,897 - src.training.trainer - INFO - 輪次 15/300 - 訓練損失: 3.447874 - 驗證損失: 1.925373 - rmse: 1084.290405 - r2: -1.129299 - mae: 806.936951 - 學習率: 0.000953 - 時間: 3.78秒
2025-04-15 20:05:44,910 - src.training.trainer - INFO - 監控指標改善，模型已保存至 outputs/hybrid_model\models\best_model.pt
2025-04-15 20:05:48,484 - src.training.callbacks - INFO - 模型檢查點已保存至 outputs\hybrid_model\HybridPINNLSTMModel_20250415_200450\checkpoints\HybridPINNLSTMModel_epoch_016.pt
2025-04-15 20:05:48,498 - src.training.trainer - INFO - 監控指標改善，模型已保存至 outputs/hybrid_model\models\best_model.pt
2025-04-15 20:05:52,023 - src.training.trainer - INFO - 輪次 17/300 - 訓練損失: 3.054164 - 驗證損失: 2.595979 - rmse: 1254.171143 - r2: -1.848780 - mae: 995.870544 - 學習率: 0.000939 - 時間: 3.53秒
2025-04-15 20:05:52,034 - src.training.trainer - INFO - 監控指標改善，模型已保存至 outputs/hybrid_model\models\best_model.pt
2025-04-15 20:05:55,803 - src.training.trainer - INFO - 監控指標改善，模型已保存至 outputs/hybrid_model\models\best_model.pt
2025-04-15 20:05:59,618 - src.training.trainer - INFO - 輪次 19/300 - 訓練損失: 2.933511 - 驗證損失: 1.970068 - rmse: 1157.197510 - r2: -1.425272 - mae: 878.900879 - 學習率: 0.000923 - 時間: 3.81秒
2025-04-15 20:05:59,627 - src.training.trainer - INFO - 監控指標改善，模型已保存至 outputs/hybrid_model\models\best_model.pt
2025-04-15 20:06:03,273 - src.training.trainer - INFO - 監控指標改善，模型已保存至 outputs/hybrid_model\models\best_model.pt
2025-04-15 20:06:06,795 - src.training.trainer - INFO - 輪次 21/300 - 訓練損失: 2.514958 - 驗證損失: 2.544294 - rmse: 1268.741211 - r2: -1.915355 - mae: 1019.280090 - 學習率: 0.000905 - 時間: 3.52秒
2025-04-15 20:06:06,825 - src.training.callbacks - INFO - 模型檢查點已保存至 outputs\hybrid_model\HybridPINNLSTMModel_20250415_200450\checkpoints\HybridPINNLSTMModel_epoch_021.pt
2025-04-15 20:06:06,839 - src.training.trainer - INFO - 監控指標改善，模型已保存至 outputs/hybrid_model\models\best_model.pt
2025-04-15 20:06:10,517 - src.training.trainer - INFO - 監控指標改善，模型已保存至 outputs/hybrid_model\models\best_model.pt
2025-04-15 20:06:14,042 - src.training.trainer - INFO - 輪次 23/300 - 訓練損失: 2.350831 - 驗證損失: 2.089670 - rmse: 1223.680176 - r2: -1.711947 - mae: 974.795105 - 學習率: 0.000886 - 時間: 3.52秒
2025-04-15 20:06:14,055 - src.training.trainer - INFO - 監控指標改善，模型已保存至 outputs/hybrid_model\models\best_model.pt
2025-04-15 20:06:17,741 - src.training.trainer - INFO - 監控指標改善，模型已保存至 outputs/hybrid_model\models\best_model.pt
2025-04-15 20:06:21,302 - src.training.trainer - INFO - 輪次 25/300 - 訓練損失: 2.359154 - 驗證損失: 1.798304 - rmse: 1186.950073 - r2: -1.551586 - mae: 861.699890 - 學習率: 0.000866 - 時間: 3.56秒
2025-04-15 20:06:21,315 - src.training.trainer - INFO - 監控指標改善，模型已保存至 outputs/hybrid_model\models\best_model.pt
2025-04-15 20:06:24,948 - src.training.callbacks - INFO - 模型檢查點已保存至 outputs\hybrid_model\HybridPINNLSTMModel_20250415_200450\checkpoints\HybridPINNLSTMModel_epoch_026.pt
2025-04-15 20:06:24,963 - src.training.trainer - INFO - 監控指標改善，模型已保存至 outputs/hybrid_model\models\best_model.pt
2025-04-15 20:06:28,622 - src.training.trainer - INFO - 輪次 27/300 - 訓練損失: 2.213201 - 驗證損失: 1.529774 - rmse: 1142.557495 - r2: -1.364294 - mae: 812.188782 - 學習率: 0.000844 - 時間: 3.66秒
2025-04-15 20:06:28,634 - src.training.trainer - INFO - 監控指標改善，模型已保存至 outputs/hybrid_model\models\best_model.pt
2025-04-15 20:06:32,498 - src.training.trainer - INFO - 監控指標改善，模型已保存至 outputs/hybrid_model\models\best_model.pt
2025-04-15 20:06:36,220 - src.training.trainer - INFO - 輪次 29/300 - 訓練損失: 2.133472 - 驗證損失: 1.752097 - rmse: 1202.209717 - r2: -1.617615 - mae: 901.432922 - 學習率: 0.000821 - 時間: 3.72秒
2025-04-15 20:06:36,229 - src.training.trainer - INFO - 監控指標改善，模型已保存至 outputs/hybrid_model\models\best_model.pt
2025-04-15 20:06:39,851 - src.training.trainer - INFO - 監控指標改善，模型已保存至 outputs/hybrid_model\models\best_model.pt
2025-04-15 20:06:43,385 - src.training.trainer - INFO - 輪次 31/300 - 訓練損失: 1.969608 - 驗證損失: 2.287191 - rmse: 1277.294067 - r2: -1.954794 - mae: 1019.651794 - 學習率: 0.000796 - 時間: 3.53秒
2025-04-15 20:06:43,403 - src.training.callbacks - INFO - 模型檢查點已保存至 outputs\hybrid_model\HybridPINNLSTMModel_20250415_200450\checkpoints\HybridPINNLSTMModel_epoch_031.pt
2025-04-15 20:06:43,413 - src.training.trainer - INFO - 監控指標改善，模型已保存至 outputs/hybrid_model\models\best_model.pt
2025-04-15 20:06:47,201 - src.training.trainer - INFO - 監控指標改善，模型已保存至 outputs/hybrid_model\models\best_model.pt
2025-04-15 20:06:50,712 - src.training.trainer - INFO - 輪次 33/300 - 訓練損失: 1.830716 - 驗證損失: 1.909696 - rmse: 1232.997559 - r2: -1.753403 - mae: 949.315002 - 學習率: 0.000770 - 時間: 3.51秒
2025-04-15 20:06:50,725 - src.training.trainer - INFO - 監控指標改善，模型已保存至 outputs/hybrid_model\models\best_model.pt
2025-04-15 20:06:54,466 - src.training.trainer - INFO - 監控指標改善，模型已保存至 outputs/hybrid_model\models\best_model.pt
2025-04-15 20:06:58,222 - src.training.trainer - INFO - 輪次 35/300 - 訓練損失: 1.835055 - 驗證損失: 2.117546 - rmse: 1263.734497 - r2: -1.892391 - mae: 1001.325684 - 學習率: 0.000743 - 時間: 3.75秒
2025-04-15 20:06:58,235 - src.training.trainer - INFO - 監控指標改善，模型已保存至 outputs/hybrid_model\models\best_model.pt
2025-04-15 20:07:01,983 - src.training.callbacks - INFO - 模型檢查點已保存至 outputs\hybrid_model\HybridPINNLSTMModel_20250415_200450\checkpoints\HybridPINNLSTMModel_epoch_036.pt
2025-04-15 20:07:01,999 - src.training.trainer - INFO - 監控指標改善，模型已保存至 outputs/hybrid_model\models\best_model.pt
2025-04-15 20:07:05,706 - src.training.trainer - INFO - 輪次 37/300 - 訓練損失: 1.765756 - 驗證損失: 1.908224 - rmse: 1245.631958 - r2: -1.810120 - mae: 966.681580 - 學習率: 0.000716 - 時間: 3.71秒
2025-04-15 20:07:05,715 - src.training.trainer - INFO - 監控指標改善，模型已保存至 outputs/hybrid_model\models\best_model.pt
2025-04-15 20:07:09,344 - src.training.trainer - INFO - 監控指標改善，模型已保存至 outputs/hybrid_model\models\best_model.pt
2025-04-15 20:07:12,866 - src.training.trainer - INFO - 輪次 39/300 - 訓練損失: 1.755759 - 驗證損失: 2.405457 - rmse: 1292.303467 - r2: -2.024645 - mae: 1039.314697 - 學習率: 0.000687 - 時間: 3.52秒
2025-04-15 20:07:12,879 - src.training.trainer - INFO - 監控指標改善，模型已保存至 outputs/hybrid_model\models\best_model.pt
2025-04-15 20:07:16,460 - src.training.trainer - INFO - 監控指標改善，模型已保存至 outputs/hybrid_model\models\best_model.pt
2025-04-15 20:07:20,046 - src.training.trainer - INFO - 輪次 41/300 - 訓練損失: 1.702592 - 驗證損失: 1.517295 - rmse: 1207.102051 - r2: -1.638963 - mae: 925.289062 - 學習率: 0.000658 - 時間: 3.59秒
2025-04-15 20:07:20,065 - src.training.callbacks - INFO - 模型檢查點已保存至 outputs\hybrid_model\HybridPINNLSTMModel_20250415_200450\checkpoints\HybridPINNLSTMModel_epoch_041.pt
2025-04-15 20:07:20,075 - src.training.trainer - INFO - 監控指標改善，模型已保存至 outputs/hybrid_model\models\best_model.pt
2025-04-15 20:07:23,771 - src.training.trainer - INFO - 監控指標改善，模型已保存至 outputs/hybrid_model\models\best_model.pt
2025-04-15 20:07:27,472 - src.training.trainer - INFO - 輪次 43/300 - 訓練損失: 1.593949 - 驗證損失: 1.494359 - rmse: 1210.167969 - r2: -1.652386 - mae: 923.887634 - 學習率: 0.000628 - 時間: 3.70秒
2025-04-15 20:07:27,482 - src.training.trainer - INFO - 監控指標改善，模型已保存至 outputs/hybrid_model\models\best_model.pt
2025-04-15 20:07:31,242 - src.training.trainer - INFO - 監控指標改善，模型已保存至 outputs/hybrid_model\models\best_model.pt
2025-04-15 20:07:34,879 - src.training.trainer - INFO - 輪次 45/300 - 訓練損失: 1.506432 - 驗證損失: 1.870606 - rmse: 1264.579224 - r2: -1.896259 - mae: 1009.586609 - 學習率: 0.000598 - 時間: 3.64秒
2025-04-15 20:07:34,893 - src.training.trainer - INFO - 監控指標改善，模型已保存至 outputs/hybrid_model\models\best_model.pt
2025-04-15 20:07:38,482 - src.training.callbacks - INFO - 模型檢查點已保存至 outputs\hybrid_model\HybridPINNLSTMModel_20250415_200450\checkpoints\HybridPINNLSTMModel_epoch_046.pt
2025-04-15 20:07:38,496 - src.training.trainer - INFO - 監控指標改善，模型已保存至 outputs/hybrid_model\models\best_model.pt
2025-04-15 20:07:42,127 - src.training.trainer - INFO - 輪次 47/300 - 訓練損失: 1.475375 - 驗證損失: 1.620773 - rmse: 1224.041382 - r2: -1.713548 - mae: 939.133484 - 學習率: 0.000567 - 時間: 3.63秒
2025-04-15 20:07:42,140 - src.training.trainer - INFO - 監控指標改善，模型已保存至 outputs/hybrid_model\models\best_model.pt
2025-04-15 20:07:45,890 - src.training.trainer - INFO - 監控指標改善，模型已保存至 outputs/hybrid_model\models\best_model.pt
2025-04-15 20:07:49,352 - src.training.trainer - INFO - 輪次 49/300 - 訓練損失: 1.464447 - 驗證損失: 2.159747 - rmse: 1289.877808 - r2: -2.013301 - mae: 1042.717407 - 學習率: 0.000536 - 時間: 3.46秒
2025-04-15 20:07:49,361 - src.training.trainer - INFO - 監控指標改善，模型已保存至 outputs/hybrid_model\models\best_model.pt
2025-04-15 20:07:53,055 - src.training.trainer - INFO - 監控指標改善，模型已保存至 outputs/hybrid_model\models\best_model.pt
2025-04-15 20:07:56,616 - src.training.trainer - INFO - 輪次 51/300 - 訓練損失: 1.416816 - 驗證損失: 3.122618 - rmse: 1334.617920 - r2: -2.225962 - mae: 1101.609009 - 學習率: 0.000505 - 時間: 3.56秒
2025-04-15 20:07:56,645 - src.training.callbacks - INFO - 模型檢查點已保存至 outputs\hybrid_model\HybridPINNLSTMModel_20250415_200450\checkpoints\HybridPINNLSTMModel_epoch_051.pt
2025-04-15 20:07:56,650 - src.training.trainer - INFO - min模式下監控指標改善
2025-04-15 20:07:56,657 - src.training.trainer - INFO - 監控指標改善，模型已保存至 outputs/hybrid_model\models\best_model.pt
2025-04-15 20:08:00,336 - src.training.trainer - INFO - min模式下監控指標改善, 從 3.122618 改善到 1.721263
2025-04-15 20:08:00,343 - src.training.trainer - INFO - 監控指標改善，模型已保存至 outputs/hybrid_model\models\best_model.pt
2025-04-15 20:08:04,016 - src.training.trainer - INFO - 輪次 53/300 - 訓練損失: 1.389398 - 驗證損失: 1.835584 - rmse: 1257.429565 - r2: -1.863602 - mae: 993.900452 - 學習率: 0.000474 - 時間: 3.67秒
2025-04-15 20:08:04,018 - src.training.trainer - INFO - 監控指標未改善，已連續 1 輪。最佳值: 1.721263, 當前值: 1.835584
2025-04-15 20:08:07,652 - src.training.trainer - INFO - 監控指標未改善，已連續 2 輪。最佳值: 1.721263, 當前值: 3.187520
2025-04-15 20:08:11,309 - src.training.trainer - INFO - 輪次 55/300 - 訓練損失: 1.319307 - 驗證損失: 2.030933 - rmse: 1281.709595 - r2: -1.975258 - mae: 1027.261597 - 學習率: 0.000443 - 時間: 3.66秒
2025-04-15 20:08:11,312 - src.training.trainer - INFO - 監控指標未改善，已連續 3 輪。最佳值: 1.721263, 當前值: 2.030933
2025-04-15 20:08:14,956 - src.training.callbacks - INFO - 模型檢查點已保存至 outputs\hybrid_model\HybridPINNLSTMModel_20250415_200450\checkpoints\HybridPINNLSTMModel_epoch_056.pt
2025-04-15 20:08:14,961 - src.training.trainer - INFO - 監控指標未改善，已連續 4 輪。最佳值: 1.721263, 當前值: 2.606978
2025-04-15 20:08:18,692 - src.training.trainer - INFO - 輪次 57/300 - 訓練損失: 1.338790 - 驗證損失: 2.384178 - rmse: 1307.042847 - r2: -2.094034 - mae: 1062.889771 - 學習率: 0.000412 - 時間: 3.73秒
2025-04-15 20:08:18,695 - src.training.trainer - INFO - 監控指標未改善，已連續 5 輪。最佳值: 1.721263, 當前值: 2.384178
2025-04-15 20:08:18,695 - src.training.trainer - INFO - 檢測到訓練停滯，嘗試重啟訓練...
2025-04-15 20:08:22,315 - src.training.trainer - INFO - 監控指標未改善，已連續 4 輪。最佳值: 1.721263, 當前值: 2.273392
2025-04-15 20:08:26,029 - src.training.trainer - INFO - 輪次 59/300 - 訓練損失: 1.320670 - 驗證損失: 2.389762 - rmse: 1308.081787 - r2: -2.098954 - mae: 1066.866821 - 學習率: 0.000382 - 時間: 3.71秒
2025-04-15 20:08:26,031 - src.training.trainer - INFO - 監控指標未改善，已連續 5 輪。最佳值: 1.721263, 當前值: 2.389762
2025-04-15 20:08:29,625 - src.training.trainer - INFO - 監控指標未改善，已連續 6 輪。最佳值: 1.721263, 當前值: 2.108977
2025-04-15 20:08:33,328 - src.training.trainer - INFO - 輪次 61/300 - 訓練損失: 1.293858 - 驗證損失: 1.890604 - rmse: 1275.102295 - r2: -1.944662 - mae: 1016.946838 - 學習率: 0.000352 - 時間: 3.70秒
2025-04-15 20:08:33,358 - src.training.callbacks - INFO - 模型檢查點已保存至 outputs\hybrid_model\HybridPINNLSTMModel_20250415_200450\checkpoints\HybridPINNLSTMModel_epoch_061.pt
2025-04-15 20:08:33,363 - src.training.trainer - INFO - 監控指標未改善，已連續 7 輪。最佳值: 1.721263, 當前值: 1.890604
2025-04-15 20:08:37,008 - src.training.trainer - INFO - 監控指標未改善，已連續 8 輪。最佳值: 1.721263, 當前值: 1.851566
2025-04-15 20:08:37,008 - src.training.trainer - INFO - 檢測到訓練停滯，嘗試重啟訓練...
2025-04-15 20:08:40,567 - src.training.trainer - INFO - 輪次 63/300 - 訓練損失: 1.277133 - 驗證損失: 1.594137 - rmse: 1245.300049 - r2: -1.808622 - mae: 967.882080 - 學習率: 0.000323 - 時間: 3.56秒
2025-04-15 20:08:40,570 - src.training.trainer - INFO - min模式下監控指標改善, 從 1.721263 改善到 1.594137
2025-04-15 20:08:40,578 - src.training.trainer - INFO - 監控指標改善，模型已保存至 outputs/hybrid_model\models\best_model.pt
2025-04-15 20:08:44,151 - src.training.trainer - INFO - 監控指標未改善，已連續 1 輪。最佳值: 1.594137, 當前值: 2.085118
2025-04-15 20:08:47,709 - src.training.trainer - INFO - 輪次 65/300 - 訓練損失: 1.264310 - 驗證損失: 1.776204 - rmse: 1262.539062 - r2: -1.886922 - mae: 995.524841 - 學習率: 0.000294 - 時間: 3.56秒
2025-04-15 20:08:47,711 - src.training.trainer - INFO - 監控指標未改善，已連續 2 輪。最佳值: 1.594137, 當前值: 1.776204
2025-04-15 20:08:51,474 - src.training.callbacks - INFO - 模型檢查點已保存至 outputs\hybrid_model\HybridPINNLSTMModel_20250415_200450\checkpoints\HybridPINNLSTMModel_epoch_066.pt
2025-04-15 20:08:51,480 - src.training.trainer - INFO - 監控指標未改善，已連續 3 輪。最佳值: 1.594137, 當前值: 1.647256
2025-04-15 20:08:55,201 - src.training.trainer - INFO - 輪次 67/300 - 訓練損失: 1.233630 - 驗證損失: 1.630822 - rmse: 1253.681396 - r2: -1.846556 - mae: 988.424500 - 學習率: 0.000267 - 時間: 3.72秒
2025-04-15 20:08:55,205 - src.training.trainer - INFO - 監控指標未改善，已連續 4 輪。最佳值: 1.594137, 當前值: 1.630822
2025-04-15 20:08:58,978 - src.training.trainer - INFO - 監控指標未改善，已連續 5 輪。最佳值: 1.594137, 當前值: 2.075246
2025-04-15 20:08:58,979 - src.training.trainer - INFO - 檢測到訓練停滯，嘗試重啟訓練...
2025-04-15 20:09:02,683 - src.training.trainer - INFO - 輪次 69/300 - 訓練損失: 1.234836 - 驗證損失: 2.188882 - rmse: 1298.889648 - r2: -2.055553 - mae: 1051.369507 - 學習率: 0.000240 - 時間: 3.70秒
2025-04-15 20:09:02,686 - src.training.trainer - INFO - 監控指標未改善，已連續 4 輪。最佳值: 1.594137, 當前值: 2.188882
2025-04-15 20:09:06,295 - src.training.trainer - INFO - 監控指標未改善，已連續 5 輪。最佳值: 1.594137, 當前值: 1.595874
2025-04-15 20:09:09,893 - src.training.trainer - INFO - 輪次 71/300 - 訓練損失: 1.225624 - 驗證損失: 1.888416 - rmse: 1277.392578 - r2: -1.955249 - mae: 1017.799072 - 學習率: 0.000214 - 時間: 3.60秒
2025-04-15 20:09:09,919 - src.training.callbacks - INFO - 模型檢查點已保存至 outputs\hybrid_model\HybridPINNLSTMModel_20250415_200450\checkpoints\HybridPINNLSTMModel_epoch_071.pt
2025-04-15 20:09:09,925 - src.training.trainer - INFO - 監控指標未改善，已連續 6 輪。最佳值: 1.594137, 當前值: 1.888416
2025-04-15 20:09:13,550 - src.training.trainer - INFO - 監控指標未改善，已連續 7 輪。最佳值: 1.594137, 當前值: 2.322749
2025-04-15 20:09:17,186 - src.training.trainer - INFO - 輪次 73/300 - 訓練損失: 1.228047 - 驗證損失: 1.886039 - rmse: 1277.618164 - r2: -1.956293 - mae: 1023.346436 - 學習率: 0.000189 - 時間: 3.64秒
2025-04-15 20:09:17,190 - src.training.trainer - INFO - 監控指標未改善，已連續 8 輪。最佳值: 1.594137, 當前值: 1.886039
2025-04-15 20:09:17,190 - src.training.trainer - INFO - 檢測到訓練停滯，嘗試重啟訓練...
2025-04-15 20:09:20,783 - src.training.trainer - INFO - 監控指標未改善，已連續 7 輪。最佳值: 1.594137, 當前值: 1.728966
2025-04-15 20:09:24,414 - src.training.trainer - INFO - 輪次 75/300 - 訓練損失: 1.208650 - 驗證損失: 2.513419 - rmse: 1318.733887 - r2: -2.149631 - mae: 1078.934326 - 學習率: 0.000166 - 時間: 3.63秒
2025-04-15 20:09:24,417 - src.training.trainer - INFO - 監控指標未改善，已連續 8 輪。最佳值: 1.594137, 當前值: 2.513419
2025-04-15 20:09:28,179 - src.training.callbacks - INFO - 模型檢查點已保存至 outputs\hybrid_model\HybridPINNLSTMModel_20250415_200450\checkpoints\HybridPINNLSTMModel_epoch_076.pt
2025-04-15 20:09:28,184 - src.training.trainer - INFO - 監控指標未改善，已連續 9 輪。最佳值: 1.594137, 當前值: 1.925263
2025-04-15 20:09:31,807 - src.training.trainer - INFO - 輪次 77/300 - 訓練損失: 1.189545 - 驗證損失: 1.707421 - rmse: 1262.430542 - r2: -1.886425 - mae: 999.161560 - 學習率: 0.000144 - 時間: 3.62秒
2025-04-15 20:09:31,810 - src.training.trainer - INFO - 監控指標未改善，已連續 10 輪。最佳值: 1.594137, 當前值: 1.707421
2025-04-15 20:09:35,339 - src.training.trainer - INFO - 監控指標未改善，已連續 11 輪。最佳值: 1.594137, 當前值: 1.843611
2025-04-15 20:09:35,339 - src.training.trainer - INFO - 檢測到訓練停滯，嘗試重啟訓練...
2025-04-15 20:09:38,914 - src.training.trainer - INFO - 輪次 79/300 - 訓練損失: 1.209390 - 驗證損失: 1.892120 - rmse: 1278.760498 - r2: -1.961582 - mae: 1021.219177 - 學習率: 0.000124 - 時間: 3.57秒
2025-04-15 20:09:38,917 - src.training.trainer - INFO - 監控指標未改善，已連續 10 輪。最佳值: 1.594137, 當前值: 1.892120
2025-04-15 20:09:42,566 - src.training.trainer - INFO - 監控指標未改善，已連續 11 輪。最佳值: 1.594137, 當前值: 1.748143
2025-04-15 20:09:46,190 - src.training.trainer - INFO - 輪次 81/300 - 訓練損失: 1.222853 - 驗證損失: 1.891146 - rmse: 1279.812378 - r2: -1.966457 - mae: 1024.538696 - 學習率: 0.000105 - 時間: 3.62秒
2025-04-15 20:09:46,218 - src.training.callbacks - INFO - 模型檢查點已保存至 outputs\hybrid_model\HybridPINNLSTMModel_20250415_200450\checkpoints\HybridPINNLSTMModel_epoch_081.pt
2025-04-15 20:09:46,222 - src.training.trainer - INFO - 監控指標未改善，已連續 12 輪。最佳值: 1.594137, 當前值: 1.891146
2025-04-15 20:09:49,940 - src.training.trainer - INFO - 監控指標未改善，已連續 13 輪。最佳值: 1.594137, 當前值: 1.732524
2025-04-15 20:09:53,610 - src.training.trainer - INFO - 輪次 83/300 - 訓練損失: 1.187160 - 驗證損失: 1.715693 - rmse: 1266.353271 - r2: -1.904391 - mae: 1006.974915 - 學習率: 0.000087 - 時間: 3.67秒
2025-04-15 20:09:53,614 - src.training.trainer - INFO - 監控指標未改善，已連續 14 輪。最佳值: 1.594137, 當前值: 1.715693
2025-04-15 20:09:53,615 - src.training.trainer - INFO - 檢測到訓練停滯，嘗試重啟訓練...
2025-04-15 20:09:57,222 - src.training.trainer - INFO - 監控指標未改善，已連續 13 輪。最佳值: 1.594137, 當前值: 2.038722
2025-04-15 20:10:00,885 - src.training.trainer - INFO - 輪次 85/300 - 訓練損失: 1.184788 - 驗證損失: 1.829189 - rmse: 1275.243896 - r2: -1.945316 - mae: 1018.462463 - 學習率: 0.000071 - 時間: 3.66秒
2025-04-15 20:10:00,890 - src.training.trainer - INFO - 監控指標未改善，已連續 14 輪。最佳值: 1.594137, 當前值: 1.829189
2025-04-15 20:10:04,645 - src.training.callbacks - INFO - 模型檢查點已保存至 outputs\hybrid_model\HybridPINNLSTMModel_20250415_200450\checkpoints\HybridPINNLSTMModel_epoch_086.pt
2025-04-15 20:10:04,651 - src.training.trainer - INFO - 監控指標未改善，已連續 15 輪。最佳值: 1.594137, 當前值: 1.833864
2025-04-15 20:10:08,414 - src.training.trainer - INFO - 輪次 87/300 - 訓練損失: 1.190354 - 驗證損失: 1.812597 - rmse: 1275.265747 - r2: -1.945417 - mae: 1020.858398 - 學習率: 0.000057 - 時間: 3.76秒
2025-04-15 20:10:08,417 - src.training.trainer - INFO - 監控指標未改善，已連續 16 輪。最佳值: 1.594137, 當前值: 1.812597
2025-04-15 20:10:12,137 - src.training.trainer - INFO - 監控指標未改善，已連續 17 輪。最佳值: 1.594137, 當前值: 1.808828
2025-04-15 20:10:12,138 - src.training.trainer - INFO - 檢測到訓練停滯，嘗試重啟訓練...
2025-04-15 20:10:15,804 - src.training.trainer - INFO - 輪次 89/300 - 訓練損失: 1.191154 - 驗證損失: 1.884602 - rmse: 1280.366943 - r2: -1.969028 - mae: 1025.187378 - 學習率: 0.000045 - 時間: 3.67秒
2025-04-15 20:10:15,808 - src.training.trainer - INFO - 監控指標未改善，已連續 16 輪。最佳值: 1.594137, 當前值: 1.884602
2025-04-15 20:10:19,459 - src.training.trainer - INFO - 監控指標未改善，已連續 17 輪。最佳值: 1.594137, 當前值: 1.849426
2025-04-15 20:10:23,104 - src.training.trainer - INFO - 輪次 91/300 - 訓練損失: 1.159054 - 驗證損失: 1.899818 - rmse: 1280.000000 - r2: -1.967326 - mae: 1023.592285 - 學習率: 0.000034 - 時間: 3.65秒
2025-04-15 20:10:23,122 - src.training.callbacks - INFO - 模型檢查點已保存至 outputs\hybrid_model\HybridPINNLSTMModel_20250415_200450\checkpoints\HybridPINNLSTMModel_epoch_091.pt
2025-04-15 20:10:23,126 - src.training.trainer - INFO - 監控指標未改善，已連續 18 輪。最佳值: 1.594137, 當前值: 1.899818
2025-04-15 20:10:26,780 - src.training.trainer - INFO - 監控指標未改善，已連續 19 輪。最佳值: 1.594137, 當前值: 1.809925
2025-04-15 20:10:30,510 - src.training.trainer - INFO - 輪次 93/300 - 訓練損失: 1.166947 - 驗證損失: 1.869983 - rmse: 1279.533447 - r2: -1.965163 - mae: 1024.508301 - 學習率: 0.000026 - 時間: 3.73秒
2025-04-15 20:10:30,514 - src.training.trainer - INFO - 監控指標未改善，已連續 20 輪。最佳值: 1.594137, 當前值: 1.869983
2025-04-15 20:10:30,515 - src.training.trainer - INFO - 檢測到訓練停滯，嘗試重啟訓練...
2025-04-15 20:10:34,039 - src.training.trainer - INFO - 監控指標未改善，已連續 19 輪。最佳值: 1.594137, 當前值: 1.902686
2025-04-15 20:10:37,634 - src.training.trainer - INFO - 輪次 95/300 - 訓練損失: 1.190119 - 驗證損失: 1.929371 - rmse: 1284.890625 - r2: -1.990045 - mae: 1032.106079 - 學習率: 0.000019 - 時間: 3.60秒
2025-04-15 20:10:37,639 - src.training.trainer - INFO - 監控指標未改善，已連續 20 輪。最佳值: 1.594137, 當前值: 1.929371
2025-04-15 20:10:41,349 - src.training.callbacks - INFO - 模型檢查點已保存至 outputs\hybrid_model\HybridPINNLSTMModel_20250415_200450\checkpoints\HybridPINNLSTMModel_epoch_096.pt
2025-04-15 20:10:41,354 - src.training.trainer - INFO - 監控指標未改善，已連續 21 輪。最佳值: 1.594137, 當前值: 1.878459
2025-04-15 20:10:44,986 - src.training.trainer - INFO - 輪次 97/300 - 訓練損失: 1.173985 - 驗證損失: 1.845098 - rmse: 1278.659302 - r2: -1.961113 - mae: 1023.851746 - 學習率: 0.000014 - 時間: 3.63秒
2025-04-15 20:10:44,991 - src.training.trainer - INFO - 監控指標未改善，已連續 22 輪。最佳值: 1.594137, 當前值: 1.845098
2025-04-15 20:10:48,696 - src.training.trainer - INFO - 監控指標未改善，已連續 23 輪。最佳值: 1.594137, 當前值: 1.764554
2025-04-15 20:10:48,696 - src.training.trainer - INFO - 檢測到訓練停滯，嘗試重啟訓練...
2025-04-15 20:10:52,399 - src.training.trainer - INFO - 輪次 99/300 - 訓練損失: 1.189416 - 驗證損失: 1.919292 - rmse: 1283.661499 - r2: -1.984327 - mae: 1029.194702 - 學習率: 0.000011 - 時間: 3.70秒
2025-04-15 20:10:52,403 - src.training.trainer - INFO - 監控指標未改善，已連續 22 輪。最佳值: 1.594137, 當前值: 1.919292
2025-04-15 20:10:56,309 - src.training.trainer - INFO - 監控指標未改善，已連續 23 輪。最佳值: 1.594137, 當前值: 1.854291
2025-04-15 20:10:59,889 - src.training.trainer - INFO - 輪次 101/300 - 訓練損失: 1.175426 - 驗證損失: 1.877109 - rmse: 1281.076294 - r2: -1.972318 - mae: 1026.913452 - 學習率: 0.000010 - 時間: 3.58秒
2025-04-15 20:10:59,907 - src.training.callbacks - INFO - 模型檢查點已保存至 outputs\hybrid_model\HybridPINNLSTMModel_20250415_200450\checkpoints\HybridPINNLSTMModel_epoch_101.pt
2025-04-15 20:10:59,913 - src.training.trainer - INFO - 監控指標未改善，已連續 24 輪。最佳值: 1.594137, 當前值: 1.877109
2025-04-15 20:11:03,697 - src.training.trainer - INFO - 監控指標未改善，已連續 25 輪。最佳值: 1.594137, 當前值: 1.861018
2025-04-15 20:11:07,413 - src.training.trainer - INFO - 輪次 103/300 - 訓練損失: 1.164685 - 驗證損失: 1.814272 - rmse: 1276.272705 - r2: -1.950070 - mae: 1020.222717 - 學習率: 0.000011 - 時間: 3.72秒
2025-04-15 20:11:07,416 - src.training.trainer - INFO - 監控指標未改善，已連續 26 輪。最佳值: 1.594137, 當前值: 1.814272
2025-04-15 20:11:07,416 - src.training.trainer - INFO - 檢測到訓練停滯，嘗試重啟訓練...
2025-04-15 20:11:11,013 - src.training.trainer - INFO - 監控指標未改善，已連續 25 輪。最佳值: 1.594137, 當前值: 1.799283
2025-04-15 20:11:14,703 - src.training.trainer - INFO - 輪次 105/300 - 訓練損失: 1.153447 - 驗證損失: 1.931779 - rmse: 1284.749756 - r2: -1.989389 - mae: 1031.175171 - 學習率: 0.000014 - 時間: 3.69秒
2025-04-15 20:11:14,708 - src.training.trainer - INFO - 監控指標未改善，已連續 26 輪。最佳值: 1.594137, 當前值: 1.931779
2025-04-15 20:11:18,508 - src.training.callbacks - INFO - 模型檢查點已保存至 outputs\hybrid_model\HybridPINNLSTMModel_20250415_200450\checkpoints\HybridPINNLSTMModel_epoch_106.pt
2025-04-15 20:11:18,513 - src.training.trainer - INFO - 監控指標未改善，已連續 27 輪。最佳值: 1.594137, 當前值: 1.958319
2025-04-15 20:11:22,230 - src.training.trainer - INFO - 輪次 107/300 - 訓練損失: 1.174196 - 驗證損失: 1.841618 - rmse: 1277.767212 - r2: -1.956983 - mae: 1021.497986 - 學習率: 0.000019 - 時間: 3.72秒
2025-04-15 20:11:22,234 - src.training.trainer - INFO - 監控指標未改善，已連續 28 輪。最佳值: 1.594137, 當前值: 1.841618
2025-04-15 20:11:25,861 - src.training.trainer - INFO - 監控指標未改善，已連續 29 輪。最佳值: 1.594137, 當前值: 1.858362
2025-04-15 20:11:25,862 - src.training.trainer - INFO - 檢測到訓練停滯，嘗試重啟訓練...
2025-04-15 20:11:29,701 - src.training.trainer - INFO - 輪次 109/300 - 訓練損失: 1.170118 - 驗證損失: 1.896368 - rmse: 1281.552368 - r2: -1.974528 - mae: 1026.353516 - 學習率: 0.000026 - 時間: 3.84秒
2025-04-15 20:11:29,705 - src.training.trainer - INFO - 監控指標未改善，已連續 28 輪。最佳值: 1.594137, 當前值: 1.896368
2025-04-15 20:11:33,374 - src.training.trainer - INFO - 監控指標未改善，已連續 29 輪。最佳值: 1.594137, 當前值: 1.796998
2025-04-15 20:11:36,969 - src.training.trainer - INFO - 輪次 111/300 - 訓練損失: 1.168002 - 驗證損失: 1.799308 - rmse: 1275.893555 - r2: -1.948318 - mae: 1021.329163 - 學習率: 0.000034 - 時間: 3.59秒
2025-04-15 20:11:36,998 - src.training.callbacks - INFO - 模型檢查點已保存至 outputs\hybrid_model\HybridPINNLSTMModel_20250415_200450\checkpoints\HybridPINNLSTMModel_epoch_111.pt
2025-04-15 20:11:37,002 - src.training.trainer - INFO - 監控指標未改善，已連續 30 輪。最佳值: 1.594137, 當前值: 1.799308
2025-04-15 20:11:40,743 - src.training.trainer - INFO - 監控指標未改善，已連續 31 輪。最佳值: 1.594137, 當前值: 1.801951
2025-04-15 20:11:44,441 - src.training.trainer - INFO - 輪次 113/300 - 訓練損失: 1.163662 - 驗證損失: 1.801512 - rmse: 1276.202637 - r2: -1.949746 - mae: 1018.747131 - 學習率: 0.000045 - 時間: 3.70秒
2025-04-15 20:11:44,444 - src.training.trainer - INFO - 監控指標未改善，已連續 32 輪。最佳值: 1.594137, 當前值: 1.801512
2025-04-15 20:11:44,444 - src.training.trainer - INFO - 檢測到訓練停滯，嘗試重啟訓練...
2025-04-15 20:11:48,271 - src.training.trainer - INFO - 監控指標未改善，已連續 31 輪。最佳值: 1.594137, 當前值: 1.920171
2025-04-15 20:11:51,893 - src.training.trainer - INFO - 輪次 115/300 - 訓練損失: 1.192645 - 驗證損失: 1.764072 - rmse: 1272.668457 - r2: -1.933432 - mae: 1017.870789 - 學習率: 0.000057 - 時間: 3.62秒
2025-04-15 20:11:51,899 - src.training.trainer - INFO - 監控指標未改善，已連續 32 輪。最佳值: 1.594137, 當前值: 1.764072
2025-04-15 20:11:55,785 - src.training.callbacks - INFO - 模型檢查點已保存至 outputs\hybrid_model\HybridPINNLSTMModel_20250415_200450\checkpoints\HybridPINNLSTMModel_epoch_116.pt
2025-04-15 20:11:55,790 - src.training.trainer - INFO - 監控指標未改善，已連續 33 輪。最佳值: 1.594137, 當前值: 1.882304
2025-04-15 20:11:59,502 - src.training.trainer - INFO - 輪次 117/300 - 訓練損失: 1.140948 - 驗證損失: 1.916421 - rmse: 1286.248779 - r2: -1.996369 - mae: 1035.746582 - 學習率: 0.000071 - 時間: 3.71秒
2025-04-15 20:11:59,508 - src.training.trainer - INFO - 監控指標未改善，已連續 34 輪。最佳值: 1.594137, 當前值: 1.916421
2025-04-15 20:12:03,132 - src.training.trainer - INFO - 監控指標未改善，已連續 35 輪。最佳值: 1.594137, 當前值: 1.752955
2025-04-15 20:12:03,133 - src.training.trainer - INFO - 檢測到訓練停滯，嘗試重啟訓練...
2025-04-15 20:12:06,732 - src.training.trainer - INFO - 輪次 119/300 - 訓練損失: 1.168636 - 驗證損失: 1.853253 - rmse: 1282.266357 - r2: -1.977844 - mae: 1029.820801 - 學習率: 0.000087 - 時間: 3.60秒
2025-04-15 20:12:06,736 - src.training.trainer - INFO - 監控指標未改善，已連續 34 輪。最佳值: 1.594137, 當前值: 1.853253
2025-04-15 20:12:10,361 - src.training.trainer - INFO - 監控指標未改善，已連續 35 輪。最佳值: 1.594137, 當前值: 1.803125
2025-04-15 20:12:13,859 - src.training.trainer - INFO - 輪次 121/300 - 訓練損失: 1.171137 - 驗證損失: 1.729825 - rmse: 1267.302856 - r2: -1.908749 - mae: 1004.960693 - 學習率: 0.000105 - 時間: 3.50秒
2025-04-15 20:12:13,877 - src.training.callbacks - INFO - 模型檢查點已保存至 outputs\hybrid_model\HybridPINNLSTMModel_20250415_200450\checkpoints\HybridPINNLSTMModel_epoch_121.pt
2025-04-15 20:12:13,882 - src.training.trainer - INFO - 監控指標未改善，已連續 36 輪。最佳值: 1.594137, 當前值: 1.729825
2025-04-15 20:12:17,593 - src.training.trainer - INFO - 監控指標未改善，已連續 37 輪。最佳值: 1.594137, 當前值: 1.761585
2025-04-15 20:12:21,231 - src.training.trainer - INFO - 輪次 123/300 - 訓練損失: 1.141293 - 驗證損失: 1.820349 - rmse: 1277.875854 - r2: -1.957486 - mae: 1020.469482 - 學習率: 0.000124 - 時間: 3.64秒
2025-04-15 20:12:21,237 - src.training.trainer - INFO - 監控指標未改善，已連續 38 輪。最佳值: 1.594137, 當前值: 1.820349
2025-04-15 20:12:21,238 - src.training.trainer - INFO - 檢測到訓練停滯，嘗試重啟訓練...
2025-04-15 20:12:24,871 - src.training.trainer - INFO - 監控指標未改善，已連續 37 輪。最佳值: 1.594137, 當前值: 1.893610
2025-04-15 20:12:28,392 - src.training.trainer - INFO - 輪次 125/300 - 訓練損失: 1.169189 - 驗證損失: 1.947198 - rmse: 1283.760498 - r2: -1.984787 - mae: 1026.252319 - 學習率: 0.000144 - 時間: 3.52秒
2025-04-15 20:12:28,396 - src.training.trainer - INFO - 監控指標未改善，已連續 38 輪。最佳值: 1.594137, 當前值: 1.947198
2025-04-15 20:12:32,054 - src.training.callbacks - INFO - 模型檢查點已保存至 outputs\hybrid_model\HybridPINNLSTMModel_20250415_200450\checkpoints\HybridPINNLSTMModel_epoch_126.pt
2025-04-15 20:12:32,061 - src.training.trainer - INFO - 監控指標未改善，已連續 39 輪。最佳值: 1.594137, 當前值: 1.696842
2025-04-15 20:12:35,741 - src.training.trainer - INFO - 輪次 127/300 - 訓練損失: 1.165544 - 驗證損失: 1.995852 - rmse: 1288.857056 - r2: -2.008533 - mae: 1034.499146 - 學習率: 0.000166 - 時間: 3.68秒
2025-04-15 20:12:35,745 - src.training.trainer - INFO - 監控指標未改善，已連續 40 輪。最佳值: 1.594137, 當前值: 1.995852
2025-04-15 20:12:35,745 - src.training.trainer - INFO - 早停觸發！40 輪未改善
2025-04-15 20:12:35,745 - src.training.trainer - INFO - 早停觸發，在輪次 127 停止訓練
2025-04-15 20:12:35,745 - src.training.trainer - INFO - 訓練完成，總時間: 465.72秒
2025-04-15 20:12:35,763 - __main__ - INFO - 訓練完成，最終模型已保存至: outputs/hybrid_model\models\final_model.pt
2025-04-15 20:12:35,774 - __main__ - WARNING - 合併輸出 l2_penalty 時出錯: zero-dimensional arrays cannot be concatenated
2025-04-15 20:12:35,778 - src.utils.metrics - INFO - Model: HybridPINNLSTMModel
RMSE: 1946.4615
R2: -5.6121
MAE: 1805.4403
MAPE: 94.74%
Relative Error (Mean): 94.74%
Relative Error (Median): 95.25%
Relative Error (90th percentile): 95.62%
Log RMSE: 1.2859
2025-04-15 20:12:35,782 - __main__ - INFO - 評估指標已保存至: outputs/hybrid_model\evaluation\metrics.csv
2025-04-15 20:12:35,782 - __main__ - INFO - 生成視覺化結果...
2025-04-15 20:12:36,661 - src.utils.visualization - INFO - 圖像已保存至: outputs/hybrid_model\evaluation\visualizations\prediction_vs_true.png
2025-04-15 20:12:37,326 - src.utils.visualization - INFO - 圖像已保存至: outputs/hybrid_model\evaluation\visualizations\delta_w_prediction.png
2025-04-15 20:12:38,121 - src.utils.visualization - INFO - 圖像已保存至: outputs/hybrid_model\evaluation\visualizations\physical_constraint.png
2025-04-15 20:12:38,132 - __main__ - INFO - 評估完成，結果已保存至: outputs/hybrid_model\evaluation
2025-04-15 20:12:38,132 - __main__ - INFO - 任務完成
