2025-04-15 16:30:35,656 - __main__ - INFO - 成功載入配置文件: configs/model_config.yaml
2025-04-15 16:30:35,679 - __main__ - INFO - 成功載入配置文件: configs/train_config.yaml
2025-04-15 16:30:35,683 - __main__ - INFO - 已設定隨機種子: 42
2025-04-15 16:30:35,683 - __main__ - INFO - 使用計算設備: cpu
2025-04-15 16:30:35,684 - __main__ - INFO - 輸出目錄: outputs/hybrid_model
2025-04-15 16:30:35,685 - __main__ - INFO - 載入資料: data/raw/Training_data_warpage_final_20250321_v1.2.csv
2025-04-15 16:30:35,689 - src.data.preprocess - INFO - 成功載入資料檔案: data/raw/Training_data_warpage_final_20250321_v1.2.csv，共 81 筆資料，18 個欄位
2025-04-15 16:30:35,693 - src.data.preprocess - INFO - 標準化完成，特徵數量: 5
2025-04-15 16:30:35,694 - src.data.preprocess - INFO - 時間序列資料準備完成，形狀: (81, 4, 2)
2025-04-15 16:30:35,696 - src.data.preprocess - INFO - 資料分割完成 - 訓練集: 56 樣本, 驗證集: 12 樣本, 測試集: 13 樣本
2025-04-15 16:30:35,697 - src.data.preprocess - INFO - 完整資料處理流程完成
2025-04-15 16:30:35,697 - __main__ - INFO - 資料分割完成, 訓練集: 56 樣本, 驗證集: 12 樣本, 測試集: 13 樣本
2025-04-15 16:30:35,697 - __main__ - INFO - 應用資料增強...
2025-04-15 16:30:35,698 - src.data.dataset - INFO - 進行資料增強，原始訓練集大小: 56 樣本
2025-04-15 16:30:35,884 - src.data.dataset - INFO - 資料增強完成，增強後的訓練集大小: 940 樣本
2025-04-15 16:30:35,885 - __main__ - INFO - 資料增強完成，增強後的訓練集大小: 940 樣本
2025-04-15 16:30:35,903 - __main__ - INFO - 創建混合PINN-LSTM模型，使用物理約束: True，融合方法: weighted
2025-04-15 16:30:35,905 - src.data.dataset - INFO - 已創建資料載入器 - 訓練: 940 樣本, 驗證: 12 樣本, 測試: 13 樣本, 批次大小: 8
2025-04-15 16:30:37,737 - src.training.trainer - INFO - 創建adamw優化器，學習率: 0.002，權重衰減: 0.0005
2025-04-15 16:30:37,738 - src.training.losses - INFO - 初始化HybridLoss: lambda_physics=1.0, lambda_consistency=0.3, delta_w_weight=2.0
2025-04-15 16:30:37,738 - src.training.trainer - WARNING - 不支援的學習率調度器類型: one_cycle，不使用學習率調度
2025-04-15 16:30:37,739 - src.training.callbacks - INFO - 初始化ModelCheckpoint: 保存目錄=outputs\hybrid_model\HybridPINNLSTMModel_20250415_163037\checkpoints, 保存頻率=5, 只保存最佳=False, 監控指標=val_loss, 模式=min
2025-04-15 16:30:37,740 - src.training.callbacks - INFO - 初始化LossHistory: 保存路徑=outputs\hybrid_model\HybridPINNLSTMModel_20250415_163037\history.json, 保存頻率=1
2025-04-15 16:30:37,743 - src.training.trainer - INFO - 初始化訓練器完成，模型: HybridPINNLSTMModel, 優化器: AdamW, 設備: cpu
2025-04-15 16:30:37,743 - __main__ - INFO - 開始訓練，總輪數: 200
2025-04-15 16:30:37,743 - src.training.trainer - INFO - 開始訓練，總輪數: 200
2025-04-15 16:30:41,805 - src.training.trainer - INFO - 輪次 1/200 - 訓練損失: 530010.635075 - 驗證損失: 77.523450 - rmse: 1386.794556 - r2: -2.483130 - mae: 1170.919312 - 學習率: 0.002000 - 時間: 4.06秒
2025-04-15 16:30:41,833 - src.training.callbacks - INFO - 模型檢查點已保存至 outputs\hybrid_model\HybridPINNLSTMModel_20250415_163037\checkpoints\HybridPINNLSTMModel_epoch_001.pt
2025-04-15 16:30:41,842 - src.training.trainer - INFO - 監控指標改善，模型已保存至 outputs/hybrid_model\models\best_model.pt
2025-04-15 16:30:46,293 - src.training.trainer - INFO - 監控指標改善，模型已保存至 outputs/hybrid_model\models\best_model.pt
2025-04-15 16:30:50,126 - src.training.trainer - INFO - 輪次 3/200 - 訓練損失: 7.766787 - 驗證損失: 6.382675 - rmse: 1360.623291 - r2: -2.352904 - mae: 1138.996826 - 學習率: 0.002000 - 時間: 3.83秒
2025-04-15 16:30:50,139 - src.training.trainer - INFO - 監控指標改善，模型已保存至 outputs/hybrid_model\models\best_model.pt
2025-04-15 16:30:54,080 - src.training.trainer - INFO - 監控指標改善，模型已保存至 outputs/hybrid_model\models\best_model.pt
2025-04-15 16:30:57,883 - src.training.trainer - INFO - 輪次 5/200 - 訓練損失: 3.765309 - 驗證損失: 6.340966 - rmse: 1376.204712 - r2: -2.430137 - mae: 1157.207642 - 學習率: 0.002000 - 時間: 3.80秒
2025-04-15 16:30:57,893 - src.training.trainer - INFO - 監控指標改善，模型已保存至 outputs/hybrid_model\models\best_model.pt
2025-04-15 16:31:01,646 - src.training.callbacks - INFO - 模型檢查點已保存至 outputs\hybrid_model\HybridPINNLSTMModel_20250415_163037\checkpoints\HybridPINNLSTMModel_epoch_006.pt
2025-04-15 16:31:01,657 - src.training.trainer - INFO - 監控指標改善，模型已保存至 outputs/hybrid_model\models\best_model.pt
2025-04-15 16:31:05,740 - src.training.trainer - INFO - 輪次 7/200 - 訓練損失: 2.689933 - 驗證損失: 2.201030 - rmse: 1241.201416 - r2: -1.790165 - mae: 1012.014221 - 學習率: 0.002000 - 時間: 4.08秒
2025-04-15 16:31:05,755 - src.training.trainer - INFO - 監控指標改善，模型已保存至 outputs/hybrid_model\models\best_model.pt
2025-04-15 16:31:10,156 - src.training.trainer - INFO - 監控指標改善，模型已保存至 outputs/hybrid_model\models\best_model.pt
2025-04-15 16:31:14,442 - src.training.trainer - INFO - 輪次 9/200 - 訓練損失: 2.116023 - 驗證損失: 5.099070 - rmse: 1364.393311 - r2: -2.371510 - mae: 1143.824585 - 學習率: 0.002000 - 時間: 4.29秒
2025-04-15 16:31:14,456 - src.training.trainer - INFO - 監控指標改善，模型已保存至 outputs/hybrid_model\models\best_model.pt
2025-04-15 16:31:18,618 - src.training.trainer - INFO - 監控指標改善，模型已保存至 outputs/hybrid_model\models\best_model.pt
2025-04-15 16:31:22,795 - src.training.trainer - INFO - 輪次 11/200 - 訓練損失: 1.819452 - 驗證損失: 10.770921 - rmse: 1385.906372 - r2: -2.478669 - mae: 1169.129395 - 學習率: 0.002000 - 時間: 4.18秒
2025-04-15 16:31:22,822 - src.training.callbacks - INFO - 模型檢查點已保存至 outputs\hybrid_model\HybridPINNLSTMModel_20250415_163037\checkpoints\HybridPINNLSTMModel_epoch_011.pt
2025-04-15 16:31:22,837 - src.training.trainer - INFO - 監控指標改善，模型已保存至 outputs/hybrid_model\models\best_model.pt
2025-04-15 16:31:27,356 - src.training.trainer - INFO - 監控指標改善，模型已保存至 outputs/hybrid_model\models\best_model.pt
2025-04-15 16:31:31,600 - src.training.trainer - INFO - 輪次 13/200 - 訓練損失: 1.576923 - 驗證損失: 1.539160 - rmse: 1238.610962 - r2: -1.778530 - mae: 978.313049 - 學習率: 0.002000 - 時間: 4.24秒
2025-04-15 16:31:31,610 - src.training.trainer - INFO - 監控指標改善，模型已保存至 outputs/hybrid_model\models\best_model.pt
2025-04-15 16:31:35,639 - src.training.trainer - INFO - 監控指標改善，模型已保存至 outputs/hybrid_model\models\best_model.pt
2025-04-15 16:31:40,699 - src.training.trainer - INFO - 輪次 15/200 - 訓練損失: 1.425601 - 驗證損失: 1.574424 - rmse: 1265.136108 - r2: -1.898811 - mae: 1031.009155 - 學習率: 0.002000 - 時間: 5.06秒
2025-04-15 16:31:40,714 - src.training.trainer - INFO - 監控指標改善，模型已保存至 outputs/hybrid_model\models\best_model.pt
2025-04-15 16:31:45,247 - src.training.callbacks - INFO - 模型檢查點已保存至 outputs\hybrid_model\HybridPINNLSTMModel_20250415_163037\checkpoints\HybridPINNLSTMModel_epoch_016.pt
2025-04-15 16:31:45,260 - src.training.trainer - INFO - 監控指標改善，模型已保存至 outputs/hybrid_model\models\best_model.pt
2025-04-15 16:31:50,590 - src.training.trainer - INFO - 輪次 17/200 - 訓練損失: 1.293370 - 驗證損失: 1.769274 - rmse: 1293.120850 - r2: -2.028472 - mae: 1052.260864 - 學習率: 0.002000 - 時間: 5.33秒
2025-04-15 16:31:50,603 - src.training.trainer - INFO - 監控指標改善，模型已保存至 outputs/hybrid_model\models\best_model.pt
2025-04-15 16:31:54,920 - src.training.trainer - INFO - 監控指標改善，模型已保存至 outputs/hybrid_model\models\best_model.pt
2025-04-15 16:31:59,156 - src.training.trainer - INFO - 輪次 19/200 - 訓練損失: 1.185964 - 驗證損失: 2.057423 - rmse: 1312.104736 - r2: -2.118045 - mae: 1076.568970 - 學習率: 0.002000 - 時間: 4.24秒
2025-04-15 16:31:59,166 - src.training.trainer - INFO - 監控指標改善，模型已保存至 outputs/hybrid_model\models\best_model.pt
2025-04-15 16:32:03,468 - src.training.trainer - INFO - 監控指標改善，模型已保存至 outputs/hybrid_model\models\best_model.pt
2025-04-15 16:32:07,869 - src.training.trainer - INFO - 輪次 21/200 - 訓練損失: 1.158524 - 驗證損失: 1.496594 - rmse: 1279.088745 - r2: -1.963102 - mae: 1038.505737 - 學習率: 0.002000 - 時間: 4.40秒
2025-04-15 16:32:07,893 - src.training.callbacks - INFO - 模型檢查點已保存至 outputs\hybrid_model\HybridPINNLSTMModel_20250415_163037\checkpoints\HybridPINNLSTMModel_epoch_021.pt
2025-04-15 16:32:07,907 - src.training.trainer - INFO - 監控指標改善，模型已保存至 outputs/hybrid_model\models\best_model.pt
2025-04-15 16:32:13,607 - src.training.trainer - INFO - 監控指標改善，模型已保存至 outputs/hybrid_model\models\best_model.pt
2025-04-15 16:32:18,210 - src.training.trainer - INFO - 輪次 23/200 - 訓練損失: 1.074368 - 驗證損失: 1.844473 - rmse: 1305.494019 - r2: -2.086705 - mae: 1065.040405 - 學習率: 0.002000 - 時間: 4.60秒
2025-04-15 16:32:18,224 - src.training.trainer - INFO - 監控指標改善，模型已保存至 outputs/hybrid_model\models\best_model.pt
2025-04-15 16:32:22,790 - src.training.trainer - INFO - 監控指標改善，模型已保存至 outputs/hybrid_model\models\best_model.pt
2025-04-15 16:32:26,818 - src.training.trainer - INFO - 輪次 25/200 - 訓練損失: 1.017637 - 驗證損失: 1.463086 - rmse: 1276.686157 - r2: -1.951982 - mae: 1024.008057 - 學習率: 0.002000 - 時間: 4.03秒
2025-04-15 16:32:26,831 - src.training.trainer - INFO - 監控指標改善，模型已保存至 outputs/hybrid_model\models\best_model.pt
2025-04-15 16:32:31,229 - src.training.callbacks - INFO - 模型檢查點已保存至 outputs\hybrid_model\HybridPINNLSTMModel_20250415_163037\checkpoints\HybridPINNLSTMModel_epoch_026.pt
2025-04-15 16:32:31,241 - src.training.trainer - INFO - 監控指標改善，模型已保存至 outputs/hybrid_model\models\best_model.pt
2025-04-15 16:32:36,338 - src.training.trainer - INFO - 輪次 27/200 - 訓練損失: 0.990621 - 驗證損失: 1.431122 - rmse: 1281.541504 - r2: -1.974478 - mae: 1033.164551 - 學習率: 0.002000 - 時間: 5.10秒
2025-04-15 16:32:36,354 - src.training.trainer - INFO - 監控指標改善，模型已保存至 outputs/hybrid_model\models\best_model.pt
2025-04-15 16:32:41,361 - src.training.trainer - INFO - 監控指標改善，模型已保存至 outputs/hybrid_model\models\best_model.pt
2025-04-15 16:32:45,698 - src.training.trainer - INFO - 輪次 29/200 - 訓練損失: 0.947137 - 驗證損失: 1.425309 - rmse: 1271.770508 - r2: -1.929293 - mae: 1021.125244 - 學習率: 0.002000 - 時間: 4.34秒
2025-04-15 16:32:45,709 - src.training.trainer - INFO - 監控指標改善，模型已保存至 outputs/hybrid_model\models\best_model.pt
2025-04-15 16:32:49,801 - src.training.trainer - INFO - 監控指標改善，模型已保存至 outputs/hybrid_model\models\best_model.pt
2025-04-15 16:32:53,700 - src.training.trainer - INFO - 輪次 31/200 - 訓練損失: 0.947805 - 驗證損失: 1.876222 - rmse: 1310.371582 - r2: -2.109813 - mae: 1070.501587 - 學習率: 0.002000 - 時間: 3.90秒
2025-04-15 16:32:53,727 - src.training.callbacks - INFO - 模型檢查點已保存至 outputs\hybrid_model\HybridPINNLSTMModel_20250415_163037\checkpoints\HybridPINNLSTMModel_epoch_031.pt
2025-04-15 16:32:53,739 - src.training.trainer - INFO - 監控指標改善，模型已保存至 outputs/hybrid_model\models\best_model.pt
2025-04-15 16:32:57,754 - src.training.trainer - INFO - 監控指標改善，模型已保存至 outputs/hybrid_model\models\best_model.pt
2025-04-15 16:33:01,903 - src.training.trainer - INFO - 輪次 33/200 - 訓練損失: 0.906409 - 驗證損失: 1.573657 - rmse: 1292.735718 - r2: -2.026669 - mae: 1044.225220 - 學習率: 0.002000 - 時間: 4.15秒
2025-04-15 16:33:01,912 - src.training.trainer - INFO - 監控指標改善，模型已保存至 outputs/hybrid_model\models\best_model.pt
2025-04-15 16:33:05,979 - src.training.trainer - INFO - 監控指標改善，模型已保存至 outputs/hybrid_model\models\best_model.pt
2025-04-15 16:33:10,001 - src.training.trainer - INFO - 輪次 35/200 - 訓練損失: 0.912975 - 驗證損失: 1.631347 - rmse: 1303.208374 - r2: -2.075906 - mae: 1066.615479 - 學習率: 0.002000 - 時間: 4.02秒
2025-04-15 16:33:10,015 - src.training.trainer - INFO - 監控指標改善，模型已保存至 outputs/hybrid_model\models\best_model.pt
2025-04-15 16:33:14,133 - src.training.callbacks - INFO - 模型檢查點已保存至 outputs\hybrid_model\HybridPINNLSTMModel_20250415_163037\checkpoints\HybridPINNLSTMModel_epoch_036.pt
2025-04-15 16:33:14,149 - src.training.trainer - INFO - 監控指標改善，模型已保存至 outputs/hybrid_model\models\best_model.pt
2025-04-15 16:33:18,212 - src.training.trainer - INFO - 輪次 37/200 - 訓練損失: 0.878701 - 驗證損失: 1.492300 - rmse: 1289.016113 - r2: -2.009276 - mae: 1043.051392 - 學習率: 0.002000 - 時間: 4.06秒
2025-04-15 16:33:18,224 - src.training.trainer - INFO - 監控指標改善，模型已保存至 outputs/hybrid_model\models\best_model.pt
2025-04-15 16:33:22,191 - src.training.trainer - INFO - 監控指標改善，模型已保存至 outputs/hybrid_model\models\best_model.pt
2025-04-15 16:33:26,165 - src.training.trainer - INFO - 輪次 39/200 - 訓練損失: 0.875951 - 驗證損失: 1.646553 - rmse: 1300.431396 - r2: -2.062811 - mae: 1057.674683 - 學習率: 0.002000 - 時間: 3.97秒
2025-04-15 16:33:26,177 - src.training.trainer - INFO - 監控指標改善，模型已保存至 outputs/hybrid_model\models\best_model.pt
2025-04-15 16:33:30,873 - src.training.trainer - INFO - 監控指標改善，模型已保存至 outputs/hybrid_model\models\best_model.pt
2025-04-15 16:33:34,868 - src.training.trainer - INFO - 輪次 41/200 - 訓練損失: 0.839386 - 驗證損失: 1.422803 - rmse: 1280.772217 - r2: -1.970907 - mae: 1034.037231 - 學習率: 0.002000 - 時間: 3.99秒
2025-04-15 16:33:34,887 - src.training.callbacks - INFO - 模型檢查點已保存至 outputs\hybrid_model\HybridPINNLSTMModel_20250415_163037\checkpoints\HybridPINNLSTMModel_epoch_041.pt
2025-04-15 16:33:34,897 - src.training.trainer - INFO - 監控指標改善，模型已保存至 outputs/hybrid_model\models\best_model.pt
2025-04-15 16:33:38,742 - src.training.trainer - INFO - 監控指標改善，模型已保存至 outputs/hybrid_model\models\best_model.pt
2025-04-15 16:33:42,641 - src.training.trainer - INFO - 輪次 43/200 - 訓練損失: 0.852391 - 驗證損失: 1.235680 - rmse: 1262.916870 - r2: -1.888649 - mae: 1006.420166 - 學習率: 0.002000 - 時間: 3.90秒
2025-04-15 16:33:42,655 - src.training.trainer - INFO - 監控指標改善，模型已保存至 outputs/hybrid_model\models\best_model.pt
2025-04-15 16:33:46,752 - src.training.trainer - INFO - 監控指標改善，模型已保存至 outputs/hybrid_model\models\best_model.pt
2025-04-15 16:33:50,742 - src.training.trainer - INFO - 輪次 45/200 - 訓練損失: 0.823402 - 驗證損失: 1.661488 - rmse: 1297.085938 - r2: -2.047073 - mae: 1051.086548 - 學習率: 0.002000 - 時間: 3.99秒
2025-04-15 16:33:50,756 - src.training.trainer - INFO - 監控指標改善，模型已保存至 outputs/hybrid_model\models\best_model.pt
2025-04-15 16:33:54,864 - src.training.callbacks - INFO - 模型檢查點已保存至 outputs\hybrid_model\HybridPINNLSTMModel_20250415_163037\checkpoints\HybridPINNLSTMModel_epoch_046.pt
2025-04-15 16:33:54,879 - src.training.trainer - INFO - 監控指標改善，模型已保存至 outputs/hybrid_model\models\best_model.pt
2025-04-15 16:33:58,928 - src.training.trainer - INFO - 輪次 47/200 - 訓練損失: 0.825258 - 驗證損失: 1.691306 - rmse: 1308.655762 - r2: -2.101674 - mae: 1067.062866 - 學習率: 0.002000 - 時間: 4.05秒
2025-04-15 16:33:58,941 - src.training.trainer - INFO - 監控指標改善，模型已保存至 outputs/hybrid_model\models\best_model.pt
2025-04-15 16:34:02,948 - src.training.trainer - INFO - 監控指標改善，模型已保存至 outputs/hybrid_model\models\best_model.pt
2025-04-15 16:34:06,946 - src.training.trainer - INFO - 輪次 49/200 - 訓練損失: 0.823190 - 驗證損失: 1.291095 - rmse: 1264.896606 - r2: -1.897713 - mae: 1004.243958 - 學習率: 0.002000 - 時間: 4.00秒
2025-04-15 16:34:06,956 - src.training.trainer - INFO - 監控指標改善，模型已保存至 outputs/hybrid_model\models\best_model.pt
2025-04-15 16:34:10,832 - src.training.trainer - INFO - 監控指標改善，模型已保存至 outputs/hybrid_model\models\best_model.pt
2025-04-15 16:34:14,687 - src.training.trainer - INFO - 輪次 51/200 - 訓練損失: 0.816265 - 驗證損失: 1.416712 - rmse: 1282.326050 - r2: -1.978120 - mae: 1030.657837 - 學習率: 0.002000 - 時間: 3.85秒
2025-04-15 16:34:14,706 - src.training.callbacks - INFO - 模型檢查點已保存至 outputs\hybrid_model\HybridPINNLSTMModel_20250415_163037\checkpoints\HybridPINNLSTMModel_epoch_051.pt
2025-04-15 16:34:14,709 - src.training.trainer - INFO - min模式下監控指標改善
2025-04-15 16:34:14,717 - src.training.trainer - INFO - 監控指標改善，模型已保存至 outputs/hybrid_model\models\best_model.pt
2025-04-15 16:34:18,596 - src.training.trainer - INFO - 監控指標未改善，已連續 1 輪。最佳值: 1.416712, 當前值: 1.591288
2025-04-15 16:34:22,721 - src.training.trainer - INFO - 輪次 53/200 - 訓練損失: 0.822687 - 驗證損失: 1.440150 - rmse: 1275.502808 - r2: -1.946512 - mae: 1024.200806 - 學習率: 0.002000 - 時間: 4.12秒
2025-04-15 16:34:22,724 - src.training.trainer - INFO - 監控指標未改善，已連續 2 輪。最佳值: 1.416712, 當前值: 1.440150
2025-04-15 16:34:26,863 - src.training.trainer - INFO - 監控指標未改善，已連續 3 輪。最佳值: 1.416712, 當前值: 1.461908
2025-04-15 16:34:30,770 - src.training.trainer - INFO - 輪次 55/200 - 訓練損失: 0.794843 - 驗證損失: 1.588202 - rmse: 1297.379639 - r2: -2.048453 - mae: 1051.155762 - 學習率: 0.002000 - 時間: 3.91秒
2025-04-15 16:34:30,774 - src.training.trainer - INFO - 監控指標未改善，已連續 4 輪。最佳值: 1.416712, 當前值: 1.588202
2025-04-15 16:34:35,349 - src.training.callbacks - INFO - 模型檢查點已保存至 outputs\hybrid_model\HybridPINNLSTMModel_20250415_163037\checkpoints\HybridPINNLSTMModel_epoch_056.pt
2025-04-15 16:34:35,352 - src.training.trainer - INFO - min模式下監控指標改善, 從 1.416712 改善到 1.354404
2025-04-15 16:34:35,362 - src.training.trainer - INFO - 監控指標改善，模型已保存至 outputs/hybrid_model\models\best_model.pt
2025-04-15 16:34:39,457 - src.training.trainer - INFO - 輪次 57/200 - 訓練損失: 0.795323 - 驗證損失: 1.351815 - rmse: 1278.500000 - r2: -1.960376 - mae: 1026.189819 - 學習率: 0.002000 - 時間: 4.10秒
2025-04-15 16:34:39,460 - src.training.trainer - INFO - min模式下監控指標改善, 從 1.354404 改善到 1.351815
2025-04-15 16:34:39,467 - src.training.trainer - INFO - 監控指標改善，模型已保存至 outputs/hybrid_model\models\best_model.pt
2025-04-15 16:34:43,600 - src.training.trainer - INFO - 監控指標未改善，已連續 1 輪。最佳值: 1.351815, 當前值: 1.440762
2025-04-15 16:34:47,572 - src.training.trainer - INFO - 輪次 59/200 - 訓練損失: 0.803749 - 驗證損失: 1.495486 - rmse: 1286.944702 - r2: -1.999612 - mae: 1037.761353 - 學習率: 0.002000 - 時間: 3.97秒
2025-04-15 16:34:47,575 - src.training.trainer - INFO - 監控指標未改善，已連續 2 輪。最佳值: 1.351815, 當前值: 1.495486
2025-04-15 16:34:51,579 - src.training.trainer - INFO - min模式下監控指標改善, 從 1.351815 改善到 1.181259
2025-04-15 16:34:51,590 - src.training.trainer - INFO - 監控指標改善，模型已保存至 outputs/hybrid_model\models\best_model.pt
2025-04-15 16:34:55,627 - src.training.trainer - INFO - 輪次 61/200 - 訓練損失: 0.795768 - 驗證損失: 1.375414 - rmse: 1277.023438 - r2: -1.953542 - mae: 1023.708740 - 學習率: 0.002000 - 時間: 4.04秒
2025-04-15 16:34:55,647 - src.training.callbacks - INFO - 模型檢查點已保存至 outputs\hybrid_model\HybridPINNLSTMModel_20250415_163037\checkpoints\HybridPINNLSTMModel_epoch_061.pt
2025-04-15 16:34:55,650 - src.training.trainer - INFO - 監控指標未改善，已連續 1 輪。最佳值: 1.181259, 當前值: 1.375414
2025-04-15 16:34:59,537 - src.training.trainer - INFO - 監控指標未改善，已連續 2 輪。最佳值: 1.181259, 當前值: 1.596522
2025-04-15 16:35:03,574 - src.training.trainer - INFO - 輪次 63/200 - 訓練損失: 0.808860 - 驗證損失: 1.478375 - rmse: 1292.316406 - r2: -2.024705 - mae: 1047.297485 - 學習率: 0.002000 - 時間: 4.04秒
2025-04-15 16:35:03,576 - src.training.trainer - INFO - 監控指標未改善，已連續 3 輪。最佳值: 1.181259, 當前值: 1.478375
2025-04-15 16:35:07,637 - src.training.trainer - INFO - 監控指標未改善，已連續 4 輪。最佳值: 1.181259, 當前值: 1.575648
2025-04-15 16:35:11,490 - src.training.trainer - INFO - 輪次 65/200 - 訓練損失: 0.784427 - 驗證損失: 1.786965 - rmse: 1313.220459 - r2: -2.123350 - mae: 1074.372559 - 學習率: 0.002000 - 時間: 3.85秒
2025-04-15 16:35:11,493 - src.training.trainer - INFO - 監控指標未改善，已連續 5 輪。最佳值: 1.181259, 當前值: 1.786965
2025-04-15 16:35:11,494 - src.training.trainer - INFO - 檢測到訓練停滯，嘗試重啟訓練...
2025-04-15 16:35:15,343 - src.training.callbacks - INFO - 模型檢查點已保存至 outputs\hybrid_model\HybridPINNLSTMModel_20250415_163037\checkpoints\HybridPINNLSTMModel_epoch_066.pt
2025-04-15 16:35:15,348 - src.training.trainer - INFO - 監控指標未改善，已連續 4 輪。最佳值: 1.181259, 當前值: 1.392861
2025-04-15 16:35:19,237 - src.training.trainer - INFO - 輪次 67/200 - 訓練損失: 0.780267 - 驗證損失: 1.791102 - rmse: 1313.902954 - r2: -2.126597 - mae: 1070.909058 - 學習率: 0.002000 - 時間: 3.89秒
2025-04-15 16:35:19,239 - src.training.trainer - INFO - 監控指標未改善，已連續 5 輪。最佳值: 1.181259, 當前值: 1.791102
2025-04-15 16:35:23,102 - src.training.trainer - INFO - 監控指標未改善，已連續 6 輪。最佳值: 1.181259, 當前值: 1.543584
2025-04-15 16:35:27,131 - src.training.trainer - INFO - 輪次 69/200 - 訓練損失: 0.794558 - 驗證損失: 1.786846 - rmse: 1310.006958 - r2: -2.108083 - mae: 1062.671021 - 學習率: 0.002000 - 時間: 4.03秒
2025-04-15 16:35:27,134 - src.training.trainer - INFO - 監控指標未改善，已連續 7 輪。最佳值: 1.181259, 當前值: 1.786846
2025-04-15 16:35:31,063 - src.training.trainer - INFO - 監控指標未改善，已連續 8 輪。最佳值: 1.181259, 當前值: 1.289759
2025-04-15 16:35:31,063 - src.training.trainer - INFO - 檢測到訓練停滯，嘗試重啟訓練...
2025-04-15 16:35:35,131 - src.training.trainer - INFO - 輪次 71/200 - 訓練損失: 0.783371 - 驗證損失: 1.523900 - rmse: 1294.035278 - r2: -2.032757 - mae: 1048.698486 - 學習率: 0.002000 - 時間: 4.07秒
2025-04-15 16:35:35,162 - src.training.callbacks - INFO - 模型檢查點已保存至 outputs\hybrid_model\HybridPINNLSTMModel_20250415_163037\checkpoints\HybridPINNLSTMModel_epoch_071.pt
2025-04-15 16:35:35,167 - src.training.trainer - INFO - 監控指標未改善，已連續 7 輪。最佳值: 1.181259, 當前值: 1.523900
2025-04-15 16:35:39,244 - src.training.trainer - INFO - min模式下監控指標改善, 從 1.181259 改善到 1.106254
2025-04-15 16:35:39,252 - src.training.trainer - INFO - 監控指標改善，模型已保存至 outputs/hybrid_model\models\best_model.pt
2025-04-15 16:35:43,371 - src.training.trainer - INFO - 輪次 73/200 - 訓練損失: 0.805640 - 驗證損失: 1.520558 - rmse: 1290.686035 - r2: -2.017078 - mae: 1038.422729 - 學習率: 0.002000 - 時間: 4.12秒
2025-04-15 16:35:43,375 - src.training.trainer - INFO - 監控指標未改善，已連續 1 輪。最佳值: 1.106254, 當前值: 1.520558
2025-04-15 16:35:47,526 - src.training.trainer - INFO - 監控指標未改善，已連續 2 輪。最佳值: 1.106254, 當前值: 1.504005
2025-04-15 16:35:51,759 - src.training.trainer - INFO - 輪次 75/200 - 訓練損失: 0.774893 - 驗證損失: 1.788856 - rmse: 1308.016479 - r2: -2.098645 - mae: 1058.578735 - 學習率: 0.002000 - 時間: 4.23秒
2025-04-15 16:35:51,763 - src.training.trainer - INFO - 監控指標未改善，已連續 3 輪。最佳值: 1.106254, 當前值: 1.788856
2025-04-15 16:35:55,661 - src.training.callbacks - INFO - 模型檢查點已保存至 outputs\hybrid_model\HybridPINNLSTMModel_20250415_163037\checkpoints\HybridPINNLSTMModel_epoch_076.pt
2025-04-15 16:35:55,667 - src.training.trainer - INFO - 監控指標未改善，已連續 4 輪。最佳值: 1.106254, 當前值: 1.365880
2025-04-15 16:35:59,878 - src.training.trainer - INFO - 輪次 77/200 - 訓練損失: 0.776376 - 驗證損失: 1.247492 - rmse: 1257.944336 - r2: -1.865947 - mae: 993.718445 - 學習率: 0.002000 - 時間: 4.21秒
2025-04-15 16:35:59,881 - src.training.trainer - INFO - 監控指標未改善，已連續 5 輪。最佳值: 1.106254, 當前值: 1.247492
2025-04-15 16:35:59,881 - src.training.trainer - INFO - 檢測到訓練停滯，嘗試重啟訓練...
2025-04-15 16:36:03,931 - src.training.trainer - INFO - 監控指標未改善，已連續 4 輪。最佳值: 1.106254, 當前值: 1.201812
2025-04-15 16:36:08,006 - src.training.trainer - INFO - 輪次 79/200 - 訓練損失: 0.775156 - 驗證損失: 1.369457 - rmse: 1278.029175 - r2: -1.958196 - mae: 1029.057495 - 學習率: 0.002000 - 時間: 4.07秒
2025-04-15 16:36:08,009 - src.training.trainer - INFO - 監控指標未改善，已連續 5 輪。最佳值: 1.106254, 當前值: 1.369457
2025-04-15 16:36:12,069 - src.training.trainer - INFO - 監控指標未改善，已連續 6 輪。最佳值: 1.106254, 當前值: 1.472883
2025-04-15 16:36:16,090 - src.training.trainer - INFO - 輪次 81/200 - 訓練損失: 0.808293 - 驗證損失: 1.306291 - rmse: 1272.676025 - r2: -1.933466 - mae: 1024.498901 - 學習率: 0.002000 - 時間: 4.02秒
2025-04-15 16:36:16,116 - src.training.callbacks - INFO - 模型檢查點已保存至 outputs\hybrid_model\HybridPINNLSTMModel_20250415_163037\checkpoints\HybridPINNLSTMModel_epoch_081.pt
2025-04-15 16:36:16,120 - src.training.trainer - INFO - 監控指標未改善，已連續 7 輪。最佳值: 1.106254, 當前值: 1.306291
2025-04-15 16:36:20,187 - src.training.trainer - INFO - 監控指標未改善，已連續 8 輪。最佳值: 1.106254, 當前值: 1.260676
2025-04-15 16:36:20,188 - src.training.trainer - INFO - 檢測到訓練停滯，嘗試重啟訓練...
2025-04-15 16:36:24,212 - src.training.trainer - INFO - 輪次 83/200 - 訓練損失: 0.775890 - 驗證損失: 1.757410 - rmse: 1318.041992 - r2: -2.146327 - mae: 1079.971802 - 學習率: 0.002000 - 時間: 4.02秒
2025-04-15 16:36:24,217 - src.training.trainer - INFO - 監控指標未改善，已連續 7 輪。最佳值: 1.106254, 當前值: 1.757410
2025-04-15 16:36:28,208 - src.training.trainer - INFO - 監控指標未改善，已連續 8 輪。最佳值: 1.106254, 當前值: 1.958405
2025-04-15 16:36:32,222 - src.training.trainer - INFO - 輪次 85/200 - 訓練損失: 0.766625 - 驗證損失: 1.996981 - rmse: 1327.378784 - r2: -2.191061 - mae: 1090.642212 - 學習率: 0.002000 - 時間: 4.01秒
2025-04-15 16:36:32,225 - src.training.trainer - INFO - 監控指標未改善，已連續 9 輪。最佳值: 1.106254, 當前值: 1.996981
2025-04-15 16:36:36,186 - src.training.callbacks - INFO - 模型檢查點已保存至 outputs\hybrid_model\HybridPINNLSTMModel_20250415_163037\checkpoints\HybridPINNLSTMModel_epoch_086.pt
2025-04-15 16:36:36,190 - src.training.trainer - INFO - 監控指標未改善，已連續 10 輪。最佳值: 1.106254, 當前值: 1.167503
2025-04-15 16:36:40,240 - src.training.trainer - INFO - 輪次 87/200 - 訓練損失: 0.772711 - 驗證損失: 1.483886 - rmse: 1288.602661 - r2: -2.007346 - mae: 1039.187500 - 學習率: 0.002000 - 時間: 4.05秒
2025-04-15 16:36:40,244 - src.training.trainer - INFO - 監控指標未改善，已連續 11 輪。最佳值: 1.106254, 當前值: 1.483886
2025-04-15 16:36:40,244 - src.training.trainer - INFO - 檢測到訓練停滯，嘗試重啟訓練...
2025-04-15 16:36:44,322 - src.training.trainer - INFO - 監控指標未改善，已連續 10 輪。最佳值: 1.106254, 當前值: 1.302996
2025-04-15 16:36:48,242 - src.training.trainer - INFO - 輪次 89/200 - 訓練損失: 0.793917 - 驗證損失: 3.059761 - rmse: 1357.478516 - r2: -2.337423 - mae: 1130.295044 - 學習率: 0.002000 - 時間: 3.92秒
2025-04-15 16:36:48,246 - src.training.trainer - INFO - 監控指標未改善，已連續 11 輪。最佳值: 1.106254, 當前值: 3.059761
2025-04-15 16:36:52,117 - src.training.trainer - INFO - 監控指標未改善，已連續 12 輪。最佳值: 1.106254, 當前值: 1.960581
2025-04-15 16:36:55,988 - src.training.trainer - INFO - 輪次 91/200 - 訓練損失: 0.763672 - 驗證損失: 1.279337 - rmse: 1268.368896 - r2: -1.913644 - mae: 1013.639954 - 學習率: 0.002000 - 時間: 3.87秒
2025-04-15 16:36:56,013 - src.training.callbacks - INFO - 模型檢查點已保存至 outputs\hybrid_model\HybridPINNLSTMModel_20250415_163037\checkpoints\HybridPINNLSTMModel_epoch_091.pt
2025-04-15 16:36:56,019 - src.training.trainer - INFO - 監控指標未改善，已連續 13 輪。最佳值: 1.106254, 當前值: 1.279337
2025-04-15 16:36:59,922 - src.training.trainer - INFO - 監控指標未改善，已連續 14 輪。最佳值: 1.106254, 當前值: 1.404283
2025-04-15 16:36:59,922 - src.training.trainer - INFO - 檢測到訓練停滯，嘗試重啟訓練...
2025-04-15 16:37:03,857 - src.training.trainer - INFO - 輪次 93/200 - 訓練損失: 0.755839 - 驗證損失: 1.264642 - rmse: 1267.983643 - r2: -1.911875 - mae: 1011.356750 - 學習率: 0.002000 - 時間: 3.93秒
2025-04-15 16:37:03,861 - src.training.trainer - INFO - 監控指標未改善，已連續 13 輪。最佳值: 1.106254, 當前值: 1.264642
2025-04-15 16:37:07,850 - src.training.trainer - INFO - 監控指標未改善，已連續 14 輪。最佳值: 1.106254, 當前值: 1.379384
2025-04-15 16:37:11,789 - src.training.trainer - INFO - 輪次 95/200 - 訓練損失: 0.764216 - 驗證損失: 0.995973 - rmse: 1219.688843 - r2: -1.694285 - mae: 949.285889 - 學習率: 0.002000 - 時間: 3.94秒
2025-04-15 16:37:11,794 - src.training.trainer - INFO - min模式下監控指標改善, 從 1.106254 改善到 0.995973
2025-04-15 16:37:11,806 - src.training.trainer - INFO - 監控指標改善，模型已保存至 outputs/hybrid_model\models\best_model.pt
2025-04-15 16:37:15,812 - src.training.callbacks - INFO - 模型檢查點已保存至 outputs\hybrid_model\HybridPINNLSTMModel_20250415_163037\checkpoints\HybridPINNLSTMModel_epoch_096.pt
2025-04-15 16:37:15,817 - src.training.trainer - INFO - 監控指標未改善，已連續 1 輪。最佳值: 0.995973, 當前值: 1.351097
2025-04-15 16:37:19,814 - src.training.trainer - INFO - 輪次 97/200 - 訓練損失: 0.762740 - 驗證損失: 1.107295 - rmse: 1245.034546 - r2: -1.807425 - mae: 984.072083 - 學習率: 0.002000 - 時間: 4.00秒
2025-04-15 16:37:19,818 - src.training.trainer - INFO - 監控指標未改善，已連續 2 輪。最佳值: 0.995973, 當前值: 1.107295
2025-04-15 16:37:24,036 - src.training.trainer - INFO - 監控指標未改善，已連續 3 輪。最佳值: 0.995973, 當前值: 1.283347
2025-04-15 16:37:28,031 - src.training.trainer - INFO - 輪次 99/200 - 訓練損失: 0.767166 - 驗證損失: 1.868310 - rmse: 1318.725708 - r2: -2.149592 - mae: 1080.269897 - 學習率: 0.002000 - 時間: 3.99秒
2025-04-15 16:37:28,034 - src.training.trainer - INFO - 監控指標未改善，已連續 4 輪。最佳值: 0.995973, 當前值: 1.868310
2025-04-15 16:37:32,067 - src.training.trainer - INFO - 監控指標未改善，已連續 5 輪。最佳值: 0.995973, 當前值: 2.126167
2025-04-15 16:37:32,067 - src.training.trainer - INFO - 檢測到訓練停滯，嘗試重啟訓練...
2025-04-15 16:37:36,094 - src.training.trainer - INFO - 輪次 101/200 - 訓練損失: 0.783133 - 驗證損失: 1.740438 - rmse: 1313.418701 - r2: -2.124293 - mae: 1072.585571 - 學習率: 0.002000 - 時間: 4.03秒
2025-04-15 16:37:36,113 - src.training.callbacks - INFO - 模型檢查點已保存至 outputs\hybrid_model\HybridPINNLSTMModel_20250415_163037\checkpoints\HybridPINNLSTMModel_epoch_101.pt
2025-04-15 16:37:36,117 - src.training.trainer - INFO - 監控指標未改善，已連續 4 輪。最佳值: 0.995973, 當前值: 1.740438
2025-04-15 16:37:40,313 - src.training.trainer - INFO - 監控指標未改善，已連續 5 輪。最佳值: 0.995973, 當前值: 1.471596
2025-04-15 16:37:44,362 - src.training.trainer - INFO - 輪次 103/200 - 訓練損失: 0.765094 - 驗證損失: 1.519213 - rmse: 1297.500488 - r2: -2.049021 - mae: 1052.394165 - 學習率: 0.002000 - 時間: 4.05秒
2025-04-15 16:37:44,366 - src.training.trainer - INFO - 監控指標未改善，已連續 6 輪。最佳值: 0.995973, 當前值: 1.519213
2025-04-15 16:37:48,459 - src.training.trainer - INFO - 監控指標未改善，已連續 7 輪。最佳值: 0.995973, 當前值: 1.401332
2025-04-15 16:37:52,374 - src.training.trainer - INFO - 輪次 105/200 - 訓練損失: 0.739318 - 驗證損失: 2.948160 - rmse: 1358.175903 - r2: -2.340853 - mae: 1131.659058 - 學習率: 0.002000 - 時間: 3.91秒
2025-04-15 16:37:52,377 - src.training.trainer - INFO - 監控指標未改善，已連續 8 輪。最佳值: 0.995973, 當前值: 2.948160
2025-04-15 16:37:52,378 - src.training.trainer - INFO - 檢測到訓練停滯，嘗試重啟訓練...
2025-04-15 16:37:56,215 - src.training.callbacks - INFO - 模型檢查點已保存至 outputs\hybrid_model\HybridPINNLSTMModel_20250415_163037\checkpoints\HybridPINNLSTMModel_epoch_106.pt
2025-04-15 16:37:56,220 - src.training.trainer - INFO - 監控指標未改善，已連續 7 輪。最佳值: 0.995973, 當前值: 2.178798
2025-04-15 16:38:00,319 - src.training.trainer - INFO - 輪次 107/200 - 訓練損失: 0.756487 - 驗證損失: 1.435580 - rmse: 1291.601562 - r2: -2.021360 - mae: 1047.745483 - 學習率: 0.002000 - 時間: 4.10秒
2025-04-15 16:38:00,322 - src.training.trainer - INFO - 監控指標未改善，已連續 8 輪。最佳值: 0.995973, 當前值: 1.435580
2025-04-15 16:38:04,508 - src.training.trainer - INFO - 監控指標未改善，已連續 9 輪。最佳值: 0.995973, 當前值: 1.161005
2025-04-15 16:38:08,568 - src.training.trainer - INFO - 輪次 109/200 - 訓練損失: 0.752685 - 驗證損失: 1.994199 - rmse: 1328.568970 - r2: -2.196786 - mae: 1094.929932 - 學習率: 0.002000 - 時間: 4.06秒
2025-04-15 16:38:08,573 - src.training.trainer - INFO - 監控指標未改善，已連續 10 輪。最佳值: 0.995973, 當前值: 1.994199
2025-04-15 16:38:12,584 - src.training.trainer - INFO - 監控指標未改善，已連續 11 輪。最佳值: 0.995973, 當前值: 2.118439
2025-04-15 16:38:12,585 - src.training.trainer - INFO - 檢測到訓練停滯，嘗試重啟訓練...
2025-04-15 16:38:16,770 - src.training.trainer - INFO - 輪次 111/200 - 訓練損失: 0.753823 - 驗證損失: 1.253521 - rmse: 1269.247559 - r2: -1.917683 - mae: 1016.643494 - 學習率: 0.002000 - 時間: 4.19秒
2025-04-15 16:38:16,788 - src.training.callbacks - INFO - 模型檢查點已保存至 outputs\hybrid_model\HybridPINNLSTMModel_20250415_163037\checkpoints\HybridPINNLSTMModel_epoch_111.pt
2025-04-15 16:38:16,792 - src.training.trainer - INFO - 監控指標未改善，已連續 10 輪。最佳值: 0.995973, 當前值: 1.253521
2025-04-15 16:38:20,863 - src.training.trainer - INFO - 監控指標未改善，已連續 11 輪。最佳值: 0.995973, 當前值: 1.918941
2025-04-15 16:38:24,929 - src.training.trainer - INFO - 輪次 113/200 - 訓練損失: 0.753491 - 驗證損失: 1.218402 - rmse: 1261.742676 - r2: -1.883281 - mae: 1000.044006 - 學習率: 0.002000 - 時間: 4.06秒
2025-04-15 16:38:24,933 - src.training.trainer - INFO - 監控指標未改善，已連續 12 輪。最佳值: 0.995973, 當前值: 1.218402
2025-04-15 16:38:28,968 - src.training.trainer - INFO - 監控指標未改善，已連續 13 輪。最佳值: 0.995973, 當前值: 1.580268
2025-04-15 16:38:33,180 - src.training.trainer - INFO - 輪次 115/200 - 訓練損失: 0.756451 - 驗證損失: 1.377227 - rmse: 1280.518311 - r2: -1.969729 - mae: 1028.018799 - 學習率: 0.002000 - 時間: 4.21秒
2025-04-15 16:38:33,184 - src.training.trainer - INFO - 監控指標未改善，已連續 14 輪。最佳值: 0.995973, 當前值: 1.377227
2025-04-15 16:38:33,184 - src.training.trainer - INFO - 檢測到訓練停滯，嘗試重啟訓練...
2025-04-15 16:38:37,305 - src.training.callbacks - INFO - 模型檢查點已保存至 outputs\hybrid_model\HybridPINNLSTMModel_20250415_163037\checkpoints\HybridPINNLSTMModel_epoch_116.pt
2025-04-15 16:38:37,311 - src.training.trainer - INFO - 監控指標未改善，已連續 13 輪。最佳值: 0.995973, 當前值: 1.486275
2025-04-15 16:38:41,410 - src.training.trainer - INFO - 輪次 117/200 - 訓練損失: 0.739559 - 驗證損失: 1.663157 - rmse: 1310.764404 - r2: -2.111678 - mae: 1072.429077 - 學習率: 0.002000 - 時間: 4.10秒
2025-04-15 16:38:41,413 - src.training.trainer - INFO - 監控指標未改善，已連續 14 輪。最佳值: 0.995973, 當前值: 1.663157
2025-04-15 16:38:45,497 - src.training.trainer - INFO - 監控指標未改善，已連續 15 輪。最佳值: 0.995973, 當前值: 1.797140
2025-04-15 16:38:49,596 - src.training.trainer - INFO - 輪次 119/200 - 訓練損失: 0.758474 - 驗證損失: 1.466787 - rmse: 1286.786621 - r2: -1.998875 - mae: 1032.774292 - 學習率: 0.002000 - 時間: 4.10秒
2025-04-15 16:38:49,599 - src.training.trainer - INFO - 監控指標未改善，已連續 16 輪。最佳值: 0.995973, 當前值: 1.466787
2025-04-15 16:38:53,746 - src.training.trainer - INFO - 監控指標未改善，已連續 17 輪。最佳值: 0.995973, 當前值: 1.352634
2025-04-15 16:38:53,747 - src.training.trainer - INFO - 檢測到訓練停滯，嘗試重啟訓練...
2025-04-15 16:38:57,782 - src.training.trainer - INFO - 輪次 121/200 - 訓練損失: 0.753114 - 驗證損失: 1.331393 - rmse: 1269.126831 - r2: -1.917127 - mae: 1012.937561 - 學習率: 0.002000 - 時間: 4.04秒
2025-04-15 16:38:57,813 - src.training.callbacks - INFO - 模型檢查點已保存至 outputs\hybrid_model\HybridPINNLSTMModel_20250415_163037\checkpoints\HybridPINNLSTMModel_epoch_121.pt
2025-04-15 16:38:57,820 - src.training.trainer - INFO - 監控指標未改善，已連續 16 輪。最佳值: 0.995973, 當前值: 1.331393
2025-04-15 16:39:01,902 - src.training.trainer - INFO - 監控指標未改善，已連續 17 輪。最佳值: 0.995973, 當前值: 1.231626
2025-04-15 16:39:05,961 - src.training.trainer - INFO - 輪次 123/200 - 訓練損失: 0.759488 - 驗證損失: 1.676726 - rmse: 1307.347290 - r2: -2.095475 - mae: 1068.915894 - 學習率: 0.002000 - 時間: 4.06秒
2025-04-15 16:39:05,966 - src.training.trainer - INFO - 監控指標未改善，已連續 18 輪。最佳值: 0.995973, 當前值: 1.676726
2025-04-15 16:39:10,086 - src.training.trainer - INFO - 監控指標未改善，已連續 19 輪。最佳值: 0.995973, 當前值: 1.283638
2025-04-15 16:39:14,257 - src.training.trainer - INFO - 輪次 125/200 - 訓練損失: 0.748800 - 驗證損失: 1.741749 - rmse: 1310.155640 - r2: -2.108788 - mae: 1067.872437 - 學習率: 0.002000 - 時間: 4.17秒
2025-04-15 16:39:14,263 - src.training.trainer - INFO - 監控指標未改善，已連續 20 輪。最佳值: 0.995973, 當前值: 1.741749
2025-04-15 16:39:14,263 - src.training.trainer - INFO - 檢測到訓練停滯，嘗試重啟訓練...
2025-04-15 16:39:18,422 - src.training.callbacks - INFO - 模型檢查點已保存至 outputs\hybrid_model\HybridPINNLSTMModel_20250415_163037\checkpoints\HybridPINNLSTMModel_epoch_126.pt
2025-04-15 16:39:18,430 - src.training.trainer - INFO - 監控指標未改善，已連續 19 輪。最佳值: 0.995973, 當前值: 1.492713
2025-04-15 16:39:22,778 - src.training.trainer - INFO - 輪次 127/200 - 訓練損失: 0.766217 - 驗證損失: 1.203746 - rmse: 1260.682617 - r2: -1.878438 - mae: 1004.478210 - 學習率: 0.002000 - 時間: 4.35秒
2025-04-15 16:39:22,782 - src.training.trainer - INFO - 監控指標未改善，已連續 20 輪。最佳值: 0.995973, 當前值: 1.203746
2025-04-15 16:39:27,053 - src.training.trainer - INFO - 監控指標未改善，已連續 21 輪。最佳值: 0.995973, 當前值: 1.655009
2025-04-15 16:39:31,252 - src.training.trainer - INFO - 輪次 129/200 - 訓練損失: 0.741737 - 驗證損失: 1.818036 - rmse: 1319.574951 - r2: -2.153650 - mae: 1081.750244 - 學習率: 0.002000 - 時間: 4.20秒
2025-04-15 16:39:31,257 - src.training.trainer - INFO - 監控指標未改善，已連續 22 輪。最佳值: 0.995973, 當前值: 1.818036
2025-04-15 16:39:35,418 - src.training.trainer - INFO - 監控指標未改善，已連續 23 輪。最佳值: 0.995973, 當前值: 1.711804
2025-04-15 16:39:35,418 - src.training.trainer - INFO - 檢測到訓練停滯，嘗試重啟訓練...
2025-04-15 16:39:39,412 - src.training.trainer - INFO - 輪次 131/200 - 訓練損失: 0.741689 - 驗證損失: 2.040837 - rmse: 1333.612671 - r2: -2.221104 - mae: 1102.824463 - 學習率: 0.002000 - 時間: 3.99秒
2025-04-15 16:39:39,439 - src.training.callbacks - INFO - 模型檢查點已保存至 outputs\hybrid_model\HybridPINNLSTMModel_20250415_163037\checkpoints\HybridPINNLSTMModel_epoch_131.pt
2025-04-15 16:39:39,446 - src.training.trainer - INFO - 監控指標未改善，已連續 22 輪。最佳值: 0.995973, 當前值: 2.040837
2025-04-15 16:39:43,409 - src.training.trainer - INFO - 監控指標未改善，已連續 23 輪。最佳值: 0.995973, 當前值: 2.077705
2025-04-15 16:39:47,360 - src.training.trainer - INFO - 輪次 133/200 - 訓練損失: 0.759050 - 驗證損失: 1.624556 - rmse: 1296.685547 - r2: -2.045192 - mae: 1050.930176 - 學習率: 0.002000 - 時間: 3.95秒
2025-04-15 16:39:47,364 - src.training.trainer - INFO - 監控指標未改善，已連續 24 輪。最佳值: 0.995973, 當前值: 1.624556
2025-04-15 16:39:51,423 - src.training.trainer - INFO - 監控指標未改善，已連續 25 輪。最佳值: 0.995973, 當前值: 1.588964
2025-04-15 16:39:55,313 - src.training.trainer - INFO - 輪次 135/200 - 訓練損失: 0.757419 - 驗證損失: 1.511322 - rmse: 1296.572021 - r2: -2.044659 - mae: 1054.098877 - 學習率: 0.002000 - 時間: 3.89秒
2025-04-15 16:39:55,319 - src.training.trainer - INFO - 監控指標未改善，已連續 26 輪。最佳值: 0.995973, 當前值: 1.511322
2025-04-15 16:39:55,319 - src.training.trainer - INFO - 檢測到訓練停滯，嘗試重啟訓練...
2025-04-15 16:39:59,226 - src.training.callbacks - INFO - 模型檢查點已保存至 outputs\hybrid_model\HybridPINNLSTMModel_20250415_163037\checkpoints\HybridPINNLSTMModel_epoch_136.pt
2025-04-15 16:39:59,232 - src.training.trainer - INFO - 監控指標未改善，已連續 25 輪。最佳值: 0.995973, 當前值: 1.468198
2025-04-15 16:40:03,548 - src.training.trainer - INFO - 輪次 137/200 - 訓練損失: 0.745766 - 驗證損失: 1.222053 - rmse: 1247.901855 - r2: -1.820371 - mae: 980.957336 - 學習率: 0.002000 - 時間: 4.32秒
2025-04-15 16:40:03,553 - src.training.trainer - INFO - 監控指標未改善，已連續 26 輪。最佳值: 0.995973, 當前值: 1.222053
2025-04-15 16:40:07,712 - src.training.trainer - INFO - 監控指標未改善，已連續 27 輪。最佳值: 0.995973, 當前值: 1.752756
2025-04-15 16:40:11,760 - src.training.trainer - INFO - 輪次 139/200 - 訓練損失: 0.758331 - 驗證損失: 1.651045 - rmse: 1297.346191 - r2: -2.048296 - mae: 1048.213745 - 學習率: 0.002000 - 時間: 4.05秒
2025-04-15 16:40:11,763 - src.training.trainer - INFO - 監控指標未改善，已連續 28 輪。最佳值: 0.995973, 當前值: 1.651045
2025-04-15 16:40:15,830 - src.training.trainer - INFO - 監控指標未改善，已連續 29 輪。最佳值: 0.995973, 當前值: 1.748585
2025-04-15 16:40:15,830 - src.training.trainer - INFO - 檢測到訓練停滯，嘗試重啟訓練...
2025-04-15 16:40:19,960 - src.training.trainer - INFO - 輪次 141/200 - 訓練損失: 0.744103 - 驗證損失: 1.292344 - rmse: 1256.707764 - r2: -1.860315 - mae: 994.218750 - 學習率: 0.002000 - 時間: 4.13秒
2025-04-15 16:40:19,987 - src.training.callbacks - INFO - 模型檢查點已保存至 outputs\hybrid_model\HybridPINNLSTMModel_20250415_163037\checkpoints\HybridPINNLSTMModel_epoch_141.pt
2025-04-15 16:40:19,991 - src.training.trainer - INFO - 監控指標未改善，已連續 28 輪。最佳值: 0.995973, 當前值: 1.292344
2025-04-15 16:40:24,008 - src.training.trainer - INFO - 監控指標未改善，已連續 29 輪。最佳值: 0.995973, 當前值: 1.645409
2025-04-15 16:40:28,071 - src.training.trainer - INFO - 輪次 143/200 - 訓練損失: 0.739139 - 驗證損失: 1.345896 - rmse: 1281.322388 - r2: -1.973460 - mae: 1036.447021 - 學習率: 0.002000 - 時間: 4.06秒
2025-04-15 16:40:28,077 - src.training.trainer - INFO - 監控指標未改善，已連續 30 輪。最佳值: 0.995973, 當前值: 1.345896
2025-04-15 16:40:32,153 - src.training.trainer - INFO - 監控指標未改善，已連續 31 輪。最佳值: 0.995973, 當前值: 1.160687
2025-04-15 16:40:36,113 - src.training.trainer - INFO - 輪次 145/200 - 訓練損失: 0.744746 - 驗證損失: 1.158997 - rmse: 1242.925171 - r2: -1.797920 - mae: 983.607727 - 學習率: 0.002000 - 時間: 3.96秒
2025-04-15 16:40:36,118 - src.training.trainer - INFO - 監控指標未改善，已連續 32 輪。最佳值: 0.995973, 當前值: 1.158997
2025-04-15 16:40:36,119 - src.training.trainer - INFO - 檢測到訓練停滯，嘗試重啟訓練...
2025-04-15 16:40:40,166 - src.training.callbacks - INFO - 模型檢查點已保存至 outputs\hybrid_model\HybridPINNLSTMModel_20250415_163037\checkpoints\HybridPINNLSTMModel_epoch_146.pt
2025-04-15 16:40:40,174 - src.training.trainer - INFO - 監控指標未改善，已連續 31 輪。最佳值: 0.995973, 當前值: 1.595346
2025-04-15 16:40:44,323 - src.training.trainer - INFO - 輪次 147/200 - 訓練損失: 0.743024 - 驗證損失: 2.114796 - rmse: 1327.533081 - r2: -2.191803 - mae: 1087.378540 - 學習率: 0.002000 - 時間: 4.15秒
2025-04-15 16:40:44,328 - src.training.trainer - INFO - 監控指標未改善，已連續 32 輪。最佳值: 0.995973, 當前值: 2.114796
2025-04-15 16:40:48,340 - src.training.trainer - INFO - 監控指標未改善，已連續 33 輪。最佳值: 0.995973, 當前值: 1.346215
2025-04-15 16:40:52,493 - src.training.trainer - INFO - 輪次 149/200 - 訓練損失: 0.746324 - 驗證損失: 1.597803 - rmse: 1300.480713 - r2: -2.063043 - mae: 1055.496826 - 學習率: 0.002000 - 時間: 4.15秒
2025-04-15 16:40:52,497 - src.training.trainer - INFO - 監控指標未改善，已連續 34 輪。最佳值: 0.995973, 當前值: 1.597803
2025-04-15 16:40:56,595 - src.training.trainer - INFO - 監控指標未改善，已連續 35 輪。最佳值: 0.995973, 當前值: 1.582960
2025-04-15 16:40:56,595 - src.training.trainer - INFO - 檢測到訓練停滯，嘗試重啟訓練...
2025-04-15 16:41:00,746 - src.training.trainer - INFO - 輪次 151/200 - 訓練損失: 0.733108 - 驗證損失: 1.889496 - rmse: 1323.767822 - r2: -2.173723 - mae: 1088.108276 - 學習率: 0.002000 - 時間: 4.15秒
2025-04-15 16:41:00,775 - src.training.callbacks - INFO - 模型檢查點已保存至 outputs\hybrid_model\HybridPINNLSTMModel_20250415_163037\checkpoints\HybridPINNLSTMModel_epoch_151.pt
2025-04-15 16:41:00,780 - src.training.trainer - INFO - 監控指標未改善，已連續 34 輪。最佳值: 0.995973, 當前值: 1.889496
2025-04-15 16:41:04,813 - src.training.trainer - INFO - 監控指標未改善，已連續 35 輪。最佳值: 0.995973, 當前值: 1.264791
2025-04-15 16:41:08,841 - src.training.trainer - INFO - 輪次 153/200 - 訓練損失: 0.736287 - 驗證損失: 1.292311 - rmse: 1259.235718 - r2: -1.871835 - mae: 999.394104 - 學習率: 0.002000 - 時間: 4.03秒
2025-04-15 16:41:08,846 - src.training.trainer - INFO - 監控指標未改善，已連續 36 輪。最佳值: 0.995973, 當前值: 1.292311
2025-04-15 16:41:12,710 - src.training.trainer - INFO - 監控指標未改善，已連續 37 輪。最佳值: 0.995973, 當前值: 1.310906
2025-04-15 16:41:16,729 - src.training.trainer - INFO - 輪次 155/200 - 訓練損失: 0.732187 - 驗證損失: 1.447866 - rmse: 1284.061035 - r2: -1.986185 - mae: 1030.740601 - 學習率: 0.002000 - 時間: 4.02秒
2025-04-15 16:41:16,733 - src.training.trainer - INFO - 監控指標未改善，已連續 38 輪。最佳值: 0.995973, 當前值: 1.447866
2025-04-15 16:41:16,733 - src.training.trainer - INFO - 檢測到訓練停滯，嘗試重啟訓練...
2025-04-15 16:41:20,697 - src.training.callbacks - INFO - 模型檢查點已保存至 outputs\hybrid_model\HybridPINNLSTMModel_20250415_163037\checkpoints\HybridPINNLSTMModel_epoch_156.pt
2025-04-15 16:41:20,705 - src.training.trainer - INFO - 監控指標未改善，已連續 37 輪。最佳值: 0.995973, 當前值: 1.157592
2025-04-15 16:41:24,485 - src.training.trainer - INFO - 輪次 157/200 - 訓練損失: 0.734211 - 驗證損失: 1.927944 - rmse: 1324.924072 - r2: -2.179270 - mae: 1087.168823 - 學習率: 0.002000 - 時間: 3.78秒
2025-04-15 16:41:24,489 - src.training.trainer - INFO - 監控指標未改善，已連續 38 輪。最佳值: 0.995973, 當前值: 1.927944
2025-04-15 16:41:28,474 - src.training.trainer - INFO - 監控指標未改善，已連續 39 輪。最佳值: 0.995973, 當前值: 1.591452
2025-04-15 16:41:32,616 - src.training.trainer - INFO - 輪次 159/200 - 訓練損失: 0.752462 - 驗證損失: 2.010104 - rmse: 1335.914917 - r2: -2.232235 - mae: 1107.752930 - 學習率: 0.002000 - 時間: 4.14秒
2025-04-15 16:41:32,622 - src.training.trainer - INFO - 監控指標未改善，已連續 40 輪。最佳值: 0.995973, 當前值: 2.010104
2025-04-15 16:41:32,622 - src.training.trainer - INFO - 早停觸發！40 輪未改善
2025-04-15 16:41:32,622 - src.training.trainer - INFO - 早停觸發，在輪次 159 停止訓練
2025-04-15 16:41:32,622 - src.training.trainer - INFO - 訓練完成，總時間: 654.88秒
2025-04-15 16:41:32,643 - __main__ - INFO - 訓練完成，最終模型已保存至: outputs/hybrid_model\models\final_model.pt
2025-04-15 16:41:32,658 - __main__ - WARNING - 合併輸出 l2_penalty 時出錯: zero-dimensional arrays cannot be concatenated
2025-04-15 16:41:32,665 - src.utils.metrics - INFO - Model: HybridPINNLSTMModel
RMSE: 1983.5141
R2: -5.8662
MAE: 1836.5736
MAPE: 96.10%
Relative Error (Mean): 96.10%
Relative Error (Median): 96.96%
Relative Error (90th percentile): 97.29%
Log RMSE: 1.4419
2025-04-15 16:41:32,671 - __main__ - INFO - 評估指標已保存至: outputs/hybrid_model\evaluation\metrics.csv
2025-04-15 16:41:32,671 - __main__ - INFO - 生成視覺化結果...
2025-04-15 16:41:33,627 - src.utils.visualization - INFO - 圖像已保存至: outputs/hybrid_model\evaluation\visualizations\prediction_vs_true.png
2025-04-15 16:41:34,356 - src.utils.visualization - INFO - 圖像已保存至: outputs/hybrid_model\evaluation\visualizations\delta_w_prediction.png
2025-04-15 16:41:35,128 - src.utils.visualization - INFO - 圖像已保存至: outputs/hybrid_model\evaluation\visualizations\physical_constraint.png
2025-04-15 16:41:35,139 - __main__ - INFO - 評估完成，結果已保存至: outputs/hybrid_model\evaluation
2025-04-15 16:41:35,139 - __main__ - INFO - 任務完成
