2025-04-14 11:50:00,237 - __main__ - INFO - 成功載入配置文件: configs/model_config.yaml
2025-04-14 11:50:00,263 - __main__ - INFO - 成功載入配置文件: configs/train_config.yaml
2025-04-14 11:50:00,267 - __main__ - INFO - 已設定隨機種子: 42
2025-04-14 11:50:00,267 - __main__ - INFO - 使用計算設備: cpu
2025-04-14 11:50:00,267 - __main__ - INFO - 輸出目錄: outputs/hybrid_model
2025-04-14 11:50:00,269 - __main__ - INFO - 載入資料: data/raw/Training_data_warpage_final_20250321_v1.2.csv
2025-04-14 11:50:00,288 - src.data.preprocess - INFO - 成功載入資料檔案: data/raw/Training_data_warpage_final_20250321_v1.2.csv，共 81 筆資料，18 個欄位
2025-04-14 11:50:00,296 - src.data.preprocess - INFO - 標準化完成，特徵數量: 5
2025-04-14 11:50:00,296 - src.data.preprocess - INFO - 時間序列資料準備完成，形狀: (81, 4, 2)
2025-04-14 11:50:00,298 - src.data.preprocess - INFO - 資料分割完成 - 訓練集: 56 樣本, 驗證集: 12 樣本, 測試集: 13 樣本
2025-04-14 11:50:00,298 - src.data.preprocess - INFO - 完整資料處理流程完成
2025-04-14 11:50:00,298 - __main__ - INFO - 資料分割完成, 訓練集: 56 樣本, 驗證集: 12 樣本, 測試集: 13 樣本
2025-04-14 11:50:00,298 - __main__ - INFO - 應用資料增強...
2025-04-14 11:50:00,298 - src.data.dataset - INFO - 進行資料增強，原始訓練集大小: 56 樣本
2025-04-14 11:50:00,444 - src.data.dataset - INFO - 資料增強完成，增強後的訓練集大小: 626 樣本
2025-04-14 11:50:00,444 - __main__ - INFO - 資料增強完成，增強後的訓練集大小: 626 樣本
2025-04-14 11:50:00,498 - __main__ - INFO - 創建混合PINN-LSTM模型，使用物理約束: True，融合方法: weighted
2025-04-14 11:50:00,502 - src.data.dataset - INFO - 已創建資料載入器 - 訓練: 626 樣本, 驗證: 12 樣本, 測試: 13 樣本, 批次大小: 8
2025-04-14 11:50:02,510 - src.training.trainer - INFO - 創建adamw優化器，學習率: 0.002，權重衰減: 0.0005
2025-04-14 11:50:02,512 - src.training.losses - INFO - 初始化HybridLoss: lambda_physics=0.1, lambda_consistency=0.1, delta_w_weight=1.5
2025-04-14 11:50:02,512 - src.training.losses - INFO - 初始化AdaptiveHybridLoss: physics權重從0.1增加到1.0, consistency權重從0.1增加到0.5, delta_w權重從1.5增加到3.0, 在40個輪次內達到最大值, 預熱輪次: 5, 調整方案: linear
2025-04-14 11:50:02,512 - src.training.trainer - WARNING - 不支援的學習率調度器類型: one_cycle，不使用學習率調度
2025-04-14 11:50:02,514 - src.training.callbacks - INFO - 初始化ModelCheckpoint: 保存目錄=outputs\hybrid_model\HybridPINNLSTMModel_20250414_115002\checkpoints, 保存頻率=5, 只保存最佳=False, 監控指標=val_loss, 模式=min
2025-04-14 11:50:02,514 - src.training.callbacks - INFO - 初始化LossHistory: 保存路徑=outputs\hybrid_model\HybridPINNLSTMModel_20250414_115002\history.json, 保存頻率=1
2025-04-14 11:50:02,518 - src.training.trainer - INFO - 初始化訓練器完成，模型: HybridPINNLSTMModel, 優化器: AdamW, 設備: cpu
2025-04-14 11:50:02,518 - __main__ - INFO - 開始訓練，總輪數: 250
2025-04-14 11:50:02,518 - src.training.trainer - INFO - 開始訓練，總輪數: 250
2025-04-14 11:50:05,471 - src.training.trainer - INFO - 輪次 1/250 - 訓練損失: 6174092897.758063 - 驗證損失: 11.621322 - rmse: 1291.782837 - r2: -2.022208 - mae: 1046.184204 - 學習率: 0.002000 - 時間: 2.95秒
2025-04-14 11:50:05,491 - src.training.callbacks - INFO - 模型檢查點已保存至 outputs\hybrid_model\HybridPINNLSTMModel_20250414_115002\checkpoints\HybridPINNLSTMModel_epoch_001.pt
2025-04-14 11:50:05,503 - src.training.trainer - INFO - 監控指標改善，模型已保存至 outputs/hybrid_model\models\best_model.pt
2025-04-14 11:50:08,041 - src.training.trainer - INFO - 監控指標改善，模型已保存至 outputs/hybrid_model\models\best_model.pt
2025-04-14 11:50:10,525 - src.training.trainer - INFO - 輪次 3/250 - 訓練損失: 7891.931701 - 驗證損失: 6.453381 - rmse: 1381.175903 - r2: -2.454962 - mae: 1166.200806 - 學習率: 0.002000 - 時間: 2.48秒
2025-04-14 11:50:10,537 - src.training.trainer - INFO - 監控指標改善，模型已保存至 outputs/hybrid_model\models\best_model.pt
2025-04-14 11:50:13,004 - src.training.trainer - INFO - 監控指標改善，模型已保存至 outputs/hybrid_model\models\best_model.pt
2025-04-14 11:50:15,533 - src.training.trainer - INFO - 輪次 5/250 - 訓練損失: 6.807185 - 驗證損失: 3.890865 - rmse: 1334.174194 - r2: -2.223817 - mae: 1114.499390 - 學習率: 0.002000 - 時間: 2.53秒
2025-04-14 11:50:15,543 - src.training.trainer - INFO - 監控指標改善，模型已保存至 outputs/hybrid_model\models\best_model.pt
2025-04-14 11:50:18,200 - src.training.callbacks - INFO - 模型檢查點已保存至 outputs\hybrid_model\HybridPINNLSTMModel_20250414_115002\checkpoints\HybridPINNLSTMModel_epoch_006.pt
2025-04-14 11:50:18,212 - src.training.trainer - INFO - 監控指標改善，模型已保存至 outputs/hybrid_model\models\best_model.pt
2025-04-14 11:50:20,745 - src.training.trainer - INFO - 輪次 7/250 - 訓練損失: 3.049706 - 驗證損失: 3.298061 - rmse: 1354.935913 - r2: -2.324933 - mae: 1112.747803 - 學習率: 0.002000 - 時間: 2.53秒
2025-04-14 11:50:20,757 - src.training.trainer - INFO - 監控指標改善，模型已保存至 outputs/hybrid_model\models\best_model.pt
2025-04-14 11:50:23,309 - src.training.trainer - INFO - 監控指標改善，模型已保存至 outputs/hybrid_model\models\best_model.pt
2025-04-14 11:50:25,949 - src.training.trainer - INFO - 輪次 9/250 - 訓練損失: 1.944004 - 驗證損失: 2.639248 - rmse: 1344.411743 - r2: -2.273482 - mae: 1117.269531 - 學習率: 0.002000 - 時間: 2.64秒
2025-04-14 11:50:25,958 - src.training.trainer - INFO - 監控指標改善，模型已保存至 outputs/hybrid_model\models\best_model.pt
2025-04-14 11:50:28,717 - src.training.trainer - INFO - 監控指標改善，模型已保存至 outputs/hybrid_model\models\best_model.pt
2025-04-14 11:50:31,321 - src.training.trainer - INFO - 輪次 11/250 - 訓練損失: 1.613258 - 驗證損失: 2.330360 - rmse: 1342.515503 - r2: -2.264254 - mae: 1110.795532 - 學習率: 0.002000 - 時間: 2.60秒
2025-04-14 11:50:31,341 - src.training.callbacks - INFO - 模型檢查點已保存至 outputs\hybrid_model\HybridPINNLSTMModel_20250414_115002\checkpoints\HybridPINNLSTMModel_epoch_011.pt
2025-04-14 11:50:31,353 - src.training.trainer - INFO - 監控指標改善，模型已保存至 outputs/hybrid_model\models\best_model.pt
2025-04-14 11:50:33,910 - src.training.trainer - INFO - 監控指標改善，模型已保存至 outputs/hybrid_model\models\best_model.pt
2025-04-14 11:50:36,387 - src.training.trainer - INFO - 輪次 13/250 - 訓練損失: 1.353334 - 驗證損失: 2.940397 - rmse: 1356.588379 - r2: -2.333048 - mae: 1122.578613 - 學習率: 0.002000 - 時間: 2.48秒
2025-04-14 11:50:36,401 - src.training.trainer - INFO - 監控指標改善，模型已保存至 outputs/hybrid_model\models\best_model.pt
2025-04-14 11:50:39,024 - src.training.trainer - INFO - 監控指標改善，模型已保存至 outputs/hybrid_model\models\best_model.pt
2025-04-14 11:50:41,651 - src.training.trainer - INFO - 輪次 15/250 - 訓練損失: 1.099817 - 驗證損失: 1.769074 - rmse: 1317.526245 - r2: -2.143865 - mae: 1084.601196 - 學習率: 0.002000 - 時間: 2.63秒
2025-04-14 11:50:41,664 - src.training.trainer - INFO - 監控指標改善，模型已保存至 outputs/hybrid_model\models\best_model.pt
2025-04-14 11:50:44,405 - src.training.callbacks - INFO - 模型檢查點已保存至 outputs\hybrid_model\HybridPINNLSTMModel_20250414_115002\checkpoints\HybridPINNLSTMModel_epoch_016.pt
2025-04-14 11:50:44,414 - src.training.trainer - INFO - 監控指標改善，模型已保存至 outputs/hybrid_model\models\best_model.pt
2025-04-14 11:50:46,970 - src.training.trainer - INFO - 輪次 17/250 - 訓練損失: 0.945398 - 驗證損失: 1.398532 - rmse: 1285.456909 - r2: -1.992681 - mae: 1040.511230 - 學習率: 0.002000 - 時間: 2.55秒
2025-04-14 11:50:46,980 - src.training.trainer - INFO - 監控指標改善，模型已保存至 outputs/hybrid_model\models\best_model.pt
2025-04-14 11:50:49,562 - src.training.trainer - INFO - 監控指標改善，模型已保存至 outputs/hybrid_model\models\best_model.pt
2025-04-14 11:50:52,209 - src.training.trainer - INFO - 輪次 19/250 - 訓練損失: 0.870052 - 驗證損失: 2.616224 - rmse: 1352.011475 - r2: -2.310595 - mae: 1126.928589 - 學習率: 0.002000 - 時間: 2.65秒
2025-04-14 11:50:52,217 - src.training.trainer - INFO - 監控指標改善，模型已保存至 outputs/hybrid_model\models\best_model.pt
2025-04-14 11:50:55,006 - src.training.trainer - INFO - 監控指標改善，模型已保存至 outputs/hybrid_model\models\best_model.pt
2025-04-14 11:50:57,783 - src.training.trainer - INFO - 輪次 21/250 - 訓練損失: 0.785233 - 驗證損失: 2.353055 - rmse: 1349.544556 - r2: -2.298526 - mae: 1119.745728 - 學習率: 0.002000 - 時間: 2.78秒
2025-04-14 11:50:57,811 - src.training.callbacks - INFO - 模型檢查點已保存至 outputs\hybrid_model\HybridPINNLSTMModel_20250414_115002\checkpoints\HybridPINNLSTMModel_epoch_021.pt
2025-04-14 11:50:57,825 - src.training.trainer - INFO - 監控指標改善，模型已保存至 outputs/hybrid_model\models\best_model.pt
2025-04-14 11:51:00,410 - src.training.trainer - INFO - 監控指標改善，模型已保存至 outputs/hybrid_model\models\best_model.pt
2025-04-14 11:51:02,838 - src.training.trainer - INFO - 輪次 23/250 - 訓練損失: 0.735552 - 驗證損失: 1.514931 - rmse: 1303.469727 - r2: -2.077140 - mae: 1064.357544 - 學習率: 0.002000 - 時間: 2.43秒
2025-04-14 11:51:02,854 - src.training.trainer - INFO - 監控指標改善，模型已保存至 outputs/hybrid_model\models\best_model.pt
2025-04-14 11:51:05,517 - src.training.trainer - INFO - 監控指標改善，模型已保存至 outputs/hybrid_model\models\best_model.pt
2025-04-14 11:51:08,113 - src.training.trainer - INFO - 輪次 25/250 - 訓練損失: 0.679244 - 驗證損失: 1.956239 - rmse: 1334.063354 - r2: -2.223282 - mae: 1103.672363 - 學習率: 0.002000 - 時間: 2.60秒
2025-04-14 11:51:08,124 - src.training.trainer - INFO - 監控指標改善，模型已保存至 outputs/hybrid_model\models\best_model.pt
2025-04-14 11:51:10,646 - src.training.callbacks - INFO - 模型檢查點已保存至 outputs\hybrid_model\HybridPINNLSTMModel_20250414_115002\checkpoints\HybridPINNLSTMModel_epoch_026.pt
2025-04-14 11:51:10,660 - src.training.trainer - INFO - 監控指標改善，模型已保存至 outputs/hybrid_model\models\best_model.pt
2025-04-14 11:51:13,452 - src.training.trainer - INFO - 輪次 27/250 - 訓練損失: 0.637249 - 驗證損失: 1.540186 - rmse: 1314.714111 - r2: -2.130459 - mae: 1079.727661 - 學習率: 0.002000 - 時間: 2.79秒
2025-04-14 11:51:13,462 - src.training.trainer - INFO - 監控指標改善，模型已保存至 outputs/hybrid_model\models\best_model.pt
2025-04-14 11:51:16,401 - src.training.trainer - INFO - 監控指標改善，模型已保存至 outputs/hybrid_model\models\best_model.pt
2025-04-14 11:51:18,883 - src.training.trainer - INFO - 輪次 29/250 - 訓練損失: 0.598473 - 驗證損失: 1.203379 - rmse: 1279.143066 - r2: -1.963354 - mae: 1026.763672 - 學習率: 0.002000 - 時間: 2.48秒
2025-04-14 11:51:18,897 - src.training.trainer - INFO - 監控指標改善，模型已保存至 outputs/hybrid_model\models\best_model.pt
2025-04-14 11:51:20,138 - __main__ - INFO - 用戶中斷訓練
