2025-04-14 16:52:39,330 - __main__ - INFO - 成功載入配置文件: configs/model_config.yaml
2025-04-14 16:52:39,348 - __main__ - INFO - 成功載入配置文件: configs/train_config.yaml
2025-04-14 16:52:39,350 - __main__ - INFO - 已設定隨機種子: 42
2025-04-14 16:52:39,352 - __main__ - INFO - 使用計算設備: cpu
2025-04-14 16:52:39,352 - __main__ - INFO - 輸出目錄: outputs/hybrid_model
2025-04-14 16:52:39,352 - __main__ - INFO - 載入資料: data/raw/Training_data_warpage_final_20250321_v1.2.csv
2025-04-14 16:52:39,356 - src.data.preprocess - INFO - 成功載入資料檔案: data/raw/Training_data_warpage_final_20250321_v1.2.csv，共 81 筆資料，18 個欄位
2025-04-14 16:52:39,360 - src.data.preprocess - INFO - 標準化完成，特徵數量: 5
2025-04-14 16:52:39,360 - src.data.preprocess - INFO - 時間序列資料準備完成，形狀: (81, 4, 2)
2025-04-14 16:52:39,362 - src.data.preprocess - INFO - 資料分割完成 - 訓練集: 56 樣本, 驗證集: 12 樣本, 測試集: 13 樣本
2025-04-14 16:52:39,362 - src.data.preprocess - INFO - 完整資料處理流程完成
2025-04-14 16:52:39,362 - __main__ - INFO - 資料分割完成, 訓練集: 56 樣本, 驗證集: 12 樣本, 測試集: 13 樣本
2025-04-14 16:52:39,362 - __main__ - INFO - 應用資料增強...
2025-04-14 16:52:39,362 - src.data.dataset - INFO - 進行資料增強，原始訓練集大小: 56 樣本
2025-04-14 16:52:39,508 - src.data.dataset - INFO - 資料增強完成，增強後的訓練集大小: 940 樣本
2025-04-14 16:52:39,510 - __main__ - INFO - 資料增強完成，增強後的訓練集大小: 940 樣本
2025-04-14 16:52:39,528 - __main__ - INFO - 創建混合PINN-LSTM模型，使用物理約束: True，融合方法: weighted
2025-04-14 16:52:39,529 - src.data.dataset - INFO - 已創建資料載入器 - 訓練: 940 樣本, 驗證: 12 樣本, 測試: 13 樣本, 批次大小: 8
2025-04-14 16:52:41,123 - src.training.trainer - INFO - 創建adamw優化器，學習率: 0.002，權重衰減: 0.0005
2025-04-14 16:52:41,125 - src.training.losses - INFO - 初始化HybridLoss: lambda_physics=0.1, lambda_consistency=0.1, delta_w_weight=1.5
2025-04-14 16:52:41,125 - src.training.losses - INFO - 初始化AdaptiveHybridLoss: physics權重從0.1增加到1.0, consistency權重從0.1增加到0.5, delta_w權重從1.5增加到3.0, 在40個輪次內達到最大值, 預熱輪次: 5, 調整方案: linear
2025-04-14 16:52:41,125 - src.training.trainer - WARNING - 不支援的學習率調度器類型: one_cycle，不使用學習率調度
2025-04-14 16:52:41,127 - src.training.callbacks - INFO - 初始化ModelCheckpoint: 保存目錄=outputs\hybrid_model\HybridPINNLSTMModel_20250414_165241\checkpoints, 保存頻率=5, 只保存最佳=False, 監控指標=val_loss, 模式=min
2025-04-14 16:52:41,127 - src.training.callbacks - INFO - 初始化LossHistory: 保存路徑=outputs\hybrid_model\HybridPINNLSTMModel_20250414_165241\history.json, 保存頻率=1
2025-04-14 16:52:41,131 - src.training.trainer - INFO - 初始化訓練器完成，模型: HybridPINNLSTMModel, 優化器: AdamW, 設備: cpu
2025-04-14 16:52:41,131 - __main__ - INFO - 開始訓練，總輪數: 200
2025-04-14 16:52:41,131 - src.training.trainer - INFO - 開始訓練，總輪數: 200
2025-04-14 16:52:44,873 - src.training.trainer - INFO - 輪次 1/200 - 訓練損失: 4195276108.975863 - 驗證損失: 11.713711 - rmse: 1348.492310 - r2: -2.293383 - mae: 1102.068604 - 學習率: 0.002000 - 時間: 3.74秒
2025-04-14 16:52:44,893 - src.training.callbacks - INFO - 模型檢查點已保存至 outputs\hybrid_model\HybridPINNLSTMModel_20250414_165241\checkpoints\HybridPINNLSTMModel_epoch_001.pt
2025-04-14 16:52:44,901 - src.training.trainer - INFO - 監控指標改善，模型已保存至 outputs/hybrid_model\models\best_model.pt
2025-04-14 16:52:48,625 - src.training.trainer - INFO - 監控指標改善，模型已保存至 outputs/hybrid_model\models\best_model.pt
2025-04-14 16:52:52,416 - src.training.trainer - INFO - 輪次 3/200 - 訓練損失: 16.229543 - 驗證損失: 6.533948 - rmse: 1376.141357 - r2: -2.429821 - mae: 1157.492188 - 學習率: 0.002000 - 時間: 3.79秒
2025-04-14 16:52:52,430 - src.training.trainer - INFO - 監控指標改善，模型已保存至 outputs/hybrid_model\models\best_model.pt
2025-04-14 16:52:56,296 - src.training.trainer - INFO - 監控指標改善，模型已保存至 outputs/hybrid_model\models\best_model.pt
2025-04-14 16:52:59,956 - src.training.trainer - INFO - 輪次 5/200 - 訓練損失: 3.647282 - 驗證損失: 2.566536 - rmse: 1253.396240 - r2: -1.845261 - mae: 1034.728027 - 學習率: 0.002000 - 時間: 3.66秒
2025-04-14 16:52:59,968 - src.training.trainer - INFO - 監控指標改善，模型已保存至 outputs/hybrid_model\models\best_model.pt
2025-04-14 16:53:03,806 - src.training.callbacks - INFO - 模型檢查點已保存至 outputs\hybrid_model\HybridPINNLSTMModel_20250414_165241\checkpoints\HybridPINNLSTMModel_epoch_006.pt
2025-04-14 16:53:03,813 - src.training.trainer - INFO - 監控指標改善，模型已保存至 outputs/hybrid_model\models\best_model.pt
2025-04-14 16:53:07,470 - src.training.trainer - INFO - 輪次 7/200 - 訓練損失: 2.668834 - 驗證損失: 2.065260 - rmse: 1097.635010 - r2: -1.182033 - mae: 817.470520 - 學習率: 0.002000 - 時間: 3.66秒
2025-04-14 16:53:07,477 - src.training.trainer - INFO - 監控指標改善，模型已保存至 outputs/hybrid_model\models\best_model.pt
2025-04-14 16:53:11,240 - src.training.trainer - INFO - 監控指標改善，模型已保存至 outputs/hybrid_model\models\best_model.pt
2025-04-14 16:53:15,134 - src.training.trainer - INFO - 輪次 9/200 - 訓練損失: 1.907315 - 驗證損失: 1.918490 - rmse: 1298.881226 - r2: -2.055513 - mae: 1063.729736 - 學習率: 0.002000 - 時間: 3.89秒
2025-04-14 16:53:15,148 - src.training.trainer - INFO - 監控指標改善，模型已保存至 outputs/hybrid_model\models\best_model.pt
2025-04-14 16:53:18,864 - src.training.trainer - INFO - 監控指標改善，模型已保存至 outputs/hybrid_model\models\best_model.pt
2025-04-14 16:53:22,741 - src.training.trainer - INFO - 輪次 11/200 - 訓練損失: 1.642902 - 驗證損失: 2.368019 - rmse: 1337.972168 - r2: -2.242198 - mae: 1112.822388 - 學習率: 0.002000 - 時間: 3.88秒
2025-04-14 16:53:22,758 - src.training.callbacks - INFO - 模型檢查點已保存至 outputs\hybrid_model\HybridPINNLSTMModel_20250414_165241\checkpoints\HybridPINNLSTMModel_epoch_011.pt
2025-04-14 16:53:22,766 - src.training.trainer - INFO - 監控指標改善，模型已保存至 outputs/hybrid_model\models\best_model.pt
2025-04-14 16:53:26,459 - src.training.trainer - INFO - 監控指標改善，模型已保存至 outputs/hybrid_model\models\best_model.pt
2025-04-14 16:53:30,254 - src.training.trainer - INFO - 輪次 13/200 - 訓練損失: 1.410385 - 驗證損失: 1.463516 - rmse: 1277.759033 - r2: -1.956945 - mae: 1036.229614 - 學習率: 0.002000 - 時間: 3.79秒
2025-04-14 16:53:30,268 - src.training.trainer - INFO - 監控指標改善，模型已保存至 outputs/hybrid_model\models\best_model.pt
2025-04-14 16:53:34,008 - src.training.trainer - INFO - 監控指標改善，模型已保存至 outputs/hybrid_model\models\best_model.pt
2025-04-14 16:53:37,768 - src.training.trainer - INFO - 輪次 15/200 - 訓練損失: 1.256330 - 驗證損失: 1.408278 - rmse: 1280.395386 - r2: -1.969160 - mae: 1043.598511 - 學習率: 0.002000 - 時間: 3.76秒
2025-04-14 16:53:37,778 - src.training.trainer - INFO - 監控指標改善，模型已保存至 outputs/hybrid_model\models\best_model.pt
2025-04-14 16:53:41,573 - src.training.callbacks - INFO - 模型檢查點已保存至 outputs\hybrid_model\HybridPINNLSTMModel_20250414_165241\checkpoints\HybridPINNLSTMModel_epoch_016.pt
2025-04-14 16:53:41,583 - src.training.trainer - INFO - 監控指標改善，模型已保存至 outputs/hybrid_model\models\best_model.pt
2025-04-14 16:53:45,463 - src.training.trainer - INFO - 輪次 17/200 - 訓練損失: 1.098274 - 驗證損失: 1.613342 - rmse: 1308.235474 - r2: -2.099682 - mae: 1077.635376 - 學習率: 0.002000 - 時間: 3.88秒
2025-04-14 16:53:45,473 - src.training.trainer - INFO - 監控指標改善，模型已保存至 outputs/hybrid_model\models\best_model.pt
2025-04-14 16:53:49,329 - src.training.trainer - INFO - 監控指標改善，模型已保存至 outputs/hybrid_model\models\best_model.pt
2025-04-14 16:53:53,432 - src.training.trainer - INFO - 輪次 19/200 - 訓練損失: 1.007058 - 驗證損失: 1.404078 - rmse: 1296.359741 - r2: -2.043662 - mae: 1059.101562 - 學習率: 0.002000 - 時間: 4.10秒
2025-04-14 16:53:53,445 - src.training.trainer - INFO - 監控指標改善，模型已保存至 outputs/hybrid_model\models\best_model.pt
2025-04-14 16:53:57,273 - src.training.trainer - INFO - 監控指標改善，模型已保存至 outputs/hybrid_model\models\best_model.pt
2025-04-14 16:54:01,314 - src.training.trainer - INFO - 輪次 21/200 - 訓練損失: 0.952302 - 驗證損失: 1.148523 - rmse: 1273.441650 - r2: -1.936996 - mae: 1034.290161 - 學習率: 0.002000 - 時間: 4.04秒
2025-04-14 16:54:01,333 - src.training.callbacks - INFO - 模型檢查點已保存至 outputs\hybrid_model\HybridPINNLSTMModel_20250414_165241\checkpoints\HybridPINNLSTMModel_epoch_021.pt
2025-04-14 16:54:01,342 - src.training.trainer - INFO - 監控指標改善，模型已保存至 outputs/hybrid_model\models\best_model.pt
2025-04-14 16:54:05,917 - src.training.trainer - INFO - 監控指標改善，模型已保存至 outputs/hybrid_model\models\best_model.pt
2025-04-14 16:54:09,903 - src.training.trainer - INFO - 輪次 23/200 - 訓練損失: 0.881867 - 驗證損失: 1.784630 - rmse: 1317.390137 - r2: -2.143216 - mae: 1081.361816 - 學習率: 0.002000 - 時間: 3.99秒
2025-04-14 16:54:09,917 - src.training.trainer - INFO - 監控指標改善，模型已保存至 outputs/hybrid_model\models\best_model.pt
2025-04-14 16:54:13,554 - src.training.trainer - INFO - 監控指標改善，模型已保存至 outputs/hybrid_model\models\best_model.pt
2025-04-14 16:54:17,742 - src.training.trainer - INFO - 輪次 25/200 - 訓練損失: 0.842267 - 驗證損失: 1.491739 - rmse: 1306.976196 - r2: -2.093718 - mae: 1066.008789 - 學習率: 0.002000 - 時間: 4.19秒
2025-04-14 16:54:17,756 - src.training.trainer - INFO - 監控指標改善，模型已保存至 outputs/hybrid_model\models\best_model.pt
2025-04-14 16:54:22,620 - src.training.callbacks - INFO - 模型檢查點已保存至 outputs\hybrid_model\HybridPINNLSTMModel_20250414_165241\checkpoints\HybridPINNLSTMModel_epoch_026.pt
2025-04-14 16:54:22,631 - src.training.trainer - INFO - 監控指標改善，模型已保存至 outputs/hybrid_model\models\best_model.pt
2025-04-14 16:54:27,603 - src.training.trainer - INFO - 輪次 27/200 - 訓練損失: 0.806216 - 驗證損失: 1.080505 - rmse: 1276.720703 - r2: -1.952142 - mae: 1034.104370 - 學習率: 0.002000 - 時間: 4.97秒
2025-04-14 16:54:27,615 - src.training.trainer - INFO - 監控指標改善，模型已保存至 outputs/hybrid_model\models\best_model.pt
2025-04-14 16:54:32,175 - src.training.trainer - INFO - 監控指標改善，模型已保存至 outputs/hybrid_model\models\best_model.pt
2025-04-14 16:54:36,740 - src.training.trainer - INFO - 輪次 29/200 - 訓練損失: 0.796229 - 驗證損失: 1.257076 - rmse: 1292.042847 - r2: -2.023425 - mae: 1046.770264 - 學習率: 0.002000 - 時間: 4.56秒
2025-04-14 16:54:36,754 - src.training.trainer - INFO - 監控指標改善，模型已保存至 outputs/hybrid_model\models\best_model.pt
2025-04-14 16:54:41,254 - src.training.trainer - INFO - 監控指標改善，模型已保存至 outputs/hybrid_model\models\best_model.pt
2025-04-14 16:54:45,470 - src.training.trainer - INFO - 輪次 31/200 - 訓練損失: 0.769658 - 驗證損失: 2.437313 - rmse: 1356.043335 - r2: -2.330370 - mae: 1133.416992 - 學習率: 0.002000 - 時間: 4.21秒
2025-04-14 16:54:45,500 - src.training.callbacks - INFO - 模型檢查點已保存至 outputs\hybrid_model\HybridPINNLSTMModel_20250414_165241\checkpoints\HybridPINNLSTMModel_epoch_031.pt
2025-04-14 16:54:45,514 - src.training.trainer - INFO - 監控指標改善，模型已保存至 outputs/hybrid_model\models\best_model.pt
2025-04-14 16:54:49,855 - src.training.trainer - INFO - 監控指標改善，模型已保存至 outputs/hybrid_model\models\best_model.pt
2025-04-14 16:54:54,066 - src.training.trainer - INFO - 輪次 33/200 - 訓練損失: 0.740268 - 驗證損失: 1.237532 - rmse: 1295.415039 - r2: -2.039227 - mae: 1051.605591 - 學習率: 0.002000 - 時間: 4.21秒
2025-04-14 16:54:54,076 - src.training.trainer - INFO - 監控指標改善，模型已保存至 outputs/hybrid_model\models\best_model.pt
2025-04-14 16:54:58,423 - src.training.trainer - INFO - 監控指標改善，模型已保存至 outputs/hybrid_model\models\best_model.pt
2025-04-14 16:55:02,605 - src.training.trainer - INFO - 輪次 35/200 - 訓練損失: 0.738957 - 驗證損失: 1.037160 - rmse: 1277.977539 - r2: -1.957956 - mae: 1037.487915 - 學習率: 0.002000 - 時間: 4.18秒
2025-04-14 16:55:02,616 - src.training.trainer - INFO - 監控指標改善，模型已保存至 outputs/hybrid_model\models\best_model.pt
2025-04-14 16:55:06,733 - src.training.callbacks - INFO - 模型檢查點已保存至 outputs\hybrid_model\HybridPINNLSTMModel_20250414_165241\checkpoints\HybridPINNLSTMModel_epoch_036.pt
2025-04-14 16:55:06,748 - src.training.trainer - INFO - 監控指標改善，模型已保存至 outputs/hybrid_model\models\best_model.pt
2025-04-14 16:55:11,039 - src.training.trainer - INFO - 輪次 37/200 - 訓練損失: 0.709025 - 驗證損失: 1.169762 - rmse: 1292.920898 - r2: -2.027535 - mae: 1053.271362 - 學習率: 0.002000 - 時間: 4.29秒
2025-04-14 16:55:11,053 - src.training.trainer - INFO - 監控指標改善，模型已保存至 outputs/hybrid_model\models\best_model.pt
2025-04-14 16:55:15,073 - src.training.trainer - INFO - 監控指標改善，模型已保存至 outputs/hybrid_model\models\best_model.pt
2025-04-14 16:55:19,044 - src.training.trainer - INFO - 輪次 39/200 - 訓練損失: 0.696555 - 驗證損失: 1.122943 - rmse: 1291.142700 - r2: -2.019213 - mae: 1043.008789 - 學習率: 0.002000 - 時間: 3.97秒
2025-04-14 16:55:19,054 - src.training.trainer - INFO - 監控指標改善，模型已保存至 outputs/hybrid_model\models\best_model.pt
2025-04-14 16:55:22,711 - src.training.trainer - INFO - 監控指標改善，模型已保存至 outputs/hybrid_model\models\best_model.pt
2025-04-14 16:55:26,412 - src.training.trainer - INFO - 輪次 41/200 - 訓練損失: 0.692607 - 驗證損失: 1.232715 - rmse: 1299.244019 - r2: -2.057221 - mae: 1059.380493 - 學習率: 0.002000 - 時間: 3.70秒
2025-04-14 16:55:26,440 - src.training.callbacks - INFO - 模型檢查點已保存至 outputs\hybrid_model\HybridPINNLSTMModel_20250414_165241\checkpoints\HybridPINNLSTMModel_epoch_041.pt
2025-04-14 16:55:26,455 - src.training.trainer - INFO - 監控指標改善，模型已保存至 outputs/hybrid_model\models\best_model.pt
2025-04-14 16:55:30,261 - src.training.trainer - INFO - 監控指標改善，模型已保存至 outputs/hybrid_model\models\best_model.pt
2025-04-14 16:55:34,171 - src.training.trainer - INFO - 輪次 43/200 - 訓練損失: 0.672656 - 驗證損失: 1.123727 - rmse: 1287.353271 - r2: -2.001517 - mae: 1038.420776 - 學習率: 0.002000 - 時間: 3.91秒
2025-04-14 16:55:34,181 - src.training.trainer - INFO - 監控指標改善，模型已保存至 outputs/hybrid_model\models\best_model.pt
2025-04-14 16:55:38,046 - src.training.trainer - INFO - 監控指標改善，模型已保存至 outputs/hybrid_model\models\best_model.pt
2025-04-14 16:55:41,759 - src.training.trainer - INFO - 輪次 45/200 - 訓練損失: 0.658635 - 驗證損失: 1.336420 - rmse: 1302.639648 - r2: -2.073222 - mae: 1060.078003 - 學習率: 0.002000 - 時間: 3.71秒
2025-04-14 16:55:41,768 - src.training.trainer - INFO - 監控指標改善，模型已保存至 outputs/hybrid_model\models\best_model.pt
2025-04-14 16:55:45,592 - src.training.callbacks - INFO - 模型檢查點已保存至 outputs\hybrid_model\HybridPINNLSTMModel_20250414_165241\checkpoints\HybridPINNLSTMModel_epoch_046.pt
2025-04-14 16:55:45,606 - src.training.trainer - INFO - 監控指標改善，模型已保存至 outputs/hybrid_model\models\best_model.pt
2025-04-14 16:55:49,295 - src.training.trainer - INFO - 輪次 47/200 - 訓練損失: 0.660157 - 驗證損失: 1.089986 - rmse: 1287.679199 - r2: -2.003037 - mae: 1042.156860 - 學習率: 0.002000 - 時間: 3.69秒
2025-04-14 16:55:49,304 - src.training.trainer - INFO - 監控指標改善，模型已保存至 outputs/hybrid_model\models\best_model.pt
2025-04-14 16:55:53,182 - src.training.trainer - INFO - 監控指標改善，模型已保存至 outputs/hybrid_model\models\best_model.pt
2025-04-14 16:55:56,854 - src.training.trainer - INFO - 輪次 49/200 - 訓練損失: 0.660955 - 驗證損失: 1.307739 - rmse: 1306.710571 - r2: -2.092460 - mae: 1065.745972 - 學習率: 0.002000 - 時間: 3.67秒
2025-04-14 16:55:56,863 - src.training.trainer - INFO - 監控指標改善，模型已保存至 outputs/hybrid_model\models\best_model.pt
2025-04-14 16:56:00,668 - src.training.trainer - INFO - 監控指標改善，模型已保存至 outputs/hybrid_model\models\best_model.pt
2025-04-14 16:56:04,467 - src.training.trainer - INFO - 輪次 51/200 - 訓練損失: 0.661734 - 驗證損失: 1.140680 - rmse: 1289.014648 - r2: -2.009269 - mae: 1039.169189 - 學習率: 0.002000 - 時間: 3.80秒
2025-04-14 16:56:04,496 - src.training.callbacks - INFO - 模型檢查點已保存至 outputs\hybrid_model\HybridPINNLSTMModel_20250414_165241\checkpoints\HybridPINNLSTMModel_epoch_051.pt
2025-04-14 16:56:04,501 - src.training.trainer - INFO - min模式下監控指標改善
2025-04-14 16:56:04,508 - src.training.trainer - INFO - 監控指標改善，模型已保存至 outputs/hybrid_model\models\best_model.pt
2025-04-14 16:56:08,296 - src.training.trainer - INFO - 監控指標未改善，已連續 1 輪。最佳值: 1.140680, 當前值: 1.458727
2025-04-14 16:56:12,085 - src.training.trainer - INFO - 輪次 53/200 - 訓練損失: 0.665990 - 驗證損失: 1.118949 - rmse: 1282.727783 - r2: -1.979987 - mae: 1034.755981 - 學習率: 0.002000 - 時間: 3.79秒
2025-04-14 16:56:12,088 - src.training.trainer - INFO - min模式下監控指標改善, 從 1.140680 改善到 1.118949
2025-04-14 16:56:12,096 - src.training.trainer - INFO - 監控指標改善，模型已保存至 outputs/hybrid_model\models\best_model.pt
2025-04-14 16:56:15,983 - src.training.trainer - INFO - 監控指標未改善，已連續 1 輪。最佳值: 1.118949, 當前值: 1.318115
2025-04-14 16:56:19,740 - src.training.trainer - INFO - 輪次 55/200 - 訓練損失: 0.635220 - 驗證損失: 1.412641 - rmse: 1315.351685 - r2: -2.133496 - mae: 1079.468628 - 學習率: 0.002000 - 時間: 3.76秒
2025-04-14 16:56:19,743 - src.training.trainer - INFO - 監控指標未改善，已連續 2 輪。最佳值: 1.118949, 當前值: 1.412641
2025-04-14 16:56:23,613 - src.training.callbacks - INFO - 模型檢查點已保存至 outputs\hybrid_model\HybridPINNLSTMModel_20250414_165241\checkpoints\HybridPINNLSTMModel_epoch_056.pt
2025-04-14 16:56:23,618 - src.training.trainer - INFO - min模式下監控指標改善, 從 1.118949 改善到 1.092914
2025-04-14 16:56:23,629 - src.training.trainer - INFO - 監控指標改善，模型已保存至 outputs/hybrid_model\models\best_model.pt
2025-04-14 16:56:27,509 - src.training.trainer - INFO - 輪次 57/200 - 訓練損失: 0.630081 - 驗證損失: 1.442299 - rmse: 1316.423584 - r2: -2.138605 - mae: 1076.797729 - 學習率: 0.002000 - 時間: 3.88秒
2025-04-14 16:56:27,512 - src.training.trainer - INFO - 監控指標未改善，已連續 1 輪。最佳值: 1.092914, 當前值: 1.442299
2025-04-14 16:56:31,462 - src.training.trainer - INFO - min模式下監控指標改善, 從 1.092914 改善到 0.983124
2025-04-14 16:56:31,473 - src.training.trainer - INFO - 監控指標改善，模型已保存至 outputs/hybrid_model\models\best_model.pt
2025-04-14 16:56:35,222 - src.training.trainer - INFO - 輪次 59/200 - 訓練損失: 0.632823 - 驗證損失: 1.022960 - rmse: 1275.655518 - r2: -1.947217 - mae: 1026.964966 - 學習率: 0.002000 - 時間: 3.75秒
2025-04-14 16:56:35,225 - src.training.trainer - INFO - 監控指標未改善，已連續 1 輪。最佳值: 0.983124, 當前值: 1.022960
2025-04-14 16:56:38,885 - src.training.trainer - INFO - min模式下監控指標改善, 從 0.983124 改善到 0.929734
2025-04-14 16:56:38,896 - src.training.trainer - INFO - 監控指標改善，模型已保存至 outputs/hybrid_model\models\best_model.pt
2025-04-14 16:56:42,676 - src.training.trainer - INFO - 輪次 61/200 - 訓練損失: 0.627479 - 驗證損失: 1.182320 - rmse: 1296.809937 - r2: -2.045776 - mae: 1054.171997 - 學習率: 0.002000 - 時間: 3.78秒
2025-04-14 16:56:42,704 - src.training.callbacks - INFO - 模型檢查點已保存至 outputs\hybrid_model\HybridPINNLSTMModel_20250414_165241\checkpoints\HybridPINNLSTMModel_epoch_061.pt
2025-04-14 16:56:42,709 - src.training.trainer - INFO - 監控指標未改善，已連續 1 輪。最佳值: 0.929734, 當前值: 1.182320
2025-04-14 16:56:46,533 - src.training.trainer - INFO - 監控指標未改善，已連續 2 輪。最佳值: 0.929734, 當前值: 1.502911
2025-04-14 16:56:50,279 - src.training.trainer - INFO - 輪次 63/200 - 訓練損失: 0.640866 - 驗證損失: 2.270902 - rmse: 1356.222900 - r2: -2.331252 - mae: 1130.232422 - 學習率: 0.002000 - 時間: 3.75秒
2025-04-14 16:56:50,282 - src.training.trainer - INFO - 監控指標未改善，已連續 3 輪。最佳值: 0.929734, 當前值: 2.270902
2025-04-14 16:56:53,985 - src.training.trainer - INFO - 監控指標未改善，已連續 4 輪。最佳值: 0.929734, 當前值: 1.200898
2025-04-14 16:56:57,841 - src.training.trainer - INFO - 輪次 65/200 - 訓練損失: 0.629609 - 驗證損失: 1.372214 - rmse: 1312.336426 - r2: -2.119146 - mae: 1073.797363 - 學習率: 0.002000 - 時間: 3.86秒
2025-04-14 16:56:57,844 - src.training.trainer - INFO - 監控指標未改善，已連續 5 輪。最佳值: 0.929734, 當前值: 1.372214
2025-04-14 16:56:57,844 - src.training.trainer - INFO - 檢測到訓練停滯，嘗試重啟訓練...
2025-04-14 16:57:01,707 - src.training.callbacks - INFO - 模型檢查點已保存至 outputs\hybrid_model\HybridPINNLSTMModel_20250414_165241\checkpoints\HybridPINNLSTMModel_epoch_066.pt
2025-04-14 16:57:01,710 - src.training.trainer - INFO - 監控指標未改善，已連續 4 輪。最佳值: 0.929734, 當前值: 1.023845
2025-04-14 16:57:05,465 - src.training.trainer - INFO - 輪次 67/200 - 訓練損失: 0.626207 - 驗證損失: 1.017975 - rmse: 1279.646973 - r2: -1.965689 - mae: 1026.929932 - 學習率: 0.002000 - 時間: 3.75秒
2025-04-14 16:57:05,467 - src.training.trainer - INFO - 監控指標未改善，已連續 5 輪。最佳值: 0.929734, 當前值: 1.017975
2025-04-14 16:57:09,162 - src.training.trainer - INFO - 監控指標未改善，已連續 6 輪。最佳值: 0.929734, 當前值: 1.248723
2025-04-14 16:57:13,106 - src.training.trainer - INFO - 輪次 69/200 - 訓練損失: 0.624229 - 驗證損失: 1.367663 - rmse: 1311.349487 - r2: -2.114456 - mae: 1067.637817 - 學習率: 0.002000 - 時間: 3.94秒
2025-04-14 16:57:13,108 - src.training.trainer - INFO - 監控指標未改善，已連續 7 輪。最佳值: 0.929734, 當前值: 1.367663
2025-04-14 16:57:16,983 - src.training.trainer - INFO - 監控指標未改善，已連續 8 輪。最佳值: 0.929734, 當前值: 0.971614
2025-04-14 16:57:16,984 - src.training.trainer - INFO - 檢測到訓練停滯，嘗試重啟訓練...
2025-04-14 16:57:21,221 - src.training.trainer - INFO - 輪次 71/200 - 訓練損失: 0.633178 - 驗證損失: 1.302822 - rmse: 1308.763184 - r2: -2.102183 - mae: 1068.575073 - 學習率: 0.002000 - 時間: 4.24秒
2025-04-14 16:57:21,245 - src.training.callbacks - INFO - 模型檢查點已保存至 outputs\hybrid_model\HybridPINNLSTMModel_20250414_165241\checkpoints\HybridPINNLSTMModel_epoch_071.pt
2025-04-14 16:57:21,249 - src.training.trainer - INFO - 監控指標未改善，已連續 7 輪。最佳值: 0.929734, 當前值: 1.302822
2025-04-14 16:57:25,431 - src.training.trainer - INFO - 監控指標未改善，已連續 8 輪。最佳值: 0.929734, 當前值: 1.016621
2025-04-14 16:57:29,746 - src.training.trainer - INFO - 輪次 73/200 - 訓練損失: 0.610852 - 驗證損失: 1.288987 - rmse: 1307.054321 - r2: -2.094087 - mae: 1061.326538 - 學習率: 0.002000 - 時間: 4.32秒
2025-04-14 16:57:29,750 - src.training.trainer - INFO - 監控指標未改善，已連續 9 輪。最佳值: 0.929734, 當前值: 1.288987
2025-04-14 16:57:34,373 - src.training.trainer - INFO - 監控指標未改善，已連續 10 輪。最佳值: 0.929734, 當前值: 1.167589
2025-04-14 16:57:39,176 - src.training.trainer - INFO - 輪次 75/200 - 訓練損失: 0.609496 - 驗證損失: 0.994932 - rmse: 1273.680298 - r2: -1.938097 - mae: 1019.714539 - 學習率: 0.002000 - 時間: 4.80秒
2025-04-14 16:57:39,180 - src.training.trainer - INFO - 監控指標未改善，已連續 11 輪。最佳值: 0.929734, 當前值: 0.994932
2025-04-14 16:57:39,180 - src.training.trainer - INFO - 檢測到訓練停滯，嘗試重啟訓練...
2025-04-14 16:57:43,143 - src.training.callbacks - INFO - 模型檢查點已保存至 outputs\hybrid_model\HybridPINNLSTMModel_20250414_165241\checkpoints\HybridPINNLSTMModel_epoch_076.pt
2025-04-14 16:57:43,148 - src.training.trainer - INFO - min模式下監控指標改善, 從 0.929734 改善到 0.901446
2025-04-14 16:57:43,160 - src.training.trainer - INFO - 監控指標改善，模型已保存至 outputs/hybrid_model\models\best_model.pt
2025-04-14 16:57:47,284 - src.training.trainer - INFO - 輪次 77/200 - 訓練損失: 0.608943 - 驗證損失: 1.272241 - rmse: 1307.134033 - r2: -2.094465 - mae: 1066.376099 - 學習率: 0.002000 - 時間: 4.12秒
2025-04-14 16:57:47,287 - src.training.trainer - INFO - 監控指標未改善，已連續 1 輪。最佳值: 0.901446, 當前值: 1.272241
2025-04-14 16:57:51,141 - src.training.trainer - INFO - min模式下監控指標改善, 從 0.901446 改善到 0.900895
2025-04-14 16:57:51,148 - src.training.trainer - INFO - 監控指標改善，模型已保存至 outputs/hybrid_model\models\best_model.pt
2025-04-14 16:57:55,612 - src.training.trainer - INFO - 輪次 79/200 - 訓練損失: 0.620374 - 驗證損失: 1.408291 - rmse: 1308.272461 - r2: -2.099858 - mae: 1063.631958 - 學習率: 0.002000 - 時間: 4.46秒
2025-04-14 16:57:55,616 - src.training.trainer - INFO - 監控指標未改善，已連續 1 輪。最佳值: 0.900895, 當前值: 1.408291
2025-04-14 16:58:00,271 - src.training.trainer - INFO - 監控指標未改善，已連續 2 輪。最佳值: 0.900895, 當前值: 1.131549
2025-04-14 16:58:04,683 - src.training.trainer - INFO - 輪次 81/200 - 訓練損失: 0.640229 - 驗證損失: 1.232853 - rmse: 1303.289307 - r2: -2.076288 - mae: 1064.442505 - 學習率: 0.002000 - 時間: 4.41秒
2025-04-14 16:58:04,703 - src.training.callbacks - INFO - 模型檢查點已保存至 outputs\hybrid_model\HybridPINNLSTMModel_20250414_165241\checkpoints\HybridPINNLSTMModel_epoch_081.pt
2025-04-14 16:58:04,707 - src.training.trainer - INFO - 監控指標未改善，已連續 3 輪。最佳值: 0.900895, 當前值: 1.232853
2025-04-14 16:58:09,389 - src.training.trainer - INFO - 監控指標未改善，已連續 4 輪。最佳值: 0.900895, 當前值: 1.039085
2025-04-14 16:58:13,845 - src.training.trainer - INFO - 輪次 83/200 - 訓練損失: 0.605745 - 驗證損失: 1.116781 - rmse: 1295.011353 - r2: -2.037333 - mae: 1048.616821 - 學習率: 0.002000 - 時間: 4.46秒
2025-04-14 16:58:13,848 - src.training.trainer - INFO - 監控指標未改善，已連續 5 輪。最佳值: 0.900895, 當前值: 1.116781
2025-04-14 16:58:13,848 - src.training.trainer - INFO - 檢測到訓練停滯，嘗試重啟訓練...
2025-04-14 16:58:17,955 - src.training.trainer - INFO - 監控指標未改善，已連續 4 輪。最佳值: 0.900895, 當前值: 1.250036
2025-04-14 16:58:22,411 - src.training.trainer - INFO - 輪次 85/200 - 訓練損失: 0.606242 - 驗證損失: 1.319701 - rmse: 1305.562012 - r2: -2.087027 - mae: 1060.870605 - 學習率: 0.002000 - 時間: 4.46秒
2025-04-14 16:58:22,416 - src.training.trainer - INFO - 監控指標未改善，已連續 5 輪。最佳值: 0.900895, 當前值: 1.319701
2025-04-14 16:58:26,593 - src.training.callbacks - INFO - 模型檢查點已保存至 outputs\hybrid_model\HybridPINNLSTMModel_20250414_165241\checkpoints\HybridPINNLSTMModel_epoch_086.pt
2025-04-14 16:58:26,597 - src.training.trainer - INFO - 監控指標未改善，已連續 6 輪。最佳值: 0.900895, 當前值: 1.083522
2025-04-14 16:58:30,709 - src.training.trainer - INFO - 輪次 87/200 - 訓練損失: 0.598150 - 驗證損失: 0.865774 - rmse: 1251.181152 - r2: -1.835213 - mae: 992.382019 - 學習率: 0.002000 - 時間: 4.11秒
2025-04-14 16:58:30,711 - src.training.trainer - INFO - min模式下監控指標改善, 從 0.900895 改善到 0.865774
2025-04-14 16:58:30,719 - src.training.trainer - INFO - 監控指標改善，模型已保存至 outputs/hybrid_model\models\best_model.pt
2025-04-14 16:58:34,648 - src.training.trainer - INFO - 監控指標未改善，已連續 1 輪。最佳值: 0.865774, 當前值: 1.178304
2025-04-14 16:58:38,790 - src.training.trainer - INFO - 輪次 89/200 - 訓練損失: 0.610201 - 驗證損失: 1.207479 - rmse: 1299.418091 - r2: -2.058040 - mae: 1055.495483 - 學習率: 0.002000 - 時間: 4.14秒
2025-04-14 16:58:38,793 - src.training.trainer - INFO - 監控指標未改善，已連續 2 輪。最佳值: 0.865774, 當前值: 1.207479
2025-04-14 16:58:42,958 - src.training.trainer - INFO - 監控指標未改善，已連續 3 輪。最佳值: 0.865774, 當前值: 1.305698
2025-04-14 16:58:47,397 - src.training.trainer - INFO - 輪次 91/200 - 訓練損失: 0.609424 - 驗證損失: 1.074233 - rmse: 1287.552246 - r2: -2.002445 - mae: 1042.233276 - 學習率: 0.002000 - 時間: 4.44秒
2025-04-14 16:58:47,416 - src.training.callbacks - INFO - 模型檢查點已保存至 outputs\hybrid_model\HybridPINNLSTMModel_20250414_165241\checkpoints\HybridPINNLSTMModel_epoch_091.pt
2025-04-14 16:58:47,420 - src.training.trainer - INFO - 監控指標未改善，已連續 4 輪。最佳值: 0.865774, 當前值: 1.074233
2025-04-14 16:58:51,687 - src.training.trainer - INFO - 監控指標未改善，已連續 5 輪。最佳值: 0.865774, 當前值: 0.927621
2025-04-14 16:58:51,687 - src.training.trainer - INFO - 檢測到訓練停滯，嘗試重啟訓練...
2025-04-14 16:58:55,809 - src.training.trainer - INFO - 輪次 93/200 - 訓練損失: 0.586761 - 驗證損失: 1.211293 - rmse: 1302.605469 - r2: -2.073061 - mae: 1062.206055 - 學習率: 0.002000 - 時間: 4.12秒
2025-04-14 16:58:55,812 - src.training.trainer - INFO - 監控指標未改善，已連續 4 輪。最佳值: 0.865774, 當前值: 1.211293
2025-04-14 16:58:59,970 - src.training.trainer - INFO - 監控指標未改善，已連續 5 輪。最佳值: 0.865774, 當前值: 1.209494
2025-04-14 16:59:04,201 - src.training.trainer - INFO - 輪次 95/200 - 訓練損失: 0.591841 - 驗證損失: 1.018355 - rmse: 1277.816040 - r2: -1.957209 - mae: 1028.086792 - 學習率: 0.002000 - 時間: 4.23秒
2025-04-14 16:59:04,205 - src.training.trainer - INFO - 監控指標未改善，已連續 6 輪。最佳值: 0.865774, 當前值: 1.018355
2025-04-14 16:59:08,904 - src.training.callbacks - INFO - 模型檢查點已保存至 outputs\hybrid_model\HybridPINNLSTMModel_20250414_165241\checkpoints\HybridPINNLSTMModel_epoch_096.pt
2025-04-14 16:59:08,908 - src.training.trainer - INFO - min模式下監控指標改善, 從 0.865774 改善到 0.781021
2025-04-14 16:59:08,916 - src.training.trainer - INFO - 監控指標改善，模型已保存至 outputs/hybrid_model\models\best_model.pt
2025-04-14 16:59:13,125 - src.training.trainer - INFO - 輪次 97/200 - 訓練損失: 0.598440 - 驗證損失: 1.105822 - rmse: 1290.438965 - r2: -2.015923 - mae: 1045.307617 - 學習率: 0.002000 - 時間: 4.21秒
2025-04-14 16:59:13,130 - src.training.trainer - INFO - 監控指標未改善，已連續 1 輪。最佳值: 0.781021, 當前值: 1.105822
2025-04-14 16:59:17,490 - src.training.trainer - INFO - 監控指標未改善，已連續 2 輪。最佳值: 0.781021, 當前值: 1.067100
2025-04-14 16:59:21,654 - src.training.trainer - INFO - 輪次 99/200 - 訓練損失: 0.612334 - 驗證損失: 1.101269 - rmse: 1289.527588 - r2: -2.011665 - mae: 1044.708130 - 學習率: 0.002000 - 時間: 4.16秒
2025-04-14 16:59:21,659 - src.training.trainer - INFO - 監控指標未改善，已連續 3 輪。最佳值: 0.781021, 當前值: 1.101269
2025-04-14 16:59:26,018 - src.training.trainer - INFO - 監控指標未改善，已連續 4 輪。最佳值: 0.781021, 當前值: 1.190891
2025-04-14 16:59:30,487 - src.training.trainer - INFO - 輪次 101/200 - 訓練損失: 0.588646 - 驗證損失: 0.912941 - rmse: 1264.649902 - r2: -1.896583 - mae: 1013.767395 - 學習率: 0.002000 - 時間: 4.47秒
2025-04-14 16:59:30,514 - src.training.callbacks - INFO - 模型檢查點已保存至 outputs\hybrid_model\HybridPINNLSTMModel_20250414_165241\checkpoints\HybridPINNLSTMModel_epoch_101.pt
2025-04-14 16:59:30,519 - src.training.trainer - INFO - 監控指標未改善，已連續 5 輪。最佳值: 0.781021, 當前值: 0.912941
2025-04-14 16:59:30,519 - src.training.trainer - INFO - 檢測到訓練停滯，嘗試重啟訓練...
2025-04-14 16:59:34,837 - src.training.trainer - INFO - 監控指標未改善，已連續 4 輪。最佳值: 0.781021, 當前值: 0.978909
2025-04-14 16:59:38,970 - src.training.trainer - INFO - 輪次 103/200 - 訓練損失: 0.596741 - 驗證損失: 1.234832 - rmse: 1304.980591 - r2: -2.084278 - mae: 1064.854736 - 學習率: 0.002000 - 時間: 4.13秒
2025-04-14 16:59:38,973 - src.training.trainer - INFO - 監控指標未改善，已連續 5 輪。最佳值: 0.781021, 當前值: 1.234832
2025-04-14 16:59:43,129 - src.training.trainer - INFO - 監控指標未改善，已連續 6 輪。最佳值: 0.781021, 當前值: 1.002146
2025-04-14 16:59:47,199 - src.training.trainer - INFO - 輪次 105/200 - 訓練損失: 0.579669 - 驗證損失: 1.148053 - rmse: 1288.942505 - r2: -2.008933 - mae: 1039.687134 - 學習率: 0.002000 - 時間: 4.07秒
2025-04-14 16:59:47,203 - src.training.trainer - INFO - 監控指標未改善，已連續 7 輪。最佳值: 0.781021, 當前值: 1.148053
2025-04-14 16:59:51,635 - src.training.callbacks - INFO - 模型檢查點已保存至 outputs\hybrid_model\HybridPINNLSTMModel_20250414_165241\checkpoints\HybridPINNLSTMModel_epoch_106.pt
2025-04-14 16:59:51,640 - src.training.trainer - INFO - 監控指標未改善，已連續 8 輪。最佳值: 0.781021, 當前值: 0.888196
2025-04-14 16:59:51,640 - src.training.trainer - INFO - 檢測到訓練停滯，嘗試重啟訓練...
2025-04-14 16:59:55,828 - src.training.trainer - INFO - 輪次 107/200 - 訓練損失: 0.590901 - 驗證損失: 1.111471 - rmse: 1294.534790 - r2: -2.035099 - mae: 1053.000366 - 學習率: 0.002000 - 時間: 4.19秒
2025-04-14 16:59:55,833 - src.training.trainer - INFO - 監控指標未改善，已連續 7 輪。最佳值: 0.781021, 當前值: 1.111471
2025-04-14 17:00:00,253 - src.training.trainer - INFO - 監控指標未改善，已連續 8 輪。最佳值: 0.781021, 當前值: 1.306753
2025-04-14 17:00:04,886 - src.training.trainer - INFO - 輪次 109/200 - 訓練損失: 0.581741 - 驗證損失: 1.218520 - rmse: 1304.266235 - r2: -2.080902 - mae: 1064.291138 - 學習率: 0.002000 - 時間: 4.63秒
2025-04-14 17:00:04,891 - src.training.trainer - INFO - 監控指標未改善，已連續 9 輪。最佳值: 0.781021, 當前值: 1.218520
2025-04-14 17:00:09,036 - src.training.trainer - INFO - 監控指標未改善，已連續 10 輪。最佳值: 0.781021, 當前值: 0.917171
2025-04-14 17:00:13,317 - src.training.trainer - INFO - 輪次 111/200 - 訓練損失: 0.577602 - 驗證損失: 1.043509 - rmse: 1283.037598 - r2: -1.981426 - mae: 1035.084839 - 學習率: 0.002000 - 時間: 4.28秒
2025-04-14 17:00:13,338 - src.training.callbacks - INFO - 模型檢查點已保存至 outputs\hybrid_model\HybridPINNLSTMModel_20250414_165241\checkpoints\HybridPINNLSTMModel_epoch_111.pt
2025-04-14 17:00:13,343 - src.training.trainer - INFO - 監控指標未改善，已連續 11 輪。最佳值: 0.781021, 當前值: 1.043509
2025-04-14 17:00:13,343 - src.training.trainer - INFO - 檢測到訓練停滯，嘗試重啟訓練...
2025-04-14 17:00:17,801 - src.training.trainer - INFO - 監控指標未改善，已連續 10 輪。最佳值: 0.781021, 當前值: 1.143852
2025-04-14 17:00:22,071 - src.training.trainer - INFO - 輪次 113/200 - 訓練損失: 0.582796 - 驗證損失: 0.977778 - rmse: 1274.705444 - r2: -1.942829 - mae: 1019.468445 - 學習率: 0.002000 - 時間: 4.27秒
2025-04-14 17:00:22,076 - src.training.trainer - INFO - 監控指標未改善，已連續 11 輪。最佳值: 0.781021, 當前值: 0.977778
2025-04-14 17:00:26,483 - src.training.trainer - INFO - 監控指標未改善，已連續 12 輪。最佳值: 0.781021, 當前值: 1.524494
2025-04-14 17:00:31,227 - src.training.trainer - INFO - 輪次 115/200 - 訓練損失: 0.595177 - 驗證損失: 1.230512 - rmse: 1307.734131 - r2: -2.097307 - mae: 1069.014282 - 學習率: 0.002000 - 時間: 4.74秒
2025-04-14 17:00:31,234 - src.training.trainer - INFO - 監控指標未改善，已連續 13 輪。最佳值: 0.781021, 當前值: 1.230512
2025-04-14 17:00:37,220 - src.training.callbacks - INFO - 模型檢查點已保存至 outputs\hybrid_model\HybridPINNLSTMModel_20250414_165241\checkpoints\HybridPINNLSTMModel_epoch_116.pt
2025-04-14 17:00:37,225 - src.training.trainer - INFO - 監控指標未改善，已連續 14 輪。最佳值: 0.781021, 當前值: 1.298339
2025-04-14 17:00:37,226 - src.training.trainer - INFO - 檢測到訓練停滯，嘗試重啟訓練...
2025-04-14 17:00:41,944 - src.training.trainer - INFO - 輪次 117/200 - 訓練損失: 0.571848 - 驗證損失: 0.878477 - rmse: 1263.016724 - r2: -1.889106 - mae: 1012.687317 - 學習率: 0.002000 - 時間: 4.72秒
2025-04-14 17:00:41,949 - src.training.trainer - INFO - 監控指標未改善，已連續 13 輪。最佳值: 0.781021, 當前值: 0.878477
2025-04-14 17:00:46,073 - src.training.trainer - INFO - 監控指標未改善，已連續 14 輪。最佳值: 0.781021, 當前值: 1.076865
2025-04-14 17:00:50,286 - src.training.trainer - INFO - 輪次 119/200 - 訓練損失: 0.586242 - 驗證損失: 1.314467 - rmse: 1306.114258 - r2: -2.089638 - mae: 1062.996338 - 學習率: 0.002000 - 時間: 4.21秒
2025-04-14 17:00:50,289 - src.training.trainer - INFO - 監控指標未改善，已連續 15 輪。最佳值: 0.781021, 當前值: 1.314467
2025-04-14 17:00:54,769 - src.training.trainer - INFO - 監控指標未改善，已連續 16 輪。最佳值: 0.781021, 當前值: 1.093587
2025-04-14 17:00:59,694 - src.training.trainer - INFO - 輪次 121/200 - 訓練損失: 0.595659 - 驗證損失: 1.086106 - rmse: 1289.165161 - r2: -2.009972 - mae: 1043.181763 - 學習率: 0.002000 - 時間: 4.92秒
2025-04-14 17:00:59,722 - src.training.callbacks - INFO - 模型檢查點已保存至 outputs\hybrid_model\HybridPINNLSTMModel_20250414_165241\checkpoints\HybridPINNLSTMModel_epoch_121.pt
2025-04-14 17:00:59,729 - src.training.trainer - INFO - 監控指標未改善，已連續 17 輪。最佳值: 0.781021, 當前值: 1.086106
2025-04-14 17:00:59,729 - src.training.trainer - INFO - 檢測到訓練停滯，嘗試重啟訓練...
2025-04-14 17:01:03,895 - src.training.trainer - INFO - 監控指標未改善，已連續 16 輪。最佳值: 0.781021, 當前值: 1.118576
2025-04-14 17:01:08,118 - src.training.trainer - INFO - 輪次 123/200 - 訓練損失: 0.587267 - 驗證損失: 1.162352 - rmse: 1286.441406 - r2: -1.997267 - mae: 1030.369019 - 學習率: 0.002000 - 時間: 4.22秒
2025-04-14 17:01:08,122 - src.training.trainer - INFO - 監控指標未改善，已連續 17 輪。最佳值: 0.781021, 當前值: 1.162352
2025-04-14 17:01:12,370 - src.training.trainer - INFO - 監控指標未改善，已連續 18 輪。最佳值: 0.781021, 當前值: 1.403362
2025-04-14 17:01:16,709 - src.training.trainer - INFO - 輪次 125/200 - 訓練損失: 0.575192 - 驗證損失: 1.655291 - rmse: 1324.408936 - r2: -2.176797 - mae: 1082.657471 - 學習率: 0.002000 - 時間: 4.34秒
2025-04-14 17:01:16,712 - src.training.trainer - INFO - 監控指標未改善，已連續 19 輪。最佳值: 0.781021, 當前值: 1.655291
2025-04-14 17:01:20,827 - src.training.callbacks - INFO - 模型檢查點已保存至 outputs\hybrid_model\HybridPINNLSTMModel_20250414_165241\checkpoints\HybridPINNLSTMModel_epoch_126.pt
2025-04-14 17:01:20,834 - src.training.trainer - INFO - 監控指標未改善，已連續 20 輪。最佳值: 0.781021, 當前值: 1.205739
2025-04-14 17:01:20,835 - src.training.trainer - INFO - 檢測到訓練停滯，嘗試重啟訓練...
2025-04-14 17:01:25,110 - src.training.trainer - INFO - 輪次 127/200 - 訓練損失: 0.593738 - 驗證損失: 0.905622 - rmse: 1260.085205 - r2: -1.875711 - mae: 1005.605408 - 學習率: 0.002000 - 時間: 4.28秒
2025-04-14 17:01:25,115 - src.training.trainer - INFO - 監控指標未改善，已連續 19 輪。最佳值: 0.781021, 當前值: 0.905622
2025-04-14 17:01:29,424 - src.training.trainer - INFO - 監控指標未改善，已連續 20 輪。最佳值: 0.781021, 當前值: 1.599611
2025-04-14 17:01:33,388 - src.training.trainer - INFO - 輪次 129/200 - 訓練損失: 0.580228 - 驗證損失: 1.509535 - rmse: 1328.631348 - r2: -2.197086 - mae: 1093.678223 - 學習率: 0.002000 - 時間: 3.96秒
2025-04-14 17:01:33,394 - src.training.trainer - INFO - 監控指標未改善，已連續 21 輪。最佳值: 0.781021, 當前值: 1.509535
2025-04-14 17:01:37,792 - src.training.trainer - INFO - 監控指標未改善，已連續 22 輪。最佳值: 0.781021, 當前值: 1.451431
2025-04-14 17:01:41,969 - src.training.trainer - INFO - 輪次 131/200 - 訓練損失: 0.578866 - 驗證損失: 1.154790 - rmse: 1301.607056 - r2: -2.068352 - mae: 1061.333374 - 學習率: 0.002000 - 時間: 4.18秒
2025-04-14 17:01:41,996 - src.training.callbacks - INFO - 模型檢查點已保存至 outputs\hybrid_model\HybridPINNLSTMModel_20250414_165241\checkpoints\HybridPINNLSTMModel_epoch_131.pt
2025-04-14 17:01:42,001 - src.training.trainer - INFO - 監控指標未改善，已連續 23 輪。最佳值: 0.781021, 當前值: 1.154790
2025-04-14 17:01:42,001 - src.training.trainer - INFO - 檢測到訓練停滯，嘗試重啟訓練...
2025-04-14 17:01:47,765 - src.training.trainer - INFO - 監控指標未改善，已連續 22 輪。最佳值: 0.781021, 當前值: 2.131534
2025-04-14 17:01:52,630 - src.training.trainer - INFO - 輪次 133/200 - 訓練損失: 0.582610 - 驗證損失: 1.040155 - rmse: 1285.542847 - r2: -1.993081 - mae: 1040.433960 - 學習率: 0.002000 - 時間: 4.86秒
2025-04-14 17:01:52,634 - src.training.trainer - INFO - 監控指標未改善，已連續 23 輪。最佳值: 0.781021, 當前值: 1.040155
2025-04-14 17:01:57,293 - src.training.trainer - INFO - min模式下監控指標改善, 從 0.781021 改善到 0.723298
2025-04-14 17:01:57,304 - src.training.trainer - INFO - 監控指標改善，模型已保存至 outputs/hybrid_model\models\best_model.pt
2025-04-14 17:02:01,509 - src.training.trainer - INFO - 輪次 135/200 - 訓練損失: 0.573194 - 驗證損失: 1.407771 - rmse: 1322.592773 - r2: -2.168091 - mae: 1089.376831 - 學習率: 0.002000 - 時間: 4.20秒
2025-04-14 17:02:01,514 - src.training.trainer - INFO - 監控指標未改善，已連續 1 輪。最佳值: 0.723298, 當前值: 1.407771
2025-04-14 17:02:06,041 - src.training.callbacks - INFO - 模型檢查點已保存至 outputs\hybrid_model\HybridPINNLSTMModel_20250414_165241\checkpoints\HybridPINNLSTMModel_epoch_136.pt
2025-04-14 17:02:06,046 - src.training.trainer - INFO - 監控指標未改善，已連續 2 輪。最佳值: 0.723298, 當前值: 1.426677
2025-04-14 17:02:10,377 - src.training.trainer - INFO - 輪次 137/200 - 訓練損失: 0.566171 - 驗證損失: 0.915537 - rmse: 1248.836670 - r2: -1.824598 - mae: 969.313782 - 學習率: 0.002000 - 時間: 4.33秒
2025-04-14 17:02:10,384 - src.training.trainer - INFO - 監控指標未改善，已連續 3 輪。最佳值: 0.723298, 當前值: 0.915537
2025-04-14 17:02:14,712 - src.training.trainer - INFO - 監控指標未改善，已連續 4 輪。最佳值: 0.723298, 當前值: 0.997034
2025-04-14 17:02:18,970 - src.training.trainer - INFO - 輪次 139/200 - 訓練損失: 0.582344 - 驗證損失: 1.830172 - rmse: 1343.791504 - r2: -2.270462 - mae: 1113.627319 - 學習率: 0.002000 - 時間: 4.26秒
2025-04-14 17:02:18,974 - src.training.trainer - INFO - 監控指標未改善，已連續 5 輪。最佳值: 0.723298, 當前值: 1.830172
2025-04-14 17:02:18,975 - src.training.trainer - INFO - 檢測到訓練停滯，嘗試重啟訓練...
2025-04-14 17:02:23,230 - src.training.trainer - INFO - 監控指標未改善，已連續 4 輪。最佳值: 0.723298, 當前值: 1.183092
2025-04-14 17:02:27,784 - src.training.trainer - INFO - 輪次 141/200 - 訓練損失: 0.585932 - 驗證損失: 1.125726 - rmse: 1287.892944 - r2: -2.004034 - mae: 1036.853516 - 學習率: 0.002000 - 時間: 4.55秒
2025-04-14 17:02:27,808 - src.training.callbacks - INFO - 模型檢查點已保存至 outputs\hybrid_model\HybridPINNLSTMModel_20250414_165241\checkpoints\HybridPINNLSTMModel_epoch_141.pt
2025-04-14 17:02:27,816 - src.training.trainer - INFO - 監控指標未改善，已連續 5 輪。最佳值: 0.723298, 當前值: 1.125726
2025-04-14 17:02:32,680 - src.training.trainer - INFO - 監控指標未改善，已連續 6 輪。最佳值: 0.723298, 當前值: 1.386094
2025-04-14 17:02:37,192 - src.training.trainer - INFO - 輪次 143/200 - 訓練損失: 0.580715 - 驗證損失: 1.385955 - rmse: 1320.892700 - r2: -2.159951 - mae: 1086.419800 - 學習率: 0.002000 - 時間: 4.51秒
2025-04-14 17:02:37,198 - src.training.trainer - INFO - 監控指標未改善，已連續 7 輪。最佳值: 0.723298, 當前值: 1.385955
2025-04-14 17:02:41,436 - src.training.trainer - INFO - 監控指標未改善，已連續 8 輪。最佳值: 0.723298, 當前值: 1.056416
2025-04-14 17:02:41,436 - src.training.trainer - INFO - 檢測到訓練停滯，嘗試重啟訓練...
2025-04-14 17:02:45,880 - src.training.trainer - INFO - 輪次 145/200 - 訓練損失: 0.559401 - 驗證損失: 0.959965 - rmse: 1265.663696 - r2: -1.901229 - mae: 1007.454346 - 學習率: 0.002000 - 時間: 4.44秒
2025-04-14 17:02:45,885 - src.training.trainer - INFO - 監控指標未改善，已連續 7 輪。最佳值: 0.723298, 當前值: 0.959965
2025-04-14 17:02:50,020 - src.training.callbacks - INFO - 模型檢查點已保存至 outputs\hybrid_model\HybridPINNLSTMModel_20250414_165241\checkpoints\HybridPINNLSTMModel_epoch_146.pt
2025-04-14 17:02:50,027 - src.training.trainer - INFO - 監控指標未改善，已連續 8 輪。最佳值: 0.723298, 當前值: 0.886230
2025-04-14 17:02:54,320 - src.training.trainer - INFO - 輪次 147/200 - 訓練損失: 0.573428 - 驗證損失: 1.395471 - rmse: 1311.033325 - r2: -2.112955 - mae: 1064.327759 - 學習率: 0.002000 - 時間: 4.29秒
2025-04-14 17:02:54,324 - src.training.trainer - INFO - 監控指標未改善，已連續 9 輪。最佳值: 0.723298, 當前值: 1.395471
2025-04-14 17:02:58,708 - src.training.trainer - INFO - 監控指標未改善，已連續 10 輪。最佳值: 0.723298, 當前值: 1.630301
2025-04-14 17:03:03,141 - src.training.trainer - INFO - 輪次 149/200 - 訓練損失: 0.580731 - 驗證損失: 1.101716 - rmse: 1289.052979 - r2: -2.009448 - mae: 1042.733154 - 學習率: 0.002000 - 時間: 4.43秒
2025-04-14 17:03:03,145 - src.training.trainer - INFO - 監控指標未改善，已連續 11 輪。最佳值: 0.723298, 當前值: 1.101716
2025-04-14 17:03:03,145 - src.training.trainer - INFO - 檢測到訓練停滯，嘗試重啟訓練...
2025-04-14 17:03:07,191 - src.training.trainer - INFO - 監控指標未改善，已連續 10 輪。最佳值: 0.723298, 當前值: 0.886283
2025-04-14 17:03:11,414 - src.training.trainer - INFO - 輪次 151/200 - 訓練損失: 0.571512 - 驗證損失: 1.514140 - rmse: 1328.232300 - r2: -2.195166 - mae: 1095.919800 - 學習率: 0.002000 - 時間: 4.22秒
2025-04-14 17:03:11,444 - src.training.callbacks - INFO - 模型檢查點已保存至 outputs\hybrid_model\HybridPINNLSTMModel_20250414_165241\checkpoints\HybridPINNLSTMModel_epoch_151.pt
2025-04-14 17:03:11,452 - src.training.trainer - INFO - 監控指標未改善，已連續 11 輪。最佳值: 0.723298, 當前值: 1.514140
2025-04-14 17:03:15,968 - src.training.trainer - INFO - 監控指標未改善，已連續 12 輪。最佳值: 0.723298, 當前值: 1.591659
2025-04-14 17:03:20,258 - src.training.trainer - INFO - 輪次 153/200 - 訓練損失: 0.565926 - 驗證損失: 0.977399 - rmse: 1270.009399 - r2: -1.921186 - mae: 1014.022400 - 學習率: 0.002000 - 時間: 4.29秒
2025-04-14 17:03:20,263 - src.training.trainer - INFO - 監控指標未改善，已連續 13 輪。最佳值: 0.723298, 當前值: 0.977399
2025-04-14 17:03:24,538 - src.training.trainer - INFO - 監控指標未改善，已連續 14 輪。最佳值: 0.723298, 當前值: 1.135564
2025-04-14 17:03:24,539 - src.training.trainer - INFO - 檢測到訓練停滯，嘗試重啟訓練...
2025-04-14 17:03:28,960 - src.training.trainer - INFO - 輪次 155/200 - 訓練損失: 0.551107 - 驗證損失: 1.103433 - rmse: 1291.768555 - r2: -2.022141 - mae: 1050.453125 - 學習率: 0.002000 - 時間: 4.42秒
2025-04-14 17:03:28,966 - src.training.trainer - INFO - 監控指標未改善，已連續 13 輪。最佳值: 0.723298, 當前值: 1.103433
2025-04-14 17:03:33,155 - src.training.callbacks - INFO - 模型檢查點已保存至 outputs\hybrid_model\HybridPINNLSTMModel_20250414_165241\checkpoints\HybridPINNLSTMModel_epoch_156.pt
2025-04-14 17:03:33,162 - src.training.trainer - INFO - 監控指標未改善，已連續 14 輪。最佳值: 0.723298, 當前值: 0.900179
2025-04-14 17:03:37,564 - src.training.trainer - INFO - 輪次 157/200 - 訓練損失: 0.565245 - 驗證損失: 0.979821 - rmse: 1272.580200 - r2: -1.933024 - mae: 1021.749329 - 學習率: 0.002000 - 時間: 4.40秒
2025-04-14 17:03:37,570 - src.training.trainer - INFO - 監控指標未改善，已連續 15 輪。最佳值: 0.723298, 當前值: 0.979821
2025-04-14 17:03:42,275 - src.training.trainer - INFO - 監控指標未改善，已連續 16 輪。最佳值: 0.723298, 當前值: 0.991085
2025-04-14 17:03:46,580 - src.training.trainer - INFO - 輪次 159/200 - 訓練損失: 0.585839 - 驗證損失: 1.453253 - rmse: 1325.273071 - r2: -2.180945 - mae: 1088.922485 - 學習率: 0.002000 - 時間: 4.30秒
2025-04-14 17:03:46,586 - src.training.trainer - INFO - 監控指標未改善，已連續 17 輪。最佳值: 0.723298, 當前值: 1.453253
2025-04-14 17:03:46,587 - src.training.trainer - INFO - 檢測到訓練停滯，嘗試重啟訓練...
2025-04-14 17:03:50,861 - src.training.trainer - INFO - 監控指標未改善，已連續 16 輪。最佳值: 0.723298, 當前值: 0.899930
2025-04-14 17:03:55,250 - src.training.trainer - INFO - 輪次 161/200 - 訓練損失: 0.558078 - 驗證損失: 1.185989 - rmse: 1296.326538 - r2: -2.043506 - mae: 1047.830688 - 學習率: 0.002000 - 時間: 4.39秒
2025-04-14 17:03:55,280 - src.training.callbacks - INFO - 模型檢查點已保存至 outputs\hybrid_model\HybridPINNLSTMModel_20250414_165241\checkpoints\HybridPINNLSTMModel_epoch_161.pt
2025-04-14 17:03:55,287 - src.training.trainer - INFO - 監控指標未改善，已連續 17 輪。最佳值: 0.723298, 當前值: 1.185989
2025-04-14 17:03:59,441 - src.training.trainer - INFO - 監控指標未改善，已連續 18 輪。最佳值: 0.723298, 當前值: 1.505722
2025-04-14 17:04:03,753 - src.training.trainer - INFO - 輪次 163/200 - 訓練損失: 0.573882 - 驗證損失: 0.988408 - rmse: 1273.950684 - r2: -1.939345 - mae: 1021.136169 - 學習率: 0.002000 - 時間: 4.31秒
2025-04-14 17:04:03,757 - src.training.trainer - INFO - 監控指標未改善，已連續 19 輪。最佳值: 0.723298, 當前值: 0.988408
2025-04-14 17:04:08,230 - src.training.trainer - INFO - 監控指標未改善，已連續 20 輪。最佳值: 0.723298, 當前值: 1.128123
2025-04-14 17:04:08,230 - src.training.trainer - INFO - 檢測到訓練停滯，嘗試重啟訓練...
2025-04-14 17:04:12,402 - src.training.trainer - INFO - 輪次 165/200 - 訓練損失: 0.561648 - 驗證損失: 1.499254 - rmse: 1321.750122 - r2: -2.164055 - mae: 1081.582520 - 學習率: 0.002000 - 時間: 4.17秒
2025-04-14 17:04:12,406 - src.training.trainer - INFO - 監控指標未改善，已連續 19 輪。最佳值: 0.723298, 當前值: 1.499254
2025-04-14 17:04:16,962 - src.training.callbacks - INFO - 模型檢查點已保存至 outputs\hybrid_model\HybridPINNLSTMModel_20250414_165241\checkpoints\HybridPINNLSTMModel_epoch_166.pt
2025-04-14 17:04:16,970 - src.training.trainer - INFO - 監控指標未改善，已連續 20 輪。最佳值: 0.723298, 當前值: 1.099744
2025-04-14 17:04:21,520 - src.training.trainer - INFO - 輪次 167/200 - 訓練損失: 0.566732 - 驗證損失: 1.205853 - rmse: 1297.895020 - r2: -2.050875 - mae: 1054.146362 - 學習率: 0.002000 - 時間: 4.55秒
2025-04-14 17:04:21,527 - src.training.trainer - INFO - 監控指標未改善，已連續 21 輪。最佳值: 0.723298, 當前值: 1.205853
2025-04-14 17:04:25,988 - src.training.trainer - INFO - 監控指標未改善，已連續 22 輪。最佳值: 0.723298, 當前值: 1.067330
2025-04-14 17:04:30,332 - src.training.trainer - INFO - 輪次 169/200 - 訓練損失: 0.561236 - 驗證損失: 1.818589 - rmse: 1345.317383 - r2: -2.277894 - mae: 1116.073853 - 學習率: 0.002000 - 時間: 4.34秒
2025-04-14 17:04:30,337 - src.training.trainer - INFO - 監控指標未改善，已連續 23 輪。最佳值: 0.723298, 當前值: 1.818589
2025-04-14 17:04:30,338 - src.training.trainer - INFO - 檢測到訓練停滯，嘗試重啟訓練...
2025-04-14 17:04:34,631 - src.training.trainer - INFO - 監控指標未改善，已連續 22 輪。最佳值: 0.723298, 當前值: 1.160461
2025-04-14 17:04:38,662 - src.training.trainer - INFO - 輪次 171/200 - 訓練損失: 0.560717 - 驗證損失: 0.958152 - rmse: 1265.207764 - r2: -1.899139 - mae: 1006.295166 - 學習率: 0.002000 - 時間: 4.03秒
2025-04-14 17:04:38,682 - src.training.callbacks - INFO - 模型檢查點已保存至 outputs\hybrid_model\HybridPINNLSTMModel_20250414_165241\checkpoints\HybridPINNLSTMModel_epoch_171.pt
2025-04-14 17:04:38,687 - src.training.trainer - INFO - 監控指標未改善，已連續 23 輪。最佳值: 0.723298, 當前值: 0.958152
2025-04-14 17:04:42,663 - src.training.trainer - INFO - 監控指標未改善，已連續 24 輪。最佳值: 0.723298, 當前值: 1.041419
2025-04-14 17:04:46,680 - src.training.trainer - INFO - 輪次 173/200 - 訓練損失: 0.560143 - 驗證損失: 0.980085 - rmse: 1280.731323 - r2: -1.970718 - mae: 1033.449341 - 學習率: 0.002000 - 時間: 4.02秒
2025-04-14 17:04:46,684 - src.training.trainer - INFO - 監控指標未改善，已連續 25 輪。最佳值: 0.723298, 當前值: 0.980085
2025-04-14 17:04:50,676 - src.training.trainer - INFO - 監控指標未改善，已連續 26 輪。最佳值: 0.723298, 當前值: 0.949191
2025-04-14 17:04:50,677 - src.training.trainer - INFO - 檢測到訓練停滯，嘗試重啟訓練...
2025-04-14 17:04:54,553 - src.training.trainer - INFO - 輪次 175/200 - 訓練損失: 0.569637 - 驗證損失: 0.894668 - rmse: 1250.888428 - r2: -1.833887 - mae: 992.684143 - 學習率: 0.002000 - 時間: 3.88秒
2025-04-14 17:04:54,559 - src.training.trainer - INFO - 監控指標未改善，已連續 25 輪。最佳值: 0.723298, 當前值: 0.894668
2025-04-14 17:04:58,545 - src.training.callbacks - INFO - 模型檢查點已保存至 outputs\hybrid_model\HybridPINNLSTMModel_20250414_165241\checkpoints\HybridPINNLSTMModel_epoch_176.pt
2025-04-14 17:04:58,550 - src.training.trainer - INFO - 監控指標未改善，已連續 26 輪。最佳值: 0.723298, 當前值: 1.336621
2025-04-14 17:05:02,624 - src.training.trainer - INFO - 輪次 177/200 - 訓練損失: 0.570041 - 驗證損失: 1.181365 - rmse: 1297.696045 - r2: -2.049940 - mae: 1051.903809 - 學習率: 0.002000 - 時間: 4.07秒
2025-04-14 17:05:02,629 - src.training.trainer - INFO - 監控指標未改善，已連續 27 輪。最佳值: 0.723298, 當前值: 1.181365
2025-04-14 17:05:06,582 - src.training.trainer - INFO - 監控指標未改善，已連續 28 輪。最佳值: 0.723298, 當前值: 0.940791
2025-04-14 17:05:10,523 - src.training.trainer - INFO - 輪次 179/200 - 訓練損失: 0.562394 - 驗證損失: 2.173453 - rmse: 1357.794067 - r2: -2.338975 - mae: 1132.494995 - 學習率: 0.002000 - 時間: 3.94秒
2025-04-14 17:05:10,527 - src.training.trainer - INFO - 監控指標未改善，已連續 29 輪。最佳值: 0.723298, 當前值: 2.173453
2025-04-14 17:05:10,527 - src.training.trainer - INFO - 檢測到訓練停滯，嘗試重啟訓練...
2025-04-14 17:05:14,557 - src.training.trainer - INFO - 監控指標未改善，已連續 28 輪。最佳值: 0.723298, 當前值: 1.409798
2025-04-14 17:05:18,617 - src.training.trainer - INFO - 輪次 181/200 - 訓練損失: 0.552701 - 驗證損失: 1.078282 - rmse: 1286.694824 - r2: -1.998447 - mae: 1035.550781 - 學習率: 0.002000 - 時間: 4.06秒
2025-04-14 17:05:18,637 - src.training.callbacks - INFO - 模型檢查點已保存至 outputs\hybrid_model\HybridPINNLSTMModel_20250414_165241\checkpoints\HybridPINNLSTMModel_epoch_181.pt
2025-04-14 17:05:18,642 - src.training.trainer - INFO - 監控指標未改善，已連續 29 輪。最佳值: 0.723298, 當前值: 1.078282
2025-04-14 17:05:22,754 - src.training.trainer - INFO - 監控指標未改善，已連續 30 輪。最佳值: 0.723298, 當前值: 1.776082
2025-04-14 17:05:26,895 - src.training.trainer - INFO - 輪次 183/200 - 訓練損失: 0.561054 - 驗證損失: 0.751871 - rmse: 1231.684570 - r2: -1.747542 - mae: 969.376770 - 學習率: 0.002000 - 時間: 4.14秒
2025-04-14 17:05:26,902 - src.training.trainer - INFO - 監控指標未改善，已連續 31 輪。最佳值: 0.723298, 當前值: 0.751871
2025-04-14 17:05:31,129 - src.training.trainer - INFO - 監控指標未改善，已連續 32 輪。最佳值: 0.723298, 當前值: 1.516322
2025-04-14 17:05:31,129 - src.training.trainer - INFO - 檢測到訓練停滯，嘗試重啟訓練...
2025-04-14 17:05:35,204 - src.training.trainer - INFO - 輪次 185/200 - 訓練損失: 0.560020 - 驗證損失: 1.138376 - rmse: 1291.439941 - r2: -2.020604 - mae: 1044.087036 - 學習率: 0.002000 - 時間: 4.07秒
2025-04-14 17:05:35,209 - src.training.trainer - INFO - 監控指標未改善，已連續 31 輪。最佳值: 0.723298, 當前值: 1.138376
2025-04-14 17:05:39,244 - src.training.callbacks - INFO - 模型檢查點已保存至 outputs\hybrid_model\HybridPINNLSTMModel_20250414_165241\checkpoints\HybridPINNLSTMModel_epoch_186.pt
2025-04-14 17:05:39,251 - src.training.trainer - INFO - 監控指標未改善，已連續 32 輪。最佳值: 0.723298, 當前值: 1.450749
2025-04-14 17:05:43,375 - src.training.trainer - INFO - 輪次 187/200 - 訓練損失: 0.541921 - 驗證損失: 1.021713 - rmse: 1283.048828 - r2: -1.981479 - mae: 1037.419312 - 學習率: 0.002000 - 時間: 4.12秒
2025-04-14 17:05:43,381 - src.training.trainer - INFO - 監控指標未改善，已連續 33 輪。最佳值: 0.723298, 當前值: 1.021713
2025-04-14 17:05:47,536 - src.training.trainer - INFO - 監控指標未改善，已連續 34 輪。最佳值: 0.723298, 當前值: 0.960403
2025-04-14 17:05:51,496 - src.training.trainer - INFO - 輪次 189/200 - 訓練損失: 0.543554 - 驗證損失: 0.908135 - rmse: 1264.647461 - r2: -1.896572 - mae: 1012.905029 - 學習率: 0.002000 - 時間: 3.96秒
2025-04-14 17:05:51,501 - src.training.trainer - INFO - 監控指標未改善，已連續 35 輪。最佳值: 0.723298, 當前值: 0.908135
2025-04-14 17:05:51,501 - src.training.trainer - INFO - 檢測到訓練停滯，嘗試重啟訓練...
2025-04-14 17:05:55,482 - src.training.trainer - INFO - 監控指標未改善，已連續 34 輪。最佳值: 0.723298, 當前值: 1.055691
2025-04-14 17:05:59,604 - src.training.trainer - INFO - 輪次 191/200 - 訓練損失: 0.567068 - 驗證損失: 1.056971 - rmse: 1285.438354 - r2: -1.992594 - mae: 1036.527832 - 學習率: 0.002000 - 時間: 4.12秒
2025-04-14 17:05:59,633 - src.training.callbacks - INFO - 模型檢查點已保存至 outputs\hybrid_model\HybridPINNLSTMModel_20250414_165241\checkpoints\HybridPINNLSTMModel_epoch_191.pt
2025-04-14 17:05:59,642 - src.training.trainer - INFO - 監控指標未改善，已連續 35 輪。最佳值: 0.723298, 當前值: 1.056971
2025-04-14 17:06:03,726 - src.training.trainer - INFO - min模式下監控指標改善, 從 0.723298 改善到 0.714784
2025-04-14 17:06:03,734 - src.training.trainer - INFO - 監控指標改善，模型已保存至 outputs/hybrid_model\models\best_model.pt
2025-04-14 17:06:07,737 - src.training.trainer - INFO - 輪次 193/200 - 訓練損失: 0.575620 - 驗證損失: 1.363850 - rmse: 1315.894531 - r2: -2.136083 - mae: 1073.733521 - 學習率: 0.002000 - 時間: 4.00秒
2025-04-14 17:06:07,742 - src.training.trainer - INFO - 監控指標未改善，已連續 1 輪。最佳值: 0.714784, 當前值: 1.363850
2025-04-14 17:06:11,815 - src.training.trainer - INFO - 監控指標未改善，已連續 2 輪。最佳值: 0.714784, 當前值: 1.297200
2025-04-14 17:06:15,852 - src.training.trainer - INFO - 輪次 195/200 - 訓練損失: 0.543216 - 驗證損失: 1.288852 - rmse: 1311.609131 - r2: -2.115690 - mae: 1073.496948 - 學習率: 0.002000 - 時間: 4.04秒
2025-04-14 17:06:15,857 - src.training.trainer - INFO - 監控指標未改善，已連續 3 輪。最佳值: 0.714784, 當前值: 1.288852
2025-04-14 17:06:19,826 - src.training.callbacks - INFO - 模型檢查點已保存至 outputs\hybrid_model\HybridPINNLSTMModel_20250414_165241\checkpoints\HybridPINNLSTMModel_epoch_196.pt
2025-04-14 17:06:19,835 - src.training.trainer - INFO - 監控指標未改善，已連續 4 輪。最佳值: 0.714784, 當前值: 0.900699
2025-04-14 17:06:23,877 - src.training.trainer - INFO - 輪次 197/200 - 訓練損失: 0.560806 - 驗證損失: 0.893496 - rmse: 1262.270264 - r2: -1.885692 - mae: 1009.331726 - 學習率: 0.002000 - 時間: 4.04秒
2025-04-14 17:06:23,886 - src.training.trainer - INFO - 監控指標未改善，已連續 5 輪。最佳值: 0.714784, 當前值: 0.893496
2025-04-14 17:06:23,886 - src.training.trainer - INFO - 檢測到訓練停滯，嘗試重啟訓練...
2025-04-14 17:06:27,993 - src.training.trainer - INFO - 監控指標未改善，已連續 4 輪。最佳值: 0.714784, 當前值: 1.870523
2025-04-14 17:06:31,764 - src.training.trainer - INFO - 輪次 199/200 - 訓練損失: 0.538765 - 驗證損失: 0.961994 - rmse: 1257.849121 - r2: -1.865514 - mae: 991.853333 - 學習率: 0.002000 - 時間: 3.77秒
2025-04-14 17:06:31,769 - src.training.trainer - INFO - 監控指標未改善，已連續 5 輪。最佳值: 0.714784, 當前值: 0.961994
2025-04-14 17:06:35,700 - src.training.trainer - INFO - 輪次 200/200 - 訓練損失: 0.563428 - 驗證損失: 0.848279 - rmse: 1244.329224 - r2: -1.804245 - mae: 982.420654 - 學習率: 0.002000 - 時間: 3.93秒
2025-04-14 17:06:35,707 - src.training.trainer - INFO - 監控指標未改善，已連續 6 輪。最佳值: 0.714784, 當前值: 0.848279
2025-04-14 17:06:35,707 - src.training.trainer - INFO - 訓練完成，總時間: 834.58秒
2025-04-14 17:06:35,737 - __main__ - INFO - 訓練完成，最終模型已保存至: outputs/hybrid_model\models\final_model.pt
2025-04-14 17:06:35,754 - __main__ - WARNING - 合併輸出 l2_penalty 時出錯: zero-dimensional arrays cannot be concatenated
2025-04-14 17:06:35,770 - __main__ - INFO - 評估指標已保存至: outputs/hybrid_model\evaluation\metrics.csv
2025-04-14 17:06:35,770 - __main__ - INFO - 生成視覺化結果...
2025-04-14 17:06:36,522 - src.utils.visualization - INFO - 圖像已保存至: outputs/hybrid_model\evaluation\visualizations\prediction_vs_true.png
2025-04-14 17:06:37,321 - src.utils.visualization - INFO - 圖像已保存至: outputs/hybrid_model\evaluation\visualizations\delta_w_prediction.png
2025-04-14 17:06:38,222 - src.utils.visualization - INFO - 圖像已保存至: outputs/hybrid_model\evaluation\visualizations\physical_constraint.png
2025-04-14 17:06:38,237 - __main__ - INFO - 評估完成，結果已保存至: outputs/hybrid_model\evaluation
2025-04-14 17:06:38,237 - __main__ - INFO - 任務完成
