2025-04-15 21:21:33,805 - __main__ - INFO - 成功載入配置文件: configs/model_config.yaml
2025-04-15 21:21:33,824 - __main__ - INFO - 成功載入配置文件: configs/train_config.yaml
2025-04-15 21:21:33,827 - __main__ - INFO - 已設定隨機種子: 42
2025-04-15 21:21:33,827 - __main__ - INFO - 使用計算設備: cpu
2025-04-15 21:21:33,828 - __main__ - INFO - 輸出目錄: outputs/hybrid_model
2025-04-15 21:21:33,829 - __main__ - INFO - 載入資料: data/raw/Training_data_warpage_final_20250321_v1.2.csv
2025-04-15 21:21:33,832 - src.data.preprocess - INFO - 成功載入資料檔案: data/raw/Training_data_warpage_final_20250321_v1.2.csv，共 81 筆資料，18 個欄位
2025-04-15 21:21:33,836 - src.data.preprocess - INFO - 標準化完成，特徵數量: 5
2025-04-15 21:21:33,839 - src.data.preprocess - INFO - 時間序列資料準備完成，形狀: (81, 4, 2)
2025-04-15 21:21:33,842 - src.data.preprocess - INFO - 資料分割完成 - 訓練集: 56 樣本, 驗證集: 12 樣本, 測試集: 13 樣本
2025-04-15 21:21:33,842 - src.data.preprocess - INFO - 完整資料處理流程完成
2025-04-15 21:21:33,843 - __main__ - INFO - 資料分割完成, 訓練集: 56 樣本, 驗證集: 12 樣本, 測試集: 13 樣本
2025-04-15 21:21:33,843 - __main__ - INFO - 應用資料增強...
2025-04-15 21:21:33,843 - src.data.dataset - INFO - 進行資料增強，原始訓練集大小: 56 樣本
2025-04-15 21:21:34,029 - src.data.dataset - INFO - 資料增強完成，增強後的訓練集大小: 940 樣本
2025-04-15 21:21:34,030 - __main__ - INFO - 資料增強完成，增強後的訓練集大小: 940 樣本
2025-04-15 21:21:34,044 - __main__ - INFO - 創建混合PINN-LSTM模型，使用物理約束: True，融合方法: weighted
2025-04-15 21:21:34,045 - src.data.dataset - INFO - 已創建資料載入器 - 訓練: 940 樣本, 驗證: 12 樣本, 測試: 13 樣本, 批次大小: 8
2025-04-15 21:21:35,788 - src.training.trainer - INFO - 創建adam優化器，學習率: 0.0005，權重衰減: 0.001
2025-04-15 21:21:35,789 - src.training.losses - INFO - 初始化HybridLoss: lambda_physics=0.5, lambda_consistency=0.2, delta_w_weight=1.5
2025-04-15 21:21:35,789 - src.training.losses - INFO - 初始化AdaptiveHybridLoss: physics權重從0.5增加到2.0, consistency權重從0.2增加到0.5, delta_w權重從1.5增加到3.0, 在50個輪次內達到最大值, 預熱輪次: 5, 調整方案: linear
2025-04-15 21:21:35,790 - src.training.trainer - INFO - 創建餘弦退火學習率調度器，週期: 150，最小學習率: 1e-05
2025-04-15 21:21:35,791 - src.training.callbacks - INFO - 初始化ModelCheckpoint: 保存目錄=outputs\hybrid_model\HybridPINNLSTMModel_20250415_212135\checkpoints, 保存頻率=5, 只保存最佳=False, 監控指標=val_loss, 模式=min
2025-04-15 21:21:35,792 - src.training.callbacks - INFO - 初始化LossHistory: 保存路徑=outputs\hybrid_model\HybridPINNLSTMModel_20250415_212135\history.json, 保存頻率=1
2025-04-15 21:21:35,795 - src.training.trainer - INFO - 初始化訓練器完成，模型: HybridPINNLSTMModel, 優化器: Adam, 設備: cpu
2025-04-15 21:21:35,795 - __main__ - INFO - 開始訓練，總輪數: 300
2025-04-15 21:21:35,796 - src.training.trainer - INFO - 開始訓練，總輪數: 300
2025-04-15 21:21:38,856 - src.training.trainer - INFO - 輪次 1/300 - 訓練損失: 2105125.318464 - 驗證損失: 2753.915324 - rmse: 65599.554688 - r2: -7792.761230 - mae: 44038.761719 - 學習率: 0.000500 - 時間: 3.06秒
2025-04-15 21:21:38,964 - src.training.callbacks - INFO - 模型檢查點已保存至 outputs\hybrid_model\HybridPINNLSTMModel_20250415_212135\checkpoints\HybridPINNLSTMModel_epoch_001.pt
2025-04-15 21:21:38,971 - src.training.trainer - INFO - 監控指標改善，模型已保存至 outputs/hybrid_model\models\best_model.pt
2025-04-15 21:21:42,167 - src.training.trainer - INFO - 監控指標改善，模型已保存至 outputs/hybrid_model\models\best_model.pt
2025-04-15 21:21:45,261 - src.training.trainer - INFO - 輪次 3/300 - 訓練損失: 1013.952175 - 驗證損失: 2.986169 - rmse: 1243.696899 - r2: -1.801396 - mae: 937.543640 - 學習率: 0.000500 - 時間: 3.09秒
2025-04-15 21:21:45,267 - src.training.trainer - INFO - 監控指標改善，模型已保存至 outputs/hybrid_model\models\best_model.pt
2025-04-15 21:21:48,392 - src.training.trainer - INFO - 監控指標改善，模型已保存至 outputs/hybrid_model\models\best_model.pt
2025-04-15 21:21:51,462 - src.training.trainer - INFO - 輪次 5/300 - 訓練損失: 8.763144 - 驗證損失: 2.596774 - rmse: 1310.283569 - r2: -2.109395 - mae: 1078.846558 - 學習率: 0.000499 - 時間: 3.07秒
2025-04-15 21:21:51,472 - src.training.trainer - INFO - 監控指標改善，模型已保存至 outputs/hybrid_model\models\best_model.pt
2025-04-15 21:21:54,560 - src.training.callbacks - INFO - 模型檢查點已保存至 outputs\hybrid_model\HybridPINNLSTMModel_20250415_212135\checkpoints\HybridPINNLSTMModel_epoch_006.pt
2025-04-15 21:21:54,570 - src.training.trainer - INFO - 監控指標改善，模型已保存至 outputs/hybrid_model\models\best_model.pt
2025-04-15 21:21:57,743 - src.training.trainer - INFO - 輪次 7/300 - 訓練損失: 6.624594 - 驗證損失: 1.067519 - rmse: 1058.238281 - r2: -1.028207 - mae: 765.230225 - 學習率: 0.000498 - 時間: 3.17秒
2025-04-15 21:21:57,750 - src.training.trainer - INFO - 監控指標改善，模型已保存至 outputs/hybrid_model\models\best_model.pt
2025-04-15 21:22:00,656 - src.training.trainer - INFO - 監控指標改善，模型已保存至 outputs/hybrid_model\models\best_model.pt
2025-04-15 21:22:03,777 - src.training.trainer - INFO - 輪次 9/300 - 訓練損失: 4.806886 - 驗證損失: 1.424056 - rmse: 1207.364746 - r2: -1.640112 - mae: 923.827881 - 學習率: 0.000497 - 時間: 3.12秒
2025-04-15 21:22:03,787 - src.training.trainer - INFO - 監控指標改善，模型已保存至 outputs/hybrid_model\models\best_model.pt
2025-04-15 21:22:06,914 - src.training.trainer - INFO - 監控指標改善，模型已保存至 outputs/hybrid_model\models\best_model.pt
2025-04-15 21:22:09,963 - src.training.trainer - INFO - 輪次 11/300 - 訓練損失: 7.754139 - 驗證損失: 1.255570 - rmse: 1201.079956 - r2: -1.612698 - mae: 921.468567 - 學習率: 0.000495 - 時間: 3.05秒
2025-04-15 21:22:09,984 - src.training.callbacks - INFO - 模型檢查點已保存至 outputs\hybrid_model\HybridPINNLSTMModel_20250415_212135\checkpoints\HybridPINNLSTMModel_epoch_011.pt
2025-04-15 21:22:09,994 - src.training.trainer - INFO - 監控指標改善，模型已保存至 outputs/hybrid_model\models\best_model.pt
2025-04-15 21:22:12,855 - src.training.trainer - INFO - 監控指標改善，模型已保存至 outputs/hybrid_model\models\best_model.pt
2025-04-15 21:22:15,643 - src.training.trainer - INFO - 輪次 13/300 - 訓練損失: 2.975693 - 驗證損失: 0.949355 - rmse: 1093.113403 - r2: -1.164093 - mae: 863.421387 - 學習率: 0.000492 - 時間: 2.79秒
2025-04-15 21:22:15,652 - src.training.trainer - INFO - 監控指標改善，模型已保存至 outputs/hybrid_model\models\best_model.pt
2025-04-15 21:22:18,584 - src.training.trainer - INFO - 監控指標改善，模型已保存至 outputs/hybrid_model\models\best_model.pt
2025-04-15 21:22:21,504 - src.training.trainer - INFO - 輪次 15/300 - 訓練損失: 3.577193 - 驗證損失: 1.937225 - rmse: 1297.868286 - r2: -2.050750 - mae: 1056.720337 - 學習率: 0.000490 - 時間: 2.92秒
2025-04-15 21:22:21,511 - src.training.trainer - INFO - 監控指標改善，模型已保存至 outputs/hybrid_model\models\best_model.pt
2025-04-15 21:22:24,544 - src.training.callbacks - INFO - 模型檢查點已保存至 outputs\hybrid_model\HybridPINNLSTMModel_20250415_212135\checkpoints\HybridPINNLSTMModel_epoch_016.pt
2025-04-15 21:22:24,551 - src.training.trainer - INFO - 監控指標改善，模型已保存至 outputs/hybrid_model\models\best_model.pt
2025-04-15 21:22:27,513 - src.training.trainer - INFO - 輪次 17/300 - 訓練損失: 2.423471 - 驗證損失: 1.072486 - rmse: 1142.551758 - r2: -1.364270 - mae: 838.237732 - 學習率: 0.000486 - 時間: 2.96秒
2025-04-15 21:22:27,520 - src.training.trainer - INFO - 監控指標改善，模型已保存至 outputs/hybrid_model\models\best_model.pt
2025-04-15 21:22:30,453 - src.training.trainer - INFO - 監控指標改善，模型已保存至 outputs/hybrid_model\models\best_model.pt
2025-04-15 21:22:33,376 - src.training.trainer - INFO - 輪次 19/300 - 訓練損失: 2.318835 - 驗證損失: 0.975923 - rmse: 1141.427612 - r2: -1.359620 - mae: 883.488953 - 學習率: 0.000483 - 時間: 2.92秒
2025-04-15 21:22:33,385 - src.training.trainer - INFO - 監控指標改善，模型已保存至 outputs/hybrid_model\models\best_model.pt
2025-04-15 21:22:36,375 - src.training.trainer - INFO - 監控指標改善，模型已保存至 outputs/hybrid_model\models\best_model.pt
2025-04-15 21:22:39,382 - src.training.trainer - INFO - 輪次 21/300 - 訓練損失: 1.874140 - 驗證損失: 0.745685 - rmse: 1055.152954 - r2: -1.016398 - mae: 712.813416 - 學習率: 0.000479 - 時間: 3.01秒
2025-04-15 21:22:39,400 - src.training.callbacks - INFO - 模型檢查點已保存至 outputs\hybrid_model\HybridPINNLSTMModel_20250415_212135\checkpoints\HybridPINNLSTMModel_epoch_021.pt
2025-04-15 21:22:39,407 - src.training.trainer - INFO - 監控指標改善，模型已保存至 outputs/hybrid_model\models\best_model.pt
2025-04-15 21:22:42,674 - src.training.trainer - INFO - 監控指標改善，模型已保存至 outputs/hybrid_model\models\best_model.pt
2025-04-15 21:22:46,249 - src.training.trainer - INFO - 輪次 23/300 - 訓練損失: 1.910593 - 驗證損失: 1.761522 - rmse: 1299.360840 - r2: -2.057771 - mae: 1042.949585 - 學習率: 0.000474 - 時間: 3.57秒
2025-04-15 21:22:46,257 - src.training.trainer - INFO - 監控指標改善，模型已保存至 outputs/hybrid_model\models\best_model.pt
2025-04-15 21:22:49,677 - src.training.trainer - INFO - 監控指標改善，模型已保存至 outputs/hybrid_model\models\best_model.pt
2025-04-15 21:22:53,127 - src.training.trainer - INFO - 輪次 25/300 - 訓練損失: 2.411606 - 驗證損失: 1.575168 - rmse: 1282.243652 - r2: -1.977738 - mae: 1025.651978 - 學習率: 0.000470 - 時間: 3.45秒
2025-04-15 21:22:53,138 - src.training.trainer - INFO - 監控指標改善，模型已保存至 outputs/hybrid_model\models\best_model.pt
2025-04-15 21:22:56,443 - src.training.callbacks - INFO - 模型檢查點已保存至 outputs\hybrid_model\HybridPINNLSTMModel_20250415_212135\checkpoints\HybridPINNLSTMModel_epoch_026.pt
2025-04-15 21:22:56,454 - src.training.trainer - INFO - 監控指標改善，模型已保存至 outputs/hybrid_model\models\best_model.pt
2025-04-15 21:22:59,472 - src.training.trainer - INFO - 輪次 27/300 - 訓練損失: 1.479814 - 驗證損失: 1.170540 - rmse: 1228.104004 - r2: -1.731591 - mae: 941.391785 - 學習率: 0.000465 - 時間: 3.02秒
2025-04-15 21:22:59,480 - src.training.trainer - INFO - 監控指標改善，模型已保存至 outputs/hybrid_model\models\best_model.pt
2025-04-15 21:23:02,688 - src.training.trainer - INFO - 監控指標改善，模型已保存至 outputs/hybrid_model\models\best_model.pt
2025-04-15 21:23:06,187 - src.training.trainer - INFO - 輪次 29/300 - 訓練損失: 1.476684 - 驗證損失: 0.975776 - rmse: 1188.278564 - r2: -1.557301 - mae: 903.165039 - 學習率: 0.000459 - 時間: 3.50秒
2025-04-15 21:23:06,197 - src.training.trainer - INFO - 監控指標改善，模型已保存至 outputs/hybrid_model\models\best_model.pt
2025-04-15 21:23:09,253 - src.training.trainer - INFO - 監控指標改善，模型已保存至 outputs/hybrid_model\models\best_model.pt
2025-04-15 21:23:12,737 - src.training.trainer - INFO - 輪次 31/300 - 訓練損失: 1.480133 - 驗證損失: 1.788002 - rmse: 1294.966064 - r2: -2.037121 - mae: 1034.276978 - 學習率: 0.000453 - 時間: 3.48秒
2025-04-15 21:23:12,758 - src.training.callbacks - INFO - 模型檢查點已保存至 outputs\hybrid_model\HybridPINNLSTMModel_20250415_212135\checkpoints\HybridPINNLSTMModel_epoch_031.pt
2025-04-15 21:23:12,770 - src.training.trainer - INFO - 監控指標改善，模型已保存至 outputs/hybrid_model\models\best_model.pt
2025-04-15 21:23:15,704 - src.training.trainer - INFO - 監控指標改善，模型已保存至 outputs/hybrid_model\models\best_model.pt
2025-04-15 21:23:18,807 - src.training.trainer - INFO - 輪次 33/300 - 訓練損失: 1.375429 - 驗證損失: 2.265333 - rmse: 1325.546631 - r2: -2.182258 - mae: 1080.262085 - 學習率: 0.000447 - 時間: 3.10秒
2025-04-15 21:23:18,818 - src.training.trainer - INFO - 監控指標改善，模型已保存至 outputs/hybrid_model\models\best_model.pt
2025-04-15 21:23:22,049 - src.training.trainer - INFO - 監控指標改善，模型已保存至 outputs/hybrid_model\models\best_model.pt
2025-04-15 21:23:25,028 - src.training.trainer - INFO - 輪次 35/300 - 訓練損失: 1.244579 - 驗證損失: 0.974830 - rmse: 1196.643188 - r2: -1.593431 - mae: 868.438293 - 學習率: 0.000440 - 時間: 2.98秒
2025-04-15 21:23:25,039 - src.training.trainer - INFO - 監控指標改善，模型已保存至 outputs/hybrid_model\models\best_model.pt
2025-04-15 21:23:27,849 - src.training.callbacks - INFO - 模型檢查點已保存至 outputs\hybrid_model\HybridPINNLSTMModel_20250415_212135\checkpoints\HybridPINNLSTMModel_epoch_036.pt
2025-04-15 21:23:27,857 - src.training.trainer - INFO - 監控指標改善，模型已保存至 outputs/hybrid_model\models\best_model.pt
2025-04-15 21:23:30,659 - src.training.trainer - INFO - 輪次 37/300 - 訓練損失: 1.156149 - 驗證損失: 1.108480 - rmse: 1228.994507 - r2: -1.735553 - mae: 953.454285 - 學習率: 0.000434 - 時間: 2.80秒
2025-04-15 21:23:30,670 - src.training.trainer - INFO - 監控指標改善，模型已保存至 outputs/hybrid_model\models\best_model.pt
2025-04-15 21:23:33,591 - src.training.trainer - INFO - 監控指標改善，模型已保存至 outputs/hybrid_model\models\best_model.pt
2025-04-15 21:23:36,403 - src.training.trainer - INFO - 輪次 39/300 - 訓練損失: 1.085138 - 驗證損失: 1.147661 - rmse: 1239.662354 - r2: -1.783250 - mae: 951.390320 - 學習率: 0.000426 - 時間: 2.81秒
2025-04-15 21:23:36,410 - src.training.trainer - INFO - 監控指標改善，模型已保存至 outputs/hybrid_model\models\best_model.pt
2025-04-15 21:23:39,330 - src.training.trainer - INFO - 監控指標改善，模型已保存至 outputs/hybrid_model\models\best_model.pt
2025-04-15 21:23:42,303 - src.training.trainer - INFO - 輪次 41/300 - 訓練損失: 1.082526 - 驗證損失: 0.989299 - rmse: 1212.133911 - r2: -1.661010 - mae: 918.216797 - 學習率: 0.000419 - 時間: 2.97秒
2025-04-15 21:23:42,316 - src.training.callbacks - INFO - 模型檢查點已保存至 outputs\hybrid_model\HybridPINNLSTMModel_20250415_212135\checkpoints\HybridPINNLSTMModel_epoch_041.pt
2025-04-15 21:23:42,327 - src.training.trainer - INFO - 監控指標改善，模型已保存至 outputs/hybrid_model\models\best_model.pt
2025-04-15 21:23:45,126 - src.training.trainer - INFO - 監控指標改善，模型已保存至 outputs/hybrid_model\models\best_model.pt
2025-04-15 21:23:47,869 - src.training.trainer - INFO - 輪次 43/300 - 訓練損失: 1.041238 - 驗證損失: 1.043456 - rmse: 1226.028931 - r2: -1.722368 - mae: 928.147766 - 學習率: 0.000411 - 時間: 2.74秒
2025-04-15 21:23:47,877 - src.training.trainer - INFO - 監控指標改善，模型已保存至 outputs/hybrid_model\models\best_model.pt
2025-04-15 21:23:50,854 - src.training.trainer - INFO - 監控指標改善，模型已保存至 outputs/hybrid_model\models\best_model.pt
2025-04-15 21:23:53,579 - src.training.trainer - INFO - 輪次 45/300 - 訓練損失: 1.049372 - 驗證損失: 1.478239 - rmse: 1275.123901 - r2: -1.944761 - mae: 1000.091125 - 學習率: 0.000403 - 時間: 2.72秒
2025-04-15 21:23:53,589 - src.training.trainer - INFO - 監控指標改善，模型已保存至 outputs/hybrid_model\models\best_model.pt
2025-04-15 21:23:56,406 - src.training.callbacks - INFO - 模型檢查點已保存至 outputs\hybrid_model\HybridPINNLSTMModel_20250415_212135\checkpoints\HybridPINNLSTMModel_epoch_046.pt
2025-04-15 21:23:56,413 - src.training.trainer - INFO - 監控指標改善，模型已保存至 outputs/hybrid_model\models\best_model.pt
2025-04-15 21:23:59,393 - src.training.trainer - INFO - 輪次 47/300 - 訓練損失: 0.967499 - 驗證損失: 1.387620 - rmse: 1281.439453 - r2: -1.974004 - mae: 1028.053345 - 學習率: 0.000395 - 時間: 2.98秒
2025-04-15 21:23:59,399 - src.training.trainer - INFO - 監控指標改善，模型已保存至 outputs/hybrid_model\models\best_model.pt
2025-04-15 21:24:02,204 - src.training.trainer - INFO - 監控指標改善，模型已保存至 outputs/hybrid_model\models\best_model.pt
2025-04-15 21:24:05,155 - src.training.trainer - INFO - 輪次 49/300 - 訓練損失: 0.962925 - 驗證損失: 1.638488 - rmse: 1294.231567 - r2: -2.033677 - mae: 1037.807251 - 學習率: 0.000386 - 時間: 2.95秒
2025-04-15 21:24:05,166 - src.training.trainer - INFO - 監控指標改善，模型已保存至 outputs/hybrid_model\models\best_model.pt
2025-04-15 21:24:08,047 - src.training.trainer - INFO - 監控指標改善，模型已保存至 outputs/hybrid_model\models\best_model.pt
2025-04-15 21:24:10,972 - src.training.trainer - INFO - 輪次 51/300 - 訓練損失: 0.954504 - 驗證損失: 1.283783 - rmse: 1264.422974 - r2: -1.895544 - mae: 990.181946 - 學習率: 0.000377 - 時間: 2.92秒
2025-04-15 21:24:10,984 - src.training.callbacks - INFO - 模型檢查點已保存至 outputs\hybrid_model\HybridPINNLSTMModel_20250415_212135\checkpoints\HybridPINNLSTMModel_epoch_051.pt
2025-04-15 21:24:10,988 - src.training.trainer - INFO - min模式下監控指標改善
2025-04-15 21:24:10,992 - src.training.trainer - INFO - 監控指標改善，模型已保存至 outputs/hybrid_model\models\best_model.pt
2025-04-15 21:24:13,854 - src.training.trainer - INFO - min模式下監控指標改善, 從 1.283783 改善到 1.268036
2025-04-15 21:24:13,862 - src.training.trainer - INFO - 監控指標改善，模型已保存至 outputs/hybrid_model\models\best_model.pt
2025-04-15 21:24:16,658 - src.training.trainer - INFO - 輪次 53/300 - 訓練損失: 0.923413 - 驗證損失: 1.423376 - rmse: 1285.695435 - r2: -1.993791 - mae: 1036.955322 - 學習率: 0.000369 - 時間: 2.80秒
2025-04-15 21:24:16,661 - src.training.trainer - INFO - 監控指標未改善，已連續 1 輪。最佳值: 1.268036, 當前值: 1.423376
2025-04-15 21:24:19,505 - src.training.trainer - INFO - min模式下監控指標改善, 從 1.268036 改善到 1.190617
2025-04-15 21:24:19,512 - src.training.trainer - INFO - 監控指標改善，模型已保存至 outputs/hybrid_model\models\best_model.pt
2025-04-15 21:24:22,228 - src.training.trainer - INFO - 輪次 55/300 - 訓練損失: 0.896590 - 驗證損失: 1.327994 - rmse: 1275.433228 - r2: -1.946190 - mae: 1015.972473 - 學習率: 0.000359 - 時間: 2.72秒
2025-04-15 21:24:22,230 - src.training.trainer - INFO - 監控指標未改善，已連續 1 輪。最佳值: 1.190617, 當前值: 1.327994
2025-04-15 21:24:25,024 - src.training.callbacks - INFO - 模型檢查點已保存至 outputs\hybrid_model\HybridPINNLSTMModel_20250415_212135\checkpoints\HybridPINNLSTMModel_epoch_056.pt
2025-04-15 21:24:25,027 - src.training.trainer - INFO - 監控指標未改善，已連續 2 輪。最佳值: 1.190617, 當前值: 1.259832
2025-04-15 21:24:28,071 - src.training.trainer - INFO - 輪次 57/300 - 訓練損失: 0.924757 - 驗證損失: 1.395827 - rmse: 1280.880615 - r2: -1.971411 - mae: 1019.103333 - 學習率: 0.000350 - 時間: 3.04秒
2025-04-15 21:24:28,074 - src.training.trainer - INFO - 監控指標未改善，已連續 3 輪。最佳值: 1.190617, 當前值: 1.395827
2025-04-15 21:24:30,824 - src.training.trainer - INFO - 監控指標未改善，已連續 4 輪。最佳值: 1.190617, 當前值: 1.226689
2025-04-15 21:24:33,772 - src.training.trainer - INFO - 輪次 59/300 - 訓練損失: 0.867691 - 驗證損失: 1.676696 - rmse: 1306.315063 - r2: -2.090589 - mae: 1060.597534 - 學習率: 0.000340 - 時間: 2.95秒
2025-04-15 21:24:33,776 - src.training.trainer - INFO - 監控指標未改善，已連續 5 輪。最佳值: 1.190617, 當前值: 1.676696
2025-04-15 21:24:33,776 - src.training.trainer - INFO - 檢測到訓練停滯，嘗試重啟訓練...
2025-04-15 21:24:36,683 - src.training.trainer - INFO - min模式下監控指標改善, 從 1.190617 改善到 1.179277
2025-04-15 21:24:36,688 - src.training.trainer - INFO - 監控指標改善，模型已保存至 outputs/hybrid_model\models\best_model.pt
2025-04-15 21:24:39,534 - src.training.trainer - INFO - 輪次 61/300 - 訓練損失: 0.850183 - 驗證損失: 1.346076 - rmse: 1272.613647 - r2: -1.933179 - mae: 1004.764954 - 學習率: 0.000331 - 時間: 2.85秒
2025-04-15 21:24:39,546 - src.training.callbacks - INFO - 模型檢查點已保存至 outputs\hybrid_model\HybridPINNLSTMModel_20250415_212135\checkpoints\HybridPINNLSTMModel_epoch_061.pt
2025-04-15 21:24:39,549 - src.training.trainer - INFO - 監控指標未改善，已連續 1 輪。最佳值: 1.179277, 當前值: 1.346076
2025-04-15 21:24:42,323 - src.training.trainer - INFO - 監控指標未改善，已連續 2 輪。最佳值: 1.179277, 當前值: 1.412269
2025-04-15 21:24:45,108 - src.training.trainer - INFO - 輪次 63/300 - 訓練損失: 0.876750 - 驗證損失: 1.268063 - rmse: 1276.764038 - r2: -1.952342 - mae: 1021.030273 - 學習率: 0.000321 - 時間: 2.78秒
2025-04-15 21:24:45,111 - src.training.trainer - INFO - 監控指標未改善，已連續 3 輪。最佳值: 1.179277, 當前值: 1.268063
2025-04-15 21:24:47,981 - src.training.trainer - INFO - 監控指標未改善，已連續 4 輪。最佳值: 1.179277, 當前值: 1.523074
2025-04-15 21:24:50,772 - src.training.trainer - INFO - 輪次 65/300 - 訓練損失: 0.837708 - 驗證損失: 1.519561 - rmse: 1299.782349 - r2: -2.059754 - mae: 1052.796509 - 學習率: 0.000311 - 時間: 2.79秒
2025-04-15 21:24:50,775 - src.training.trainer - INFO - 監控指標未改善，已連續 5 輪。最佳值: 1.179277, 當前值: 1.519561
2025-04-15 21:24:50,775 - src.training.trainer - INFO - 檢測到訓練停滯，嘗試重啟訓練...
2025-04-15 21:24:53,608 - src.training.callbacks - INFO - 模型檢查點已保存至 outputs\hybrid_model\HybridPINNLSTMModel_20250415_212135\checkpoints\HybridPINNLSTMModel_epoch_066.pt
2025-04-15 21:24:53,612 - src.training.trainer - INFO - 監控指標未改善，已連續 4 輪。最佳值: 1.179277, 當前值: 1.213470
2025-04-15 21:24:56,364 - src.training.trainer - INFO - 輪次 67/300 - 訓練損失: 0.827539 - 驗證損失: 1.381092 - rmse: 1280.263428 - r2: -1.968548 - mae: 1018.102112 - 學習率: 0.000301 - 時間: 2.75秒
2025-04-15 21:24:56,368 - src.training.trainer - INFO - 監控指標未改善，已連續 5 輪。最佳值: 1.179277, 當前值: 1.381092
2025-04-15 21:24:59,322 - src.training.trainer - INFO - 監控指標未改善，已連續 6 輪。最佳值: 1.179277, 當前值: 1.271566
2025-04-15 21:25:02,071 - src.training.trainer - INFO - 輪次 69/300 - 訓練損失: 0.870788 - 驗證損失: 1.196322 - rmse: 1261.368774 - r2: -1.881572 - mae: 995.287292 - 學習率: 0.000291 - 時間: 2.75秒
2025-04-15 21:25:02,074 - src.training.trainer - INFO - 監控指標未改善，已連續 7 輪。最佳值: 1.179277, 當前值: 1.196322
2025-04-15 21:25:05,085 - src.training.trainer - INFO - 監控指標未改善，已連續 8 輪。最佳值: 1.179277, 當前值: 1.372336
2025-04-15 21:25:05,085 - src.training.trainer - INFO - 檢測到訓練停滯，嘗試重啟訓練...
2025-04-15 21:25:07,926 - src.training.trainer - INFO - 輪次 71/300 - 訓練損失: 0.827215 - 驗證損失: 1.318529 - rmse: 1271.897461 - r2: -1.929878 - mae: 1006.324524 - 學習率: 0.000281 - 時間: 2.84秒
2025-04-15 21:25:07,938 - src.training.callbacks - INFO - 模型檢查點已保存至 outputs\hybrid_model\HybridPINNLSTMModel_20250415_212135\checkpoints\HybridPINNLSTMModel_epoch_071.pt
2025-04-15 21:25:07,941 - src.training.trainer - INFO - 監控指標未改善，已連續 7 輪。最佳值: 1.179277, 當前值: 1.318529
2025-04-15 21:25:10,848 - src.training.trainer - INFO - 監控指標未改善，已連續 8 輪。最佳值: 1.179277, 當前值: 1.411225
2025-04-15 21:25:13,622 - src.training.trainer - INFO - 輪次 73/300 - 訓練損失: 0.843920 - 驗證損失: 1.319865 - rmse: 1280.279297 - r2: -1.968621 - mae: 1028.466064 - 學習率: 0.000270 - 時間: 2.77秒
2025-04-15 21:25:13,626 - src.training.trainer - INFO - 監控指標未改善，已連續 9 輪。最佳值: 1.179277, 當前值: 1.319865
2025-04-15 21:25:16,478 - src.training.trainer - INFO - 監控指標未改善，已連續 10 輪。最佳值: 1.179277, 當前值: 1.421672
2025-04-15 21:25:19,303 - src.training.trainer - INFO - 輪次 75/300 - 訓練損失: 0.810580 - 驗證損失: 1.393182 - rmse: 1286.303955 - r2: -1.996626 - mae: 1032.965088 - 學習率: 0.000260 - 時間: 2.83秒
2025-04-15 21:25:19,306 - src.training.trainer - INFO - 監控指標未改善，已連續 11 輪。最佳值: 1.179277, 當前值: 1.393182
2025-04-15 21:25:19,306 - src.training.trainer - INFO - 檢測到訓練停滯，嘗試重啟訓練...
2025-04-15 21:25:22,019 - src.training.callbacks - INFO - 模型檢查點已保存至 outputs\hybrid_model\HybridPINNLSTMModel_20250415_212135\checkpoints\HybridPINNLSTMModel_epoch_076.pt
2025-04-15 21:25:22,024 - src.training.trainer - INFO - 監控指標未改善，已連續 10 輪。最佳值: 1.179277, 當前值: 1.284439
2025-04-15 21:25:24,853 - src.training.trainer - INFO - 輪次 77/300 - 訓練損失: 0.824224 - 驗證損失: 1.390238 - rmse: 1288.119751 - r2: -2.005092 - mae: 1034.271729 - 學習率: 0.000250 - 時間: 2.83秒
2025-04-15 21:25:24,855 - src.training.trainer - INFO - 監控指標未改善，已連續 11 輪。最佳值: 1.179277, 當前值: 1.390238
2025-04-15 21:25:27,628 - src.training.trainer - INFO - 監控指標未改善，已連續 12 輪。最佳值: 1.179277, 當前值: 1.312794
2025-04-15 21:25:30,513 - src.training.trainer - INFO - 輪次 79/300 - 訓練損失: 0.817849 - 驗證損失: 1.196520 - rmse: 1266.489258 - r2: -1.905015 - mae: 1005.858887 - 學習率: 0.000240 - 時間: 2.89秒
2025-04-15 21:25:30,517 - src.training.trainer - INFO - 監控指標未改善，已連續 13 輪。最佳值: 1.179277, 當前值: 1.196520
2025-04-15 21:25:33,297 - src.training.trainer - INFO - 監控指標未改善，已連續 14 輪。最佳值: 1.179277, 當前值: 1.253777
2025-04-15 21:25:33,297 - src.training.trainer - INFO - 檢測到訓練停滯，嘗試重啟訓練...
2025-04-15 21:25:36,167 - src.training.trainer - INFO - 輪次 81/300 - 訓練損失: 0.803150 - 驗證損失: 1.377016 - rmse: 1292.487061 - r2: -2.025504 - mae: 1046.657349 - 學習率: 0.000229 - 時間: 2.87秒
2025-04-15 21:25:36,187 - src.training.callbacks - INFO - 模型檢查點已保存至 outputs\hybrid_model\HybridPINNLSTMModel_20250415_212135\checkpoints\HybridPINNLSTMModel_epoch_081.pt
2025-04-15 21:25:36,192 - src.training.trainer - INFO - 監控指標未改善，已連續 13 輪。最佳值: 1.179277, 當前值: 1.377016
2025-04-15 21:25:38,838 - src.training.trainer - INFO - 監控指標未改善，已連續 14 輪。最佳值: 1.179277, 當前值: 1.311991
2025-04-15 21:25:41,801 - src.training.trainer - INFO - 輪次 83/300 - 訓練損失: 0.752594 - 驗證損失: 1.335307 - rmse: 1283.838013 - r2: -1.985147 - mae: 1033.078613 - 學習率: 0.000219 - 時間: 2.96秒
2025-04-15 21:25:41,806 - src.training.trainer - INFO - 監控指標未改善，已連續 15 輪。最佳值: 1.179277, 當前值: 1.335307
2025-04-15 21:25:44,568 - src.training.trainer - INFO - 監控指標未改善，已連續 16 輪。最佳值: 1.179277, 當前值: 1.264512
2025-04-15 21:25:47,367 - src.training.trainer - INFO - 輪次 85/300 - 訓練損失: 0.798199 - 驗證損失: 1.311252 - rmse: 1284.878662 - r2: -1.989989 - mae: 1037.565552 - 學習率: 0.000209 - 時間: 2.80秒
2025-04-15 21:25:47,371 - src.training.trainer - INFO - 監控指標未改善，已連續 17 輪。最佳值: 1.179277, 當前值: 1.311252
2025-04-15 21:25:47,371 - src.training.trainer - INFO - 檢測到訓練停滯，嘗試重啟訓練...
2025-04-15 21:25:50,132 - src.training.callbacks - INFO - 模型檢查點已保存至 outputs\hybrid_model\HybridPINNLSTMModel_20250415_212135\checkpoints\HybridPINNLSTMModel_epoch_086.pt
2025-04-15 21:25:50,137 - src.training.trainer - INFO - 監控指標未改善，已連續 16 輪。最佳值: 1.179277, 當前值: 1.288562
2025-04-15 21:25:53,047 - src.training.trainer - INFO - 輪次 87/300 - 訓練損失: 0.783659 - 驗證損失: 1.261987 - rmse: 1275.698120 - r2: -1.947414 - mae: 1022.882385 - 學習率: 0.000199 - 時間: 2.91秒
2025-04-15 21:25:53,052 - src.training.trainer - INFO - 監控指標未改善，已連續 17 輪。最佳值: 1.179277, 當前值: 1.261987
2025-04-15 21:25:55,915 - src.training.trainer - INFO - 監控指標未改善，已連續 18 輪。最佳值: 1.179277, 當前值: 1.278892
2025-04-15 21:25:58,852 - src.training.trainer - INFO - 輪次 89/300 - 訓練損失: 0.777574 - 驗證損失: 1.337110 - rmse: 1289.478394 - r2: -2.011435 - mae: 1042.774780 - 學習率: 0.000189 - 時間: 2.94秒
2025-04-15 21:25:58,857 - src.training.trainer - INFO - 監控指標未改善，已連續 19 輪。最佳值: 1.179277, 當前值: 1.337110
2025-04-15 21:26:01,713 - src.training.trainer - INFO - 監控指標未改善，已連續 20 輪。最佳值: 1.179277, 當前值: 1.304598
2025-04-15 21:26:01,713 - src.training.trainer - INFO - 檢測到訓練停滯，嘗試重啟訓練...
2025-04-15 21:26:04,581 - src.training.trainer - INFO - 輪次 91/300 - 訓練損失: 0.752496 - 驗證損失: 1.335324 - rmse: 1286.787231 - r2: -1.998878 - mae: 1036.440063 - 學習率: 0.000179 - 時間: 2.87秒
2025-04-15 21:26:04,596 - src.training.callbacks - INFO - 模型檢查點已保存至 outputs\hybrid_model\HybridPINNLSTMModel_20250415_212135\checkpoints\HybridPINNLSTMModel_epoch_091.pt
2025-04-15 21:26:04,601 - src.training.trainer - INFO - 監控指標未改善，已連續 19 輪。最佳值: 1.179277, 當前值: 1.335324
2025-04-15 21:26:07,448 - src.training.trainer - INFO - 監控指標未改善，已連續 20 輪。最佳值: 1.179277, 當前值: 1.271820
2025-04-15 21:26:10,356 - src.training.trainer - INFO - 輪次 93/300 - 訓練損失: 0.780359 - 驗證損失: 1.238981 - rmse: 1272.452759 - r2: -1.932437 - mae: 1015.103821 - 學習率: 0.000170 - 時間: 2.91秒
2025-04-15 21:26:10,359 - src.training.trainer - INFO - 監控指標未改善，已連續 21 輪。最佳值: 1.179277, 當前值: 1.238981
2025-04-15 21:26:13,287 - src.training.trainer - INFO - 監控指標未改善，已連續 22 輪。最佳值: 1.179277, 當前值: 1.241927
2025-04-15 21:26:16,088 - src.training.trainer - INFO - 輪次 95/300 - 訓練損失: 0.786779 - 驗證損失: 1.240147 - rmse: 1273.885742 - r2: -1.939045 - mae: 1014.845642 - 學習率: 0.000160 - 時間: 2.80秒
2025-04-15 21:26:16,092 - src.training.trainer - INFO - 監控指標未改善，已連續 23 輪。最佳值: 1.179277, 當前值: 1.240147
2025-04-15 21:26:16,092 - src.training.trainer - INFO - 檢測到訓練停滯，嘗試重啟訓練...
2025-04-15 21:26:18,882 - src.training.callbacks - INFO - 模型檢查點已保存至 outputs\hybrid_model\HybridPINNLSTMModel_20250415_212135\checkpoints\HybridPINNLSTMModel_epoch_096.pt
2025-04-15 21:26:18,886 - src.training.trainer - INFO - 監控指標未改善，已連續 22 輪。最佳值: 1.179277, 當前值: 1.331582
2025-04-15 21:26:21,694 - src.training.trainer - INFO - 輪次 97/300 - 訓練損失: 0.784845 - 驗證損失: 1.353470 - rmse: 1280.852417 - r2: -1.971280 - mae: 1024.804810 - 學習率: 0.000151 - 時間: 2.81秒
2025-04-15 21:26:21,696 - src.training.trainer - INFO - 監控指標未改善，已連續 23 輪。最佳值: 1.179277, 當前值: 1.353470
2025-04-15 21:26:24,483 - src.training.trainer - INFO - 監控指標未改善，已連續 24 輪。最佳值: 1.179277, 當前值: 1.362670
2025-04-15 21:26:27,212 - src.training.trainer - INFO - 輪次 99/300 - 訓練損失: 0.762933 - 驗證損失: 1.252620 - rmse: 1275.730225 - r2: -1.947562 - mae: 1020.654724 - 學習率: 0.000141 - 時間: 2.73秒
2025-04-15 21:26:27,215 - src.training.trainer - INFO - 監控指標未改善，已連續 25 輪。最佳值: 1.179277, 當前值: 1.252620
2025-04-15 21:26:30,147 - src.training.trainer - INFO - 監控指標未改善，已連續 26 輪。最佳值: 1.179277, 當前值: 1.267333
2025-04-15 21:26:30,147 - src.training.trainer - INFO - 檢測到訓練停滯，嘗試重啟訓練...
2025-04-15 21:26:32,972 - src.training.trainer - INFO - 輪次 101/300 - 訓練損失: 0.744310 - 驗證損失: 1.323411 - rmse: 1281.043701 - r2: -1.972167 - mae: 1025.959595 - 學習率: 0.000132 - 時間: 2.83秒
2025-04-15 21:26:32,984 - src.training.callbacks - INFO - 模型檢查點已保存至 outputs\hybrid_model\HybridPINNLSTMModel_20250415_212135\checkpoints\HybridPINNLSTMModel_epoch_101.pt
2025-04-15 21:26:32,988 - src.training.trainer - INFO - 監控指標未改善，已連續 25 輪。最佳值: 1.179277, 當前值: 1.323411
2025-04-15 21:26:35,868 - src.training.trainer - INFO - 監控指標未改善，已連續 26 輪。最佳值: 1.179277, 當前值: 1.414648
2025-04-15 21:26:38,595 - src.training.trainer - INFO - 輪次 103/300 - 訓練損失: 0.758408 - 驗證損失: 1.201789 - rmse: 1265.576294 - r2: -1.900828 - mae: 1004.833496 - 學習率: 0.000124 - 時間: 2.73秒
2025-04-15 21:26:38,598 - src.training.trainer - INFO - 監控指標未改善，已連續 27 輪。最佳值: 1.179277, 當前值: 1.201789
2025-04-15 21:26:41,570 - src.training.trainer - INFO - 監控指標未改善，已連續 28 輪。最佳值: 1.179277, 當前值: 1.272503
2025-04-15 21:26:44,416 - src.training.trainer - INFO - 輪次 105/300 - 訓練損失: 0.757340 - 驗證損失: 1.303233 - rmse: 1279.663452 - r2: -1.965766 - mae: 1022.239807 - 學習率: 0.000115 - 時間: 2.85秒
2025-04-15 21:26:44,421 - src.training.trainer - INFO - 監控指標未改善，已連續 29 輪。最佳值: 1.179277, 當前值: 1.303233
2025-04-15 21:26:44,422 - src.training.trainer - INFO - 檢測到訓練停滯，嘗試重啟訓練...
2025-04-15 21:26:47,275 - src.training.callbacks - INFO - 模型檢查點已保存至 outputs\hybrid_model\HybridPINNLSTMModel_20250415_212135\checkpoints\HybridPINNLSTMModel_epoch_106.pt
2025-04-15 21:26:47,279 - src.training.trainer - INFO - 監控指標未改善，已連續 28 輪。最佳值: 1.179277, 當前值: 1.288760
2025-04-15 21:26:50,243 - src.training.trainer - INFO - 輪次 107/300 - 訓練損失: 0.748146 - 驗證損失: 1.344037 - rmse: 1284.490356 - r2: -1.988182 - mae: 1028.705933 - 學習率: 0.000107 - 時間: 2.96秒
2025-04-15 21:26:50,248 - src.training.trainer - INFO - 監控指標未改善，已連續 29 輪。最佳值: 1.179277, 當前值: 1.344037
2025-04-15 21:26:53,104 - src.training.trainer - INFO - 監控指標未改善，已連續 30 輪。最佳值: 1.179277, 當前值: 1.391181
2025-04-15 21:26:56,032 - src.training.trainer - INFO - 輪次 109/300 - 訓練損失: 0.747409 - 驗證損失: 1.340673 - rmse: 1285.630615 - r2: -1.993490 - mae: 1034.333374 - 學習率: 0.000099 - 時間: 2.93秒
2025-04-15 21:26:56,037 - src.training.trainer - INFO - 監控指標未改善，已連續 31 輪。最佳值: 1.179277, 當前值: 1.340673
2025-04-15 21:26:58,840 - src.training.trainer - INFO - 監控指標未改善，已連續 32 輪。最佳值: 1.179277, 當前值: 1.289234
2025-04-15 21:26:58,840 - src.training.trainer - INFO - 檢測到訓練停滯，嘗試重啟訓練...
2025-04-15 21:27:01,883 - src.training.trainer - INFO - 輪次 111/300 - 訓練損失: 0.726279 - 驗證損失: 1.267900 - rmse: 1278.966309 - r2: -1.962535 - mae: 1025.913696 - 學習率: 0.000091 - 時間: 3.04秒
2025-04-15 21:27:01,902 - src.training.callbacks - INFO - 模型檢查點已保存至 outputs\hybrid_model\HybridPINNLSTMModel_20250415_212135\checkpoints\HybridPINNLSTMModel_epoch_111.pt
2025-04-15 21:27:01,907 - src.training.trainer - INFO - 監控指標未改善，已連續 31 輪。最佳值: 1.179277, 當前值: 1.267900
2025-04-15 21:27:04,789 - src.training.trainer - INFO - 監控指標未改善，已連續 32 輪。最佳值: 1.179277, 當前值: 1.338180
2025-04-15 21:27:07,582 - src.training.trainer - INFO - 輪次 113/300 - 訓練損失: 0.736421 - 驗證損失: 1.356551 - rmse: 1287.643555 - r2: -2.002871 - mae: 1036.661011 - 學習率: 0.000084 - 時間: 2.79秒
2025-04-15 21:27:07,587 - src.training.trainer - INFO - 監控指標未改善，已連續 33 輪。最佳值: 1.179277, 當前值: 1.356551
2025-04-15 21:27:10,327 - src.training.trainer - INFO - 監控指標未改善，已連續 34 輪。最佳值: 1.179277, 當前值: 1.272287
2025-04-15 21:27:13,050 - src.training.trainer - INFO - 輪次 115/300 - 訓練損失: 0.744078 - 驗證損失: 1.296763 - rmse: 1283.363281 - r2: -1.982940 - mae: 1028.430298 - 學習率: 0.000076 - 時間: 2.72秒
2025-04-15 21:27:13,055 - src.training.trainer - INFO - 監控指標未改善，已連續 35 輪。最佳值: 1.179277, 當前值: 1.296763
2025-04-15 21:27:13,056 - src.training.trainer - INFO - 檢測到訓練停滯，嘗試重啟訓練...
2025-04-15 21:27:15,745 - src.training.callbacks - INFO - 模型檢查點已保存至 outputs\hybrid_model\HybridPINNLSTMModel_20250415_212135\checkpoints\HybridPINNLSTMModel_epoch_116.pt
2025-04-15 21:27:15,751 - src.training.trainer - INFO - 監控指標未改善，已連續 34 輪。最佳值: 1.179277, 當前值: 1.286375
2025-04-15 21:27:18,521 - src.training.trainer - INFO - 輪次 117/300 - 訓練損失: 0.727915 - 驗證損失: 1.230724 - rmse: 1275.435669 - r2: -1.946202 - mae: 1019.725525 - 學習率: 0.000070 - 時間: 2.77秒
2025-04-15 21:27:18,524 - src.training.trainer - INFO - 監控指標未改善，已連續 35 輪。最佳值: 1.179277, 當前值: 1.230724
2025-04-15 21:27:21,409 - src.training.trainer - INFO - 監控指標未改善，已連續 36 輪。最佳值: 1.179277, 當前值: 1.261130
2025-04-15 21:27:24,211 - src.training.trainer - INFO - 輪次 119/300 - 訓練損失: 0.740318 - 驗證損失: 1.258440 - rmse: 1278.215576 - r2: -1.959059 - mae: 1025.247437 - 學習率: 0.000063 - 時間: 2.80秒
2025-04-15 21:27:24,216 - src.training.trainer - INFO - 監控指標未改善，已連續 37 輪。最佳值: 1.179277, 當前值: 1.258440
2025-04-15 21:27:27,041 - src.training.trainer - INFO - 監控指標未改善，已連續 38 輪。最佳值: 1.179277, 當前值: 1.251236
2025-04-15 21:27:27,042 - src.training.trainer - INFO - 檢測到訓練停滯，嘗試重啟訓練...
2025-04-15 21:27:29,773 - src.training.trainer - INFO - 輪次 121/300 - 訓練損失: 0.735620 - 驗證損失: 1.295532 - rmse: 1282.248779 - r2: -1.977762 - mae: 1030.825684 - 學習率: 0.000057 - 時間: 2.73秒
2025-04-15 21:27:29,785 - src.training.callbacks - INFO - 模型檢查點已保存至 outputs\hybrid_model\HybridPINNLSTMModel_20250415_212135\checkpoints\HybridPINNLSTMModel_epoch_121.pt
2025-04-15 21:27:29,789 - src.training.trainer - INFO - 監控指標未改善，已連續 37 輪。最佳值: 1.179277, 當前值: 1.295532
2025-04-15 21:27:32,688 - src.training.trainer - INFO - 監控指標未改善，已連續 38 輪。最佳值: 1.179277, 當前值: 1.321156
2025-04-15 21:27:35,433 - src.training.trainer - INFO - 輪次 123/300 - 訓練損失: 0.750313 - 驗證損失: 1.315246 - rmse: 1285.162842 - r2: -1.991311 - mae: 1034.170776 - 學習率: 0.000051 - 時間: 2.75秒
2025-04-15 21:27:35,439 - src.training.trainer - INFO - 監控指標未改善，已連續 39 輪。最佳值: 1.179277, 當前值: 1.315246
2025-04-15 21:27:38,112 - src.training.trainer - INFO - 監控指標未改善，已連續 40 輪。最佳值: 1.179277, 當前值: 1.199071
2025-04-15 21:27:38,112 - src.training.trainer - INFO - 早停觸發！40 輪未改善
2025-04-15 21:27:38,112 - src.training.trainer - INFO - 早停觸發，在輪次 124 停止訓練
2025-04-15 21:27:38,113 - src.training.trainer - INFO - 訓練完成，總時間: 362.32秒
2025-04-15 21:27:38,127 - __main__ - INFO - 訓練完成，最終模型已保存至: outputs/hybrid_model\models\final_model.pt
2025-04-15 21:27:38,139 - __main__ - WARNING - 合併輸出 l2_penalty 時出錯: zero-dimensional arrays cannot be concatenated
2025-04-15 21:27:38,146 - src.utils.metrics - INFO - Model: HybridPINNLSTMModel
RMSE: 1927.4589
R2: -5.4836
MAE: 1784.5627
MAPE: 93.38%
Relative Error (Mean): 93.38%
Relative Error (Median): 93.89%
Relative Error (90th percentile): 94.97%
Log RMSE: 1.1924
2025-04-15 21:27:38,150 - __main__ - INFO - 評估指標已保存至: outputs/hybrid_model\evaluation\metrics.csv
2025-04-15 21:27:38,150 - __main__ - INFO - 生成視覺化結果...
2025-04-15 21:27:39,048 - src.utils.visualization - INFO - 圖像已保存至: outputs/hybrid_model\evaluation\visualizations\prediction_vs_true.png
2025-04-15 21:27:39,775 - src.utils.visualization - INFO - 圖像已保存至: outputs/hybrid_model\evaluation\visualizations\delta_w_prediction.png
2025-04-15 21:27:40,526 - src.utils.visualization - INFO - 圖像已保存至: outputs/hybrid_model\evaluation\visualizations\physical_constraint.png
2025-04-15 21:27:40,540 - __main__ - INFO - 評估完成，結果已保存至: outputs/hybrid_model\evaluation
2025-04-15 21:27:40,541 - __main__ - INFO - 任務完成
