2025-04-14 00:38:06,273 - __main__ - INFO - 成功載入配置文件: configs/model_config.yaml
2025-04-14 00:38:06,299 - __main__ - INFO - 成功載入配置文件: configs/train_config.yaml
2025-04-14 00:38:06,303 - __main__ - INFO - 已設定隨機種子: 42
2025-04-14 00:38:06,303 - __main__ - INFO - 使用計算設備: cpu
2025-04-14 00:38:06,304 - __main__ - INFO - 輸出目錄: outputs\hybrid_20250414_003806
2025-04-14 00:38:06,306 - __main__ - INFO - 載入資料: data/raw/Training_data_warpage_final_20250321_v1.2.csv
2025-04-14 00:38:06,310 - src.data.preprocess - INFO - 成功載入資料檔案: data/raw/Training_data_warpage_final_20250321_v1.2.csv，共 81 筆資料，18 個欄位
2025-04-14 00:38:06,315 - src.data.preprocess - INFO - 標準化完成，特徵數量: 5
2025-04-14 00:38:06,316 - src.data.preprocess - INFO - 時間序列資料準備完成，形狀: (81, 4, 2)
2025-04-14 00:38:06,317 - src.data.preprocess - INFO - 資料分割完成 - 訓練集: 56 樣本, 驗證集: 12 樣本, 測試集: 13 樣本
2025-04-14 00:38:06,318 - src.data.preprocess - INFO - 完整資料處理流程完成
2025-04-14 00:38:06,318 - __main__ - INFO - 資料分割完成, 訓練集: 56 樣本, 驗證集: 12 樣本, 測試集: 13 樣本
2025-04-14 00:38:06,318 - __main__ - INFO - 應用資料增強...
2025-04-14 00:38:06,318 - src.data.dataset - INFO - 進行資料增強，原始訓練集大小: 56 樣本
2025-04-14 00:38:06,520 - src.data.dataset - INFO - 資料增強完成，增強後的訓練集大小: 626 樣本
2025-04-14 00:38:06,520 - __main__ - INFO - 資料增強完成，增強後的訓練集大小: 626 樣本
2025-04-14 00:38:06,547 - __main__ - INFO - 創建混合PINN-LSTM模型，使用物理約束: True，融合方法: weighted
2025-04-14 00:38:06,549 - src.data.dataset - INFO - 已創建資料載入器 - 訓練: 626 樣本, 驗證: 12 樣本, 測試: 13 樣本, 批次大小: 8
2025-04-14 00:38:08,694 - src.training.trainer - INFO - 創建adamw優化器，學習率: 0.002，權重衰減: 0.0005
2025-04-14 00:38:08,695 - src.training.losses - INFO - 初始化HybridLoss: lambda_physics=0.1, lambda_consistency=0.1, a=55.83, b=-2.259, log_space=True, l1_reg=0.0, l2_reg=0.001, delta_w_weight=1.5
2025-04-14 00:38:08,695 - src.training.losses - INFO - 初始化AdaptiveHybridLoss: physics權重從0.1增加到1.0, consistency權重從0.1增加到0.5, delta_w權重從1.5增加到3.0, 在40個輪次內達到最大值, 預熱輪次: 5, 調整方案: linear
2025-04-14 00:38:08,696 - src.training.trainer - WARNING - 不支援的學習率調度器類型: one_cycle，不使用學習率調度
2025-04-14 00:38:08,698 - src.training.callbacks - INFO - 初始化ModelCheckpoint: 保存目錄=outputs\hybrid_20250414_003806\HybridPINNLSTMModel_20250414_003808\checkpoints, 保存頻率=5, 只保存最佳=False, 監控指標=val_loss, 模式=min
2025-04-14 00:38:08,699 - src.training.callbacks - INFO - 初始化LossHistory: 保存路徑=outputs\hybrid_20250414_003806\HybridPINNLSTMModel_20250414_003808\history.json, 保存頻率=1
2025-04-14 00:38:08,703 - src.training.trainer - INFO - 初始化訓練器完成，模型: HybridPINNLSTMModel, 優化器: AdamW, 設備: cpu
2025-04-14 00:38:08,703 - __main__ - INFO - 開始訓練，總輪數: 250
2025-04-14 00:38:08,703 - src.training.trainer - INFO - 開始訓練，總輪數: 250
2025-04-14 00:38:11,969 - src.training.trainer - INFO - 輪次 1/250 - 訓練損失: 55650002961754472.000000 - 驗證損失: 1048.969467 - rmse: 1382.543701 - r2: -2.461809 - mae: 1163.438232 - 學習率: 0.002000 - 時間: 3.26秒
2025-04-14 00:38:12,004 - src.training.callbacks - INFO - 模型檢查點已保存至 outputs\hybrid_20250414_003806\HybridPINNLSTMModel_20250414_003808\checkpoints\HybridPINNLSTMModel_epoch_001.pt
2025-04-14 00:38:12,018 - src.training.trainer - INFO - 監控指標改善，模型已保存至 outputs\hybrid_20250414_003806\models\best_model.pt
2025-04-14 00:38:15,269 - src.training.trainer - INFO - 監控指標改善，模型已保存至 outputs\hybrid_20250414_003806\models\best_model.pt
2025-04-14 00:38:18,258 - src.training.trainer - INFO - 輪次 3/250 - 訓練損失: 75111638252.194977 - 驗證損失: 36.239139 - rmse: 1380.782959 - r2: -2.452997 - mae: 1159.228394 - 學習率: 0.002000 - 時間: 2.99秒
2025-04-14 00:38:18,268 - src.training.trainer - INFO - 監控指標改善，模型已保存至 outputs\hybrid_20250414_003806\models\best_model.pt
2025-04-14 00:38:20,869 - src.training.trainer - INFO - 監控指標改善，模型已保存至 outputs\hybrid_20250414_003806\models\best_model.pt
2025-04-14 00:38:23,793 - src.training.trainer - INFO - 輪次 5/250 - 訓練損失: 7654198115.817991 - 驗證損失: 22.915364 - rmse: 1385.149658 - r2: -2.474871 - mae: 1166.963501 - 學習率: 0.002000 - 時間: 2.92秒
2025-04-14 00:38:23,803 - src.training.trainer - INFO - 監控指標改善，模型已保存至 outputs\hybrid_20250414_003806\models\best_model.pt
2025-04-14 00:38:26,650 - src.training.callbacks - INFO - 模型檢查點已保存至 outputs\hybrid_20250414_003806\HybridPINNLSTMModel_20250414_003808\checkpoints\HybridPINNLSTMModel_epoch_006.pt
2025-04-14 00:38:26,670 - src.training.trainer - INFO - 監控指標改善，模型已保存至 outputs\hybrid_20250414_003806\models\best_model.pt
2025-04-14 00:38:29,663 - src.training.trainer - INFO - 輪次 7/250 - 訓練損失: 1037560714.660785 - 驗證損失: 17.440882 - rmse: 1350.002441 - r2: -2.300764 - mae: 1123.200317 - 學習率: 0.002000 - 時間: 2.99秒
2025-04-14 00:38:29,674 - src.training.trainer - INFO - 監控指標改善，模型已保存至 outputs\hybrid_20250414_003806\models\best_model.pt
2025-04-14 00:38:32,553 - src.training.trainer - INFO - 監控指標改善，模型已保存至 outputs\hybrid_20250414_003806\models\best_model.pt
2025-04-14 00:38:35,807 - src.training.trainer - INFO - 輪次 9/250 - 訓練損失: 1223.777829 - 驗證損失: 14.258295 - rmse: 1351.588379 - r2: -2.308523 - mae: 1095.140869 - 學習率: 0.002000 - 時間: 3.25秒
2025-04-14 00:38:35,824 - src.training.trainer - INFO - 監控指標改善，模型已保存至 outputs\hybrid_20250414_003806\models\best_model.pt
2025-04-14 00:38:38,911 - src.training.trainer - INFO - 監控指標改善，模型已保存至 outputs\hybrid_20250414_003806\models\best_model.pt
2025-04-14 00:38:41,790 - src.training.trainer - INFO - 輪次 11/250 - 訓練損失: 21842.397647 - 驗證損失: 11.386220 - rmse: 1392.085571 - r2: -2.509758 - mae: 1127.331909 - 學習率: 0.002000 - 時間: 2.88秒
2025-04-14 00:38:41,822 - src.training.callbacks - INFO - 模型檢查點已保存至 outputs\hybrid_20250414_003806\HybridPINNLSTMModel_20250414_003808\checkpoints\HybridPINNLSTMModel_epoch_011.pt
2025-04-14 00:38:41,837 - src.training.trainer - INFO - 監控指標改善，模型已保存至 outputs\hybrid_20250414_003806\models\best_model.pt
2025-04-14 00:38:44,592 - src.training.trainer - INFO - 監控指標改善，模型已保存至 outputs\hybrid_20250414_003806\models\best_model.pt
2025-04-14 00:38:47,248 - src.training.trainer - INFO - 輪次 13/250 - 訓練損失: 1224.236331 - 驗證損失: 15.774669 - rmse: 1378.201172 - r2: -2.440096 - mae: 1163.022827 - 學習率: 0.002000 - 時間: 2.66秒
2025-04-14 00:38:47,258 - src.training.trainer - INFO - 監控指標改善，模型已保存至 outputs\hybrid_20250414_003806\models\best_model.pt
2025-04-14 00:38:50,085 - src.training.trainer - INFO - 監控指標改善，模型已保存至 outputs\hybrid_20250414_003806\models\best_model.pt
2025-04-14 00:38:52,724 - src.training.trainer - INFO - 輪次 15/250 - 訓練損失: 145.245094 - 驗證損失: 11.910912 - rmse: 1359.559082 - r2: -2.347661 - mae: 1120.096313 - 學習率: 0.002000 - 時間: 2.64秒
2025-04-14 00:38:52,739 - src.training.trainer - INFO - 監控指標改善，模型已保存至 outputs\hybrid_20250414_003806\models\best_model.pt
2025-04-14 00:38:55,623 - src.training.callbacks - INFO - 模型檢查點已保存至 outputs\hybrid_20250414_003806\HybridPINNLSTMModel_20250414_003808\checkpoints\HybridPINNLSTMModel_epoch_016.pt
2025-04-14 00:38:55,638 - src.training.trainer - INFO - 監控指標改善，模型已保存至 outputs\hybrid_20250414_003806\models\best_model.pt
2025-04-14 00:38:58,254 - src.training.trainer - INFO - 輪次 17/250 - 訓練損失: 9.507230 - 驗證損失: 12.464428 - rmse: 1364.047485 - r2: -2.369802 - mae: 1146.700928 - 學習率: 0.002000 - 時間: 2.62秒
2025-04-14 00:38:58,267 - src.training.trainer - INFO - 監控指標改善，模型已保存至 outputs\hybrid_20250414_003806\models\best_model.pt
2025-04-14 00:39:00,735 - src.training.trainer - INFO - 監控指標改善，模型已保存至 outputs\hybrid_20250414_003806\models\best_model.pt
2025-04-14 00:39:03,363 - src.training.trainer - INFO - 輪次 19/250 - 訓練損失: 6.674945 - 驗證損失: 13.632601 - rmse: 1368.213989 - r2: -2.390419 - mae: 1155.535278 - 學習率: 0.002000 - 時間: 2.63秒
2025-04-14 00:39:03,373 - src.training.trainer - INFO - 監控指標改善，模型已保存至 outputs\hybrid_20250414_003806\models\best_model.pt
2025-04-14 00:39:06,016 - src.training.trainer - INFO - 監控指標改善，模型已保存至 outputs\hybrid_20250414_003806\models\best_model.pt
2025-04-14 00:39:08,630 - src.training.trainer - INFO - 輪次 21/250 - 訓練損失: 7.537310 - 驗證損失: 10.888207 - rmse: 1350.597412 - r2: -2.303674 - mae: 1106.017700 - 學習率: 0.002000 - 時間: 2.61秒
2025-04-14 00:39:08,650 - src.training.callbacks - INFO - 模型檢查點已保存至 outputs\hybrid_20250414_003806\HybridPINNLSTMModel_20250414_003808\checkpoints\HybridPINNLSTMModel_epoch_021.pt
2025-04-14 00:39:08,659 - src.training.trainer - INFO - 監控指標改善，模型已保存至 outputs\hybrid_20250414_003806\models\best_model.pt
2025-04-14 00:39:11,158 - src.training.trainer - INFO - 監控指標改善，模型已保存至 outputs\hybrid_20250414_003806\models\best_model.pt
2025-04-14 00:39:13,766 - src.training.trainer - INFO - 輪次 23/250 - 訓練損失: 8.755311 - 驗證損失: 9.585266 - rmse: 1354.553711 - r2: -2.323057 - mae: 1126.114136 - 學習率: 0.002000 - 時間: 2.61秒
2025-04-14 00:39:13,779 - src.training.trainer - INFO - 監控指標改善，模型已保存至 outputs\hybrid_20250414_003806\models\best_model.pt
2025-04-14 00:39:16,256 - src.training.trainer - INFO - 監控指標改善，模型已保存至 outputs\hybrid_20250414_003806\models\best_model.pt
2025-04-14 00:39:18,795 - src.training.trainer - INFO - 輪次 25/250 - 訓練損失: 7.450520 - 驗證損失: 9.353226 - rmse: 1353.826050 - r2: -2.319488 - mae: 1118.307373 - 學習率: 0.002000 - 時間: 2.54秒
2025-04-14 00:39:18,804 - src.training.trainer - INFO - 監控指標改善，模型已保存至 outputs\hybrid_20250414_003806\models\best_model.pt
2025-04-14 00:39:21,437 - src.training.callbacks - INFO - 模型檢查點已保存至 outputs\hybrid_20250414_003806\HybridPINNLSTMModel_20250414_003808\checkpoints\HybridPINNLSTMModel_epoch_026.pt
2025-04-14 00:39:21,453 - src.training.trainer - INFO - 監控指標改善，模型已保存至 outputs\hybrid_20250414_003806\models\best_model.pt
2025-04-14 00:39:24,078 - src.training.trainer - INFO - 輪次 27/250 - 訓練損失: 5.995157 - 驗證損失: 8.092500 - rmse: 1342.277588 - r2: -2.263097 - mae: 1100.965820 - 學習率: 0.002000 - 時間: 2.62秒
2025-04-14 00:39:24,088 - src.training.trainer - INFO - 監控指標改善，模型已保存至 outputs\hybrid_20250414_003806\models\best_model.pt
2025-04-14 00:39:26,595 - src.training.trainer - INFO - 監控指標改善，模型已保存至 outputs\hybrid_20250414_003806\models\best_model.pt
2025-04-14 00:39:29,169 - src.training.trainer - INFO - 輪次 29/250 - 訓練損失: 7.500231 - 驗證損失: 9.918431 - rmse: 1353.263062 - r2: -2.316727 - mae: 1124.174316 - 學習率: 0.002000 - 時間: 2.57秒
2025-04-14 00:39:29,179 - src.training.trainer - INFO - 監控指標改善，模型已保存至 outputs\hybrid_20250414_003806\models\best_model.pt
2025-04-14 00:39:31,705 - src.training.trainer - INFO - 監控指標改善，模型已保存至 outputs\hybrid_20250414_003806\models\best_model.pt
2025-04-14 00:39:34,321 - src.training.trainer - INFO - 輪次 31/250 - 訓練損失: 52.195211 - 驗證損失: 8.772201 - rmse: 1341.373657 - r2: -2.258704 - mae: 1099.096558 - 學習率: 0.002000 - 時間: 2.62秒
2025-04-14 00:39:34,350 - src.training.callbacks - INFO - 模型檢查點已保存至 outputs\hybrid_20250414_003806\HybridPINNLSTMModel_20250414_003808\checkpoints\HybridPINNLSTMModel_epoch_031.pt
2025-04-14 00:39:34,364 - src.training.trainer - INFO - 監控指標改善，模型已保存至 outputs\hybrid_20250414_003806\models\best_model.pt
2025-04-14 00:39:36,915 - src.training.trainer - INFO - 監控指標改善，模型已保存至 outputs\hybrid_20250414_003806\models\best_model.pt
2025-04-14 00:39:39,484 - src.training.trainer - INFO - 輪次 33/250 - 訓練損失: 71854.783179 - 驗證損失: 10.104500 - rmse: 1356.878906 - r2: -2.334476 - mae: 1134.350708 - 學習率: 0.002000 - 時間: 2.57秒
2025-04-14 00:39:39,499 - src.training.trainer - INFO - 監控指標改善，模型已保存至 outputs\hybrid_20250414_003806\models\best_model.pt
2025-04-14 00:39:42,045 - src.training.trainer - INFO - 監控指標改善，模型已保存至 outputs\hybrid_20250414_003806\models\best_model.pt
2025-04-14 00:39:44,592 - src.training.trainer - INFO - 輪次 35/250 - 訓練損失: 5.553758 - 驗證損失: 8.166364 - rmse: 1348.799927 - r2: -2.294886 - mae: 1115.439819 - 學習率: 0.002000 - 時間: 2.55秒
2025-04-14 00:39:44,601 - src.training.trainer - INFO - 監控指標改善，模型已保存至 outputs\hybrid_20250414_003806\models\best_model.pt
2025-04-14 00:39:47,238 - src.training.callbacks - INFO - 模型檢查點已保存至 outputs\hybrid_20250414_003806\HybridPINNLSTMModel_20250414_003808\checkpoints\HybridPINNLSTMModel_epoch_036.pt
2025-04-14 00:39:47,250 - src.training.trainer - INFO - 監控指標改善，模型已保存至 outputs\hybrid_20250414_003806\models\best_model.pt
2025-04-14 00:39:49,755 - src.training.trainer - INFO - 輪次 37/250 - 訓練損失: 5.653319 - 驗證損失: 5.849698 - rmse: 1299.194702 - r2: -2.056989 - mae: 1026.539429 - 學習率: 0.002000 - 時間: 2.50秒
2025-04-14 00:39:49,764 - src.training.trainer - INFO - 監控指標改善，模型已保存至 outputs\hybrid_20250414_003806\models\best_model.pt
2025-04-14 00:39:52,336 - src.training.trainer - INFO - 監控指標改善，模型已保存至 outputs\hybrid_20250414_003806\models\best_model.pt
2025-04-14 00:39:54,934 - src.training.trainer - INFO - 輪次 39/250 - 訓練損失: 5.048882 - 驗證損失: 7.939851 - rmse: 1337.105469 - r2: -2.237999 - mae: 1107.948242 - 學習率: 0.002000 - 時間: 2.60秒
2025-04-14 00:39:54,949 - src.training.trainer - INFO - 監控指標改善，模型已保存至 outputs\hybrid_20250414_003806\models\best_model.pt
2025-04-14 00:39:57,581 - src.training.trainer - INFO - 監控指標改善，模型已保存至 outputs\hybrid_20250414_003806\models\best_model.pt
2025-04-14 00:40:00,118 - src.training.trainer - INFO - 輪次 41/250 - 訓練損失: 3.012487 - 驗證損失: 6.374007 - rmse: 1298.793945 - r2: -2.055103 - mae: 1045.424316 - 學習率: 0.002000 - 時間: 2.54秒
2025-04-14 00:40:00,146 - src.training.callbacks - INFO - 模型檢查點已保存至 outputs\hybrid_20250414_003806\HybridPINNLSTMModel_20250414_003808\checkpoints\HybridPINNLSTMModel_epoch_041.pt
2025-04-14 00:40:00,161 - src.training.trainer - INFO - 監控指標改善，模型已保存至 outputs\hybrid_20250414_003806\models\best_model.pt
2025-04-14 00:40:02,918 - src.training.trainer - INFO - 監控指標改善，模型已保存至 outputs\hybrid_20250414_003806\models\best_model.pt
2025-04-14 00:40:05,438 - src.training.trainer - INFO - 輪次 43/250 - 訓練損失: 3.138559 - 驗證損失: 7.140281 - rmse: 1338.204102 - r2: -2.243322 - mae: 1114.766113 - 學習率: 0.002000 - 時間: 2.52秒
2025-04-14 00:40:05,448 - src.training.trainer - INFO - 監控指標改善，模型已保存至 outputs\hybrid_20250414_003806\models\best_model.pt
2025-04-14 00:40:08,038 - src.training.trainer - INFO - 監控指標改善，模型已保存至 outputs\hybrid_20250414_003806\models\best_model.pt
2025-04-14 00:40:10,527 - src.training.trainer - INFO - 輪次 45/250 - 訓練損失: 3.110995 - 驗證損失: 6.865104 - rmse: 1328.431885 - r2: -2.196126 - mae: 1091.748291 - 學習率: 0.002000 - 時間: 2.49秒
2025-04-14 00:40:10,542 - src.training.trainer - INFO - 監控指標改善，模型已保存至 outputs\hybrid_20250414_003806\models\best_model.pt
2025-04-14 00:40:13,113 - src.training.callbacks - INFO - 模型檢查點已保存至 outputs\hybrid_20250414_003806\HybridPINNLSTMModel_20250414_003808\checkpoints\HybridPINNLSTMModel_epoch_046.pt
2025-04-14 00:40:13,129 - src.training.trainer - INFO - 監控指標改善，模型已保存至 outputs\hybrid_20250414_003806\models\best_model.pt
2025-04-14 00:40:15,759 - src.training.trainer - INFO - 輪次 47/250 - 訓練損失: 2.474174 - 驗證損失: 6.666171 - rmse: 1324.889160 - r2: -2.179102 - mae: 1093.783081 - 學習率: 0.002000 - 時間: 2.63秒
2025-04-14 00:40:15,773 - src.training.trainer - INFO - 監控指標改善，模型已保存至 outputs\hybrid_20250414_003806\models\best_model.pt
2025-04-14 00:40:18,356 - src.training.trainer - INFO - 監控指標改善，模型已保存至 outputs\hybrid_20250414_003806\models\best_model.pt
2025-04-14 00:40:20,851 - src.training.trainer - INFO - 輪次 49/250 - 訓練損失: 2.543120 - 驗證損失: 7.495489 - rmse: 1345.517212 - r2: -2.278868 - mae: 1116.875488 - 學習率: 0.002000 - 時間: 2.50秒
2025-04-14 00:40:20,865 - src.training.trainer - INFO - 監控指標改善，模型已保存至 outputs\hybrid_20250414_003806\models\best_model.pt
2025-04-14 00:40:23,461 - src.training.trainer - INFO - 監控指標改善，模型已保存至 outputs\hybrid_20250414_003806\models\best_model.pt
2025-04-14 00:40:26,053 - src.training.trainer - INFO - 輪次 51/250 - 訓練損失: 2.524198 - 驗證損失: 6.678773 - rmse: 1329.479370 - r2: -2.201169 - mae: 1094.198975 - 學習率: 0.002000 - 時間: 2.59秒
2025-04-14 00:40:26,081 - src.training.callbacks - INFO - 模型檢查點已保存至 outputs\hybrid_20250414_003806\HybridPINNLSTMModel_20250414_003808\checkpoints\HybridPINNLSTMModel_epoch_051.pt
2025-04-14 00:40:26,085 - src.training.trainer - INFO - min模式下監控指標改善
2025-04-14 00:40:26,092 - src.training.trainer - INFO - 監控指標改善，模型已保存至 outputs\hybrid_20250414_003806\models\best_model.pt
2025-04-14 00:40:28,737 - src.training.trainer - INFO - 監控指標未改善，已連續 1 輪。最佳值: 6.678773, 當前值: 7.039618
2025-04-14 00:40:31,209 - src.training.trainer - INFO - 輪次 53/250 - 訓練損失: 2.445168 - 驗證損失: 6.522612 - rmse: 1335.210205 - r2: -2.228826 - mae: 1111.349976 - 學習率: 0.002000 - 時間: 2.47秒
2025-04-14 00:40:31,213 - src.training.trainer - INFO - min模式下監控指標改善, 從 6.678773 改善到 6.522612
2025-04-14 00:40:31,220 - src.training.trainer - INFO - 監控指標改善，模型已保存至 outputs\hybrid_20250414_003806\models\best_model.pt
2025-04-14 00:40:33,932 - src.training.trainer - INFO - 監控指標未改善，已連續 1 輪。最佳值: 6.522612, 當前值: 7.135248
2025-04-14 00:40:36,444 - src.training.trainer - INFO - 輪次 55/250 - 訓練損失: 2.143160 - 驗證損失: 6.482985 - rmse: 1333.992920 - r2: -2.222941 - mae: 1100.405273 - 學習率: 0.002000 - 時間: 2.51秒
2025-04-14 00:40:36,448 - src.training.trainer - INFO - min模式下監控指標改善, 從 6.522612 改善到 6.482985
2025-04-14 00:40:36,456 - src.training.trainer - INFO - 監控指標改善，模型已保存至 outputs\hybrid_20250414_003806\models\best_model.pt
2025-04-14 00:40:39,168 - src.training.callbacks - INFO - 模型檢查點已保存至 outputs\hybrid_20250414_003806\HybridPINNLSTMModel_20250414_003808\checkpoints\HybridPINNLSTMModel_epoch_056.pt
2025-04-14 00:40:39,174 - src.training.trainer - INFO - min模式下監控指標改善, 從 6.482985 改善到 5.358820
2025-04-14 00:40:39,181 - src.training.trainer - INFO - 監控指標改善，模型已保存至 outputs\hybrid_20250414_003806\models\best_model.pt
2025-04-14 00:40:41,696 - src.training.trainer - INFO - 輪次 57/250 - 訓練損失: 2.046046 - 驗證損失: 7.040361 - rmse: 1334.267578 - r2: -2.224269 - mae: 1092.747437 - 學習率: 0.002000 - 時間: 2.51秒
2025-04-14 00:40:41,698 - src.training.trainer - INFO - 監控指標未改善，已連續 1 輪。最佳值: 5.358820, 當前值: 7.040361
2025-04-14 00:40:44,253 - src.training.trainer - INFO - min模式下監控指標改善, 從 5.358820 改善到 5.010501
2025-04-14 00:40:44,260 - src.training.trainer - INFO - 監控指標改善，模型已保存至 outputs\hybrid_20250414_003806\models\best_model.pt
2025-04-14 00:40:46,781 - src.training.trainer - INFO - 輪次 59/250 - 訓練損失: 1.909189 - 驗證損失: 6.447755 - rmse: 1335.595703 - r2: -2.230691 - mae: 1104.682495 - 學習率: 0.002000 - 時間: 2.52秒
2025-04-14 00:40:46,784 - src.training.trainer - INFO - 監控指標未改善，已連續 1 輪。最佳值: 5.010501, 當前值: 6.447755
2025-04-14 00:40:49,409 - src.training.trainer - INFO - 監控指標未改善，已連續 2 輪。最佳值: 5.010501, 當前值: 5.231243
2025-04-14 00:40:51,923 - src.training.trainer - INFO - 輪次 61/250 - 訓練損失: 1.869176 - 驗證損失: 6.495301 - rmse: 1332.138672 - r2: -2.213988 - mae: 1098.835815 - 學習率: 0.002000 - 時間: 2.51秒
2025-04-14 00:40:51,947 - src.training.callbacks - INFO - 模型檢查點已保存至 outputs\hybrid_20250414_003806\HybridPINNLSTMModel_20250414_003808\checkpoints\HybridPINNLSTMModel_epoch_061.pt
2025-04-14 00:40:51,951 - src.training.trainer - INFO - 監控指標未改善，已連續 3 輪。最佳值: 5.010501, 當前值: 6.495301
2025-04-14 00:40:54,555 - src.training.trainer - INFO - min模式下監控指標改善, 從 5.010501 改善到 4.910972
2025-04-14 00:40:54,563 - src.training.trainer - INFO - 監控指標改善，模型已保存至 outputs\hybrid_20250414_003806\models\best_model.pt
2025-04-14 00:40:57,076 - src.training.trainer - INFO - 輪次 63/250 - 訓練損失: 1.731081 - 驗證損失: 5.826606 - rmse: 1326.888672 - r2: -2.188705 - mae: 1098.151001 - 學習率: 0.002000 - 時間: 2.51秒
2025-04-14 00:40:57,079 - src.training.trainer - INFO - 監控指標未改善，已連續 1 輪。最佳值: 4.910972, 當前值: 5.826606
2025-04-14 00:40:59,644 - src.training.trainer - INFO - 監控指標未改善，已連續 2 輪。最佳值: 4.910972, 當前值: 5.904984
2025-04-14 00:41:02,206 - src.training.trainer - INFO - 輪次 65/250 - 訓練損失: 1.608393 - 驗證損失: 5.119024 - rmse: 1305.495728 - r2: -2.086713 - mae: 1039.884033 - 學習率: 0.002000 - 時間: 2.56秒
2025-04-14 00:41:02,209 - src.training.trainer - INFO - 監控指標未改善，已連續 3 輪。最佳值: 4.910972, 當前值: 5.119024
2025-04-14 00:41:04,752 - src.training.callbacks - INFO - 模型檢查點已保存至 outputs\hybrid_20250414_003806\HybridPINNLSTMModel_20250414_003808\checkpoints\HybridPINNLSTMModel_epoch_066.pt
2025-04-14 00:41:04,758 - src.training.trainer - INFO - 監控指標未改善，已連續 4 輪。最佳值: 4.910972, 當前值: 6.058651
2025-04-14 00:41:07,278 - src.training.trainer - INFO - 輪次 67/250 - 訓練損失: 1.557341 - 驗證損失: 5.936747 - rmse: 1327.350952 - r2: -2.190927 - mae: 1091.824829 - 學習率: 0.002000 - 時間: 2.52秒
2025-04-14 00:41:07,282 - src.training.trainer - INFO - 監控指標未改善，已連續 5 輪。最佳值: 4.910972, 當前值: 5.936747
2025-04-14 00:41:07,282 - src.training.trainer - INFO - 檢測到訓練停滯，嘗試重啟訓練...
2025-04-14 00:41:09,786 - src.training.trainer - INFO - 監控指標未改善，已連續 4 輪。最佳值: 4.910972, 當前值: 6.249077
2025-04-14 00:41:12,417 - src.training.trainer - INFO - 輪次 69/250 - 訓練損失: 1.467859 - 驗證損失: 5.747088 - rmse: 1318.895630 - r2: -2.150404 - mae: 1072.861938 - 學習率: 0.002000 - 時間: 2.63秒
2025-04-14 00:41:12,421 - src.training.trainer - INFO - 監控指標未改善，已連續 5 輪。最佳值: 4.910972, 當前值: 5.747088
2025-04-14 00:41:15,024 - src.training.trainer - INFO - 監控指標未改善，已連續 6 輪。最佳值: 4.910972, 當前值: 5.470548
2025-04-14 00:41:17,563 - src.training.trainer - INFO - 輪次 71/250 - 訓練損失: 1.608332 - 驗證損失: 4.892970 - rmse: 1313.550537 - r2: -2.124920 - mae: 1070.855103 - 學習率: 0.002000 - 時間: 2.54秒
2025-04-14 00:41:17,583 - src.training.callbacks - INFO - 模型檢查點已保存至 outputs\hybrid_20250414_003806\HybridPINNLSTMModel_20250414_003808\checkpoints\HybridPINNLSTMModel_epoch_071.pt
2025-04-14 00:41:17,588 - src.training.trainer - INFO - min模式下監控指標改善, 從 4.910972 改善到 4.892970
2025-04-14 00:41:17,596 - src.training.trainer - INFO - 監控指標改善，模型已保存至 outputs\hybrid_20250414_003806\models\best_model.pt
2025-04-14 00:41:20,072 - src.training.trainer - INFO - 監控指標未改善，已連續 1 輪。最佳值: 4.892970, 當前值: 5.409484
2025-04-14 00:41:22,556 - src.training.trainer - INFO - 輪次 73/250 - 訓練損失: 1.373491 - 驗證損失: 4.809011 - rmse: 1305.371948 - r2: -2.086128 - mae: 1065.297607 - 學習率: 0.002000 - 時間: 2.48秒
2025-04-14 00:41:22,560 - src.training.trainer - INFO - min模式下監控指標改善, 從 4.892970 改善到 4.809011
2025-04-14 00:41:22,573 - src.training.trainer - INFO - 監控指標改善，模型已保存至 outputs\hybrid_20250414_003806\models\best_model.pt
2025-04-14 00:41:25,209 - src.training.trainer - INFO - 監控指標未改善，已連續 1 輪。最佳值: 4.809011, 當前值: 5.696642
2025-04-14 00:41:27,780 - src.training.trainer - INFO - 輪次 75/250 - 訓練損失: 1.300668 - 驗證損失: 5.856521 - rmse: 1332.313599 - r2: -2.214832 - mae: 1092.396484 - 學習率: 0.002000 - 時間: 2.57秒
2025-04-14 00:41:27,783 - src.training.trainer - INFO - 監控指標未改善，已連續 2 輪。最佳值: 4.809011, 當前值: 5.856521
2025-04-14 00:41:30,418 - src.training.callbacks - INFO - 模型檢查點已保存至 outputs\hybrid_20250414_003806\HybridPINNLSTMModel_20250414_003808\checkpoints\HybridPINNLSTMModel_epoch_076.pt
2025-04-14 00:41:30,421 - src.training.trainer - INFO - 監控指標未改善，已連續 3 輪。最佳值: 4.809011, 當前值: 5.846266
2025-04-14 00:41:32,974 - src.training.trainer - INFO - 輪次 77/250 - 訓練損失: 1.347853 - 驗證損失: 4.950610 - rmse: 1312.419556 - r2: -2.119541 - mae: 1056.888062 - 學習率: 0.002000 - 時間: 2.55秒
2025-04-14 00:41:32,977 - src.training.trainer - INFO - 監控指標未改善，已連續 4 輪。最佳值: 4.809011, 當前值: 4.950610
2025-04-14 00:41:35,492 - src.training.trainer - INFO - min模式下監控指標改善, 從 4.809011 改善到 4.539685
2025-04-14 00:41:35,504 - src.training.trainer - INFO - 監控指標改善，模型已保存至 outputs\hybrid_20250414_003806\models\best_model.pt
2025-04-14 00:41:38,059 - src.training.trainer - INFO - 輪次 79/250 - 訓練損失: 1.188935 - 驗證損失: 5.588480 - rmse: 1325.738892 - r2: -2.183181 - mae: 1087.812744 - 學習率: 0.002000 - 時間: 2.55秒
2025-04-14 00:41:38,063 - src.training.trainer - INFO - 監控指標未改善，已連續 1 輪。最佳值: 4.539685, 當前值: 5.588480
2025-04-14 00:41:40,655 - src.training.trainer - INFO - min模式下監控指標改善, 從 4.539685 改善到 4.508165
2025-04-14 00:41:40,667 - src.training.trainer - INFO - 監控指標改善，模型已保存至 outputs\hybrid_20250414_003806\models\best_model.pt
2025-04-14 00:41:43,333 - src.training.trainer - INFO - 輪次 81/250 - 訓練損失: 1.177558 - 驗證損失: 8.248927 - rmse: 1361.085327 - r2: -2.355182 - mae: 1125.679810 - 學習率: 0.002000 - 時間: 2.66秒
2025-04-14 00:41:43,352 - src.training.callbacks - INFO - 模型檢查點已保存至 outputs\hybrid_20250414_003806\HybridPINNLSTMModel_20250414_003808\checkpoints\HybridPINNLSTMModel_epoch_081.pt
2025-04-14 00:41:43,355 - src.training.trainer - INFO - 監控指標未改善，已連續 1 輪。最佳值: 4.508165, 當前值: 8.248927
2025-04-14 00:41:45,929 - src.training.trainer - INFO - min模式下監控指標改善, 從 4.508165 改善到 4.476751
2025-04-14 00:41:45,940 - src.training.trainer - INFO - 監控指標改善，模型已保存至 outputs\hybrid_20250414_003806\models\best_model.pt
2025-04-14 00:41:48,527 - src.training.trainer - INFO - 輪次 83/250 - 訓練損失: 1.211528 - 驗證損失: 4.827555 - rmse: 1312.382690 - r2: -2.119366 - mae: 1071.141724 - 學習率: 0.002000 - 時間: 2.59秒
2025-04-14 00:41:48,532 - src.training.trainer - INFO - 監控指標未改善，已連續 1 輪。最佳值: 4.476751, 當前值: 4.827555
2025-04-14 00:41:51,087 - src.training.trainer - INFO - 監控指標未改善，已連續 2 輪。最佳值: 4.476751, 當前值: 4.513953
2025-04-14 00:41:53,714 - src.training.trainer - INFO - 輪次 85/250 - 訓練損失: 1.107192 - 驗證損失: 4.014871 - rmse: 1285.895508 - r2: -1.994723 - mae: 1037.216675 - 學習率: 0.002000 - 時間: 2.63秒
2025-04-14 00:41:53,718 - src.training.trainer - INFO - min模式下監控指標改善, 從 4.476751 改善到 4.014871
2025-04-14 00:41:53,728 - src.training.trainer - INFO - 監控指標改善，模型已保存至 outputs\hybrid_20250414_003806\models\best_model.pt
2025-04-14 00:41:56,382 - src.training.callbacks - INFO - 模型檢查點已保存至 outputs\hybrid_20250414_003806\HybridPINNLSTMModel_20250414_003808\checkpoints\HybridPINNLSTMModel_epoch_086.pt
2025-04-14 00:41:56,388 - src.training.trainer - INFO - 監控指標未改善，已連續 1 輪。最佳值: 4.014871, 當前值: 5.525785
2025-04-14 00:41:59,019 - src.training.trainer - INFO - 輪次 87/250 - 訓練損失: 1.074909 - 驗證損失: 5.214384 - rmse: 1320.908569 - r2: -2.160027 - mae: 1079.354370 - 學習率: 0.002000 - 時間: 2.63秒
2025-04-14 00:41:59,023 - src.training.trainer - INFO - 監控指標未改善，已連續 2 輪。最佳值: 4.014871, 當前值: 5.214384
2025-04-14 00:42:01,562 - src.training.trainer - INFO - 監控指標未改善，已連續 3 輪。最佳值: 4.014871, 當前值: 5.241478
2025-04-14 00:42:04,217 - src.training.trainer - INFO - 輪次 89/250 - 訓練損失: 1.099580 - 驗證損失: 4.510940 - rmse: 1306.545410 - r2: -2.091679 - mae: 1064.505737 - 學習率: 0.002000 - 時間: 2.65秒
2025-04-14 00:42:04,221 - src.training.trainer - INFO - 監控指標未改善，已連續 4 輪。最佳值: 4.014871, 當前值: 4.510940
2025-04-14 00:42:06,677 - src.training.trainer - INFO - 監控指標未改善，已連續 5 輪。最佳值: 4.014871, 當前值: 5.231734
2025-04-14 00:42:06,677 - src.training.trainer - INFO - 檢測到訓練停滯，嘗試重啟訓練...
2025-04-14 00:42:09,294 - src.training.trainer - INFO - 輪次 91/250 - 訓練損失: 0.998330 - 驗證損失: 3.714093 - rmse: 1283.233032 - r2: -1.982335 - mae: 1030.627563 - 學習率: 0.002000 - 時間: 2.62秒
2025-04-14 00:42:09,314 - src.training.callbacks - INFO - 模型檢查點已保存至 outputs\hybrid_20250414_003806\HybridPINNLSTMModel_20250414_003808\checkpoints\HybridPINNLSTMModel_epoch_091.pt
2025-04-14 00:42:09,319 - src.training.trainer - INFO - min模式下監控指標改善, 從 4.014871 改善到 3.714093
2025-04-14 00:42:09,329 - src.training.trainer - INFO - 監控指標改善，模型已保存至 outputs\hybrid_20250414_003806\models\best_model.pt
2025-04-14 00:42:11,914 - src.training.trainer - INFO - 監控指標未改善，已連續 1 輪。最佳值: 3.714093, 當前值: 4.602482
2025-04-14 00:42:14,481 - src.training.trainer - INFO - 輪次 93/250 - 訓練損失: 1.007628 - 驗證損失: 4.282097 - rmse: 1300.643921 - r2: -2.063812 - mae: 1058.546753 - 學習率: 0.002000 - 時間: 2.57秒
2025-04-14 00:42:14,485 - src.training.trainer - INFO - 監控指標未改善，已連續 2 輪。最佳值: 3.714093, 當前值: 4.282097
2025-04-14 00:42:17,095 - src.training.trainer - INFO - 監控指標未改善，已連續 3 輪。最佳值: 3.714093, 當前值: 4.408905
2025-04-14 00:42:19,792 - src.training.trainer - INFO - 輪次 95/250 - 訓練損失: 0.978967 - 驗證損失: 3.962082 - rmse: 1288.212524 - r2: -2.005525 - mae: 1039.024048 - 學習率: 0.002000 - 時間: 2.70秒
2025-04-14 00:42:19,797 - src.training.trainer - INFO - 監控指標未改善，已連續 4 輪。最佳值: 3.714093, 當前值: 3.962082
2025-04-14 00:42:22,405 - src.training.callbacks - INFO - 模型檢查點已保存至 outputs\hybrid_20250414_003806\HybridPINNLSTMModel_20250414_003808\checkpoints\HybridPINNLSTMModel_epoch_096.pt
2025-04-14 00:42:22,411 - src.training.trainer - INFO - 監控指標未改善，已連續 5 輪。最佳值: 3.714093, 當前值: 6.183654
2025-04-14 00:42:22,411 - src.training.trainer - INFO - 檢測到訓練停滯，嘗試重啟訓練...
2025-04-14 00:42:25,005 - src.training.trainer - INFO - 輪次 97/250 - 訓練損失: 1.019173 - 驗證損失: 4.319311 - rmse: 1307.133911 - r2: -2.094465 - mae: 1067.577515 - 學習率: 0.002000 - 時間: 2.59秒
2025-04-14 00:42:25,010 - src.training.trainer - INFO - 監控指標未改善，已連續 4 輪。最佳值: 3.714093, 當前值: 4.319311
2025-04-14 00:42:27,576 - src.training.trainer - INFO - 監控指標未改善，已連續 5 輪。最佳值: 3.714093, 當前值: 4.335440
2025-04-14 00:42:30,198 - src.training.trainer - INFO - 輪次 99/250 - 訓練損失: 0.938076 - 驗證損失: 4.561111 - rmse: 1310.535522 - r2: -2.110591 - mae: 1068.608765 - 學習率: 0.002000 - 時間: 2.62秒
2025-04-14 00:42:30,203 - src.training.trainer - INFO - 監控指標未改善，已連續 6 輪。最佳值: 3.714093, 當前值: 4.561111
2025-04-14 00:42:32,749 - src.training.trainer - INFO - 監控指標未改善，已連續 7 輪。最佳值: 3.714093, 當前值: 3.885139
2025-04-14 00:42:35,335 - src.training.trainer - INFO - 輪次 101/250 - 訓練損失: 0.891531 - 驗證損失: 4.885946 - rmse: 1316.248535 - r2: -2.137770 - mae: 1061.852173 - 學習率: 0.002000 - 時間: 2.58秒
2025-04-14 00:42:35,365 - src.training.callbacks - INFO - 模型檢查點已保存至 outputs\hybrid_20250414_003806\HybridPINNLSTMModel_20250414_003808\checkpoints\HybridPINNLSTMModel_epoch_101.pt
2025-04-14 00:42:35,370 - src.training.trainer - INFO - 監控指標未改善，已連續 8 輪。最佳值: 3.714093, 當前值: 4.885946
2025-04-14 00:42:35,370 - src.training.trainer - INFO - 檢測到訓練停滯，嘗試重啟訓練...
2025-04-14 00:42:38,014 - src.training.trainer - INFO - min模式下監控指標改善, 從 3.714093 改善到 3.432248
2025-04-14 00:42:38,025 - src.training.trainer - INFO - 監控指標改善，模型已保存至 outputs\hybrid_20250414_003806\models\best_model.pt
2025-04-14 00:42:40,664 - src.training.trainer - INFO - 輪次 103/250 - 訓練損失: 0.874965 - 驗證損失: 5.147749 - rmse: 1322.987427 - r2: -2.169982 - mae: 1082.965698 - 學習率: 0.002000 - 時間: 2.64秒
2025-04-14 00:42:40,669 - src.training.trainer - INFO - 監控指標未改善，已連續 1 輪。最佳值: 3.432248, 當前值: 5.147749
2025-04-14 00:42:43,244 - src.training.trainer - INFO - 監控指標未改善，已連續 2 輪。最佳值: 3.432248, 當前值: 4.204757
2025-04-14 00:42:45,822 - src.training.trainer - INFO - 輪次 105/250 - 訓練損失: 0.856784 - 驗證損失: 5.684086 - rmse: 1327.686523 - r2: -2.192540 - mae: 1079.893677 - 學習率: 0.002000 - 時間: 2.58秒
2025-04-14 00:42:45,825 - src.training.trainer - INFO - 監控指標未改善，已連續 3 輪。最佳值: 3.432248, 當前值: 5.684086
2025-04-14 00:42:48,488 - src.training.callbacks - INFO - 模型檢查點已保存至 outputs\hybrid_20250414_003806\HybridPINNLSTMModel_20250414_003808\checkpoints\HybridPINNLSTMModel_epoch_106.pt
2025-04-14 00:42:48,493 - src.training.trainer - INFO - 監控指標未改善，已連續 4 輪。最佳值: 3.432248, 當前值: 4.277237
2025-04-14 00:42:51,122 - src.training.trainer - INFO - 輪次 107/250 - 訓練損失: 0.900699 - 驗證損失: 4.172469 - rmse: 1304.918213 - r2: -2.083983 - mae: 1057.538452 - 學習率: 0.002000 - 時間: 2.63秒
2025-04-14 00:42:51,125 - src.training.trainer - INFO - 監控指標未改善，已連續 5 輪。最佳值: 3.432248, 當前值: 4.172469
2025-04-14 00:42:51,125 - src.training.trainer - INFO - 檢測到訓練停滯，嘗試重啟訓練...
2025-04-14 00:42:53,595 - src.training.trainer - INFO - 監控指標未改善，已連續 4 輪。最佳值: 3.432248, 當前值: 3.593609
2025-04-14 00:42:56,175 - src.training.trainer - INFO - 輪次 109/250 - 訓練損失: 0.770555 - 驗證損失: 4.091205 - rmse: 1291.010742 - r2: -2.018597 - mae: 1036.118164 - 學習率: 0.002000 - 時間: 2.58秒
2025-04-14 00:42:56,180 - src.training.trainer - INFO - 監控指標未改善，已連續 5 輪。最佳值: 3.432248, 當前值: 4.091205
2025-04-14 00:42:58,764 - src.training.trainer - INFO - min模式下監控指標改善, 從 3.432248 改善到 2.630773
2025-04-14 00:42:58,771 - src.training.trainer - INFO - 監控指標改善，模型已保存至 outputs\hybrid_20250414_003806\models\best_model.pt
2025-04-14 00:43:01,306 - src.training.trainer - INFO - 輪次 111/250 - 訓練損失: 0.790433 - 驗證損失: 4.054052 - rmse: 1300.813599 - r2: -2.064612 - mae: 1066.425659 - 學習率: 0.002000 - 時間: 2.54秒
2025-04-14 00:43:01,327 - src.training.callbacks - INFO - 模型檢查點已保存至 outputs\hybrid_20250414_003806\HybridPINNLSTMModel_20250414_003808\checkpoints\HybridPINNLSTMModel_epoch_111.pt
2025-04-14 00:43:01,332 - src.training.trainer - INFO - 監控指標未改善，已連續 1 輪。最佳值: 2.630773, 當前值: 4.054052
2025-04-14 00:43:03,952 - src.training.trainer - INFO - 監控指標未改善，已連續 2 輪。最佳值: 2.630773, 當前值: 5.568852
2025-04-14 00:43:06,525 - src.training.trainer - INFO - 輪次 113/250 - 訓練損失: 0.782622 - 驗證損失: 3.679566 - rmse: 1279.463379 - r2: -1.964839 - mae: 1027.789673 - 學習率: 0.002000 - 時間: 2.57秒
2025-04-14 00:43:06,528 - src.training.trainer - INFO - 監控指標未改善，已連續 3 輪。最佳值: 2.630773, 當前值: 3.679566
2025-04-14 00:43:09,133 - src.training.trainer - INFO - min模式下監控指標改善, 從 2.630773 改善到 2.357128
2025-04-14 00:43:09,142 - src.training.trainer - INFO - 監控指標改善，模型已保存至 outputs\hybrid_20250414_003806\models\best_model.pt
2025-04-14 00:43:11,633 - src.training.trainer - INFO - 輪次 115/250 - 訓練損失: 0.762678 - 驗證損失: 5.110121 - rmse: 1323.891602 - r2: -2.174317 - mae: 1079.857300 - 學習率: 0.002000 - 時間: 2.49秒
2025-04-14 00:43:11,636 - src.training.trainer - INFO - 監控指標未改善，已連續 1 輪。最佳值: 2.357128, 當前值: 5.110121
2025-04-14 00:43:14,328 - src.training.callbacks - INFO - 模型檢查點已保存至 outputs\hybrid_20250414_003806\HybridPINNLSTMModel_20250414_003808\checkpoints\HybridPINNLSTMModel_epoch_116.pt
2025-04-14 00:43:14,333 - src.training.trainer - INFO - 監控指標未改善，已連續 2 輪。最佳值: 2.357128, 當前值: 2.966839
2025-04-14 00:43:16,845 - src.training.trainer - INFO - 輪次 117/250 - 訓練損失: 0.768252 - 驗證損失: 2.710827 - rmse: 1233.279663 - r2: -1.754663 - mae: 954.150574 - 學習率: 0.002000 - 時間: 2.51秒
2025-04-14 00:43:16,850 - src.training.trainer - INFO - 監控指標未改善，已連續 3 輪。最佳值: 2.357128, 當前值: 2.710827
2025-04-14 00:43:19,563 - src.training.trainer - INFO - 監控指標未改善，已連續 4 輪。最佳值: 2.357128, 當前值: 4.977869
2025-04-14 00:43:22,134 - src.training.trainer - INFO - 輪次 119/250 - 訓練損失: 0.731731 - 驗證損失: 4.697513 - rmse: 1320.162720 - r2: -2.156460 - mae: 1086.805664 - 學習率: 0.002000 - 時間: 2.57秒
2025-04-14 00:43:22,139 - src.training.trainer - INFO - 監控指標未改善，已連續 5 輪。最佳值: 2.357128, 當前值: 4.697513
2025-04-14 00:43:22,140 - src.training.trainer - INFO - 檢測到訓練停滯，嘗試重啟訓練...
2025-04-14 00:43:24,773 - src.training.trainer - INFO - 監控指標未改善，已連續 4 輪。最佳值: 2.357128, 當前值: 4.568465
2025-04-14 00:43:27,322 - src.training.trainer - INFO - 輪次 121/250 - 訓練損失: 0.778560 - 驗證損失: 3.338142 - rmse: 1263.813110 - r2: -1.892751 - mae: 999.289490 - 學習率: 0.002000 - 時間: 2.55秒
2025-04-14 00:43:27,340 - src.training.callbacks - INFO - 模型檢查點已保存至 outputs\hybrid_20250414_003806\HybridPINNLSTMModel_20250414_003808\checkpoints\HybridPINNLSTMModel_epoch_121.pt
2025-04-14 00:43:27,344 - src.training.trainer - INFO - 監控指標未改善，已連續 5 輪。最佳值: 2.357128, 當前值: 3.338142
2025-04-14 00:43:29,953 - src.training.trainer - INFO - 監控指標未改善，已連續 6 輪。最佳值: 2.357128, 當前值: 3.552985
2025-04-14 00:43:32,494 - src.training.trainer - INFO - 輪次 123/250 - 訓練損失: 0.694766 - 驗證損失: 3.435086 - rmse: 1277.240112 - r2: -1.954544 - mae: 1023.643127 - 學習率: 0.002000 - 時間: 2.54秒
2025-04-14 00:43:32,499 - src.training.trainer - INFO - 監控指標未改善，已連續 7 輪。最佳值: 2.357128, 當前值: 3.435086
2025-04-14 00:43:35,157 - src.training.trainer - INFO - 監控指標未改善，已連續 8 輪。最佳值: 2.357128, 當前值: 4.542326
2025-04-14 00:43:35,157 - src.training.trainer - INFO - 檢測到訓練停滯，嘗試重啟訓練...
2025-04-14 00:43:37,805 - src.training.trainer - INFO - 輪次 125/250 - 訓練損失: 0.737375 - 驗證損失: 2.748682 - rmse: 1216.423584 - r2: -1.679878 - mae: 930.967224 - 學習率: 0.002000 - 時間: 2.65秒
2025-04-14 00:43:37,811 - src.training.trainer - INFO - 監控指標未改善，已連續 7 輪。最佳值: 2.357128, 當前值: 2.748682
2025-04-14 00:43:40,543 - src.training.callbacks - INFO - 模型檢查點已保存至 outputs\hybrid_20250414_003806\HybridPINNLSTMModel_20250414_003808\checkpoints\HybridPINNLSTMModel_epoch_126.pt
2025-04-14 00:43:40,550 - src.training.trainer - INFO - 監控指標未改善，已連續 8 輪。最佳值: 2.357128, 當前值: 5.028720
2025-04-14 00:43:43,164 - src.training.trainer - INFO - 輪次 127/250 - 訓練損失: 0.710294 - 驗證損失: 4.333561 - rmse: 1301.548828 - r2: -2.068077 - mae: 1048.047729 - 學習率: 0.002000 - 時間: 2.61秒
2025-04-14 00:43:43,169 - src.training.trainer - INFO - 監控指標未改善，已連續 9 輪。最佳值: 2.357128, 當前值: 4.333561
2025-04-14 00:43:45,797 - src.training.trainer - INFO - 監控指標未改善，已連續 10 輪。最佳值: 2.357128, 當前值: 4.105420
2025-04-14 00:43:48,445 - src.training.trainer - INFO - 輪次 129/250 - 訓練損失: 0.724345 - 驗證損失: 5.347018 - rmse: 1330.234009 - r2: -2.204803 - mae: 1091.797363 - 學習率: 0.002000 - 時間: 2.65秒
2025-04-14 00:43:48,451 - src.training.trainer - INFO - 監控指標未改善，已連續 11 輪。最佳值: 2.357128, 當前值: 5.347018
2025-04-14 00:43:48,451 - src.training.trainer - INFO - 檢測到訓練停滯，嘗試重啟訓練...
2025-04-14 00:43:51,132 - src.training.trainer - INFO - 監控指標未改善，已連續 10 輪。最佳值: 2.357128, 當前值: 3.398459
2025-04-14 00:43:53,599 - src.training.trainer - INFO - 輪次 131/250 - 訓練損失: 0.700646 - 驗證損失: 4.858727 - rmse: 1300.366455 - r2: -2.062505 - mae: 1024.998169 - 學習率: 0.002000 - 時間: 2.47秒
2025-04-14 00:43:53,626 - src.training.callbacks - INFO - 模型檢查點已保存至 outputs\hybrid_20250414_003806\HybridPINNLSTMModel_20250414_003808\checkpoints\HybridPINNLSTMModel_epoch_131.pt
2025-04-14 00:43:53,631 - src.training.trainer - INFO - 監控指標未改善，已連續 11 輪。最佳值: 2.357128, 當前值: 4.858727
2025-04-14 00:43:56,318 - src.training.trainer - INFO - 監控指標未改善，已連續 12 輪。最佳值: 2.357128, 當前值: 3.716080
2025-04-14 00:43:58,904 - src.training.trainer - INFO - 輪次 133/250 - 訓練損失: 0.721930 - 驗證損失: 5.361908 - rmse: 1327.669434 - r2: -2.192459 - mae: 1090.846680 - 學習率: 0.002000 - 時間: 2.59秒
2025-04-14 00:43:58,908 - src.training.trainer - INFO - 監控指標未改善，已連續 13 輪。最佳值: 2.357128, 當前值: 5.361908
2025-04-14 00:44:01,583 - src.training.trainer - INFO - 監控指標未改善，已連續 14 輪。最佳值: 2.357128, 當前值: 4.955475
2025-04-14 00:44:01,583 - src.training.trainer - INFO - 檢測到訓練停滯，嘗試重啟訓練...
2025-04-14 00:44:04,181 - src.training.trainer - INFO - 輪次 135/250 - 訓練損失: 0.677464 - 驗證損失: 4.087532 - rmse: 1301.809692 - r2: -2.069307 - mae: 1058.126343 - 學習率: 0.002000 - 時間: 2.60秒
2025-04-14 00:44:04,187 - src.training.trainer - INFO - 監控指標未改善，已連續 13 輪。最佳值: 2.357128, 當前值: 4.087532
2025-04-14 00:44:06,771 - src.training.callbacks - INFO - 模型檢查點已保存至 outputs\hybrid_20250414_003806\HybridPINNLSTMModel_20250414_003808\checkpoints\HybridPINNLSTMModel_epoch_136.pt
2025-04-14 00:44:06,777 - src.training.trainer - INFO - 監控指標未改善，已連續 14 輪。最佳值: 2.357128, 當前值: 3.865048
2025-04-14 00:44:09,366 - src.training.trainer - INFO - 輪次 137/250 - 訓練損失: 0.708933 - 驗證損失: 4.427608 - rmse: 1305.399170 - r2: -2.086257 - mae: 1056.852539 - 學習率: 0.002000 - 時間: 2.59秒
2025-04-14 00:44:09,372 - src.training.trainer - INFO - 監控指標未改善，已連續 15 輪。最佳值: 2.357128, 當前值: 4.427608
2025-04-14 00:44:11,999 - src.training.trainer - INFO - 監控指標未改善，已連續 16 輪。最佳值: 2.357128, 當前值: 5.345552
2025-04-14 00:44:14,561 - src.training.trainer - INFO - 輪次 139/250 - 訓練損失: 0.664275 - 驗證損失: 3.103072 - rmse: 1249.472656 - r2: -1.827475 - mae: 963.680481 - 學習率: 0.002000 - 時間: 2.56秒
2025-04-14 00:44:14,565 - src.training.trainer - INFO - 監控指標未改善，已連續 17 輪。最佳值: 2.357128, 當前值: 3.103072
2025-04-14 00:44:14,566 - src.training.trainer - INFO - 檢測到訓練停滯，嘗試重啟訓練...
2025-04-14 00:44:17,126 - src.training.trainer - INFO - 監控指標未改善，已連續 16 輪。最佳值: 2.357128, 當前值: 4.659010
2025-04-14 00:44:19,721 - src.training.trainer - INFO - 輪次 141/250 - 訓練損失: 0.717886 - 驗證損失: 4.839923 - rmse: 1319.501709 - r2: -2.153300 - mae: 1081.026245 - 學習率: 0.002000 - 時間: 2.59秒
2025-04-14 00:44:19,742 - src.training.callbacks - INFO - 模型檢查點已保存至 outputs\hybrid_20250414_003806\HybridPINNLSTMModel_20250414_003808\checkpoints\HybridPINNLSTMModel_epoch_141.pt
2025-04-14 00:44:19,749 - src.training.trainer - INFO - 監控指標未改善，已連續 17 輪。最佳值: 2.357128, 當前值: 4.839923
2025-04-14 00:44:22,345 - src.training.trainer - INFO - 監控指標未改善，已連續 18 輪。最佳值: 2.357128, 當前值: 4.849547
2025-04-14 00:44:24,946 - src.training.trainer - INFO - 輪次 143/250 - 訓練損失: 0.714421 - 驗證損失: 3.744362 - rmse: 1289.485962 - r2: -2.011470 - mae: 1040.479614 - 學習率: 0.002000 - 時間: 2.60秒
2025-04-14 00:44:24,952 - src.training.trainer - INFO - 監控指標未改善，已連續 19 輪。最佳值: 2.357128, 當前值: 3.744362
2025-04-14 00:44:27,599 - src.training.trainer - INFO - 監控指標未改善，已連續 20 輪。最佳值: 2.357128, 當前值: 5.291447
2025-04-14 00:44:27,599 - src.training.trainer - INFO - 檢測到訓練停滯，嘗試重啟訓練...
2025-04-14 00:44:30,217 - src.training.trainer - INFO - 輪次 145/250 - 訓練損失: 0.723719 - 驗證損失: 2.602250 - rmse: 1228.430420 - r2: -1.733043 - mae: 951.703796 - 學習率: 0.002000 - 時間: 2.62秒
2025-04-14 00:44:30,221 - src.training.trainer - INFO - 監控指標未改善，已連續 19 輪。最佳值: 2.357128, 當前值: 2.602250
2025-04-14 00:44:32,905 - src.training.callbacks - INFO - 模型檢查點已保存至 outputs\hybrid_20250414_003806\HybridPINNLSTMModel_20250414_003808\checkpoints\HybridPINNLSTMModel_epoch_146.pt
2025-04-14 00:44:32,910 - src.training.trainer - INFO - 監控指標未改善，已連續 20 輪。最佳值: 2.357128, 當前值: 3.154438
2025-04-14 00:44:35,476 - src.training.trainer - INFO - 輪次 147/250 - 訓練損失: 0.686516 - 驗證損失: 4.344278 - rmse: 1305.524902 - r2: -2.086851 - mae: 1056.866333 - 學習率: 0.002000 - 時間: 2.57秒
2025-04-14 00:44:35,480 - src.training.trainer - INFO - 監控指標未改善，已連續 21 輪。最佳值: 2.357128, 當前值: 4.344278
2025-04-14 00:44:38,126 - src.training.trainer - INFO - 監控指標未改善，已連續 22 輪。最佳值: 2.357128, 當前值: 4.228233
2025-04-14 00:44:40,802 - src.training.trainer - INFO - 輪次 149/250 - 訓練損失: 0.690244 - 驗證損失: 4.601969 - rmse: 1312.000000 - r2: -2.117547 - mae: 1069.552856 - 學習率: 0.002000 - 時間: 2.68秒
2025-04-14 00:44:40,806 - src.training.trainer - INFO - 監控指標未改善，已連續 23 輪。最佳值: 2.357128, 當前值: 4.601969
2025-04-14 00:44:40,806 - src.training.trainer - INFO - 檢測到訓練停滯，嘗試重啟訓練...
2025-04-14 00:44:43,493 - src.training.trainer - INFO - 監控指標未改善，已連續 22 輪。最佳值: 2.357128, 當前值: 4.344102
2025-04-14 00:44:46,167 - src.training.trainer - INFO - 輪次 151/250 - 訓練損失: 0.663597 - 驗證損失: 4.559847 - rmse: 1307.012451 - r2: -2.093889 - mae: 1059.364380 - 學習率: 0.002000 - 時間: 2.67秒
2025-04-14 00:44:46,190 - src.training.callbacks - INFO - 模型檢查點已保存至 outputs\hybrid_20250414_003806\HybridPINNLSTMModel_20250414_003808\checkpoints\HybridPINNLSTMModel_epoch_151.pt
2025-04-14 00:44:46,197 - src.training.trainer - INFO - 監控指標未改善，已連續 23 輪。最佳值: 2.357128, 當前值: 4.559847
2025-04-14 00:44:48,851 - src.training.trainer - INFO - 監控指標未改善，已連續 24 輪。最佳值: 2.357128, 當前值: 4.482998
2025-04-14 00:44:51,472 - src.training.trainer - INFO - 輪次 153/250 - 訓練損失: 0.696240 - 驗證損失: 4.094466 - rmse: 1289.873657 - r2: -2.013282 - mae: 1028.242188 - 學習率: 0.002000 - 時間: 2.62秒
2025-04-14 00:44:51,477 - src.training.trainer - INFO - 監控指標未改善，已連續 25 輪。最佳值: 2.357128, 當前值: 4.094466
2025-04-14 00:44:54,144 - src.training.trainer - INFO - 監控指標未改善，已連續 26 輪。最佳值: 2.357128, 當前值: 4.801239
2025-04-14 00:44:54,144 - src.training.trainer - INFO - 檢測到訓練停滯，嘗試重啟訓練...
2025-04-14 00:44:56,731 - src.training.trainer - INFO - 輪次 155/250 - 訓練損失: 0.671196 - 驗證損失: 2.189808 - rmse: 1202.800903 - r2: -1.620190 - mae: 919.700928 - 學習率: 0.002000 - 時間: 2.59秒
2025-04-14 00:44:56,735 - src.training.trainer - INFO - min模式下監控指標改善, 從 2.357128 改善到 2.189808
2025-04-14 00:44:56,743 - src.training.trainer - INFO - 監控指標改善，模型已保存至 outputs\hybrid_20250414_003806\models\best_model.pt
2025-04-14 00:44:59,429 - src.training.callbacks - INFO - 模型檢查點已保存至 outputs\hybrid_20250414_003806\HybridPINNLSTMModel_20250414_003808\checkpoints\HybridPINNLSTMModel_epoch_156.pt
2025-04-14 00:44:59,434 - src.training.trainer - INFO - 監控指標未改善，已連續 1 輪。最佳值: 2.189808, 當前值: 3.793426
2025-04-14 00:45:02,053 - src.training.trainer - INFO - 輪次 157/250 - 訓練損失: 0.651587 - 驗證損失: 4.467268 - rmse: 1312.299316 - r2: -2.118970 - mae: 1070.365967 - 學習率: 0.002000 - 時間: 2.62秒
2025-04-14 00:45:02,058 - src.training.trainer - INFO - 監控指標未改善，已連續 2 輪。最佳值: 2.189808, 當前值: 4.467268
2025-04-14 00:45:04,699 - src.training.trainer - INFO - 監控指標未改善，已連續 3 輪。最佳值: 2.189808, 當前值: 6.824022
2025-04-14 00:45:07,241 - src.training.trainer - INFO - 輪次 159/250 - 訓練損失: 0.643680 - 驗證損失: 4.096638 - rmse: 1296.723755 - r2: -2.045372 - mae: 1046.471069 - 學習率: 0.002000 - 時間: 2.54秒
2025-04-14 00:45:07,247 - src.training.trainer - INFO - 監控指標未改善，已連續 4 輪。最佳值: 2.189808, 當前值: 4.096638
2025-04-14 00:45:09,937 - src.training.trainer - INFO - 監控指標未改善，已連續 5 輪。最佳值: 2.189808, 當前值: 2.886202
2025-04-14 00:45:09,937 - src.training.trainer - INFO - 檢測到訓練停滯，嘗試重啟訓練...
2025-04-14 00:45:12,526 - src.training.trainer - INFO - 輪次 161/250 - 訓練損失: 0.682396 - 驗證損失: 3.971830 - rmse: 1268.601807 - r2: -1.914715 - mae: 966.513489 - 學習率: 0.002000 - 時間: 2.59秒
2025-04-14 00:45:12,546 - src.training.callbacks - INFO - 模型檢查點已保存至 outputs\hybrid_20250414_003806\HybridPINNLSTMModel_20250414_003808\checkpoints\HybridPINNLSTMModel_epoch_161.pt
2025-04-14 00:45:12,552 - src.training.trainer - INFO - 監控指標未改善，已連續 4 輪。最佳值: 2.189808, 當前值: 3.971830
2025-04-14 00:45:15,228 - src.training.trainer - INFO - 監控指標未改善，已連續 5 輪。最佳值: 2.189808, 當前值: 3.160351
2025-04-14 00:45:17,816 - src.training.trainer - INFO - 輪次 163/250 - 訓練損失: 0.699991 - 驗證損失: 4.535876 - rmse: 1306.275757 - r2: -2.090403 - mae: 1057.663086 - 學習率: 0.002000 - 時間: 2.59秒
2025-04-14 00:45:17,822 - src.training.trainer - INFO - 監控指標未改善，已連續 6 輪。最佳值: 2.189808, 當前值: 4.535876
2025-04-14 00:45:20,591 - src.training.trainer - INFO - 監控指標未改善，已連續 7 輪。最佳值: 2.189808, 當前值: 3.077319
2025-04-14 00:45:23,188 - src.training.trainer - INFO - 輪次 165/250 - 訓練損失: 0.679019 - 驗證損失: 4.072968 - rmse: 1280.368286 - r2: -1.969034 - mae: 1004.381042 - 學習率: 0.002000 - 時間: 2.60秒
2025-04-14 00:45:23,193 - src.training.trainer - INFO - 監控指標未改善，已連續 8 輪。最佳值: 2.189808, 當前值: 4.072968
2025-04-14 00:45:23,193 - src.training.trainer - INFO - 檢測到訓練停滯，嘗試重啟訓練...
2025-04-14 00:45:25,866 - src.training.callbacks - INFO - 模型檢查點已保存至 outputs\hybrid_20250414_003806\HybridPINNLSTMModel_20250414_003808\checkpoints\HybridPINNLSTMModel_epoch_166.pt
2025-04-14 00:45:25,872 - src.training.trainer - INFO - 監控指標未改善，已連續 7 輪。最佳值: 2.189808, 當前值: 3.719462
2025-04-14 00:45:28,505 - src.training.trainer - INFO - 輪次 167/250 - 訓練損失: 0.642282 - 驗證損失: 2.916369 - rmse: 1240.953491 - r2: -1.789050 - mae: 954.921082 - 學習率: 0.002000 - 時間: 2.63秒
2025-04-14 00:45:28,510 - src.training.trainer - INFO - 監控指標未改善，已連續 8 輪。最佳值: 2.189808, 當前值: 2.916369
2025-04-14 00:45:31,267 - src.training.trainer - INFO - 監控指標未改善，已連續 9 輪。最佳值: 2.189808, 當前值: 3.605571
2025-04-14 00:45:33,860 - src.training.trainer - INFO - 輪次 169/250 - 訓練損失: 0.674949 - 驗證損失: 4.678262 - rmse: 1309.320679 - r2: -2.104827 - mae: 1062.572388 - 學習率: 0.002000 - 時間: 2.59秒
2025-04-14 00:45:33,865 - src.training.trainer - INFO - 監控指標未改善，已連續 10 輪。最佳值: 2.189808, 當前值: 4.678262
2025-04-14 00:45:36,505 - src.training.trainer - INFO - 監控指標未改善，已連續 11 輪。最佳值: 2.189808, 當前值: 4.658847
2025-04-14 00:45:36,506 - src.training.trainer - INFO - 檢測到訓練停滯，嘗試重啟訓練...
2025-04-14 00:45:39,072 - src.training.trainer - INFO - 輪次 171/250 - 訓練損失: 0.665350 - 驗證損失: 3.257038 - rmse: 1274.629395 - r2: -1.942478 - mae: 1027.863892 - 學習率: 0.002000 - 時間: 2.57秒
2025-04-14 00:45:39,092 - src.training.callbacks - INFO - 模型檢查點已保存至 outputs\hybrid_20250414_003806\HybridPINNLSTMModel_20250414_003808\checkpoints\HybridPINNLSTMModel_epoch_171.pt
2025-04-14 00:45:39,096 - src.training.trainer - INFO - 監控指標未改善，已連續 10 輪。最佳值: 2.189808, 當前值: 3.257038
2025-04-14 00:45:41,799 - src.training.trainer - INFO - 監控指標未改善，已連續 11 輪。最佳值: 2.189808, 當前值: 4.196438
2025-04-14 00:45:44,430 - src.training.trainer - INFO - 輪次 173/250 - 訓練損失: 0.672545 - 驗證損失: 3.700734 - rmse: 1276.228638 - r2: -1.949866 - mae: 1011.308411 - 學習率: 0.002000 - 時間: 2.63秒
2025-04-14 00:45:44,434 - src.training.trainer - INFO - 監控指標未改善，已連續 12 輪。最佳值: 2.189808, 當前值: 3.700734
2025-04-14 00:45:47,133 - src.training.trainer - INFO - 監控指標未改善，已連續 13 輪。最佳值: 2.189808, 當前值: 4.008548
2025-04-14 00:45:49,725 - src.training.trainer - INFO - 輪次 175/250 - 訓練損失: 0.677113 - 驗證損失: 4.462289 - rmse: 1310.752441 - r2: -2.111621 - mae: 1069.063843 - 學習率: 0.002000 - 時間: 2.59秒
2025-04-14 00:45:49,729 - src.training.trainer - INFO - 監控指標未改善，已連續 14 輪。最佳值: 2.189808, 當前值: 4.462289
2025-04-14 00:45:49,729 - src.training.trainer - INFO - 檢測到訓練停滯，嘗試重啟訓練...
2025-04-14 00:45:52,461 - src.training.callbacks - INFO - 模型檢查點已保存至 outputs\hybrid_20250414_003806\HybridPINNLSTMModel_20250414_003808\checkpoints\HybridPINNLSTMModel_epoch_176.pt
2025-04-14 00:45:52,467 - src.training.trainer - INFO - 監控指標未改善，已連續 13 輪。最佳值: 2.189808, 當前值: 4.684657
2025-04-14 00:45:55,129 - src.training.trainer - INFO - 輪次 177/250 - 訓練損失: 0.617961 - 驗證損失: 6.227755 - rmse: 1344.164551 - r2: -2.272278 - mae: 1112.901611 - 學習率: 0.002000 - 時間: 2.66秒
2025-04-14 00:45:55,136 - src.training.trainer - INFO - 監控指標未改善，已連續 14 輪。最佳值: 2.189808, 當前值: 6.227755
2025-04-14 00:45:57,843 - src.training.trainer - INFO - 監控指標未改善，已連續 15 輪。最佳值: 2.189808, 當前值: 3.724027
2025-04-14 00:46:00,433 - src.training.trainer - INFO - 輪次 179/250 - 訓練損失: 0.627750 - 驗證損失: 3.529207 - rmse: 1283.818970 - r2: -1.985059 - mae: 1029.048950 - 學習率: 0.002000 - 時間: 2.59秒
2025-04-14 00:46:00,439 - src.training.trainer - INFO - 監控指標未改善，已連續 16 輪。最佳值: 2.189808, 當前值: 3.529207
2025-04-14 00:46:03,156 - src.training.trainer - INFO - 監控指標未改善，已連續 17 輪。最佳值: 2.189808, 當前值: 4.746945
2025-04-14 00:46:03,157 - src.training.trainer - INFO - 檢測到訓練停滯，嘗試重啟訓練...
2025-04-14 00:46:05,647 - src.training.trainer - INFO - 輪次 181/250 - 訓練損失: 0.671940 - 驗證損失: 3.646618 - rmse: 1272.867188 - r2: -1.934348 - mae: 1000.058350 - 學習率: 0.002000 - 時間: 2.49秒
2025-04-14 00:46:05,671 - src.training.callbacks - INFO - 模型檢查點已保存至 outputs\hybrid_20250414_003806\HybridPINNLSTMModel_20250414_003808\checkpoints\HybridPINNLSTMModel_epoch_181.pt
2025-04-14 00:46:05,677 - src.training.trainer - INFO - 監控指標未改善，已連續 16 輪。最佳值: 2.189808, 當前值: 3.646618
2025-04-14 00:46:08,354 - src.training.trainer - INFO - 監控指標未改善，已連續 17 輪。最佳值: 2.189808, 當前值: 4.132766
2025-04-14 00:46:10,987 - src.training.trainer - INFO - 輪次 183/250 - 訓練損失: 0.608338 - 驗證損失: 4.049658 - rmse: 1293.531128 - r2: -2.030394 - mae: 1034.627563 - 學習率: 0.002000 - 時間: 2.63秒
2025-04-14 00:46:10,994 - src.training.trainer - INFO - 監控指標未改善，已連續 18 輪。最佳值: 2.189808, 當前值: 4.049658
2025-04-14 00:46:13,732 - src.training.trainer - INFO - 監控指標未改善，已連續 19 輪。最佳值: 2.189808, 當前值: 5.186642
2025-04-14 00:46:16,358 - src.training.trainer - INFO - 輪次 185/250 - 訓練損失: 0.655238 - 驗證損失: 2.416412 - rmse: 1229.314331 - r2: -1.736978 - mae: 945.627625 - 學習率: 0.002000 - 時間: 2.63秒
2025-04-14 00:46:16,365 - src.training.trainer - INFO - 監控指標未改善，已連續 20 輪。最佳值: 2.189808, 當前值: 2.416412
2025-04-14 00:46:16,365 - src.training.trainer - INFO - 檢測到訓練停滯，嘗試重啟訓練...
2025-04-14 00:46:19,147 - src.training.callbacks - INFO - 模型檢查點已保存至 outputs\hybrid_20250414_003806\HybridPINNLSTMModel_20250414_003808\checkpoints\HybridPINNLSTMModel_epoch_186.pt
2025-04-14 00:46:19,155 - src.training.trainer - INFO - 監控指標未改善，已連續 19 輪。最佳值: 2.189808, 當前值: 5.679108
2025-04-14 00:46:21,911 - src.training.trainer - INFO - 輪次 187/250 - 訓練損失: 0.662398 - 驗證損失: 3.507488 - rmse: 1265.191406 - r2: -1.899064 - mae: 990.580078 - 學習率: 0.002000 - 時間: 2.76秒
2025-04-14 00:46:21,918 - src.training.trainer - INFO - 監控指標未改善，已連續 20 輪。最佳值: 2.189808, 當前值: 3.507488
2025-04-14 00:46:24,648 - src.training.trainer - INFO - 監控指標未改善，已連續 21 輪。最佳值: 2.189808, 當前值: 4.347087
2025-04-14 00:46:27,263 - src.training.trainer - INFO - 輪次 189/250 - 訓練損失: 0.635463 - 驗證損失: 5.206939 - rmse: 1320.354370 - r2: -2.157377 - mae: 1075.656616 - 學習率: 0.002000 - 時間: 2.62秒
2025-04-14 00:46:27,271 - src.training.trainer - INFO - 監控指標未改善，已連續 22 輪。最佳值: 2.189808, 當前值: 5.206939
2025-04-14 00:46:29,984 - src.training.trainer - INFO - 監控指標未改善，已連續 23 輪。最佳值: 2.189808, 當前值: 4.025792
2025-04-14 00:46:29,984 - src.training.trainer - INFO - 檢測到訓練停滯，嘗試重啟訓練...
2025-04-14 00:46:32,638 - src.training.trainer - INFO - 輪次 191/250 - 訓練損失: 0.642687 - 驗證損失: 4.149988 - rmse: 1295.753540 - r2: -2.040816 - mae: 1034.653809 - 學習率: 0.002000 - 時間: 2.65秒
2025-04-14 00:46:32,664 - src.training.callbacks - INFO - 模型檢查點已保存至 outputs\hybrid_20250414_003806\HybridPINNLSTMModel_20250414_003808\checkpoints\HybridPINNLSTMModel_epoch_191.pt
2025-04-14 00:46:32,670 - src.training.trainer - INFO - 監控指標未改善，已連續 22 輪。最佳值: 2.189808, 當前值: 4.149988
2025-04-14 00:46:35,339 - src.training.trainer - INFO - 監控指標未改善，已連續 23 輪。最佳值: 2.189808, 當前值: 5.098305
2025-04-14 00:46:38,013 - src.training.trainer - INFO - 輪次 193/250 - 訓練損失: 0.627103 - 驗證損失: 4.804845 - rmse: 1319.173950 - r2: -2.151733 - mae: 1079.738647 - 學習率: 0.002000 - 時間: 2.67秒
2025-04-14 00:46:38,021 - src.training.trainer - INFO - 監控指標未改善，已連續 24 輪。最佳值: 2.189808, 當前值: 4.804845
2025-04-14 00:46:40,719 - src.training.trainer - INFO - 監控指標未改善，已連續 25 輪。最佳值: 2.189808, 當前值: 4.160017
2025-04-14 00:46:43,434 - src.training.trainer - INFO - 輪次 195/250 - 訓練損失: 0.602505 - 驗證損失: 5.399521 - rmse: 1325.170166 - r2: -2.180450 - mae: 1085.193970 - 學習率: 0.002000 - 時間: 2.72秒
2025-04-14 00:46:43,438 - src.training.trainer - INFO - 監控指標未改善，已連續 26 輪。最佳值: 2.189808, 當前值: 5.399521
2025-04-14 00:46:43,439 - src.training.trainer - INFO - 檢測到訓練停滯，嘗試重啟訓練...
2025-04-14 00:46:46,112 - src.training.callbacks - INFO - 模型檢查點已保存至 outputs\hybrid_20250414_003806\HybridPINNLSTMModel_20250414_003808\checkpoints\HybridPINNLSTMModel_epoch_196.pt
2025-04-14 00:46:46,119 - src.training.trainer - INFO - 監控指標未改善，已連續 25 輪。最佳值: 2.189808, 當前值: 4.413149
2025-04-14 00:46:48,767 - src.training.trainer - INFO - 輪次 197/250 - 訓練損失: 0.593108 - 驗證損失: 4.414300 - rmse: 1302.850586 - r2: -2.074217 - mae: 1050.545166 - 學習率: 0.002000 - 時間: 2.65秒
2025-04-14 00:46:48,773 - src.training.trainer - INFO - 監控指標未改善，已連續 26 輪。最佳值: 2.189808, 當前值: 4.414300
2025-04-14 00:46:51,540 - src.training.trainer - INFO - 監控指標未改善，已連續 27 輪。最佳值: 2.189808, 當前值: 4.210211
2025-04-14 00:46:54,167 - src.training.trainer - INFO - 輪次 199/250 - 訓練損失: 0.646299 - 驗證損失: 4.058721 - rmse: 1293.279419 - r2: -2.029215 - mae: 1041.005249 - 學習率: 0.002000 - 時間: 2.63秒
2025-04-14 00:46:54,174 - src.training.trainer - INFO - 監控指標未改善，已連續 28 輪。最佳值: 2.189808, 當前值: 4.058721
2025-04-14 00:46:56,914 - src.training.trainer - INFO - 監控指標未改善，已連續 29 輪。最佳值: 2.189808, 當前值: 2.747705
2025-04-14 00:46:56,914 - src.training.trainer - INFO - 檢測到訓練停滯，嘗試重啟訓練...
2025-04-14 00:46:59,525 - src.training.trainer - INFO - 輪次 201/250 - 訓練損失: 0.609159 - 驗證損失: 4.877916 - rmse: 1308.981445 - r2: -2.103219 - mae: 1058.735474 - 學習率: 0.002000 - 時間: 2.61秒
2025-04-14 00:46:59,554 - src.training.callbacks - INFO - 模型檢查點已保存至 outputs\hybrid_20250414_003806\HybridPINNLSTMModel_20250414_003808\checkpoints\HybridPINNLSTMModel_epoch_201.pt
2025-04-14 00:46:59,562 - src.training.trainer - INFO - 監控指標未改善，已連續 28 輪。最佳值: 2.189808, 當前值: 4.877916
2025-04-14 00:47:02,375 - src.training.trainer - INFO - 監控指標未改善，已連續 29 輪。最佳值: 2.189808, 當前值: 3.557896
2025-04-14 00:47:04,967 - src.training.trainer - INFO - 輪次 203/250 - 訓練損失: 0.604355 - 驗證損失: 2.986096 - rmse: 1249.610962 - r2: -1.828102 - mae: 971.225586 - 學習率: 0.002000 - 時間: 2.59秒
2025-04-14 00:47:04,971 - src.training.trainer - INFO - 監控指標未改善，已連續 30 輪。最佳值: 2.189808, 當前值: 2.986096
2025-04-14 00:47:07,634 - src.training.trainer - INFO - 監控指標未改善，已連續 31 輪。最佳值: 2.189808, 當前值: 4.772213
2025-04-14 00:47:10,208 - src.training.trainer - INFO - 輪次 205/250 - 訓練損失: 0.610366 - 驗證損失: 2.999452 - rmse: 1258.765869 - r2: -1.869692 - mae: 1000.549805 - 學習率: 0.002000 - 時間: 2.57秒
2025-04-14 00:47:10,213 - src.training.trainer - INFO - 監控指標未改善，已連續 32 輪。最佳值: 2.189808, 當前值: 2.999452
2025-04-14 00:47:10,214 - src.training.trainer - INFO - 檢測到訓練停滯，嘗試重啟訓練...
2025-04-14 00:47:13,009 - src.training.callbacks - INFO - 模型檢查點已保存至 outputs\hybrid_20250414_003806\HybridPINNLSTMModel_20250414_003808\checkpoints\HybridPINNLSTMModel_epoch_206.pt
2025-04-14 00:47:13,016 - src.training.trainer - INFO - 監控指標未改善，已連續 31 輪。最佳值: 2.189808, 當前值: 4.531913
2025-04-14 00:47:15,604 - src.training.trainer - INFO - 輪次 207/250 - 訓練損失: 0.606796 - 驗證損失: 4.839380 - rmse: 1312.331177 - r2: -2.119121 - mae: 1063.954834 - 學習率: 0.002000 - 時間: 2.59秒
2025-04-14 00:47:15,609 - src.training.trainer - INFO - 監控指標未改善，已連續 32 輪。最佳值: 2.189808, 當前值: 4.839380
2025-04-14 00:47:18,345 - src.training.trainer - INFO - min模式下監控指標改善, 從 2.189808 改善到 1.959682
2025-04-14 00:47:18,356 - src.training.trainer - INFO - 監控指標改善，模型已保存至 outputs\hybrid_20250414_003806\models\best_model.pt
2025-04-14 00:47:20,995 - src.training.trainer - INFO - 輪次 209/250 - 訓練損失: 0.647849 - 驗證損失: 4.203655 - rmse: 1280.926636 - r2: -1.971624 - mae: 1009.132324 - 學習率: 0.002000 - 時間: 2.64秒
2025-04-14 00:47:21,002 - src.training.trainer - INFO - 監控指標未改善，已連續 1 輪。最佳值: 1.959682, 當前值: 4.203655
2025-04-14 00:47:23,737 - src.training.trainer - INFO - 監控指標未改善，已連續 2 輪。最佳值: 1.959682, 當前值: 4.991306
2025-04-14 00:47:26,367 - src.training.trainer - INFO - 輪次 211/250 - 訓練損失: 0.646155 - 驗證損失: 3.889076 - rmse: 1293.503174 - r2: -2.030263 - mae: 1044.256104 - 學習率: 0.002000 - 時間: 2.63秒
2025-04-14 00:47:26,387 - src.training.callbacks - INFO - 模型檢查點已保存至 outputs\hybrid_20250414_003806\HybridPINNLSTMModel_20250414_003808\checkpoints\HybridPINNLSTMModel_epoch_211.pt
2025-04-14 00:47:26,399 - src.training.trainer - INFO - 監控指標未改善，已連續 3 輪。最佳值: 1.959682, 當前值: 3.889076
2025-04-14 00:47:29,151 - src.training.trainer - INFO - 監控指標未改善，已連續 4 輪。最佳值: 1.959682, 當前值: 4.391823
2025-04-14 00:47:31,806 - src.training.trainer - INFO - 輪次 213/250 - 訓練損失: 0.634370 - 驗證損失: 3.972830 - rmse: 1291.921387 - r2: -2.022856 - mae: 1038.048828 - 學習率: 0.002000 - 時間: 2.66秒
2025-04-14 00:47:31,811 - src.training.trainer - INFO - 監控指標未改善，已連續 5 輪。最佳值: 1.959682, 當前值: 3.972830
2025-04-14 00:47:31,812 - src.training.trainer - INFO - 檢測到訓練停滯，嘗試重啟訓練...
2025-04-14 00:47:34,560 - src.training.trainer - INFO - 監控指標未改善，已連續 4 輪。最佳值: 1.959682, 當前值: 4.192439
2025-04-14 00:47:37,329 - src.training.trainer - INFO - 輪次 215/250 - 訓練損失: 0.611072 - 驗證損失: 4.287541 - rmse: 1299.760742 - r2: -2.059653 - mae: 1049.946045 - 學習率: 0.002000 - 時間: 2.77秒
2025-04-14 00:47:37,336 - src.training.trainer - INFO - 監控指標未改善，已連續 5 輪。最佳值: 1.959682, 當前值: 4.287541
2025-04-14 00:47:41,367 - src.training.callbacks - INFO - 模型檢查點已保存至 outputs\hybrid_20250414_003806\HybridPINNLSTMModel_20250414_003808\checkpoints\HybridPINNLSTMModel_epoch_216.pt
2025-04-14 00:47:41,379 - src.training.trainer - INFO - 監控指標未改善，已連續 6 輪。最佳值: 1.959682, 當前值: 4.670885
2025-04-14 00:47:44,936 - src.training.trainer - INFO - 輪次 217/250 - 訓練損失: 0.607121 - 驗證損失: 3.783932 - rmse: 1280.133057 - r2: -1.967943 - mae: 1021.603577 - 學習率: 0.002000 - 時間: 3.56秒
2025-04-14 00:47:44,943 - src.training.trainer - INFO - 監控指標未改善，已連續 7 輪。最佳值: 1.959682, 當前值: 3.783932
2025-04-14 00:47:48,057 - src.training.trainer - INFO - 監控指標未改善，已連續 8 輪。最佳值: 1.959682, 當前值: 3.912592
2025-04-14 00:47:48,057 - src.training.trainer - INFO - 檢測到訓練停滯，嘗試重啟訓練...
2025-04-14 00:47:51,214 - src.training.trainer - INFO - 輪次 219/250 - 訓練損失: 0.597293 - 驗證損失: 4.571073 - rmse: 1311.627808 - r2: -2.115778 - mae: 1068.151733 - 學習率: 0.002000 - 時間: 3.16秒
2025-04-14 00:47:51,221 - src.training.trainer - INFO - 監控指標未改善，已連續 7 輪。最佳值: 1.959682, 當前值: 4.571073
2025-04-14 00:47:54,367 - src.training.trainer - INFO - 監控指標未改善，已連續 8 輪。最佳值: 1.959682, 當前值: 3.737161
2025-04-14 00:47:57,159 - src.training.trainer - INFO - 輪次 221/250 - 訓練損失: 0.604739 - 驗證損失: 3.631393 - rmse: 1289.447510 - r2: -2.011291 - mae: 1041.519653 - 學習率: 0.002000 - 時間: 2.79秒
2025-04-14 00:47:57,180 - src.training.callbacks - INFO - 模型檢查點已保存至 outputs\hybrid_20250414_003806\HybridPINNLSTMModel_20250414_003808\checkpoints\HybridPINNLSTMModel_epoch_221.pt
2025-04-14 00:47:57,190 - src.training.trainer - INFO - 監控指標未改善，已連續 9 輪。最佳值: 1.959682, 當前值: 3.631393
2025-04-14 00:48:00,415 - src.training.trainer - INFO - 監控指標未改善，已連續 10 輪。最佳值: 1.959682, 當前值: 4.442108
2025-04-14 00:48:04,070 - src.training.trainer - INFO - 輪次 223/250 - 訓練損失: 0.593373 - 驗證損失: 4.029528 - rmse: 1269.291626 - r2: -1.917885 - mae: 981.351013 - 學習率: 0.002000 - 時間: 3.65秒
2025-04-14 00:48:04,080 - src.training.trainer - INFO - 監控指標未改善，已連續 11 輪。最佳值: 1.959682, 當前值: 4.029528
2025-04-14 00:48:04,080 - src.training.trainer - INFO - 檢測到訓練停滯，嘗試重啟訓練...
2025-04-14 00:48:07,559 - src.training.trainer - INFO - 監控指標未改善，已連續 10 輪。最佳值: 1.959682, 當前值: 4.891207
2025-04-14 00:48:11,179 - src.training.trainer - INFO - 輪次 225/250 - 訓練損失: 0.612088 - 驗證損失: 4.104012 - rmse: 1294.025146 - r2: -2.032709 - mae: 1040.980103 - 學習率: 0.002000 - 時間: 3.62秒
2025-04-14 00:48:11,187 - src.training.trainer - INFO - 監控指標未改善，已連續 11 輪。最佳值: 1.959682, 當前值: 4.104012
2025-04-14 00:48:14,143 - src.training.callbacks - INFO - 模型檢查點已保存至 outputs\hybrid_20250414_003806\HybridPINNLSTMModel_20250414_003808\checkpoints\HybridPINNLSTMModel_epoch_226.pt
2025-04-14 00:48:14,149 - src.training.trainer - INFO - 監控指標未改善，已連續 12 輪。最佳值: 1.959682, 當前值: 4.586113
2025-04-14 00:48:17,110 - src.training.trainer - INFO - 輪次 227/250 - 訓練損失: 0.608857 - 驗證損失: 2.956004 - rmse: 1253.914185 - r2: -1.847613 - mae: 990.202820 - 學習率: 0.002000 - 時間: 2.96秒
2025-04-14 00:48:17,115 - src.training.trainer - INFO - 監控指標未改善，已連續 13 輪。最佳值: 1.959682, 當前值: 2.956004
2025-04-14 00:48:20,354 - src.training.trainer - INFO - 監控指標未改善，已連續 14 輪。最佳值: 1.959682, 當前值: 4.919516
2025-04-14 00:48:20,354 - src.training.trainer - INFO - 檢測到訓練停滯，嘗試重啟訓練...
2025-04-14 00:48:23,298 - src.training.trainer - INFO - 輪次 229/250 - 訓練損失: 0.624180 - 驗證損失: 3.687415 - rmse: 1286.189331 - r2: -1.996092 - mae: 1037.350952 - 學習率: 0.002000 - 時間: 2.94秒
2025-04-14 00:48:23,304 - src.training.trainer - INFO - 監控指標未改善，已連續 13 輪。最佳值: 1.959682, 當前值: 3.687415
2025-04-14 00:48:26,140 - src.training.trainer - INFO - 監控指標未改善，已連續 14 輪。最佳值: 1.959682, 當前值: 5.162068
2025-04-14 00:48:28,841 - src.training.trainer - INFO - 輪次 231/250 - 訓練損失: 0.613982 - 驗證損失: 2.889100 - rmse: 1242.987549 - r2: -1.798201 - mae: 960.936340 - 學習率: 0.002000 - 時間: 2.70秒
2025-04-14 00:48:28,861 - src.training.callbacks - INFO - 模型檢查點已保存至 outputs\hybrid_20250414_003806\HybridPINNLSTMModel_20250414_003808\checkpoints\HybridPINNLSTMModel_epoch_231.pt
2025-04-14 00:48:28,867 - src.training.trainer - INFO - 監控指標未改善，已連續 15 輪。最佳值: 1.959682, 當前值: 2.889100
2025-04-14 00:48:31,493 - src.training.trainer - INFO - 監控指標未改善，已連續 16 輪。最佳值: 1.959682, 當前值: 2.306972
2025-04-14 00:48:34,722 - src.training.trainer - INFO - 輪次 233/250 - 訓練損失: 0.625805 - 驗證損失: 2.986242 - rmse: 1251.065552 - r2: -1.834689 - mae: 982.304688 - 學習率: 0.002000 - 時間: 3.23秒
2025-04-14 00:48:34,732 - src.training.trainer - INFO - 監控指標未改善，已連續 17 輪。最佳值: 1.959682, 當前值: 2.986242
2025-04-14 00:48:34,732 - src.training.trainer - INFO - 檢測到訓練停滯，嘗試重啟訓練...
2025-04-14 00:48:37,605 - src.training.trainer - INFO - 監控指標未改善，已連續 16 輪。最佳值: 1.959682, 當前值: 3.022085
2025-04-14 00:48:40,760 - src.training.trainer - INFO - 輪次 235/250 - 訓練損失: 0.615239 - 驗證損失: 4.339119 - rmse: 1304.325684 - r2: -2.081182 - mae: 1060.284546 - 學習率: 0.002000 - 時間: 3.16秒
2025-04-14 00:48:40,765 - src.training.trainer - INFO - 監控指標未改善，已連續 17 輪。最佳值: 1.959682, 當前值: 4.339119
2025-04-14 00:48:43,595 - src.training.callbacks - INFO - 模型檢查點已保存至 outputs\hybrid_20250414_003806\HybridPINNLSTMModel_20250414_003808\checkpoints\HybridPINNLSTMModel_epoch_236.pt
2025-04-14 00:48:43,605 - src.training.trainer - INFO - 監控指標未改善，已連續 18 輪。最佳值: 1.959682, 當前值: 4.572483
2025-04-14 00:48:46,494 - src.training.trainer - INFO - 輪次 237/250 - 訓練損失: 0.624222 - 驗證損失: 4.204298 - rmse: 1294.210815 - r2: -2.033580 - mae: 1033.898682 - 學習率: 0.002000 - 時間: 2.89秒
2025-04-14 00:48:46,506 - src.training.trainer - INFO - 監控指標未改善，已連續 19 輪。最佳值: 1.959682, 當前值: 4.204298
2025-04-14 00:48:49,836 - src.training.trainer - INFO - 監控指標未改善，已連續 20 輪。最佳值: 1.959682, 當前值: 4.080577
2025-04-14 00:48:49,836 - src.training.trainer - INFO - 檢測到訓練停滯，嘗試重啟訓練...
2025-04-14 00:48:52,719 - src.training.trainer - INFO - 輪次 239/250 - 訓練損失: 0.619096 - 驗證損失: 3.250214 - rmse: 1263.735840 - r2: -1.892397 - mae: 996.679626 - 學習率: 0.002000 - 時間: 2.88秒
2025-04-14 00:48:52,724 - src.training.trainer - INFO - 監控指標未改善，已連續 19 輪。最佳值: 1.959682, 當前值: 3.250214
2025-04-14 00:48:55,528 - src.training.trainer - INFO - 監控指標未改善，已連續 20 輪。最佳值: 1.959682, 當前值: 4.538226
2025-04-14 00:48:59,040 - src.training.trainer - INFO - 輪次 241/250 - 訓練損失: 0.612216 - 驗證損失: 3.811885 - rmse: 1280.109741 - r2: -1.967835 - mae: 1011.886902 - 學習率: 0.002000 - 時間: 3.51秒
2025-04-14 00:48:59,061 - src.training.callbacks - INFO - 模型檢查點已保存至 outputs\hybrid_20250414_003806\HybridPINNLSTMModel_20250414_003808\checkpoints\HybridPINNLSTMModel_epoch_241.pt
2025-04-14 00:48:59,069 - src.training.trainer - INFO - 監控指標未改善，已連續 21 輪。最佳值: 1.959682, 當前值: 3.811885
2025-04-14 00:49:02,155 - src.training.trainer - INFO - 監控指標未改善，已連續 22 輪。最佳值: 1.959682, 當前值: 5.407317
2025-04-14 00:49:05,099 - src.training.trainer - INFO - 輪次 243/250 - 訓練損失: 0.595154 - 驗證損失: 4.403112 - rmse: 1297.721069 - r2: -2.050058 - mae: 1041.596802 - 學習率: 0.002000 - 時間: 2.94秒
2025-04-14 00:49:05,107 - src.training.trainer - INFO - 監控指標未改善，已連續 23 輪。最佳值: 1.959682, 當前值: 4.403112
2025-04-14 00:49:05,107 - src.training.trainer - INFO - 檢測到訓練停滯，嘗試重啟訓練...
2025-04-14 00:49:08,259 - src.training.trainer - INFO - 監控指標未改善，已連續 22 輪。最佳值: 1.959682, 當前值: 4.899384
2025-04-14 00:49:10,959 - src.training.trainer - INFO - 輪次 245/250 - 訓練損失: 0.595253 - 驗證損失: 4.433522 - rmse: 1308.691284 - r2: -2.101843 - mae: 1062.738892 - 學習率: 0.002000 - 時間: 2.70秒
2025-04-14 00:49:10,965 - src.training.trainer - INFO - 監控指標未改善，已連續 23 輪。最佳值: 1.959682, 當前值: 4.433522
2025-04-14 00:49:13,665 - src.training.callbacks - INFO - 模型檢查點已保存至 outputs\hybrid_20250414_003806\HybridPINNLSTMModel_20250414_003808\checkpoints\HybridPINNLSTMModel_epoch_246.pt
2025-04-14 00:49:13,671 - src.training.trainer - INFO - 監控指標未改善，已連續 24 輪。最佳值: 1.959682, 當前值: 5.008293
2025-04-14 00:49:16,371 - src.training.trainer - INFO - 輪次 247/250 - 訓練損失: 0.640842 - 驗證損失: 4.067250 - rmse: 1287.140869 - r2: -2.000527 - mae: 1026.243408 - 學習率: 0.002000 - 時間: 2.70秒
2025-04-14 00:49:16,378 - src.training.trainer - INFO - 監控指標未改善，已連續 25 輪。最佳值: 1.959682, 當前值: 4.067250
2025-04-14 00:49:18,996 - src.training.trainer - INFO - 監控指標未改善，已連續 26 輪。最佳值: 1.959682, 當前值: 4.075464
2025-04-14 00:49:18,997 - src.training.trainer - INFO - 檢測到訓練停滯，嘗試重啟訓練...
2025-04-14 00:49:21,754 - src.training.trainer - INFO - 輪次 249/250 - 訓練損失: 0.581532 - 驗證損失: 1.211633 - rmse: 1097.192383 - r2: -1.180273 - mae: 781.864441 - 學習率: 0.002000 - 時間: 2.76秒
2025-04-14 00:49:21,760 - src.training.trainer - INFO - min模式下監控指標改善, 從 1.959682 改善到 1.211633
2025-04-14 00:49:21,767 - src.training.trainer - INFO - 監控指標改善，模型已保存至 outputs\hybrid_20250414_003806\models\best_model.pt
2025-04-14 00:49:24,411 - src.training.trainer - INFO - 輪次 250/250 - 訓練損失: 0.628230 - 驗證損失: 3.940903 - rmse: 1296.838867 - r2: -2.045912 - mae: 1052.335571 - 學習率: 0.002000 - 時間: 2.64秒
2025-04-14 00:49:24,416 - src.training.trainer - INFO - 監控指標未改善，已連續 1 輪。最佳值: 1.211633, 當前值: 3.940903
2025-04-14 00:49:24,416 - src.training.trainer - INFO - 訓練完成，總時間: 675.71秒
2025-04-14 00:49:24,452 - __main__ - INFO - 訓練完成，最終模型已保存至: outputs\hybrid_20250414_003806\models\final_model.pt
2025-04-14 00:49:24,468 - __main__ - WARNING - 合併輸出 l2_penalty 時出錯: zero-dimensional arrays cannot be concatenated
2025-04-14 00:49:24,481 - __main__ - INFO - 評估指標已保存至: outputs\hybrid_20250414_003806\evaluation\metrics.csv
2025-04-14 00:49:24,481 - __main__ - INFO - 生成視覺化結果...
2025-04-14 00:49:25,170 - src.utils.visualization - INFO - 圖像已保存至: outputs\hybrid_20250414_003806\evaluation\visualizations\prediction_vs_true.png
2025-04-14 00:49:26,029 - src.utils.visualization - INFO - 圖像已保存至: outputs\hybrid_20250414_003806\evaluation\visualizations\delta_w_prediction.png
2025-04-14 00:49:26,175 - __main__ - ERROR - 執行過程中發生錯誤: name 'torch' is not defined
Traceback (most recent call last):
  File "C:\Users\a\Desktop\畢業論文\CAE\code\pinnlstm_code_sacq_5\scripts\train.py", line 724, in <module>
    main()
  File "C:\Users\a\Desktop\畢業論文\CAE\code\pinnlstm_code_sacq_5\scripts\train.py", line 717, in main
    evaluate_trained_model(model, data_dict, device, output_dir)
  File "C:\Users\a\Desktop\畢業論文\CAE\code\pinnlstm_code_sacq_5\scripts\train.py", line 600, in evaluate_trained_model
    fig = plot_physical_constraint_validation(
  File "C:\Users\a\Desktop\畢業論文\CAE\code\pinnlstm_code_sacq_5\src\utils\visualization.py", line 195, in plot_physical_constraint_validation
    ax.set_yscale('log')
NameError: name 'torch' is not defined
2025-04-14 00:49:26,186 - __main__ - ERROR - 詳細錯誤追蹤: Traceback (most recent call last):
  File "C:\Users\a\Desktop\畢業論文\CAE\code\pinnlstm_code_sacq_5\scripts\train.py", line 724, in <module>
    main()
  File "C:\Users\a\Desktop\畢業論文\CAE\code\pinnlstm_code_sacq_5\scripts\train.py", line 717, in main
    evaluate_trained_model(model, data_dict, device, output_dir)
  File "C:\Users\a\Desktop\畢業論文\CAE\code\pinnlstm_code_sacq_5\scripts\train.py", line 600, in evaluate_trained_model
    fig = plot_physical_constraint_validation(
  File "C:\Users\a\Desktop\畢業論文\CAE\code\pinnlstm_code_sacq_5\src\utils\visualization.py", line 195, in plot_physical_constraint_validation
    ax.set_yscale('log')
NameError: name 'torch' is not defined

