2025-04-16 00:09:53,300 - __main__ - INFO - 成功載入配置文件: configs/model_config.yaml
2025-04-16 00:09:53,320 - __main__ - INFO - 成功載入配置文件: configs/train_config.yaml
2025-04-16 00:09:53,324 - __main__ - INFO - 已設定隨機種子: 42
2025-04-16 00:09:53,324 - __main__ - INFO - 使用計算設備: cpu
2025-04-16 00:09:53,326 - __main__ - INFO - 輸出目錄: outputs/hybrid_model
2025-04-16 00:09:53,326 - __main__ - INFO - 載入資料: data/raw/Training_data_warpage_final_20250321_v1.2.csv
2025-04-16 00:09:53,328 - src.data.preprocess - INFO - 成功載入資料檔案: data/raw/Training_data_warpage_final_20250321_v1.2.csv，共 81 筆資料，18 個欄位
2025-04-16 00:09:53,332 - src.data.preprocess - INFO - 標準化完成，特徵數量: 5
2025-04-16 00:09:53,334 - src.data.preprocess - INFO - 時間序列資料準備完成，形狀: (81, 4, 2)
2025-04-16 00:09:53,336 - src.data.preprocess - INFO - 資料分割完成 - 訓練集: 56 樣本, 驗證集: 12 樣本, 測試集: 13 樣本
2025-04-16 00:09:53,338 - src.data.preprocess - INFO - 完整資料處理流程完成
2025-04-16 00:09:53,338 - __main__ - INFO - 資料分割完成, 訓練集: 56 樣本, 驗證集: 12 樣本, 測試集: 13 樣本
2025-04-16 00:09:53,338 - __main__ - INFO - 應用資料增強...
2025-04-16 00:09:53,338 - src.data.dataset - INFO - 進行資料增強，原始訓練集大小: 56 樣本
2025-04-16 00:09:53,480 - src.data.dataset - INFO - 資料增強完成，增強後的訓練集大小: 940 樣本
2025-04-16 00:09:53,480 - __main__ - INFO - 資料增強完成，增強後的訓練集大小: 940 樣本
2025-04-16 00:09:53,492 - __main__ - INFO - 創建混合PINN-LSTM模型，使用物理約束: True，融合方法: weighted
2025-04-16 00:09:53,494 - src.data.dataset - INFO - 已創建資料載入器 - 訓練: 940 樣本, 驗證: 12 樣本, 測試: 13 樣本, 批次大小: 8
2025-04-16 00:09:55,183 - src.training.trainer - INFO - 創建adam優化器，學習率: 0.0005，權重衰減: 0.001
2025-04-16 00:09:55,185 - src.training.losses - INFO - 初始化HybridLoss: lambda_physics=0.5, lambda_consistency=0.2, delta_w_weight=1.5
2025-04-16 00:09:55,185 - src.training.losses - INFO - 初始化AdaptiveHybridLoss: physics權重從0.5增加到2.0, consistency權重從0.2增加到0.5, delta_w權重從1.5增加到3.0, 在50個輪次內達到最大值, 預熱輪次: 5, 調整方案: linear
2025-04-16 00:09:55,185 - src.training.trainer - INFO - 創建餘弦退火學習率調度器，週期: 150，最小學習率: 1e-05
2025-04-16 00:09:55,187 - src.training.callbacks - INFO - 初始化ModelCheckpoint: 保存目錄=outputs\hybrid_model\HybridPINNLSTMModel_20250416_000955\checkpoints, 保存頻率=5, 只保存最佳=False, 監控指標=val_loss, 模式=min
2025-04-16 00:09:55,189 - src.training.callbacks - INFO - 初始化LossHistory: 保存路徑=outputs\hybrid_model\HybridPINNLSTMModel_20250416_000955\history.json, 保存頻率=1
2025-04-16 00:09:55,191 - src.training.trainer - INFO - 初始化訓練器完成，模型: HybridPINNLSTMModel, 優化器: Adam, 設備: cpu
2025-04-16 00:09:55,191 - __main__ - INFO - 開始訓練，總輪數: 300
2025-04-16 00:09:55,191 - src.training.trainer - INFO - 開始訓練，總輪數: 300
2025-04-16 00:09:58,158 - src.training.trainer - INFO - 輪次 1/300 - 訓練損失: 48240486.161104 - 驗證損失: 64009.190104 - rmse: 317143.906250 - r2: -182161.109375 - mae: 215103.687500 - 學習率: 0.000500 - 時間: 2.96秒
2025-04-16 00:09:58,172 - src.training.callbacks - INFO - 模型檢查點已保存至 outputs\hybrid_model\HybridPINNLSTMModel_20250416_000955\checkpoints\HybridPINNLSTMModel_epoch_001.pt
2025-04-16 00:09:58,180 - src.training.trainer - INFO - 監控指標改善，模型已保存至 outputs/hybrid_model\models\best_model.pt
2025-04-16 00:10:01,463 - src.training.trainer - INFO - 監控指標改善，模型已保存至 outputs/hybrid_model\models\best_model.pt
2025-04-16 00:10:04,678 - src.training.trainer - INFO - 輪次 3/300 - 訓練損失: 22839.461640 - 驗證損失: 2.974509 - rmse: 1353.652832 - r2: -2.318639 - mae: 1219.614502 - 學習率: 0.000500 - 時間: 3.21秒
2025-04-16 00:10:04,690 - src.training.trainer - INFO - 監控指標改善，模型已保存至 outputs/hybrid_model\models\best_model.pt
2025-04-16 00:10:07,673 - src.training.trainer - INFO - 監控指標改善，模型已保存至 outputs/hybrid_model\models\best_model.pt
2025-04-16 00:10:10,625 - src.training.trainer - INFO - 輪次 5/300 - 訓練損失: 28.798820 - 驗證損失: 1.687256 - rmse: 1151.359619 - r2: -1.400863 - mae: 846.951355 - 學習率: 0.000499 - 時間: 2.95秒
2025-04-16 00:10:10,637 - src.training.trainer - INFO - 監控指標改善，模型已保存至 outputs/hybrid_model\models\best_model.pt
2025-04-16 00:10:13,616 - src.training.callbacks - INFO - 模型檢查點已保存至 outputs\hybrid_model\HybridPINNLSTMModel_20250416_000955\checkpoints\HybridPINNLSTMModel_epoch_006.pt
2025-04-16 00:10:13,626 - src.training.trainer - INFO - 監控指標改善，模型已保存至 outputs/hybrid_model\models\best_model.pt
2025-04-16 00:10:16,533 - src.training.trainer - INFO - 輪次 7/300 - 訓練損失: 40.553200 - 驗證損失: 1.168433 - rmse: 1060.333862 - r2: -1.036248 - mae: 767.245422 - 學習率: 0.000498 - 時間: 2.90秒
2025-04-16 00:10:16,539 - src.training.trainer - INFO - 監控指標改善，模型已保存至 outputs/hybrid_model\models\best_model.pt
2025-04-16 00:10:19,545 - src.training.trainer - INFO - 監控指標改善，模型已保存至 outputs/hybrid_model\models\best_model.pt
2025-04-16 00:10:22,537 - src.training.trainer - INFO - 輪次 9/300 - 訓練損失: 6.564673 - 驗證損失: 0.977907 - rmse: 1007.625916 - r2: -0.838840 - mae: 758.319031 - 學習率: 0.000497 - 時間: 2.99秒
2025-04-16 00:10:22,543 - src.training.trainer - INFO - 監控指標改善，模型已保存至 outputs/hybrid_model\models\best_model.pt
2025-04-16 00:10:25,526 - src.training.trainer - INFO - 監控指標改善，模型已保存至 outputs/hybrid_model\models\best_model.pt
2025-04-16 00:10:28,511 - src.training.trainer - INFO - 輪次 11/300 - 訓練損失: 15.520975 - 驗證損失: 0.854543 - rmse: 1021.854675 - r2: -0.891140 - mae: 665.395264 - 學習率: 0.000495 - 時間: 2.99秒
2025-04-16 00:10:28,535 - src.training.callbacks - INFO - 模型檢查點已保存至 outputs\hybrid_model\HybridPINNLSTMModel_20250416_000955\checkpoints\HybridPINNLSTMModel_epoch_011.pt
2025-04-16 00:10:28,545 - src.training.trainer - INFO - 監控指標改善，模型已保存至 outputs/hybrid_model\models\best_model.pt
2025-04-16 00:10:31,531 - src.training.trainer - INFO - 監控指標改善，模型已保存至 outputs/hybrid_model\models\best_model.pt
2025-04-16 00:10:34,424 - src.training.trainer - INFO - 輪次 13/300 - 訓練損失: 4.081271 - 驗證損失: 1.582997 - rmse: 1360.971069 - r2: -2.354618 - mae: 1089.607544 - 學習率: 0.000492 - 時間: 2.89秒
2025-04-16 00:10:34,430 - src.training.trainer - INFO - 監控指標改善，模型已保存至 outputs/hybrid_model\models\best_model.pt
2025-04-16 00:10:37,307 - src.training.trainer - INFO - 監控指標改善，模型已保存至 outputs/hybrid_model\models\best_model.pt
2025-04-16 00:10:40,326 - src.training.trainer - INFO - 輪次 15/300 - 訓練損失: 4.872517 - 驗證損失: 2.258939 - rmse: 1307.606079 - r2: -2.096701 - mae: 1068.779907 - 學習率: 0.000490 - 時間: 3.02秒
2025-04-16 00:10:40,334 - src.training.trainer - INFO - 監控指標改善，模型已保存至 outputs/hybrid_model\models\best_model.pt
2025-04-16 00:10:43,278 - src.training.callbacks - INFO - 模型檢查點已保存至 outputs\hybrid_model\HybridPINNLSTMModel_20250416_000955\checkpoints\HybridPINNLSTMModel_epoch_016.pt
2025-04-16 00:10:43,284 - src.training.trainer - INFO - 監控指標改善，模型已保存至 outputs/hybrid_model\models\best_model.pt
2025-04-16 00:10:46,266 - src.training.trainer - INFO - 輪次 17/300 - 訓練損失: 4.751311 - 驗證損失: 0.991229 - rmse: 1064.307495 - r2: -1.051538 - mae: 873.733948 - 學習率: 0.000486 - 時間: 2.98秒
2025-04-16 00:10:46,274 - src.training.trainer - INFO - 監控指標改善，模型已保存至 outputs/hybrid_model\models\best_model.pt
2025-04-16 00:10:49,273 - src.training.trainer - INFO - 監控指標改善，模型已保存至 outputs/hybrid_model\models\best_model.pt
2025-04-16 00:10:52,318 - src.training.trainer - INFO - 輪次 19/300 - 訓練損失: 2.914267 - 驗證損失: 1.718055 - rmse: 1559.941406 - r2: -3.407191 - mae: 1320.111938 - 學習率: 0.000483 - 時間: 3.04秒
2025-04-16 00:10:52,324 - src.training.trainer - INFO - 監控指標改善，模型已保存至 outputs/hybrid_model\models\best_model.pt
2025-04-16 00:10:55,250 - src.training.trainer - INFO - 監控指標改善，模型已保存至 outputs/hybrid_model\models\best_model.pt
2025-04-16 00:10:58,188 - src.training.trainer - INFO - 輪次 21/300 - 訓練損失: 3.303342 - 驗證損失: 0.752448 - rmse: 967.778503 - r2: -0.696279 - mae: 817.031738 - 學習率: 0.000479 - 時間: 2.94秒
2025-04-16 00:10:58,200 - src.training.callbacks - INFO - 模型檢查點已保存至 outputs\hybrid_model\HybridPINNLSTMModel_20250416_000955\checkpoints\HybridPINNLSTMModel_epoch_021.pt
2025-04-16 00:10:58,208 - src.training.trainer - INFO - 監控指標改善，模型已保存至 outputs/hybrid_model\models\best_model.pt
2025-04-16 00:11:01,219 - src.training.trainer - INFO - 監控指標改善，模型已保存至 outputs/hybrid_model\models\best_model.pt
2025-04-16 00:11:04,166 - src.training.trainer - INFO - 輪次 23/300 - 訓練損失: 2.621250 - 驗證損失: 0.939663 - rmse: 1173.802368 - r2: -1.495372 - mae: 832.528503 - 學習率: 0.000474 - 時間: 2.95秒
2025-04-16 00:11:04,178 - src.training.trainer - INFO - 監控指標改善，模型已保存至 outputs/hybrid_model\models\best_model.pt
2025-04-16 00:11:07,269 - src.training.trainer - INFO - 監控指標改善，模型已保存至 outputs/hybrid_model\models\best_model.pt
2025-04-16 00:11:10,212 - src.training.trainer - INFO - 輪次 25/300 - 訓練損失: 2.856148 - 驗證損失: 1.054154 - rmse: 1153.588013 - r2: -1.410166 - mae: 845.057617 - 學習率: 0.000470 - 時間: 2.94秒
2025-04-16 00:11:10,224 - src.training.trainer - INFO - 監控指標改善，模型已保存至 outputs/hybrid_model\models\best_model.pt
2025-04-16 00:11:13,057 - src.training.callbacks - INFO - 模型檢查點已保存至 outputs\hybrid_model\HybridPINNLSTMModel_20250416_000955\checkpoints\HybridPINNLSTMModel_epoch_026.pt
2025-04-16 00:11:13,065 - src.training.trainer - INFO - 監控指標改善，模型已保存至 outputs/hybrid_model\models\best_model.pt
2025-04-16 00:11:15,971 - src.training.trainer - INFO - 輪次 27/300 - 訓練損失: 2.109968 - 驗證損失: 0.686395 - rmse: 1004.841553 - r2: -0.828692 - mae: 671.849792 - 學習率: 0.000465 - 時間: 2.91秒
2025-04-16 00:11:15,979 - src.training.trainer - INFO - 監控指標改善，模型已保存至 outputs/hybrid_model\models\best_model.pt
2025-04-16 00:11:18,939 - src.training.trainer - INFO - 監控指標改善，模型已保存至 outputs/hybrid_model\models\best_model.pt
2025-04-16 00:11:21,992 - src.training.trainer - INFO - 輪次 29/300 - 訓練損失: 2.057612 - 驗證損失: 2.208325 - rmse: 1323.466064 - r2: -2.172276 - mae: 1089.575195 - 學習率: 0.000459 - 時間: 3.05秒
2025-04-16 00:11:22,000 - src.training.trainer - INFO - 監控指標改善，模型已保存至 outputs/hybrid_model\models\best_model.pt
2025-04-16 00:11:24,908 - src.training.trainer - INFO - 監控指標改善，模型已保存至 outputs/hybrid_model\models\best_model.pt
2025-04-16 00:11:27,812 - src.training.trainer - INFO - 輪次 31/300 - 訓練損失: 2.015235 - 驗證損失: 1.643969 - rmse: 1270.249756 - r2: -1.922292 - mae: 1005.932617 - 學習率: 0.000453 - 時間: 2.90秒
2025-04-16 00:11:27,826 - src.training.callbacks - INFO - 模型檢查點已保存至 outputs\hybrid_model\HybridPINNLSTMModel_20250416_000955\checkpoints\HybridPINNLSTMModel_epoch_031.pt
2025-04-16 00:11:27,840 - src.training.trainer - INFO - 監控指標改善，模型已保存至 outputs/hybrid_model\models\best_model.pt
2025-04-16 00:11:30,737 - src.training.trainer - INFO - 監控指標改善，模型已保存至 outputs/hybrid_model\models\best_model.pt
2025-04-16 00:11:33,601 - src.training.trainer - INFO - 輪次 33/300 - 訓練損失: 1.911580 - 驗證損失: 1.642766 - rmse: 1282.890503 - r2: -1.980743 - mae: 1013.709473 - 學習率: 0.000447 - 時間: 2.86秒
2025-04-16 00:11:33,607 - src.training.trainer - INFO - 監控指標改善，模型已保存至 outputs/hybrid_model\models\best_model.pt
2025-04-16 00:11:36,523 - src.training.trainer - INFO - 監控指標改善，模型已保存至 outputs/hybrid_model\models\best_model.pt
2025-04-16 00:11:39,445 - src.training.trainer - INFO - 輪次 35/300 - 訓練損失: 1.612169 - 驗證損失: 0.956376 - rmse: 1185.474121 - r2: -1.545244 - mae: 874.371582 - 學習率: 0.000440 - 時間: 2.92秒
2025-04-16 00:11:39,451 - src.training.trainer - INFO - 監控指標改善，模型已保存至 outputs/hybrid_model\models\best_model.pt
2025-04-16 00:11:42,381 - src.training.callbacks - INFO - 模型檢查點已保存至 outputs\hybrid_model\HybridPINNLSTMModel_20250416_000955\checkpoints\HybridPINNLSTMModel_epoch_036.pt
2025-04-16 00:11:42,391 - src.training.trainer - INFO - 監控指標改善，模型已保存至 outputs/hybrid_model\models\best_model.pt
2025-04-16 00:11:45,355 - src.training.trainer - INFO - 輪次 37/300 - 訓練損失: 1.363586 - 驗證損失: 1.114561 - rmse: 1226.909180 - r2: -1.726278 - mae: 958.808655 - 學習率: 0.000434 - 時間: 2.96秒
2025-04-16 00:11:45,367 - src.training.trainer - INFO - 監控指標改善，模型已保存至 outputs/hybrid_model\models\best_model.pt
2025-04-16 00:11:48,301 - src.training.trainer - INFO - 監控指標改善，模型已保存至 outputs/hybrid_model\models\best_model.pt
2025-04-16 00:11:51,382 - src.training.trainer - INFO - 輪次 39/300 - 訓練損失: 1.338755 - 驗證損失: 1.702245 - rmse: 1299.383911 - r2: -2.057879 - mae: 1054.615234 - 學習率: 0.000426 - 時間: 3.08秒
2025-04-16 00:11:51,390 - src.training.trainer - INFO - 監控指標改善，模型已保存至 outputs/hybrid_model\models\best_model.pt
2025-04-16 00:11:54,199 - src.training.trainer - INFO - 監控指標改善，模型已保存至 outputs/hybrid_model\models\best_model.pt
2025-04-16 00:11:57,144 - src.training.trainer - INFO - 輪次 41/300 - 訓練損失: 1.318866 - 驗證損失: 1.661378 - rmse: 1287.531006 - r2: -2.002346 - mae: 1024.277466 - 學習率: 0.000419 - 時間: 2.94秒
2025-04-16 00:11:57,166 - src.training.callbacks - INFO - 模型檢查點已保存至 outputs\hybrid_model\HybridPINNLSTMModel_20250416_000955\checkpoints\HybridPINNLSTMModel_epoch_041.pt
2025-04-16 00:11:57,178 - src.training.trainer - INFO - 監控指標改善，模型已保存至 outputs/hybrid_model\models\best_model.pt
2025-04-16 00:12:00,007 - src.training.trainer - INFO - 監控指標改善，模型已保存至 outputs/hybrid_model\models\best_model.pt
2025-04-16 00:12:02,956 - src.training.trainer - INFO - 輪次 43/300 - 訓練損失: 1.237106 - 驗證損失: 1.024053 - rmse: 1218.439209 - r2: -1.688766 - mae: 937.965088 - 學習率: 0.000411 - 時間: 2.95秒
2025-04-16 00:12:02,964 - src.training.trainer - INFO - 監控指標改善，模型已保存至 outputs/hybrid_model\models\best_model.pt
2025-04-16 00:12:06,054 - src.training.trainer - INFO - 監控指標改善，模型已保存至 outputs/hybrid_model\models\best_model.pt
2025-04-16 00:12:08,921 - src.training.trainer - INFO - 輪次 45/300 - 訓練損失: 1.176064 - 驗證損失: 1.492261 - rmse: 1270.406738 - r2: -1.923014 - mae: 983.923828 - 學習率: 0.000403 - 時間: 2.87秒
2025-04-16 00:12:08,929 - src.training.trainer - INFO - 監控指標改善，模型已保存至 outputs/hybrid_model\models\best_model.pt
2025-04-16 00:12:12,050 - src.training.callbacks - INFO - 模型檢查點已保存至 outputs\hybrid_model\HybridPINNLSTMModel_20250416_000955\checkpoints\HybridPINNLSTMModel_epoch_046.pt
2025-04-16 00:12:12,058 - src.training.trainer - INFO - 監控指標改善，模型已保存至 outputs/hybrid_model\models\best_model.pt
2025-04-16 00:12:15,041 - src.training.trainer - INFO - 輪次 47/300 - 訓練損失: 1.129966 - 驗證損失: 1.401389 - rmse: 1277.325073 - r2: -1.954937 - mae: 1024.915527 - 學習率: 0.000395 - 時間: 2.98秒
2025-04-16 00:12:15,053 - src.training.trainer - INFO - 監控指標改善，模型已保存至 outputs/hybrid_model\models\best_model.pt
2025-04-16 00:12:18,016 - src.training.trainer - INFO - 監控指標改善，模型已保存至 outputs/hybrid_model\models\best_model.pt
2025-04-16 00:12:20,919 - src.training.trainer - INFO - 輪次 49/300 - 訓練損失: 1.104329 - 驗證損失: 1.476892 - rmse: 1271.018921 - r2: -1.925832 - mae: 996.064697 - 學習率: 0.000386 - 時間: 2.90秒
2025-04-16 00:12:20,933 - src.training.trainer - INFO - 監控指標改善，模型已保存至 outputs/hybrid_model\models\best_model.pt
2025-04-16 00:12:23,864 - src.training.trainer - INFO - 監控指標改善，模型已保存至 outputs/hybrid_model\models\best_model.pt
2025-04-16 00:12:27,059 - src.training.trainer - INFO - 輪次 51/300 - 訓練損失: 1.118425 - 驗證損失: 1.584471 - rmse: 1293.736694 - r2: -2.031358 - mae: 1043.450562 - 學習率: 0.000377 - 時間: 3.19秒
2025-04-16 00:12:27,073 - src.training.callbacks - INFO - 模型檢查點已保存至 outputs\hybrid_model\HybridPINNLSTMModel_20250416_000955\checkpoints\HybridPINNLSTMModel_epoch_051.pt
2025-04-16 00:12:27,077 - src.training.trainer - INFO - min模式下監控指標改善
2025-04-16 00:12:27,087 - src.training.trainer - INFO - 監控指標改善，模型已保存至 outputs/hybrid_model\models\best_model.pt
2025-04-16 00:12:29,981 - src.training.trainer - INFO - min模式下監控指標改善, 從 1.584471 改善到 1.106431
2025-04-16 00:12:29,991 - src.training.trainer - INFO - 監控指標改善，模型已保存至 outputs/hybrid_model\models\best_model.pt
2025-04-16 00:12:33,071 - src.training.trainer - INFO - 輪次 53/300 - 訓練損失: 1.080987 - 驗證損失: 1.593085 - rmse: 1297.205688 - r2: -2.047635 - mae: 1054.311890 - 學習率: 0.000369 - 時間: 3.08秒
2025-04-16 00:12:33,075 - src.training.trainer - INFO - 監控指標未改善，已連續 1 輪。最佳值: 1.106431, 當前值: 1.593085
2025-04-16 00:12:36,022 - src.training.trainer - INFO - 監控指標未改善，已連續 2 輪。最佳值: 1.106431, 當前值: 1.191566
2025-04-16 00:12:39,124 - src.training.trainer - INFO - 輪次 55/300 - 訓練損失: 1.010538 - 驗證損失: 1.532877 - rmse: 1293.448242 - r2: -2.030006 - mae: 1043.092163 - 學習率: 0.000359 - 時間: 3.10秒
2025-04-16 00:12:39,126 - src.training.trainer - INFO - 監控指標未改善，已連續 3 輪。最佳值: 1.106431, 當前值: 1.532877
2025-04-16 00:12:42,134 - src.training.callbacks - INFO - 模型檢查點已保存至 outputs\hybrid_model\HybridPINNLSTMModel_20250416_000955\checkpoints\HybridPINNLSTMModel_epoch_056.pt
2025-04-16 00:12:42,138 - src.training.trainer - INFO - 監控指標未改善，已連續 4 輪。最佳值: 1.106431, 當前值: 1.489813
2025-04-16 00:12:45,075 - src.training.trainer - INFO - 輪次 57/300 - 訓練損失: 1.106475 - 驗證損失: 1.451189 - rmse: 1284.185547 - r2: -1.986764 - mae: 1027.152954 - 學習率: 0.000350 - 時間: 2.94秒
2025-04-16 00:12:45,077 - src.training.trainer - INFO - 監控指標未改善，已連續 5 輪。最佳值: 1.106431, 當前值: 1.451189
2025-04-16 00:12:45,077 - src.training.trainer - INFO - 檢測到訓練停滯，嘗試重啟訓練...
2025-04-16 00:12:48,016 - src.training.trainer - INFO - 監控指標未改善，已連續 4 輪。最佳值: 1.106431, 當前值: 1.216441
2025-04-16 00:12:50,824 - src.training.trainer - INFO - 輪次 59/300 - 訓練損失: 1.019121 - 驗證損失: 1.667843 - rmse: 1301.928711 - r2: -2.069868 - mae: 1055.551392 - 學習率: 0.000340 - 時間: 2.81秒
2025-04-16 00:12:50,828 - src.training.trainer - INFO - 監控指標未改善，已連續 5 輪。最佳值: 1.106431, 當前值: 1.667843
2025-04-16 00:12:53,704 - src.training.trainer - INFO - 監控指標未改善，已連續 6 輪。最佳值: 1.106431, 當前值: 1.422141
2025-04-16 00:12:56,535 - src.training.trainer - INFO - 輪次 61/300 - 訓練損失: 0.961651 - 驗證損失: 1.408149 - rmse: 1275.153931 - r2: -1.944900 - mae: 1008.628601 - 學習率: 0.000331 - 時間: 2.83秒
2025-04-16 00:12:56,557 - src.training.callbacks - INFO - 模型檢查點已保存至 outputs\hybrid_model\HybridPINNLSTMModel_20250416_000955\checkpoints\HybridPINNLSTMModel_epoch_061.pt
2025-04-16 00:12:56,559 - src.training.trainer - INFO - 監控指標未改善，已連續 7 輪。最佳值: 1.106431, 當前值: 1.408149
2025-04-16 00:12:59,392 - src.training.trainer - INFO - 監控指標未改善，已連續 8 輪。最佳值: 1.106431, 當前值: 1.497076
2025-04-16 00:12:59,392 - src.training.trainer - INFO - 檢測到訓練停滯，嘗試重啟訓練...
2025-04-16 00:13:02,317 - src.training.trainer - INFO - 輪次 63/300 - 訓練損失: 0.983177 - 驗證損失: 1.328733 - rmse: 1280.540283 - r2: -1.969831 - mae: 1029.472290 - 學習率: 0.000321 - 時間: 2.92秒
2025-04-16 00:13:02,321 - src.training.trainer - INFO - 監控指標未改善，已連續 7 輪。最佳值: 1.106431, 當前值: 1.328733
2025-04-16 00:13:05,190 - src.training.trainer - INFO - 監控指標未改善，已連續 8 輪。最佳值: 1.106431, 當前值: 1.673231
2025-04-16 00:13:08,163 - src.training.trainer - INFO - 輪次 65/300 - 訓練損失: 0.930203 - 驗證損失: 1.469927 - rmse: 1291.198242 - r2: -2.019474 - mae: 1040.957031 - 學習率: 0.000311 - 時間: 2.97秒
2025-04-16 00:13:08,167 - src.training.trainer - INFO - 監控指標未改善，已連續 9 輪。最佳值: 1.106431, 當前值: 1.469927
2025-04-16 00:13:11,015 - src.training.callbacks - INFO - 模型檢查點已保存至 outputs\hybrid_model\HybridPINNLSTMModel_20250416_000955\checkpoints\HybridPINNLSTMModel_epoch_066.pt
2025-04-16 00:13:11,019 - src.training.trainer - INFO - 監控指標未改善，已連續 10 輪。最佳值: 1.106431, 當前值: 1.180939
2025-04-16 00:13:13,795 - src.training.trainer - INFO - 輪次 67/300 - 訓練損失: 0.953289 - 驗證損失: 1.262262 - rmse: 1261.056396 - r2: -1.880145 - mae: 981.741943 - 學習率: 0.000301 - 時間: 2.78秒
2025-04-16 00:13:13,799 - src.training.trainer - INFO - 監控指標未改善，已連續 11 輪。最佳值: 1.106431, 當前值: 1.262262
2025-04-16 00:13:13,799 - src.training.trainer - INFO - 檢測到訓練停滯，嘗試重啟訓練...
2025-04-16 00:13:16,660 - src.training.trainer - INFO - 監控指標未改善，已連續 10 輪。最佳值: 1.106431, 當前值: 1.286323
2025-04-16 00:13:19,370 - src.training.trainer - INFO - 輪次 69/300 - 訓練損失: 1.014195 - 驗證損失: 1.158594 - rmse: 1252.035889 - r2: -1.839088 - mae: 980.770569 - 學習率: 0.000291 - 時間: 2.71秒
2025-04-16 00:13:19,372 - src.training.trainer - INFO - 監控指標未改善，已連續 11 輪。最佳值: 1.106431, 當前值: 1.158594
2025-04-16 00:13:22,370 - src.training.trainer - INFO - 監控指標未改善，已連續 12 輪。最佳值: 1.106431, 當前值: 1.329661
2025-04-16 00:13:25,396 - src.training.trainer - INFO - 輪次 71/300 - 訓練損失: 0.953866 - 驗證損失: 1.284715 - rmse: 1261.332764 - r2: -1.881408 - mae: 991.681702 - 學習率: 0.000281 - 時間: 3.03秒
2025-04-16 00:13:25,408 - src.training.callbacks - INFO - 模型檢查點已保存至 outputs\hybrid_model\HybridPINNLSTMModel_20250416_000955\checkpoints\HybridPINNLSTMModel_epoch_071.pt
2025-04-16 00:13:25,412 - src.training.trainer - INFO - 監控指標未改善，已連續 13 輪。最佳值: 1.106431, 當前值: 1.284715
2025-04-16 00:13:28,280 - src.training.trainer - INFO - 監控指標未改善，已連續 14 輪。最佳值: 1.106431, 當前值: 1.439643
2025-04-16 00:13:28,280 - src.training.trainer - INFO - 檢測到訓練停滯，嘗試重啟訓練...
2025-04-16 00:13:31,130 - src.training.trainer - INFO - 輪次 73/300 - 訓練損失: 0.976778 - 驗證損失: 1.303157 - rmse: 1274.494629 - r2: -1.941856 - mae: 1022.206543 - 學習率: 0.000270 - 時間: 2.85秒
2025-04-16 00:13:31,134 - src.training.trainer - INFO - 監控指標未改善，已連續 13 輪。最佳值: 1.106431, 當前值: 1.303157
2025-04-16 00:13:34,016 - src.training.trainer - INFO - 監控指標未改善，已連續 14 輪。最佳值: 1.106431, 當前值: 1.353781
2025-04-16 00:13:37,207 - src.training.trainer - INFO - 輪次 75/300 - 訓練損失: 0.911865 - 驗證損失: 1.409147 - rmse: 1282.225830 - r2: -1.977655 - mae: 1026.600464 - 學習率: 0.000260 - 時間: 3.19秒
2025-04-16 00:13:37,209 - src.training.trainer - INFO - 監控指標未改善，已連續 15 輪。最佳值: 1.106431, 當前值: 1.409147
2025-04-16 00:13:40,155 - src.training.callbacks - INFO - 模型檢查點已保存至 outputs\hybrid_model\HybridPINNLSTMModel_20250416_000955\checkpoints\HybridPINNLSTMModel_epoch_076.pt
2025-04-16 00:13:40,159 - src.training.trainer - INFO - 監控指標未改善，已連續 16 輪。最佳值: 1.106431, 當前值: 1.341489
2025-04-16 00:13:43,174 - src.training.trainer - INFO - 輪次 77/300 - 訓練損失: 0.933064 - 驗證損失: 1.365942 - rmse: 1277.989502 - r2: -1.958012 - mae: 1017.748352 - 學習率: 0.000250 - 時間: 3.02秒
2025-04-16 00:13:43,178 - src.training.trainer - INFO - 監控指標未改善，已連續 17 輪。最佳值: 1.106431, 當前值: 1.365942
2025-04-16 00:13:43,178 - src.training.trainer - INFO - 檢測到訓練停滯，嘗試重啟訓練...
2025-04-16 00:13:46,164 - src.training.trainer - INFO - 監控指標未改善，已連續 16 輪。最佳值: 1.106431, 當前值: 1.314461
2025-04-16 00:13:49,113 - src.training.trainer - INFO - 輪次 79/300 - 訓練損失: 0.936355 - 驗證損失: 1.231823 - rmse: 1263.726929 - r2: -1.892356 - mae: 998.708191 - 學習率: 0.000240 - 時間: 2.95秒
2025-04-16 00:13:49,117 - src.training.trainer - INFO - 監控指標未改善，已連續 17 輪。最佳值: 1.106431, 當前值: 1.231823
2025-04-16 00:13:52,075 - src.training.trainer - INFO - 監控指標未改善，已連續 18 輪。最佳值: 1.106431, 當前值: 1.230079
2025-04-16 00:13:54,982 - src.training.trainer - INFO - 輪次 81/300 - 訓練損失: 0.918113 - 驗證損失: 1.370646 - rmse: 1287.083862 - r2: -2.000261 - mae: 1039.089966 - 學習率: 0.000229 - 時間: 2.91秒
2025-04-16 00:13:55,002 - src.training.callbacks - INFO - 模型檢查點已保存至 outputs\hybrid_model\HybridPINNLSTMModel_20250416_000955\checkpoints\HybridPINNLSTMModel_epoch_081.pt
2025-04-16 00:13:55,006 - src.training.trainer - INFO - 監控指標未改善，已連續 19 輪。最佳值: 1.106431, 當前值: 1.370646
2025-04-16 00:13:57,979 - src.training.trainer - INFO - 監控指標未改善，已連續 20 輪。最佳值: 1.106431, 當前值: 1.331497
2025-04-16 00:13:57,981 - src.training.trainer - INFO - 檢測到訓練停滯，嘗試重啟訓練...
2025-04-16 00:14:00,777 - src.training.trainer - INFO - 輪次 83/300 - 訓練損失: 0.858109 - 驗證損失: 1.268828 - rmse: 1265.470337 - r2: -1.900342 - mae: 1001.640381 - 學習率: 0.000219 - 時間: 2.80秒
2025-04-16 00:14:00,779 - src.training.trainer - INFO - 監控指標未改善，已連續 19 輪。最佳值: 1.106431, 當前值: 1.268828
2025-04-16 00:14:03,776 - src.training.trainer - INFO - 監控指標未改善，已連續 20 輪。最佳值: 1.106431, 當前值: 1.212034
2025-04-16 00:14:06,601 - src.training.trainer - INFO - 輪次 85/300 - 訓練損失: 0.892197 - 驗證損失: 1.249128 - rmse: 1271.973267 - r2: -1.930227 - mae: 1020.589050 - 學習率: 0.000209 - 時間: 2.83秒
2025-04-16 00:14:06,605 - src.training.trainer - INFO - 監控指標未改善，已連續 21 輪。最佳值: 1.106431, 當前值: 1.249128
2025-04-16 00:14:09,494 - src.training.callbacks - INFO - 模型檢查點已保存至 outputs\hybrid_model\HybridPINNLSTMModel_20250416_000955\checkpoints\HybridPINNLSTMModel_epoch_086.pt
2025-04-16 00:14:09,496 - src.training.trainer - INFO - 監控指標未改善，已連續 22 輪。最佳值: 1.106431, 當前值: 1.302258
2025-04-16 00:14:12,281 - src.training.trainer - INFO - 輪次 87/300 - 訓練損失: 0.892749 - 驗證損失: 1.272873 - rmse: 1269.878174 - r2: -1.920582 - mae: 1013.468811 - 學習率: 0.000199 - 時間: 2.78秒
2025-04-16 00:14:12,287 - src.training.trainer - INFO - 監控指標未改善，已連續 23 輪。最佳值: 1.106431, 當前值: 1.272873
2025-04-16 00:14:12,287 - src.training.trainer - INFO - 檢測到訓練停滯，嘗試重啟訓練...
2025-04-16 00:14:15,336 - src.training.trainer - INFO - 監控指標未改善，已連續 22 輪。最佳值: 1.106431, 當前值: 1.260452
2025-04-16 00:14:18,334 - src.training.trainer - INFO - 輪次 89/300 - 訓練損失: 0.884595 - 驗證損失: 1.286223 - rmse: 1281.409668 - r2: -1.973866 - mae: 1032.443726 - 學習率: 0.000189 - 時間: 3.00秒
2025-04-16 00:14:18,338 - src.training.trainer - INFO - 監控指標未改善，已連續 23 輪。最佳值: 1.106431, 當前值: 1.286223
2025-04-16 00:14:21,293 - src.training.trainer - INFO - 監控指標未改善，已連續 24 輪。最佳值: 1.106431, 當前值: 1.339761
2025-04-16 00:14:24,233 - src.training.trainer - INFO - 輪次 91/300 - 訓練損失: 0.848556 - 驗證損失: 1.363484 - rmse: 1285.286499 - r2: -1.991887 - mae: 1035.355225 - 學習率: 0.000179 - 時間: 2.94秒
2025-04-16 00:14:24,247 - src.training.callbacks - INFO - 模型檢查點已保存至 outputs\hybrid_model\HybridPINNLSTMModel_20250416_000955\checkpoints\HybridPINNLSTMModel_epoch_091.pt
2025-04-16 00:14:24,251 - src.training.trainer - INFO - 監控指標未改善，已連續 25 輪。最佳值: 1.106431, 當前值: 1.363484
2025-04-16 00:14:27,075 - src.training.trainer - INFO - 監控指標未改善，已連續 26 輪。最佳值: 1.106431, 當前值: 1.269497
2025-04-16 00:14:27,075 - src.training.trainer - INFO - 檢測到訓練停滯，嘗試重啟訓練...
2025-04-16 00:14:30,069 - src.training.trainer - INFO - 輪次 93/300 - 訓練損失: 0.875995 - 驗證損失: 1.167592 - rmse: 1257.798706 - r2: -1.865284 - mae: 988.405518 - 學習率: 0.000170 - 時間: 2.99秒
2025-04-16 00:14:30,072 - src.training.trainer - INFO - 監控指標未改善，已連續 25 輪。最佳值: 1.106431, 當前值: 1.167592
2025-04-16 00:14:32,910 - src.training.trainer - INFO - 監控指標未改善，已連續 26 輪。最佳值: 1.106431, 當前值: 1.209965
2025-04-16 00:14:35,896 - src.training.trainer - INFO - 輪次 95/300 - 訓練損失: 0.886125 - 驗證損失: 1.227941 - rmse: 1267.393188 - r2: -1.909163 - mae: 1007.385681 - 學習率: 0.000160 - 時間: 2.98秒
2025-04-16 00:14:35,900 - src.training.trainer - INFO - 監控指標未改善，已連續 27 輪。最佳值: 1.106431, 當前值: 1.227941
2025-04-16 00:14:38,827 - src.training.callbacks - INFO - 模型檢查點已保存至 outputs\hybrid_model\HybridPINNLSTMModel_20250416_000955\checkpoints\HybridPINNLSTMModel_epoch_096.pt
2025-04-16 00:14:38,833 - src.training.trainer - INFO - 監控指標未改善，已連續 28 輪。最佳值: 1.106431, 當前值: 1.352611
2025-04-16 00:14:41,851 - src.training.trainer - INFO - 輪次 97/300 - 訓練損失: 0.885609 - 驗證損失: 1.363181 - rmse: 1276.077393 - r2: -1.949167 - mae: 1017.826965 - 學習率: 0.000151 - 時間: 3.02秒
2025-04-16 00:14:41,855 - src.training.trainer - INFO - 監控指標未改善，已連續 29 輪。最佳值: 1.106431, 當前值: 1.363181
2025-04-16 00:14:41,857 - src.training.trainer - INFO - 檢測到訓練停滯，嘗試重啟訓練...
2025-04-16 00:14:44,983 - src.training.trainer - INFO - 監控指標未改善，已連續 28 輪。最佳值: 1.106431, 當前值: 1.355334
2025-04-16 00:14:47,920 - src.training.trainer - INFO - 輪次 99/300 - 訓練損失: 0.884481 - 驗證損失: 1.246683 - rmse: 1270.038696 - r2: -1.921321 - mae: 1012.207703 - 學習率: 0.000141 - 時間: 2.94秒
2025-04-16 00:14:47,926 - src.training.trainer - INFO - 監控指標未改善，已連續 29 輪。最佳值: 1.106431, 當前值: 1.246683
2025-04-16 00:14:50,992 - src.training.trainer - INFO - 監控指標未改善，已連續 30 輪。最佳值: 1.106431, 當前值: 1.224612
2025-04-16 00:14:53,997 - src.training.trainer - INFO - 輪次 101/300 - 訓練損失: 0.848626 - 驗證損失: 1.306791 - rmse: 1275.105469 - r2: -1.944676 - mae: 1017.333496 - 學習率: 0.000132 - 時間: 3.00秒
2025-04-16 00:14:54,011 - src.training.callbacks - INFO - 模型檢查點已保存至 outputs\hybrid_model\HybridPINNLSTMModel_20250416_000955\checkpoints\HybridPINNLSTMModel_epoch_101.pt
2025-04-16 00:14:54,017 - src.training.trainer - INFO - 監控指標未改善，已連續 31 輪。最佳值: 1.106431, 當前值: 1.306791
2025-04-16 00:14:56,945 - src.training.trainer - INFO - 監控指標未改善，已連續 32 輪。最佳值: 1.106431, 當前值: 1.430063
2025-04-16 00:14:56,945 - src.training.trainer - INFO - 檢測到訓練停滯，嘗試重啟訓練...
2025-04-16 00:14:59,721 - src.training.trainer - INFO - 輪次 103/300 - 訓練損失: 0.857497 - 驗證損失: 1.238703 - rmse: 1260.959351 - r2: -1.879702 - mae: 992.784485 - 學習率: 0.000124 - 時間: 2.78秒
2025-04-16 00:14:59,727 - src.training.trainer - INFO - 監控指標未改善，已連續 31 輪。最佳值: 1.106431, 當前值: 1.238703
2025-04-16 00:15:02,822 - src.training.trainer - INFO - 監控指標未改善，已連續 32 輪。最佳值: 1.106431, 當前值: 1.300987
2025-04-16 00:15:05,877 - src.training.trainer - INFO - 輪次 105/300 - 訓練損失: 0.877254 - 驗證損失: 1.333049 - rmse: 1277.588989 - r2: -1.956158 - mae: 1016.661072 - 學習率: 0.000115 - 時間: 3.05秒
2025-04-16 00:15:05,881 - src.training.trainer - INFO - 監控指標未改善，已連續 33 輪。最佳值: 1.106431, 當前值: 1.333049
2025-04-16 00:15:08,812 - src.training.callbacks - INFO - 模型檢查點已保存至 outputs\hybrid_model\HybridPINNLSTMModel_20250416_000955\checkpoints\HybridPINNLSTMModel_epoch_106.pt
2025-04-16 00:15:08,818 - src.training.trainer - INFO - 監控指標未改善，已連續 34 輪。最佳值: 1.106431, 當前值: 1.276572
2025-04-16 00:15:11,836 - src.training.trainer - INFO - 輪次 107/300 - 訓練損失: 0.873572 - 驗證損失: 1.302917 - rmse: 1275.557861 - r2: -1.946766 - mae: 1013.965759 - 學習率: 0.000107 - 時間: 3.02秒
2025-04-16 00:15:11,840 - src.training.trainer - INFO - 監控指標未改善，已連續 35 輪。最佳值: 1.106431, 當前值: 1.302917
2025-04-16 00:15:11,840 - src.training.trainer - INFO - 檢測到訓練停滯，嘗試重啟訓練...
2025-04-16 00:15:14,706 - src.training.trainer - INFO - 監控指標未改善，已連續 34 輪。最佳值: 1.106431, 當前值: 1.384509
2025-04-16 00:15:17,648 - src.training.trainer - INFO - 輪次 109/300 - 訓練損失: 0.843344 - 驗證損失: 1.344505 - rmse: 1282.029053 - r2: -1.976741 - mae: 1028.978027 - 學習率: 0.000099 - 時間: 2.94秒
2025-04-16 00:15:17,652 - src.training.trainer - INFO - 監控指標未改善，已連續 35 輪。最佳值: 1.106431, 當前值: 1.344505
2025-04-16 00:15:20,463 - src.training.trainer - INFO - 監控指標未改善，已連續 36 輪。最佳值: 1.106431, 當前值: 1.292646
2025-04-16 00:15:23,471 - src.training.trainer - INFO - 輪次 111/300 - 訓練損失: 0.813617 - 驗證損失: 1.278519 - rmse: 1277.384277 - r2: -1.955211 - mae: 1024.495361 - 學習率: 0.000091 - 時間: 3.01秒
2025-04-16 00:15:23,485 - src.training.callbacks - INFO - 模型檢查點已保存至 outputs\hybrid_model\HybridPINNLSTMModel_20250416_000955\checkpoints\HybridPINNLSTMModel_epoch_111.pt
2025-04-16 00:15:23,491 - src.training.trainer - INFO - 監控指標未改善，已連續 37 輪。最佳值: 1.106431, 當前值: 1.278519
2025-04-16 00:15:26,642 - src.training.trainer - INFO - 監控指標未改善，已連續 38 輪。最佳值: 1.106431, 當前值: 1.320112
2025-04-16 00:15:26,642 - src.training.trainer - INFO - 檢測到訓練停滯，嘗試重啟訓練...
2025-04-16 00:15:29,644 - src.training.trainer - INFO - 輪次 113/300 - 訓練損失: 0.835830 - 驗證損失: 1.339648 - rmse: 1281.715088 - r2: -1.975283 - mae: 1027.919434 - 學習率: 0.000084 - 時間: 3.00秒
2025-04-16 00:15:29,646 - src.training.trainer - INFO - 監控指標未改善，已連續 37 輪。最佳值: 1.106431, 當前值: 1.339648
2025-04-16 00:15:32,473 - src.training.trainer - INFO - 監控指標未改善，已連續 38 輪。最佳值: 1.106431, 當前值: 1.272989
2025-04-16 00:15:35,346 - src.training.trainer - INFO - 輪次 115/300 - 訓練損失: 0.839753 - 驗證損失: 1.282365 - rmse: 1278.777954 - r2: -1.961663 - mae: 1023.030457 - 學習率: 0.000076 - 時間: 2.87秒
2025-04-16 00:15:35,352 - src.training.trainer - INFO - 監控指標未改善，已連續 39 輪。最佳值: 1.106431, 當前值: 1.282365
2025-04-16 00:15:38,498 - src.training.callbacks - INFO - 模型檢查點已保存至 outputs\hybrid_model\HybridPINNLSTMModel_20250416_000955\checkpoints\HybridPINNLSTMModel_epoch_116.pt
2025-04-16 00:15:38,504 - src.training.trainer - INFO - 監控指標未改善，已連續 40 輪。最佳值: 1.106431, 當前值: 1.314630
2025-04-16 00:15:38,506 - src.training.trainer - INFO - 早停觸發！40 輪未改善
2025-04-16 00:15:38,506 - src.training.trainer - INFO - 早停觸發，在輪次 116 停止訓練
2025-04-16 00:15:38,506 - src.training.trainer - INFO - 訓練完成，總時間: 343.32秒
2025-04-16 00:15:38,532 - __main__ - INFO - 訓練完成，最終模型已保存至: outputs/hybrid_model\models\final_model.pt
2025-04-16 00:15:38,546 - __main__ - WARNING - 合併輸出 l2_penalty 時出錯: zero-dimensional arrays cannot be concatenated
2025-04-16 00:15:38,554 - src.utils.metrics - INFO - Model: HybridPINNLSTMModel
RMSE: 1940.3842
R2: -5.5709
MAE: 1796.0769
MAPE: 93.94%
Relative Error (Mean): 93.94%
Relative Error (Median): 94.64%
Relative Error (90th percentile): 95.70%
Log RMSE: 1.2355
2025-04-16 00:15:38,558 - __main__ - INFO - 評估指標已保存至: outputs/hybrid_model\evaluation\metrics.csv
2025-04-16 00:15:38,560 - __main__ - INFO - 生成視覺化結果...
2025-04-16 00:15:39,432 - src.utils.visualization - INFO - 圖像已保存至: outputs/hybrid_model\evaluation\visualizations\prediction_vs_true.png
2025-04-16 00:15:40,180 - src.utils.visualization - INFO - 圖像已保存至: outputs/hybrid_model\evaluation\visualizations\delta_w_prediction.png
2025-04-16 00:15:40,886 - src.utils.visualization - INFO - 圖像已保存至: outputs/hybrid_model\evaluation\visualizations\physical_constraint.png
2025-04-16 00:15:40,898 - __main__ - INFO - 評估完成，結果已保存至: outputs/hybrid_model\evaluation
2025-04-16 00:15:40,898 - __main__ - INFO - 任務完成
