2025-04-17 12:41:20,651 - __main__ - INFO - Θ更皌竚ゅン: configs/model_config.yaml
2025-04-17 12:41:20,683 - __main__ - INFO - Θ更皌竚ゅン: configs/train_config.yaml
2025-04-17 12:41:20,687 - __main__ - INFO - 砞﹚繦诀贺: 42
2025-04-17 12:41:20,687 - __main__ - INFO - ㄏノ璸衡砞称: cpu
2025-04-17 12:41:20,687 - __main__ - INFO - 块ヘ魁: outputs/hybrid_model
2025-04-17 12:41:20,689 - __main__ - INFO - 更戈: data/raw/Training_data_warpage_final_20250321_v1.2.csv
2025-04-17 12:41:20,691 - src.data.preprocess - INFO - Θ更戈郎: data/raw/Training_data_warpage_final_20250321_v1.2.csv 81 掸戈18 逆
2025-04-17 12:41:20,697 - src.data.preprocess - INFO - 夹非てЧΘ疭紉计秖: 5
2025-04-17 12:41:20,699 - src.data.preprocess - INFO - 丁戈非称ЧΘ: (81, 4, 2)
2025-04-17 12:41:20,702 - src.data.preprocess - INFO - 戈だ澄ЧΘ - 癡絤栋: 56 妓セ, 喷靡栋: 12 妓セ, 代刚栋: 13 妓セ
2025-04-17 12:41:20,704 - src.data.preprocess - INFO - Ч俱戈矪瞶瑈祘ЧΘ
2025-04-17 12:41:20,704 - __main__ - INFO - 戈だ澄ЧΘ, 癡絤栋: 56 妓セ, 喷靡栋: 12 妓セ, 代刚栋: 13 妓セ
2025-04-17 12:41:20,704 - __main__ - INFO - 莱ノ戈糤眏...
2025-04-17 12:41:20,704 - src.data.dataset - INFO - 秈︽戈糤眏﹍癡絤栋: 56 妓セ
2025-04-17 12:41:20,873 - src.data.dataset - INFO - 戈糤眏ЧΘ糤眏癡絤栋: 940 妓セ
2025-04-17 12:41:20,873 - __main__ - INFO - 戈糤眏ЧΘ糤眏癡絤栋: 940 妓セ
2025-04-17 12:41:20,883 - __main__ - INFO - 承睼PINN-LSTM家ㄏノ瞶: True磕よ猭: weighted
2025-04-17 12:41:20,885 - src.data.dataset - INFO - 承戈更竟 - 癡絤: 940 妓セ, 喷靡: 12 妓セ, 代刚: 13 妓セ, уΩ: 8
2025-04-17 12:41:22,819 - src.training.trainer - INFO - 承adam纔て竟厩策瞯: 0.0005舦癐搭: 0.001
2025-04-17 12:41:22,821 - src.training.losses - INFO - ﹍てHybridLoss: lambda_physics=2.0, lambda_consistency=0.5, delta_w_weight=1.5
2025-04-17 12:41:22,821 - src.training.losses - INFO - ﹍てAdaptiveHybridLoss: physics舦眖2.0糤5.0, consistency舦眖0.5糤1.0, delta_w舦眖1.5糤3.0, 50近Ωず笷程, 箇荐近Ω: 5, 秸俱よ: linear
2025-04-17 12:41:22,821 - src.training.trainer - INFO - 承緇┒癶厩策瞯秸竟秅戳: 150程厩策瞯: 1e-05
2025-04-17 12:41:22,823 - src.training.callbacks - INFO - ﹍てModelCheckpoint: 玂ヘ魁=outputs\hybrid_model\HybridPINNLSTMModel_20250417_124122\checkpoints, 玂繵瞯=5, 玂程ㄎ=False, 菏北夹=val_loss, 家Α=min
2025-04-17 12:41:22,823 - src.training.callbacks - INFO - ﹍てLossHistory: 玂隔畖=outputs\hybrid_model\HybridPINNLSTMModel_20250417_124122\history.json, 玂繵瞯=1
2025-04-17 12:41:22,825 - src.training.trainer - INFO - ﹍て癡絤竟ЧΘ家: HybridPINNLSTMModel, 纔て竟: Adam, 砞称: cpu
2025-04-17 12:41:22,826 - __main__ - INFO - 秨﹍癡絤羆近计: 300
2025-04-17 12:41:22,826 - src.training.trainer - INFO - 秨﹍癡絤羆近计: 300
2025-04-17 12:41:26,175 - src.training.trainer - INFO - 近Ω 1/300 - 癡絤穕ア: 45.883156 - 喷靡穕ア: 9.383124 - rmse: 10460.028320 - r2: -197.157730 - mae: 8135.098145 - 厩策瞯: 0.000500 - 丁: 3.35
2025-04-17 12:41:26,190 - src.training.callbacks - INFO - 家浪琩翴玂 outputs\hybrid_model\HybridPINNLSTMModel_20250417_124122\checkpoints\HybridPINNLSTMModel_epoch_001.pt
2025-04-17 12:41:26,197 - src.training.trainer - INFO - 菏北夹э到家玂 outputs/hybrid_model\models\best_model.pt
2025-04-17 12:41:29,758 - src.training.trainer - INFO - 菏北夹э到家玂 outputs/hybrid_model\models\best_model.pt
2025-04-17 12:41:33,235 - src.training.trainer - INFO - 近Ω 3/300 - 癡絤穕ア: 30.110070 - 喷靡穕ア: 5.940158 - rmse: 5933.951660 - r2: -62.772491 - mae: 4053.923584 - 厩策瞯: 0.000500 - 丁: 3.48
2025-04-17 12:41:33,244 - src.training.trainer - INFO - 菏北夹э到家玂 outputs/hybrid_model\models\best_model.pt
2025-04-17 12:41:36,596 - src.training.trainer - INFO - 菏北夹э到家玂 outputs/hybrid_model\models\best_model.pt
2025-04-17 12:41:39,900 - src.training.trainer - INFO - 近Ω 5/300 - 癡絤穕ア: 17.015487 - 喷靡穕ア: 4.055234 - rmse: 2001.829102 - r2: -6.257705 - mae: 1204.456665 - 厩策瞯: 0.000499 - 丁: 3.30
2025-04-17 12:41:39,908 - src.training.trainer - INFO - 菏北夹э到家玂 outputs/hybrid_model\models\best_model.pt
2025-04-17 12:41:43,271 - src.training.callbacks - INFO - 家浪琩翴玂 outputs\hybrid_model\HybridPINNLSTMModel_20250417_124122\checkpoints\HybridPINNLSTMModel_epoch_006.pt
2025-04-17 12:41:43,277 - src.training.trainer - INFO - 菏北夹э到家玂 outputs/hybrid_model\models\best_model.pt
2025-04-17 12:41:46,411 - src.training.trainer - INFO - 近Ω 7/300 - 癡絤穕ア: 9.020606 - 喷靡穕ア: 2.736108 - rmse: 1422.110229 - r2: -2.662789 - mae: 748.096436 - 厩策瞯: 0.000498 - 丁: 3.13
2025-04-17 12:41:46,421 - src.training.trainer - INFO - 菏北夹э到家玂 outputs/hybrid_model\models\best_model.pt
2025-04-17 12:41:49,458 - src.training.trainer - INFO - 菏北夹э到家玂 outputs/hybrid_model\models\best_model.pt
2025-04-17 12:41:52,511 - src.training.trainer - INFO - 近Ω 9/300 - 癡絤穕ア: 5.752119 - 喷靡穕ア: 2.569694 - rmse: 1047.644653 - r2: -0.987803 - mae: 738.520325 - 厩策瞯: 0.000497 - 丁: 3.05
2025-04-17 12:41:52,521 - src.training.trainer - INFO - 菏北夹э到家玂 outputs/hybrid_model\models\best_model.pt
2025-04-17 12:41:55,551 - src.training.trainer - INFO - 菏北夹э到家玂 outputs/hybrid_model\models\best_model.pt
2025-04-17 12:41:58,717 - src.training.trainer - INFO - 近Ω 11/300 - 癡絤穕ア: 5.267901 - 喷靡穕ア: 2.076464 - rmse: 867.302551 - r2: -0.362343 - mae: 636.583984 - 厩策瞯: 0.000495 - 丁: 3.17
2025-04-17 12:41:58,731 - src.training.callbacks - INFO - 家浪琩翴玂 outputs\hybrid_model\HybridPINNLSTMModel_20250417_124122\checkpoints\HybridPINNLSTMModel_epoch_011.pt
2025-04-17 12:41:58,737 - src.training.trainer - INFO - 菏北夹э到家玂 outputs/hybrid_model\models\best_model.pt
2025-04-17 12:42:02,028 - src.training.trainer - INFO - 菏北夹э到家玂 outputs/hybrid_model\models\best_model.pt
2025-04-17 12:42:05,231 - src.training.trainer - INFO - 近Ω 13/300 - 癡絤穕ア: 5.074789 - 喷靡穕ア: 2.275355 - rmse: 1047.644653 - r2: -0.987803 - mae: 738.520325 - 厩策瞯: 0.000492 - 丁: 3.20
2025-04-17 12:42:05,238 - src.training.trainer - INFO - 菏北夹э到家玂 outputs/hybrid_model\models\best_model.pt
2025-04-17 12:42:08,903 - src.training.trainer - INFO - 菏北夹э到家玂 outputs/hybrid_model\models\best_model.pt
2025-04-17 12:42:12,028 - src.training.trainer - INFO - 近Ω 15/300 - 癡絤穕ア: 4.883155 - 喷靡穕ア: 2.345756 - rmse: 1047.644653 - r2: -0.987803 - mae: 738.520325 - 厩策瞯: 0.000490 - 丁: 3.12
2025-04-17 12:42:12,038 - src.training.trainer - INFO - 菏北夹э到家玂 outputs/hybrid_model\models\best_model.pt
2025-04-17 12:42:15,329 - src.training.callbacks - INFO - 家浪琩翴玂 outputs\hybrid_model\HybridPINNLSTMModel_20250417_124122\checkpoints\HybridPINNLSTMModel_epoch_016.pt
2025-04-17 12:42:15,339 - src.training.trainer - INFO - 菏北夹э到家玂 outputs/hybrid_model\models\best_model.pt
2025-04-17 12:42:18,902 - src.training.trainer - INFO - 近Ω 17/300 - 癡絤穕ア: 4.812262 - 喷靡穕ア: 2.231688 - rmse: 1047.644653 - r2: -0.987803 - mae: 738.520325 - 厩策瞯: 0.000486 - 丁: 3.56
2025-04-17 12:42:18,913 - src.training.trainer - INFO - 菏北夹э到家玂 outputs/hybrid_model\models\best_model.pt
2025-04-17 12:42:22,300 - src.training.trainer - INFO - 菏北夹э到家玂 outputs/hybrid_model\models\best_model.pt
2025-04-17 12:42:25,357 - src.training.trainer - INFO - 近Ω 19/300 - 癡絤穕ア: 4.739698 - 喷靡穕ア: 2.216289 - rmse: 1041.049805 - r2: -0.962856 - mae: 735.743958 - 厩策瞯: 0.000483 - 丁: 3.06
2025-04-17 12:42:25,367 - src.training.trainer - INFO - 菏北夹э到家玂 outputs/hybrid_model\models\best_model.pt
2025-04-17 12:42:28,374 - src.training.trainer - INFO - 菏北夹э到家玂 outputs/hybrid_model\models\best_model.pt
2025-04-17 12:42:31,504 - src.training.trainer - INFO - 近Ω 21/300 - 癡絤穕ア: 4.613076 - 喷靡穕ア: 2.360111 - rmse: 1047.644653 - r2: -0.987803 - mae: 738.520325 - 厩策瞯: 0.000479 - 丁: 3.13
2025-04-17 12:42:31,522 - src.training.callbacks - INFO - 家浪琩翴玂 outputs\hybrid_model\HybridPINNLSTMModel_20250417_124122\checkpoints\HybridPINNLSTMModel_epoch_021.pt
2025-04-17 12:42:31,533 - src.training.trainer - INFO - 菏北夹э到家玂 outputs/hybrid_model\models\best_model.pt
2025-04-17 12:42:34,631 - src.training.trainer - INFO - 菏北夹э到家玂 outputs/hybrid_model\models\best_model.pt
2025-04-17 12:42:37,613 - src.training.trainer - INFO - 近Ω 23/300 - 癡絤穕ア: 4.585560 - 喷靡穕ア: 2.238042 - rmse: 1047.644653 - r2: -0.987803 - mae: 738.520325 - 厩策瞯: 0.000474 - 丁: 2.98
2025-04-17 12:42:37,619 - src.training.trainer - INFO - 菏北夹э到家玂 outputs/hybrid_model\models\best_model.pt
2025-04-17 12:42:40,664 - src.training.trainer - INFO - 菏北夹э到家玂 outputs/hybrid_model\models\best_model.pt
2025-04-17 12:42:43,653 - src.training.trainer - INFO - 近Ω 25/300 - 癡絤穕ア: 4.563150 - 喷靡穕ア: 2.126011 - rmse: 1047.644653 - r2: -0.987803 - mae: 738.520325 - 厩策瞯: 0.000470 - 丁: 2.99
2025-04-17 12:42:43,662 - src.training.trainer - INFO - 菏北夹э到家玂 outputs/hybrid_model\models\best_model.pt
2025-04-17 12:42:47,224 - src.training.callbacks - INFO - 家浪琩翴玂 outputs\hybrid_model\HybridPINNLSTMModel_20250417_124122\checkpoints\HybridPINNLSTMModel_epoch_026.pt
2025-04-17 12:42:47,236 - src.training.trainer - INFO - 菏北夹э到家玂 outputs/hybrid_model\models\best_model.pt
2025-04-17 12:42:50,776 - src.training.trainer - INFO - 近Ω 27/300 - 癡絤穕ア: 4.489963 - 喷靡穕ア: 2.138956 - rmse: 1047.644653 - r2: -0.987803 - mae: 738.520325 - 厩策瞯: 0.000465 - 丁: 3.54
2025-04-17 12:42:50,784 - src.training.trainer - INFO - 菏北夹э到家玂 outputs/hybrid_model\models\best_model.pt
2025-04-17 12:42:54,083 - src.training.trainer - INFO - 菏北夹э到家玂 outputs/hybrid_model\models\best_model.pt
2025-04-17 12:42:57,522 - src.training.trainer - INFO - 近Ω 29/300 - 癡絤穕ア: 4.434367 - 喷靡穕ア: 2.201284 - rmse: 1047.644653 - r2: -0.987803 - mae: 738.520325 - 厩策瞯: 0.000459 - 丁: 3.44
2025-04-17 12:42:57,529 - src.training.trainer - INFO - 菏北夹э到家玂 outputs/hybrid_model\models\best_model.pt
2025-04-17 12:43:00,668 - src.training.trainer - INFO - 菏北夹э到家玂 outputs/hybrid_model\models\best_model.pt
2025-04-17 12:43:03,921 - src.training.trainer - INFO - 近Ω 31/300 - 癡絤穕ア: 4.423374 - 喷靡穕ア: 2.049888 - rmse: 1047.644653 - r2: -0.987803 - mae: 738.520325 - 厩策瞯: 0.000453 - 丁: 3.25
2025-04-17 12:43:03,937 - src.training.callbacks - INFO - 家浪琩翴玂 outputs\hybrid_model\HybridPINNLSTMModel_20250417_124122\checkpoints\HybridPINNLSTMModel_epoch_031.pt
2025-04-17 12:43:03,944 - src.training.trainer - INFO - 菏北夹э到家玂 outputs/hybrid_model\models\best_model.pt
2025-04-17 12:43:07,208 - src.training.trainer - INFO - 菏北夹э到家玂 outputs/hybrid_model\models\best_model.pt
2025-04-17 12:43:10,471 - src.training.trainer - INFO - 近Ω 33/300 - 癡絤穕ア: 4.391004 - 喷靡穕ア: 2.039819 - rmse: 1047.644653 - r2: -0.987803 - mae: 738.520325 - 厩策瞯: 0.000447 - 丁: 3.26
2025-04-17 12:43:10,478 - src.training.trainer - INFO - 菏北夹э到家玂 outputs/hybrid_model\models\best_model.pt
2025-04-17 12:43:13,629 - src.training.trainer - INFO - 菏北夹э到家玂 outputs/hybrid_model\models\best_model.pt
2025-04-17 12:43:16,992 - src.training.trainer - INFO - 近Ω 35/300 - 癡絤穕ア: 4.352065 - 喷靡穕ア: 2.045213 - rmse: 1047.644653 - r2: -0.987803 - mae: 738.520325 - 厩策瞯: 0.000440 - 丁: 3.36
2025-04-17 12:43:17,003 - src.training.trainer - INFO - 菏北夹э到家玂 outputs/hybrid_model\models\best_model.pt
2025-04-17 12:43:20,479 - src.training.callbacks - INFO - 家浪琩翴玂 outputs\hybrid_model\HybridPINNLSTMModel_20250417_124122\checkpoints\HybridPINNLSTMModel_epoch_036.pt
2025-04-17 12:43:20,492 - src.training.trainer - INFO - 菏北夹э到家玂 outputs/hybrid_model\models\best_model.pt
2025-04-17 12:43:24,194 - src.training.trainer - INFO - 近Ω 37/300 - 癡絤穕ア: 4.351102 - 喷靡穕ア: 2.025738 - rmse: 1047.644653 - r2: -0.987803 - mae: 738.520325 - 厩策瞯: 0.000434 - 丁: 3.70
2025-04-17 12:43:24,205 - src.training.trainer - INFO - 菏北夹э到家玂 outputs/hybrid_model\models\best_model.pt
2025-04-17 12:43:27,861 - src.training.trainer - INFO - 菏北夹э到家玂 outputs/hybrid_model\models\best_model.pt
2025-04-17 12:43:31,615 - src.training.trainer - INFO - 近Ω 39/300 - 癡絤穕ア: 4.318672 - 喷靡穕ア: 2.014323 - rmse: 1047.644653 - r2: -0.987803 - mae: 738.520325 - 厩策瞯: 0.000426 - 丁: 3.75
2025-04-17 12:43:31,626 - src.training.trainer - INFO - 菏北夹э到家玂 outputs/hybrid_model\models\best_model.pt
2025-04-17 12:43:35,235 - src.training.trainer - INFO - 菏北夹э到家玂 outputs/hybrid_model\models\best_model.pt
2025-04-17 12:43:38,813 - src.training.trainer - INFO - 近Ω 41/300 - 癡絤穕ア: 4.295624 - 喷靡穕ア: 1.995793 - rmse: 1047.644653 - r2: -0.987803 - mae: 738.520325 - 厩策瞯: 0.000419 - 丁: 3.58
2025-04-17 12:43:38,834 - src.training.callbacks - INFO - 家浪琩翴玂 outputs\hybrid_model\HybridPINNLSTMModel_20250417_124122\checkpoints\HybridPINNLSTMModel_epoch_041.pt
2025-04-17 12:43:38,846 - src.training.trainer - INFO - 菏北夹э到家玂 outputs/hybrid_model\models\best_model.pt
2025-04-17 12:43:41,902 - src.training.trainer - INFO - 菏北夹э到家玂 outputs/hybrid_model\models\best_model.pt
2025-04-17 12:43:45,044 - src.training.trainer - INFO - 近Ω 43/300 - 癡絤穕ア: 4.280441 - 喷靡穕ア: 1.972380 - rmse: 1047.644653 - r2: -0.987803 - mae: 738.520325 - 厩策瞯: 0.000411 - 丁: 3.14
2025-04-17 12:43:45,052 - src.training.trainer - INFO - 菏北夹э到家玂 outputs/hybrid_model\models\best_model.pt
2025-04-17 12:43:48,199 - src.training.trainer - INFO - 菏北夹э到家玂 outputs/hybrid_model\models\best_model.pt
2025-04-17 12:43:51,408 - src.training.trainer - INFO - 近Ω 45/300 - 癡絤穕ア: 4.274211 - 喷靡穕ア: 1.958605 - rmse: 1047.644653 - r2: -0.987803 - mae: 738.520325 - 厩策瞯: 0.000403 - 丁: 3.21
2025-04-17 12:43:51,419 - src.training.trainer - INFO - 菏北夹э到家玂 outputs/hybrid_model\models\best_model.pt
2025-04-17 12:43:54,671 - src.training.callbacks - INFO - 家浪琩翴玂 outputs\hybrid_model\HybridPINNLSTMModel_20250417_124122\checkpoints\HybridPINNLSTMModel_epoch_046.pt
2025-04-17 12:43:54,682 - src.training.trainer - INFO - 菏北夹э到家玂 outputs/hybrid_model\models\best_model.pt
2025-04-17 12:43:57,912 - src.training.trainer - INFO - 近Ω 47/300 - 癡絤穕ア: 4.233089 - 喷靡穕ア: 1.951923 - rmse: 1047.644653 - r2: -0.987803 - mae: 738.520325 - 厩策瞯: 0.000395 - 丁: 3.23
2025-04-17 12:43:57,922 - src.training.trainer - INFO - 菏北夹э到家玂 outputs/hybrid_model\models\best_model.pt
2025-04-17 12:44:01,265 - src.training.trainer - INFO - 菏北夹э到家玂 outputs/hybrid_model\models\best_model.pt
2025-04-17 12:44:04,415 - src.training.trainer - INFO - 近Ω 49/300 - 癡絤穕ア: 4.238093 - 喷靡穕ア: 1.941791 - rmse: 1047.644653 - r2: -0.987803 - mae: 738.520325 - 厩策瞯: 0.000386 - 丁: 3.15
2025-04-17 12:44:04,428 - src.training.trainer - INFO - 菏北夹э到家玂 outputs/hybrid_model\models\best_model.pt
2025-04-17 12:44:07,544 - src.training.trainer - INFO - 菏北夹э到家玂 outputs/hybrid_model\models\best_model.pt
2025-04-17 12:44:10,721 - src.training.trainer - INFO - 近Ω 51/300 - 癡絤穕ア: 4.224839 - 喷靡穕ア: 1.937989 - rmse: 1047.644653 - r2: -0.987803 - mae: 738.520325 - 厩策瞯: 0.000377 - 丁: 3.18
2025-04-17 12:44:10,734 - src.training.callbacks - INFO - 家浪琩翴玂 outputs\hybrid_model\HybridPINNLSTMModel_20250417_124122\checkpoints\HybridPINNLSTMModel_epoch_051.pt
2025-04-17 12:44:10,737 - src.training.trainer - INFO - min家Α菏北夹э到
2025-04-17 12:44:10,742 - src.training.trainer - INFO - 菏北夹э到家玂 outputs/hybrid_model\models\best_model.pt
2025-04-17 12:44:14,037 - src.training.trainer - INFO - 菏北夹ゼэ到硈尿 1 近程ㄎ: 1.937989, 讽玡: 1.943970
2025-04-17 12:44:17,011 - src.training.trainer - INFO - 近Ω 53/300 - 癡絤穕ア: 4.207394 - 喷靡穕ア: 1.935788 - rmse: 1047.644653 - r2: -0.987803 - mae: 738.520325 - 厩策瞯: 0.000369 - 丁: 2.97
2025-04-17 12:44:17,015 - src.training.trainer - INFO - min家Α菏北夹э到, 眖 1.937989 э到 1.935788
2025-04-17 12:44:17,023 - src.training.trainer - INFO - 菏北夹э到家玂 outputs/hybrid_model\models\best_model.pt
2025-04-17 12:44:20,081 - src.training.trainer - INFO - min家Α菏北夹э到, 眖 1.935788 э到 1.928211
2025-04-17 12:44:20,090 - src.training.trainer - INFO - 菏北夹э到家玂 outputs/hybrid_model\models\best_model.pt
2025-04-17 12:44:23,546 - src.training.trainer - INFO - 近Ω 55/300 - 癡絤穕ア: 4.202644 - 喷靡穕ア: 1.927833 - rmse: 1047.644653 - r2: -0.987803 - mae: 738.520325 - 厩策瞯: 0.000359 - 丁: 3.45
2025-04-17 12:44:23,549 - src.training.trainer - INFO - 菏北夹ゼэ到硈尿 1 近程ㄎ: 1.928211, 讽玡: 1.927833
2025-04-17 12:44:26,790 - src.training.callbacks - INFO - 家浪琩翴玂 outputs\hybrid_model\HybridPINNLSTMModel_20250417_124122\checkpoints\HybridPINNLSTMModel_epoch_056.pt
2025-04-17 12:44:26,794 - src.training.trainer - INFO - min家Α菏北夹э到, 眖 1.928211 э到 1.918241
2025-04-17 12:44:26,803 - src.training.trainer - INFO - 菏北夹э到家玂 outputs/hybrid_model\models\best_model.pt
2025-04-17 12:44:30,042 - src.training.trainer - INFO - 近Ω 57/300 - 癡絤穕ア: 4.188131 - 喷靡穕ア: 1.918089 - rmse: 1047.644653 - r2: -0.987803 - mae: 738.520325 - 厩策瞯: 0.000350 - 丁: 3.24
2025-04-17 12:44:30,044 - src.training.trainer - INFO - 菏北夹ゼэ到硈尿 1 近程ㄎ: 1.918241, 讽玡: 1.918089
2025-04-17 12:44:33,487 - src.training.trainer - INFO - min家Α菏北夹э到, 眖 1.918241 э到 1.914676
2025-04-17 12:44:33,494 - src.training.trainer - INFO - 菏北夹э到家玂 outputs/hybrid_model\models\best_model.pt
2025-04-17 12:44:38,170 - src.training.trainer - INFO - 近Ω 59/300 - 癡絤穕ア: 4.182283 - 喷靡穕ア: 1.914143 - rmse: 1047.644653 - r2: -0.987803 - mae: 738.520325 - 厩策瞯: 0.000340 - 丁: 4.68
2025-04-17 12:44:38,174 - src.training.trainer - INFO - min家Α菏北夹э到, 眖 1.914676 э到 1.914143
2025-04-17 12:44:38,179 - src.training.trainer - INFO - 菏北夹э到家玂 outputs/hybrid_model\models\best_model.pt
2025-04-17 12:44:41,504 - src.training.trainer - INFO - min家Α菏北夹э到, 眖 1.914143 э到 1.907508
2025-04-17 12:44:41,514 - src.training.trainer - INFO - 菏北夹э到家玂 outputs/hybrid_model\models\best_model.pt
2025-04-17 12:44:45,171 - src.training.trainer - INFO - 近Ω 61/300 - 癡絤穕ア: 4.186872 - 喷靡穕ア: 1.901248 - rmse: 1047.644653 - r2: -0.987803 - mae: 738.520325 - 厩策瞯: 0.000331 - 丁: 3.66
2025-04-17 12:44:45,193 - src.training.callbacks - INFO - 家浪琩翴玂 outputs\hybrid_model\HybridPINNLSTMModel_20250417_124122\checkpoints\HybridPINNLSTMModel_epoch_061.pt
2025-04-17 12:44:45,197 - src.training.trainer - INFO - min家Α菏北夹э到, 眖 1.907508 э到 1.901248
2025-04-17 12:44:45,204 - src.training.trainer - INFO - 菏北夹э到家玂 outputs/hybrid_model\models\best_model.pt
2025-04-17 12:44:49,627 - src.training.trainer - INFO - 菏北夹ゼэ到硈尿 1 近程ㄎ: 1.901248, 讽玡: 1.903351
2025-04-17 12:44:52,791 - src.training.trainer - INFO - 近Ω 63/300 - 癡絤穕ア: 4.165886 - 喷靡穕ア: 1.898694 - rmse: 1047.644653 - r2: -0.987803 - mae: 738.520325 - 厩策瞯: 0.000321 - 丁: 3.16
2025-04-17 12:44:52,795 - src.training.trainer - INFO - min家Α菏北夹э到, 眖 1.901248 э到 1.898694
2025-04-17 12:44:52,799 - src.training.trainer - INFO - 菏北夹э到家玂 outputs/hybrid_model\models\best_model.pt
2025-04-17 12:44:57,218 - src.training.trainer - INFO - min家Α菏北夹э到, 眖 1.898694 э到 1.897105
2025-04-17 12:44:57,224 - src.training.trainer - INFO - 菏北夹э到家玂 outputs/hybrid_model\models\best_model.pt
2025-04-17 12:45:01,157 - src.training.trainer - INFO - 近Ω 65/300 - 癡絤穕ア: 4.163381 - 喷靡穕ア: 1.896110 - rmse: 1047.644653 - r2: -0.987803 - mae: 738.520325 - 厩策瞯: 0.000311 - 丁: 3.93
2025-04-17 12:45:01,161 - src.training.trainer - INFO - min家Α菏北夹э到, 眖 1.897105 э到 1.896110
2025-04-17 12:45:01,169 - src.training.trainer - INFO - 菏北夹э到家玂 outputs/hybrid_model\models\best_model.pt
2025-04-17 12:45:04,603 - src.training.callbacks - INFO - 家浪琩翴玂 outputs\hybrid_model\HybridPINNLSTMModel_20250417_124122\checkpoints\HybridPINNLSTMModel_epoch_066.pt
2025-04-17 12:45:04,605 - src.training.trainer - INFO - 菏北夹ゼэ到硈尿 1 近程ㄎ: 1.896110, 讽玡: 1.896348
2025-04-17 12:45:07,710 - src.training.trainer - INFO - 近Ω 67/300 - 癡絤穕ア: 4.167020 - 喷靡穕ア: 1.892273 - rmse: 1047.644653 - r2: -0.987803 - mae: 738.520325 - 厩策瞯: 0.000301 - 丁: 3.10
2025-04-17 12:45:07,714 - src.training.trainer - INFO - min家Α菏北夹э到, 眖 1.896110 э到 1.892273
2025-04-17 12:45:07,722 - src.training.trainer - INFO - 菏北夹э到家玂 outputs/hybrid_model\models\best_model.pt
2025-04-17 12:45:10,650 - src.training.trainer - INFO - min家Α菏北夹э到, 眖 1.892273 э到 1.889273
2025-04-17 12:45:10,660 - src.training.trainer - INFO - 菏北夹э到家玂 outputs/hybrid_model\models\best_model.pt
2025-04-17 12:45:13,566 - src.training.trainer - INFO - 近Ω 69/300 - 癡絤穕ア: 4.154948 - 喷靡穕ア: 1.885208 - rmse: 1047.644653 - r2: -0.987803 - mae: 738.520325 - 厩策瞯: 0.000291 - 丁: 2.91
2025-04-17 12:45:13,570 - src.training.trainer - INFO - min家Α菏北夹э到, 眖 1.889273 э到 1.885208
2025-04-17 12:45:13,580 - src.training.trainer - INFO - 菏北夹э到家玂 outputs/hybrid_model\models\best_model.pt
2025-04-17 12:45:16,516 - src.training.trainer - INFO - 菏北夹ゼэ到硈尿 1 近程ㄎ: 1.885208, 讽玡: 1.888621
2025-04-17 12:45:19,398 - src.training.trainer - INFO - 近Ω 71/300 - 癡絤穕ア: 4.152108 - 喷靡穕ア: 1.886455 - rmse: 1047.644653 - r2: -0.987803 - mae: 738.520325 - 厩策瞯: 0.000281 - 丁: 2.88
2025-04-17 12:45:19,420 - src.training.callbacks - INFO - 家浪琩翴玂 outputs\hybrid_model\HybridPINNLSTMModel_20250417_124122\checkpoints\HybridPINNLSTMModel_epoch_071.pt
2025-04-17 12:45:19,424 - src.training.trainer - INFO - 菏北夹ゼэ到硈尿 2 近程ㄎ: 1.885208, 讽玡: 1.886455
2025-04-17 12:45:22,262 - src.training.trainer - INFO - 菏北夹ゼэ到硈尿 3 近程ㄎ: 1.885208, 讽玡: 1.885960
2025-04-17 12:45:25,122 - src.training.trainer - INFO - 近Ω 73/300 - 癡絤穕ア: 4.154323 - 喷靡穕ア: 1.883571 - rmse: 1047.644653 - r2: -0.987803 - mae: 738.520325 - 厩策瞯: 0.000270 - 丁: 2.86
2025-04-17 12:45:25,126 - src.training.trainer - INFO - min家Α菏北夹э到, 眖 1.885208 э到 1.883571
2025-04-17 12:45:25,136 - src.training.trainer - INFO - 菏北夹э到家玂 outputs/hybrid_model\models\best_model.pt
2025-04-17 12:45:28,029 - src.training.trainer - INFO - min家Α菏北夹э到, 眖 1.883571 э到 1.877774
2025-04-17 12:45:28,035 - src.training.trainer - INFO - 菏北夹э到家玂 outputs/hybrid_model\models\best_model.pt
2025-04-17 12:45:31,117 - src.training.trainer - INFO - 近Ω 75/300 - 癡絤穕ア: 4.135050 - 喷靡穕ア: 1.877753 - rmse: 1047.644653 - r2: -0.987803 - mae: 738.520325 - 厩策瞯: 0.000260 - 丁: 3.08
2025-04-17 12:45:31,121 - src.training.trainer - INFO - 菏北夹ゼэ到硈尿 1 近程ㄎ: 1.877774, 讽玡: 1.877753
2025-04-17 12:45:34,054 - src.training.callbacks - INFO - 家浪琩翴玂 outputs\hybrid_model\HybridPINNLSTMModel_20250417_124122\checkpoints\HybridPINNLSTMModel_epoch_076.pt
2025-04-17 12:45:34,058 - src.training.trainer - INFO - 菏北夹ゼэ到硈尿 2 近程ㄎ: 1.877774, 讽玡: 1.878074
2025-04-17 12:45:37,071 - src.training.trainer - INFO - 近Ω 77/300 - 癡絤穕ア: 4.135388 - 喷靡穕ア: 1.875493 - rmse: 1047.644653 - r2: -0.987803 - mae: 738.520325 - 厩策瞯: 0.000250 - 丁: 3.01
2025-04-17 12:45:37,076 - src.training.trainer - INFO - min家Α菏北夹э到, 眖 1.877774 э到 1.875493
2025-04-17 12:45:37,082 - src.training.trainer - INFO - 菏北夹э到家玂 outputs/hybrid_model\models\best_model.pt
2025-04-17 12:45:39,953 - src.training.trainer - INFO - min家Α菏北夹э到, 眖 1.875493 э到 1.874308
2025-04-17 12:45:39,961 - src.training.trainer - INFO - 菏北夹э到家玂 outputs/hybrid_model\models\best_model.pt
2025-04-17 12:45:43,041 - src.training.trainer - INFO - 近Ω 79/300 - 癡絤穕ア: 4.128345 - 喷靡穕ア: 1.874415 - rmse: 1047.644653 - r2: -0.987803 - mae: 738.520325 - 厩策瞯: 0.000240 - 丁: 3.08
2025-04-17 12:45:43,043 - src.training.trainer - INFO - 菏北夹ゼэ到硈尿 1 近程ㄎ: 1.874308, 讽玡: 1.874415
2025-04-17 12:45:45,916 - src.training.trainer - INFO - min家Α菏北夹э到, 眖 1.874308 э到 1.872250
2025-04-17 12:45:45,920 - src.training.trainer - INFO - 菏北夹э到家玂 outputs/hybrid_model\models\best_model.pt
2025-04-17 12:45:49,037 - src.training.trainer - INFO - 近Ω 81/300 - 癡絤穕ア: 4.119519 - 喷靡穕ア: 1.871054 - rmse: 1047.644653 - r2: -0.987803 - mae: 738.520325 - 厩策瞯: 0.000229 - 丁: 3.12
2025-04-17 12:45:49,053 - src.training.callbacks - INFO - 家浪琩翴玂 outputs\hybrid_model\HybridPINNLSTMModel_20250417_124122\checkpoints\HybridPINNLSTMModel_epoch_081.pt
2025-04-17 12:45:49,057 - src.training.trainer - INFO - min家Α菏北夹э到, 眖 1.872250 э到 1.871054
2025-04-17 12:45:49,063 - src.training.trainer - INFO - 菏北夹э到家玂 outputs/hybrid_model\models\best_model.pt
2025-04-17 12:45:52,070 - src.training.trainer - INFO - min家Α菏北夹э到, 眖 1.871054 э到 1.869794
2025-04-17 12:45:52,078 - src.training.trainer - INFO - 菏北夹э到家玂 outputs/hybrid_model\models\best_model.pt
2025-04-17 12:45:55,008 - src.training.trainer - INFO - 近Ω 83/300 - 癡絤穕ア: 4.103751 - 喷靡穕ア: 1.867357 - rmse: 1047.644653 - r2: -0.987803 - mae: 738.520325 - 厩策瞯: 0.000219 - 丁: 2.93
2025-04-17 12:45:55,012 - src.training.trainer - INFO - min家Α菏北夹э到, 眖 1.869794 э到 1.867357
2025-04-17 12:45:55,020 - src.training.trainer - INFO - 菏北夹э到家玂 outputs/hybrid_model\models\best_model.pt
2025-04-17 12:45:57,958 - src.training.trainer - INFO - min家Α菏北夹э到, 眖 1.867357 э到 1.865737
2025-04-17 12:45:57,964 - src.training.trainer - INFO - 菏北夹э到家玂 outputs/hybrid_model\models\best_model.pt
2025-04-17 12:46:00,946 - src.training.trainer - INFO - 近Ω 85/300 - 癡絤穕ア: 4.114970 - 喷靡穕ア: 1.863622 - rmse: 1047.644653 - r2: -0.987803 - mae: 738.520325 - 厩策瞯: 0.000209 - 丁: 2.98
2025-04-17 12:46:00,952 - src.training.trainer - INFO - min家Α菏北夹э到, 眖 1.865737 э到 1.863622
2025-04-17 12:46:00,960 - src.training.trainer - INFO - 菏北夹э到家玂 outputs/hybrid_model\models\best_model.pt
2025-04-17 12:46:04,006 - src.training.callbacks - INFO - 家浪琩翴玂 outputs\hybrid_model\HybridPINNLSTMModel_20250417_124122\checkpoints\HybridPINNLSTMModel_epoch_086.pt
2025-04-17 12:46:04,010 - src.training.trainer - INFO - 菏北夹ゼэ到硈尿 1 近程ㄎ: 1.863622, 讽玡: 1.863486
2025-04-17 12:46:06,824 - src.training.trainer - INFO - 近Ω 87/300 - 癡絤穕ア: 4.112932 - 喷靡穕ア: 1.862329 - rmse: 1047.644653 - r2: -0.987803 - mae: 738.520325 - 厩策瞯: 0.000199 - 丁: 2.81
2025-04-17 12:46:06,828 - src.training.trainer - INFO - min家Α菏北夹э到, 眖 1.863622 э到 1.862329
2025-04-17 12:46:06,836 - src.training.trainer - INFO - 菏北夹э到家玂 outputs/hybrid_model\models\best_model.pt
2025-04-17 12:46:09,813 - src.training.trainer - INFO - 菏北夹ゼэ到硈尿 1 近程ㄎ: 1.862329, 讽玡: 1.861941
2025-04-17 12:46:12,733 - src.training.trainer - INFO - 近Ω 89/300 - 癡絤穕ア: 4.106683 - 喷靡穕ア: 1.860108 - rmse: 1047.644653 - r2: -0.987803 - mae: 738.520325 - 厩策瞯: 0.000189 - 丁: 2.92
2025-04-17 12:46:12,737 - src.training.trainer - INFO - min家Α菏北夹э到, 眖 1.862329 э到 1.860108
2025-04-17 12:46:12,743 - src.training.trainer - INFO - 菏北夹э到家玂 outputs/hybrid_model\models\best_model.pt
2025-04-17 12:46:15,660 - src.training.trainer - INFO - 菏北夹ゼэ到硈尿 1 近程ㄎ: 1.860108, 讽玡: 1.860304
2025-04-17 12:46:18,665 - src.training.trainer - INFO - 近Ω 91/300 - 癡絤穕ア: 4.110515 - 喷靡穕ア: 1.862741 - rmse: 1047.644653 - r2: -0.987803 - mae: 738.520325 - 厩策瞯: 0.000179 - 丁: 3.00
2025-04-17 12:46:18,687 - src.training.callbacks - INFO - 家浪琩翴玂 outputs\hybrid_model\HybridPINNLSTMModel_20250417_124122\checkpoints\HybridPINNLSTMModel_epoch_091.pt
2025-04-17 12:46:18,691 - src.training.trainer - INFO - 菏北夹ゼэ到硈尿 2 近程ㄎ: 1.860108, 讽玡: 1.862741
2025-04-17 12:46:21,671 - src.training.trainer - INFO - min家Α菏北夹э到, 眖 1.860108 э到 1.858539
2025-04-17 12:46:21,677 - src.training.trainer - INFO - 菏北夹э到家玂 outputs/hybrid_model\models\best_model.pt
2025-04-17 12:46:24,517 - src.training.trainer - INFO - 近Ω 93/300 - 癡絤穕ア: 4.110766 - 喷靡穕ア: 1.857182 - rmse: 1047.644653 - r2: -0.987803 - mae: 738.520325 - 厩策瞯: 0.000170 - 丁: 2.84
2025-04-17 12:46:24,521 - src.training.trainer - INFO - min家Α菏北夹э到, 眖 1.858539 э到 1.857182
2025-04-17 12:46:24,531 - src.training.trainer - INFO - 菏北夹э到家玂 outputs/hybrid_model\models\best_model.pt
2025-04-17 12:46:27,323 - src.training.trainer - INFO - 菏北夹ゼэ到硈尿 1 近程ㄎ: 1.857182, 讽玡: 1.857910
2025-04-17 12:46:30,295 - src.training.trainer - INFO - 近Ω 95/300 - 癡絤穕ア: 4.106741 - 喷靡穕ア: 1.855857 - rmse: 1047.644653 - r2: -0.987803 - mae: 738.520325 - 厩策瞯: 0.000160 - 丁: 2.97
2025-04-17 12:46:30,299 - src.training.trainer - INFO - min家Α菏北夹э到, 眖 1.857182 э到 1.855857
2025-04-17 12:46:30,307 - src.training.trainer - INFO - 菏北夹э到家玂 outputs/hybrid_model\models\best_model.pt
2025-04-17 12:46:33,146 - src.training.callbacks - INFO - 家浪琩翴玂 outputs\hybrid_model\HybridPINNLSTMModel_20250417_124122\checkpoints\HybridPINNLSTMModel_epoch_096.pt
2025-04-17 12:46:33,150 - src.training.trainer - INFO - 菏北夹ゼэ到硈尿 1 近程ㄎ: 1.855857, 讽玡: 1.855790
2025-04-17 12:46:36,027 - src.training.trainer - INFO - 近Ω 97/300 - 癡絤穕ア: 4.092093 - 喷靡穕ア: 1.856452 - rmse: 1047.644653 - r2: -0.987803 - mae: 738.520325 - 厩策瞯: 0.000151 - 丁: 2.88
2025-04-17 12:46:36,031 - src.training.trainer - INFO - 菏北夹ゼэ到硈尿 2 近程ㄎ: 1.855857, 讽玡: 1.856452
2025-04-17 12:46:38,922 - src.training.trainer - INFO - 菏北夹ゼэ到硈尿 3 近程ㄎ: 1.855857, 讽玡: 1.856118
2025-04-17 12:46:41,908 - src.training.trainer - INFO - 近Ω 99/300 - 癡絤穕ア: 4.092468 - 喷靡穕ア: 1.855569 - rmse: 1047.644653 - r2: -0.987803 - mae: 738.520325 - 厩策瞯: 0.000141 - 丁: 2.99
2025-04-17 12:46:41,910 - src.training.trainer - INFO - 菏北夹ゼэ到硈尿 4 近程ㄎ: 1.855857, 讽玡: 1.855569
2025-04-17 12:46:44,691 - src.training.trainer - INFO - 菏北夹ゼэ到硈尿 5 近程ㄎ: 1.855857, 讽玡: 1.855947
2025-04-17 12:46:44,691 - src.training.trainer - INFO - 浪代癡絤氨孩沽刚币癡絤...
2025-04-17 12:46:47,805 - src.training.trainer - INFO - 近Ω 101/300 - 癡絤穕ア: 4.099414 - 喷靡穕ア: 1.854556 - rmse: 1047.644653 - r2: -0.987803 - mae: 738.520325 - 厩策瞯: 0.000132 - 丁: 3.11
2025-04-17 12:46:47,819 - src.training.callbacks - INFO - 家浪琩翴玂 outputs\hybrid_model\HybridPINNLSTMModel_20250417_124122\checkpoints\HybridPINNLSTMModel_epoch_101.pt
2025-04-17 12:46:47,823 - src.training.trainer - INFO - min家Α菏北夹э到, 眖 1.855857 э到 1.854556
2025-04-17 12:46:47,828 - src.training.trainer - INFO - 菏北夹э到家玂 outputs/hybrid_model\models\best_model.pt
2025-04-17 12:46:50,843 - src.training.trainer - INFO - 菏北夹ゼэ到硈尿 1 近程ㄎ: 1.854556, 讽玡: 1.854611
2025-04-17 12:46:53,919 - src.training.trainer - INFO - 近Ω 103/300 - 癡絤穕ア: 4.082740 - 喷靡穕ア: 1.852200 - rmse: 1047.644653 - r2: -0.987803 - mae: 738.520325 - 厩策瞯: 0.000124 - 丁: 3.08
2025-04-17 12:46:53,923 - src.training.trainer - INFO - min家Α菏北夹э到, 眖 1.854556 э到 1.852200
2025-04-17 12:46:53,929 - src.training.trainer - INFO - 菏北夹э到家玂 outputs/hybrid_model\models\best_model.pt
2025-04-17 12:46:56,954 - src.training.trainer - INFO - 菏北夹ゼэ到硈尿 1 近程ㄎ: 1.852200, 讽玡: 1.852196
2025-04-17 12:46:59,812 - src.training.trainer - INFO - 近Ω 105/300 - 癡絤穕ア: 4.093059 - 喷靡穕ア: 1.852552 - rmse: 1047.644653 - r2: -0.987803 - mae: 738.520325 - 厩策瞯: 0.000115 - 丁: 2.86
2025-04-17 12:46:59,816 - src.training.trainer - INFO - 菏北夹ゼэ到硈尿 2 近程ㄎ: 1.852200, 讽玡: 1.852552
2025-04-17 12:47:02,771 - src.training.callbacks - INFO - 家浪琩翴玂 outputs\hybrid_model\HybridPINNLSTMModel_20250417_124122\checkpoints\HybridPINNLSTMModel_epoch_106.pt
2025-04-17 12:47:02,775 - src.training.trainer - INFO - min家Α菏北夹э到, 眖 1.852200 э到 1.850602
2025-04-17 12:47:02,781 - src.training.trainer - INFO - 菏北夹э到家玂 outputs/hybrid_model\models\best_model.pt
2025-04-17 12:47:05,665 - src.training.trainer - INFO - 近Ω 107/300 - 癡絤穕ア: 4.079805 - 喷靡穕ア: 1.852463 - rmse: 1047.644653 - r2: -0.987803 - mae: 738.520325 - 厩策瞯: 0.000107 - 丁: 2.88
2025-04-17 12:47:05,671 - src.training.trainer - INFO - 菏北夹ゼэ到硈尿 1 近程ㄎ: 1.850602, 讽玡: 1.852463
2025-04-17 12:47:08,605 - src.training.trainer - INFO - min家Α菏北夹э到, 眖 1.850602 э到 1.849880
2025-04-17 12:47:08,609 - src.training.trainer - INFO - 菏北夹э到家玂 outputs/hybrid_model\models\best_model.pt
2025-04-17 12:47:11,556 - src.training.trainer - INFO - 近Ω 109/300 - 癡絤穕ア: 4.084994 - 喷靡穕ア: 1.850096 - rmse: 1047.644653 - r2: -0.987803 - mae: 738.520325 - 厩策瞯: 0.000099 - 丁: 2.95
2025-04-17 12:47:11,560 - src.training.trainer - INFO - 菏北夹ゼэ到硈尿 1 近程ㄎ: 1.849880, 讽玡: 1.850096
2025-04-17 12:47:14,367 - src.training.trainer - INFO - 菏北夹ゼэ到硈尿 2 近程ㄎ: 1.849880, 讽玡: 1.850523
2025-04-17 12:47:17,479 - src.training.trainer - INFO - 近Ω 111/300 - 癡絤穕ア: 4.087306 - 喷靡穕ア: 1.849012 - rmse: 1047.644653 - r2: -0.987803 - mae: 738.520325 - 厩策瞯: 0.000091 - 丁: 3.11
2025-04-17 12:47:17,493 - src.training.callbacks - INFO - 家浪琩翴玂 outputs\hybrid_model\HybridPINNLSTMModel_20250417_124122\checkpoints\HybridPINNLSTMModel_epoch_111.pt
2025-04-17 12:47:17,497 - src.training.trainer - INFO - min家Α菏北夹э到, 眖 1.849880 э到 1.849012
2025-04-17 12:47:17,503 - src.training.trainer - INFO - 菏北夹э到家玂 outputs/hybrid_model\models\best_model.pt
2025-04-17 12:47:20,606 - src.training.trainer - INFO - 菏北夹ゼэ到硈尿 1 近程ㄎ: 1.849012, 讽玡: 1.849318
2025-04-17 12:47:23,725 - src.training.trainer - INFO - 近Ω 113/300 - 癡絤穕ア: 4.084181 - 喷靡穕ア: 1.848916 - rmse: 1047.644653 - r2: -0.987803 - mae: 738.520325 - 厩策瞯: 0.000084 - 丁: 3.12
2025-04-17 12:47:23,727 - src.training.trainer - INFO - 菏北夹ゼэ到硈尿 2 近程ㄎ: 1.849012, 讽玡: 1.848916
2025-04-17 12:47:26,649 - src.training.trainer - INFO - min家Α菏北夹э到, 眖 1.849012 э到 1.847096
2025-04-17 12:47:26,657 - src.training.trainer - INFO - 菏北夹э到家玂 outputs/hybrid_model\models\best_model.pt
2025-04-17 12:47:29,770 - src.training.trainer - INFO - 近Ω 115/300 - 癡絤穕ア: 4.070920 - 喷靡穕ア: 1.847764 - rmse: 1047.644653 - r2: -0.987803 - mae: 738.520325 - 厩策瞯: 0.000076 - 丁: 3.11
2025-04-17 12:47:29,774 - src.training.trainer - INFO - 菏北夹ゼэ到硈尿 1 近程ㄎ: 1.847096, 讽玡: 1.847764
2025-04-17 12:47:32,876 - src.training.callbacks - INFO - 家浪琩翴玂 outputs\hybrid_model\HybridPINNLSTMModel_20250417_124122\checkpoints\HybridPINNLSTMModel_epoch_116.pt
2025-04-17 12:47:32,880 - src.training.trainer - INFO - 菏北夹ゼэ到硈尿 2 近程ㄎ: 1.847096, 讽玡: 1.849353
2025-04-17 12:47:35,951 - src.training.trainer - INFO - 近Ω 117/300 - 癡絤穕ア: 4.082617 - 喷靡穕ア: 1.848028 - rmse: 1047.644653 - r2: -0.987803 - mae: 738.520325 - 厩策瞯: 0.000070 - 丁: 3.07
2025-04-17 12:47:35,955 - src.training.trainer - INFO - 菏北夹ゼэ到硈尿 3 近程ㄎ: 1.847096, 讽玡: 1.848028
2025-04-17 12:47:38,904 - src.training.trainer - INFO - 菏北夹ゼэ到硈尿 4 近程ㄎ: 1.847096, 讽玡: 1.847946
2025-04-17 12:47:41,976 - src.training.trainer - INFO - 近Ω 119/300 - 癡絤穕ア: 4.076522 - 喷靡穕ア: 1.849101 - rmse: 1047.644653 - r2: -0.987803 - mae: 738.520325 - 厩策瞯: 0.000063 - 丁: 3.07
2025-04-17 12:47:41,980 - src.training.trainer - INFO - 菏北夹ゼэ到硈尿 5 近程ㄎ: 1.847096, 讽玡: 1.849101
2025-04-17 12:47:41,980 - src.training.trainer - INFO - 浪代癡絤氨孩沽刚币癡絤...
2025-04-17 12:47:45,003 - src.training.trainer - INFO - 菏北夹ゼэ到硈尿 4 近程ㄎ: 1.847096, 讽玡: 1.847694
2025-04-17 12:47:47,961 - src.training.trainer - INFO - 近Ω 121/300 - 癡絤穕ア: 4.064735 - 喷靡穕ア: 1.846287 - rmse: 1047.644653 - r2: -0.987803 - mae: 738.520325 - 厩策瞯: 0.000057 - 丁: 2.96
2025-04-17 12:47:47,975 - src.training.callbacks - INFO - 家浪琩翴玂 outputs\hybrid_model\HybridPINNLSTMModel_20250417_124122\checkpoints\HybridPINNLSTMModel_epoch_121.pt
2025-04-17 12:47:47,979 - src.training.trainer - INFO - min家Α菏北夹э到, 眖 1.847096 э到 1.846287
2025-04-17 12:47:47,987 - src.training.trainer - INFO - 菏北夹э到家玂 outputs/hybrid_model\models\best_model.pt
2025-04-17 12:47:50,892 - src.training.trainer - INFO - 菏北夹ゼэ到硈尿 1 近程ㄎ: 1.846287, 讽玡: 1.846376
2025-04-17 12:47:53,880 - src.training.trainer - INFO - 近Ω 123/300 - 癡絤穕ア: 4.071346 - 喷靡穕ア: 1.846428 - rmse: 1047.644653 - r2: -0.987803 - mae: 738.520325 - 厩策瞯: 0.000051 - 丁: 2.99
2025-04-17 12:47:53,884 - src.training.trainer - INFO - 菏北夹ゼэ到硈尿 2 近程ㄎ: 1.846287, 讽玡: 1.846428
2025-04-17 12:47:56,746 - src.training.trainer - INFO - 菏北夹ゼэ到硈尿 3 近程ㄎ: 1.846287, 讽玡: 1.846194
2025-04-17 12:47:59,810 - src.training.trainer - INFO - 近Ω 125/300 - 癡絤穕ア: 4.080317 - 喷靡穕ア: 1.846417 - rmse: 1047.644653 - r2: -0.987803 - mae: 738.520325 - 厩策瞯: 0.000045 - 丁: 3.06
2025-04-17 12:47:59,814 - src.training.trainer - INFO - 菏北夹ゼэ到硈尿 4 近程ㄎ: 1.846287, 讽玡: 1.846417
2025-04-17 12:48:02,744 - src.training.callbacks - INFO - 家浪琩翴玂 outputs\hybrid_model\HybridPINNLSTMModel_20250417_124122\checkpoints\HybridPINNLSTMModel_epoch_126.pt
2025-04-17 12:48:02,748 - src.training.trainer - INFO - min家Α菏北夹э到, 眖 1.846287 э到 1.845657
2025-04-17 12:48:02,758 - src.training.trainer - INFO - 菏北夹э到家玂 outputs/hybrid_model\models\best_model.pt
2025-04-17 12:48:05,841 - src.training.trainer - INFO - 近Ω 127/300 - 癡絤穕ア: 4.082484 - 喷靡穕ア: 1.845104 - rmse: 1047.644653 - r2: -0.987803 - mae: 738.520325 - 厩策瞯: 0.000040 - 丁: 3.08
2025-04-17 12:48:05,847 - src.training.trainer - INFO - min家Α菏北夹э到, 眖 1.845657 э到 1.845104
2025-04-17 12:48:05,857 - src.training.trainer - INFO - 菏北夹э到家玂 outputs/hybrid_model\models\best_model.pt
2025-04-17 12:48:08,848 - src.training.trainer - INFO - 菏北夹ゼэ到硈尿 1 近程ㄎ: 1.845104, 讽玡: 1.845059
2025-04-17 12:48:11,825 - src.training.trainer - INFO - 近Ω 129/300 - 癡絤穕ア: 4.082248 - 喷靡穕ア: 1.845147 - rmse: 1047.644653 - r2: -0.987803 - mae: 738.520325 - 厩策瞯: 0.000036 - 丁: 2.98
2025-04-17 12:48:11,829 - src.training.trainer - INFO - 菏北夹ゼэ到硈尿 2 近程ㄎ: 1.845104, 讽玡: 1.845147
2025-04-17 12:48:14,679 - src.training.trainer - INFO - 菏北夹ゼэ到硈尿 3 近程ㄎ: 1.845104, 讽玡: 1.844943
2025-04-17 12:48:17,599 - src.training.trainer - INFO - 近Ω 131/300 - 癡絤穕ア: 4.061067 - 喷靡穕ア: 1.844023 - rmse: 1047.644653 - r2: -0.987803 - mae: 738.520325 - 厩策瞯: 0.000031 - 丁: 2.92
2025-04-17 12:48:17,613 - src.training.callbacks - INFO - 家浪琩翴玂 outputs\hybrid_model\HybridPINNLSTMModel_20250417_124122\checkpoints\HybridPINNLSTMModel_epoch_131.pt
2025-04-17 12:48:17,617 - src.training.trainer - INFO - min家Α菏北夹э到, 眖 1.845104 э到 1.844023
2025-04-17 12:48:17,623 - src.training.trainer - INFO - 菏北夹э到家玂 outputs/hybrid_model\models\best_model.pt
2025-04-17 12:48:20,617 - src.training.trainer - INFO - 菏北夹ゼэ到硈尿 1 近程ㄎ: 1.844023, 讽玡: 1.846587
2025-04-17 12:48:23,452 - src.training.trainer - INFO - 近Ω 133/300 - 癡絤穕ア: 4.100480 - 喷靡穕ア: 1.844852 - rmse: 1047.644653 - r2: -0.987803 - mae: 738.520325 - 厩策瞯: 0.000027 - 丁: 2.84
2025-04-17 12:48:23,456 - src.training.trainer - INFO - 菏北夹ゼэ到硈尿 2 近程ㄎ: 1.844023, 讽玡: 1.844852
2025-04-17 12:48:26,407 - src.training.trainer - INFO - 菏北夹ゼэ到硈尿 3 近程ㄎ: 1.844023, 讽玡: 1.844507
2025-04-17 12:48:29,305 - src.training.trainer - INFO - 近Ω 135/300 - 癡絤穕ア: 4.081133 - 喷靡穕ア: 1.843986 - rmse: 1047.644653 - r2: -0.987803 - mae: 738.520325 - 厩策瞯: 0.000024 - 丁: 2.90
2025-04-17 12:48:29,309 - src.training.trainer - INFO - 菏北夹ゼэ到硈尿 4 近程ㄎ: 1.844023, 讽玡: 1.843986
2025-04-17 12:48:32,251 - src.training.callbacks - INFO - 家浪琩翴玂 outputs\hybrid_model\HybridPINNLSTMModel_20250417_124122\checkpoints\HybridPINNLSTMModel_epoch_136.pt
2025-04-17 12:48:32,257 - src.training.trainer - INFO - 菏北夹ゼэ到硈尿 5 近程ㄎ: 1.844023, 讽玡: 1.844105
2025-04-17 12:48:32,257 - src.training.trainer - INFO - 浪代癡絤氨孩沽刚币癡絤...
2025-04-17 12:48:35,122 - src.training.trainer - INFO - 近Ω 137/300 - 癡絤穕ア: 4.079275 - 喷靡穕ア: 1.843799 - rmse: 1047.644653 - r2: -0.987803 - mae: 738.520325 - 厩策瞯: 0.000020 - 丁: 2.87
2025-04-17 12:48:35,126 - src.training.trainer - INFO - 菏北夹ゼэ到硈尿 4 近程ㄎ: 1.844023, 讽玡: 1.843799
2025-04-17 12:48:38,045 - src.training.trainer - INFO - 菏北夹ゼэ到硈尿 5 近程ㄎ: 1.844023, 讽玡: 1.844835
2025-04-17 12:48:40,906 - src.training.trainer - INFO - 近Ω 139/300 - 癡絤穕ア: 4.078134 - 喷靡穕ア: 1.843692 - rmse: 1047.644653 - r2: -0.987803 - mae: 738.520325 - 厩策瞯: 0.000018 - 丁: 2.86
2025-04-17 12:48:40,910 - src.training.trainer - INFO - 菏北夹ゼэ到硈尿 6 近程ㄎ: 1.844023, 讽玡: 1.843692
2025-04-17 12:48:43,860 - src.training.trainer - INFO - min家Α菏北夹э到, 眖 1.844023 э到 1.843416
2025-04-17 12:48:43,870 - src.training.trainer - INFO - 菏北夹э到家玂 outputs/hybrid_model\models\best_model.pt
2025-04-17 12:48:46,775 - src.training.trainer - INFO - 近Ω 141/300 - 癡絤穕ア: 4.083085 - 喷靡穕ア: 1.843453 - rmse: 1047.644653 - r2: -0.987803 - mae: 738.520325 - 厩策瞯: 0.000015 - 丁: 2.90
2025-04-17 12:48:46,791 - src.training.callbacks - INFO - 家浪琩翴玂 outputs\hybrid_model\HybridPINNLSTMModel_20250417_124122\checkpoints\HybridPINNLSTMModel_epoch_141.pt
2025-04-17 12:48:46,797 - src.training.trainer - INFO - 菏北夹ゼэ到硈尿 1 近程ㄎ: 1.843416, 讽玡: 1.843453
2025-04-17 12:48:49,817 - src.training.trainer - INFO - 菏北夹ゼэ到硈尿 2 近程ㄎ: 1.843416, 讽玡: 1.843503
2025-04-17 12:48:53,003 - src.training.trainer - INFO - 近Ω 143/300 - 癡絤穕ア: 4.078509 - 喷靡穕ア: 1.844874 - rmse: 1047.644653 - r2: -0.987803 - mae: 738.520325 - 厩策瞯: 0.000013 - 丁: 3.19
2025-04-17 12:48:53,007 - src.training.trainer - INFO - 菏北夹ゼэ到硈尿 3 近程ㄎ: 1.843416, 讽玡: 1.844874
2025-04-17 12:48:55,959 - src.training.trainer - INFO - 菏北夹ゼэ到硈尿 4 近程ㄎ: 1.843416, 讽玡: 1.844992
2025-04-17 12:48:58,903 - src.training.trainer - INFO - 近Ω 145/300 - 癡絤穕ア: 4.069289 - 喷靡穕ア: 1.843808 - rmse: 1047.644653 - r2: -0.987803 - mae: 738.520325 - 厩策瞯: 0.000012 - 丁: 2.94
2025-04-17 12:48:58,907 - src.training.trainer - INFO - 菏北夹ゼэ到硈尿 5 近程ㄎ: 1.843416, 讽玡: 1.843808
2025-04-17 12:48:58,907 - src.training.trainer - INFO - 浪代癡絤氨孩沽刚币癡絤...
2025-04-17 12:49:01,999 - src.training.callbacks - INFO - 家浪琩翴玂 outputs\hybrid_model\HybridPINNLSTMModel_20250417_124122\checkpoints\HybridPINNLSTMModel_epoch_146.pt
2025-04-17 12:49:02,005 - src.training.trainer - INFO - 菏北夹ゼэ到硈尿 4 近程ㄎ: 1.843416, 讽玡: 1.843162
2025-04-17 12:49:04,926 - src.training.trainer - INFO - 近Ω 147/300 - 癡絤穕ア: 4.072412 - 喷靡穕ア: 1.843510 - rmse: 1047.644653 - r2: -0.987803 - mae: 738.520325 - 厩策瞯: 0.000011 - 丁: 2.92
2025-04-17 12:49:04,932 - src.training.trainer - INFO - 菏北夹ゼэ到硈尿 5 近程ㄎ: 1.843416, 讽玡: 1.843510
2025-04-17 12:49:07,903 - src.training.trainer - INFO - 菏北夹ゼэ到硈尿 6 近程ㄎ: 1.843416, 讽玡: 1.844036
2025-04-17 12:49:10,921 - src.training.trainer - INFO - 近Ω 149/300 - 癡絤穕ア: 4.077356 - 喷靡穕ア: 1.843688 - rmse: 1047.644653 - r2: -0.987803 - mae: 738.520325 - 厩策瞯: 0.000010 - 丁: 3.02
2025-04-17 12:49:10,925 - src.training.trainer - INFO - 菏北夹ゼэ到硈尿 7 近程ㄎ: 1.843416, 讽玡: 1.843688
2025-04-17 12:49:13,830 - src.training.trainer - INFO - 菏北夹ゼэ到硈尿 8 近程ㄎ: 1.843416, 讽玡: 1.844528
2025-04-17 12:49:13,832 - src.training.trainer - INFO - 浪代癡絤氨孩沽刚币癡絤...
2025-04-17 12:49:16,831 - src.training.trainer - INFO - 近Ω 151/300 - 癡絤穕ア: 4.070526 - 喷靡穕ア: 1.844326 - rmse: 1047.644653 - r2: -0.987803 - mae: 738.520325 - 厩策瞯: 0.000010 - 丁: 3.00
2025-04-17 12:49:16,853 - src.training.callbacks - INFO - 家浪琩翴玂 outputs\hybrid_model\HybridPINNLSTMModel_20250417_124122\checkpoints\HybridPINNLSTMModel_epoch_151.pt
2025-04-17 12:49:16,857 - src.training.trainer - INFO - 菏北夹ゼэ到硈尿 7 近程ㄎ: 1.843416, 讽玡: 1.844326
2025-04-17 12:49:19,856 - src.training.trainer - INFO - 菏北夹ゼэ到硈尿 8 近程ㄎ: 1.843416, 讽玡: 1.844337
2025-04-17 12:49:22,800 - src.training.trainer - INFO - 近Ω 153/300 - 癡絤穕ア: 4.063330 - 喷靡穕ア: 1.842996 - rmse: 1047.644653 - r2: -0.987803 - mae: 738.520325 - 厩策瞯: 0.000010 - 丁: 2.94
2025-04-17 12:49:22,804 - src.training.trainer - INFO - 菏北夹ゼэ到硈尿 9 近程ㄎ: 1.843416, 讽玡: 1.842996
2025-04-17 12:49:25,930 - src.training.trainer - INFO - min家Α菏北夹э到, 眖 1.843416 э到 1.842607
2025-04-17 12:49:25,936 - src.training.trainer - INFO - 菏北夹э到家玂 outputs/hybrid_model\models\best_model.pt
2025-04-17 12:49:29,008 - src.training.trainer - INFO - 近Ω 155/300 - 癡絤穕ア: 4.076545 - 喷靡穕ア: 1.843608 - rmse: 1047.644653 - r2: -0.987803 - mae: 738.520325 - 厩策瞯: 0.000011 - 丁: 3.07
2025-04-17 12:49:29,012 - src.training.trainer - INFO - 菏北夹ゼэ到硈尿 1 近程ㄎ: 1.842607, 讽玡: 1.843608
2025-04-17 12:49:32,197 - src.training.callbacks - INFO - 家浪琩翴玂 outputs\hybrid_model\HybridPINNLSTMModel_20250417_124122\checkpoints\HybridPINNLSTMModel_epoch_156.pt
2025-04-17 12:49:32,203 - src.training.trainer - INFO - 菏北夹ゼэ到硈尿 2 近程ㄎ: 1.842607, 讽玡: 1.843735
2025-04-17 12:49:35,363 - src.training.trainer - INFO - 近Ω 157/300 - 癡絤穕ア: 4.067383 - 喷靡穕ア: 1.842362 - rmse: 1047.644653 - r2: -0.987803 - mae: 738.520325 - 厩策瞯: 0.000012 - 丁: 3.16
2025-04-17 12:49:35,367 - src.training.trainer - INFO - 菏北夹ゼэ到硈尿 3 近程ㄎ: 1.842607, 讽玡: 1.842362
2025-04-17 12:49:38,269 - src.training.trainer - INFO - 菏北夹ゼэ到硈尿 4 近程ㄎ: 1.842607, 讽玡: 1.845030
2025-04-17 12:49:41,189 - src.training.trainer - INFO - 近Ω 159/300 - 癡絤穕ア: 4.061968 - 喷靡穕ア: 1.843536 - rmse: 1047.644653 - r2: -0.987803 - mae: 738.520325 - 厩策瞯: 0.000013 - 丁: 2.92
2025-04-17 12:49:41,193 - src.training.trainer - INFO - 菏北夹ゼэ到硈尿 5 近程ㄎ: 1.842607, 讽玡: 1.843536
2025-04-17 12:49:41,193 - src.training.trainer - INFO - 浪代癡絤氨孩沽刚币癡絤...
2025-04-17 12:49:44,098 - src.training.trainer - INFO - 菏北夹ゼэ到硈尿 4 近程ㄎ: 1.842607, 讽玡: 1.842626
2025-04-17 12:49:47,089 - src.training.trainer - INFO - 近Ω 161/300 - 癡絤穕ア: 4.069439 - 喷靡穕ア: 1.841500 - rmse: 1047.644653 - r2: -0.987803 - mae: 738.520325 - 厩策瞯: 0.000015 - 丁: 2.99
2025-04-17 12:49:47,103 - src.training.callbacks - INFO - 家浪琩翴玂 outputs\hybrid_model\HybridPINNLSTMModel_20250417_124122\checkpoints\HybridPINNLSTMModel_epoch_161.pt
2025-04-17 12:49:47,107 - src.training.trainer - INFO - min家Α菏北夹э到, 眖 1.842607 э到 1.841500
2025-04-17 12:49:47,113 - src.training.trainer - INFO - 菏北夹э到家玂 outputs/hybrid_model\models\best_model.pt
2025-04-17 12:49:49,957 - src.training.trainer - INFO - 菏北夹ゼэ到硈尿 1 近程ㄎ: 1.841500, 讽玡: 1.842484
2025-04-17 12:49:52,969 - src.training.trainer - INFO - 近Ω 163/300 - 癡絤穕ア: 4.058256 - 喷靡穕ア: 1.843303 - rmse: 1047.644653 - r2: -0.987803 - mae: 738.520325 - 厩策瞯: 0.000018 - 丁: 3.01
2025-04-17 12:49:52,975 - src.training.trainer - INFO - 菏北夹ゼэ到硈尿 2 近程ㄎ: 1.841500, 讽玡: 1.843303
2025-04-17 12:49:55,923 - src.training.trainer - INFO - 菏北夹ゼэ到硈尿 3 近程ㄎ: 1.841500, 讽玡: 1.842692
2025-04-17 12:49:58,731 - src.training.trainer - INFO - 近Ω 165/300 - 癡絤穕ア: 4.092631 - 喷靡穕ア: 1.843071 - rmse: 1047.644653 - r2: -0.987803 - mae: 738.520325 - 厩策瞯: 0.000020 - 丁: 2.81
2025-04-17 12:49:58,735 - src.training.trainer - INFO - 菏北夹ゼэ到硈尿 4 近程ㄎ: 1.841500, 讽玡: 1.843071
2025-04-17 12:50:01,750 - src.training.callbacks - INFO - 家浪琩翴玂 outputs\hybrid_model\HybridPINNLSTMModel_20250417_124122\checkpoints\HybridPINNLSTMModel_epoch_166.pt
2025-04-17 12:50:01,756 - src.training.trainer - INFO - 菏北夹ゼэ到硈尿 5 近程ㄎ: 1.841500, 讽玡: 1.842167
2025-04-17 12:50:01,756 - src.training.trainer - INFO - 浪代癡絤氨孩沽刚币癡絤...
2025-04-17 12:50:04,856 - src.training.trainer - INFO - 近Ω 167/300 - 癡絤穕ア: 4.078989 - 喷靡穕ア: 1.843944 - rmse: 1047.644653 - r2: -0.987803 - mae: 738.520325 - 厩策瞯: 0.000024 - 丁: 3.10
2025-04-17 12:50:04,862 - src.training.trainer - INFO - 菏北夹ゼэ到硈尿 4 近程ㄎ: 1.841500, 讽玡: 1.843944
2025-04-17 12:50:07,784 - src.training.trainer - INFO - 菏北夹ゼэ到硈尿 5 近程ㄎ: 1.841500, 讽玡: 1.842568
2025-04-17 12:50:10,581 - src.training.trainer - INFO - 近Ω 169/300 - 癡絤穕ア: 4.068918 - 喷靡穕ア: 1.841915 - rmse: 1047.644653 - r2: -0.987803 - mae: 738.520325 - 厩策瞯: 0.000027 - 丁: 2.79
2025-04-17 12:50:10,585 - src.training.trainer - INFO - 菏北夹ゼэ到硈尿 6 近程ㄎ: 1.841500, 讽玡: 1.841915
2025-04-17 12:50:13,450 - src.training.trainer - INFO - 菏北夹ゼэ到硈尿 7 近程ㄎ: 1.841500, 讽玡: 1.841939
2025-04-17 12:50:16,372 - src.training.trainer - INFO - 近Ω 171/300 - 癡絤穕ア: 4.071006 - 喷靡穕ア: 1.843208 - rmse: 1047.644653 - r2: -0.987803 - mae: 738.520325 - 厩策瞯: 0.000031 - 丁: 2.92
2025-04-17 12:50:16,386 - src.training.callbacks - INFO - 家浪琩翴玂 outputs\hybrid_model\HybridPINNLSTMModel_20250417_124122\checkpoints\HybridPINNLSTMModel_epoch_171.pt
2025-04-17 12:50:16,392 - src.training.trainer - INFO - 菏北夹ゼэ到硈尿 8 近程ㄎ: 1.841500, 讽玡: 1.843208
2025-04-17 12:50:16,392 - src.training.trainer - INFO - 浪代癡絤氨孩沽刚币癡絤...
2025-04-17 12:50:19,177 - src.training.trainer - INFO - 菏北夹ゼэ到硈尿 7 近程ㄎ: 1.841500, 讽玡: 1.841372
2025-04-17 12:50:22,214 - src.training.trainer - INFO - 近Ω 173/300 - 癡絤穕ア: 4.076224 - 喷靡穕ア: 1.842375 - rmse: 1047.644653 - r2: -0.987803 - mae: 738.520325 - 厩策瞯: 0.000036 - 丁: 3.04
2025-04-17 12:50:22,218 - src.training.trainer - INFO - 菏北夹ゼэ到硈尿 8 近程ㄎ: 1.841500, 讽玡: 1.842375
2025-04-17 12:50:25,210 - src.training.trainer - INFO - 菏北夹ゼэ到硈尿 9 近程ㄎ: 1.841500, 讽玡: 1.841799
2025-04-17 12:50:28,120 - src.training.trainer - INFO - 近Ω 175/300 - 癡絤穕ア: 4.081178 - 喷靡穕ア: 1.841511 - rmse: 1047.644653 - r2: -0.987803 - mae: 738.520325 - 厩策瞯: 0.000040 - 丁: 2.91
2025-04-17 12:50:28,126 - src.training.trainer - INFO - 菏北夹ゼэ到硈尿 10 近程ㄎ: 1.841500, 讽玡: 1.841511
2025-04-17 12:50:31,062 - src.training.callbacks - INFO - 家浪琩翴玂 outputs\hybrid_model\HybridPINNLSTMModel_20250417_124122\checkpoints\HybridPINNLSTMModel_epoch_176.pt
2025-04-17 12:50:31,070 - src.training.trainer - INFO - min家Α菏北夹э到, 眖 1.841500 э到 1.840619
2025-04-17 12:50:31,074 - src.training.trainer - INFO - 菏北夹э到家玂 outputs/hybrid_model\models\best_model.pt
2025-04-17 12:50:34,284 - src.training.trainer - INFO - 近Ω 177/300 - 癡絤穕ア: 4.071183 - 喷靡穕ア: 1.839864 - rmse: 1047.644653 - r2: -0.987803 - mae: 738.520325 - 厩策瞯: 0.000045 - 丁: 3.21
2025-04-17 12:50:34,288 - src.training.trainer - INFO - min家Α菏北夹э到, 眖 1.840619 э到 1.839864
2025-04-17 12:50:34,292 - src.training.trainer - INFO - 菏北夹э到家玂 outputs/hybrid_model\models\best_model.pt
2025-04-17 12:50:37,058 - src.training.trainer - INFO - 菏北夹ゼэ到硈尿 1 近程ㄎ: 1.839864, 讽玡: 1.840828
2025-04-17 12:50:39,930 - src.training.trainer - INFO - 近Ω 179/300 - 癡絤穕ア: 4.075942 - 喷靡穕ア: 1.841933 - rmse: 1047.644653 - r2: -0.987803 - mae: 738.520325 - 厩策瞯: 0.000051 - 丁: 2.87
2025-04-17 12:50:39,934 - src.training.trainer - INFO - 菏北夹ゼэ到硈尿 2 近程ㄎ: 1.839864, 讽玡: 1.841933
2025-04-17 12:50:42,703 - src.training.trainer - INFO - 菏北夹ゼэ到硈尿 3 近程ㄎ: 1.839864, 讽玡: 1.841178
2025-04-17 12:50:45,840 - src.training.trainer - INFO - 近Ω 181/300 - 癡絤穕ア: 4.066540 - 喷靡穕ア: 1.840264 - rmse: 1047.644653 - r2: -0.987803 - mae: 738.520325 - 厩策瞯: 0.000057 - 丁: 3.14
2025-04-17 12:50:45,862 - src.training.callbacks - INFO - 家浪琩翴玂 outputs\hybrid_model\HybridPINNLSTMModel_20250417_124122\checkpoints\HybridPINNLSTMModel_epoch_181.pt
2025-04-17 12:50:45,868 - src.training.trainer - INFO - 菏北夹ゼэ到硈尿 4 近程ㄎ: 1.839864, 讽玡: 1.840264
2025-04-17 12:50:48,758 - src.training.trainer - INFO - 菏北夹ゼэ到硈尿 5 近程ㄎ: 1.839864, 讽玡: 1.839917
2025-04-17 12:50:48,758 - src.training.trainer - INFO - 浪代癡絤氨孩沽刚币癡絤...
2025-04-17 12:50:51,777 - src.training.trainer - INFO - 近Ω 183/300 - 癡絤穕ア: 4.067231 - 喷靡穕ア: 1.839933 - rmse: 1047.644653 - r2: -0.987803 - mae: 738.520325 - 厩策瞯: 0.000063 - 丁: 3.02
2025-04-17 12:50:51,781 - src.training.trainer - INFO - 菏北夹ゼэ到硈尿 4 近程ㄎ: 1.839864, 讽玡: 1.839933
2025-04-17 12:50:54,640 - src.training.trainer - INFO - 菏北夹ゼэ到硈尿 5 近程ㄎ: 1.839864, 讽玡: 1.839835
2025-04-17 12:50:57,510 - src.training.trainer - INFO - 近Ω 185/300 - 癡絤穕ア: 4.064035 - 喷靡穕ア: 1.839691 - rmse: 1047.644653 - r2: -0.987803 - mae: 738.520325 - 厩策瞯: 0.000070 - 丁: 2.87
2025-04-17 12:50:57,514 - src.training.trainer - INFO - 菏北夹ゼэ到硈尿 6 近程ㄎ: 1.839864, 讽玡: 1.839691
2025-04-17 12:51:00,567 - src.training.callbacks - INFO - 家浪琩翴玂 outputs\hybrid_model\HybridPINNLSTMModel_20250417_124122\checkpoints\HybridPINNLSTMModel_epoch_186.pt
2025-04-17 12:51:00,575 - src.training.trainer - INFO - 菏北夹ゼэ到硈尿 7 近程ㄎ: 1.839864, 讽玡: 1.840831
2025-04-17 12:51:03,472 - src.training.trainer - INFO - 近Ω 187/300 - 癡絤穕ア: 4.072498 - 喷靡穕ア: 1.840328 - rmse: 1047.644653 - r2: -0.987803 - mae: 738.520325 - 厩策瞯: 0.000076 - 丁: 2.90
2025-04-17 12:51:03,478 - src.training.trainer - INFO - 菏北夹ゼэ到硈尿 8 近程ㄎ: 1.839864, 讽玡: 1.840328
2025-04-17 12:51:03,478 - src.training.trainer - INFO - 浪代癡絤氨孩沽刚币癡絤...
2025-04-17 12:51:06,547 - src.training.trainer - INFO - 菏北夹ゼэ到硈尿 7 近程ㄎ: 1.839864, 讽玡: 1.839413
2025-04-17 12:51:09,320 - src.training.trainer - INFO - 近Ω 189/300 - 癡絤穕ア: 4.058199 - 喷靡穕ア: 1.838585 - rmse: 1047.644653 - r2: -0.987803 - mae: 738.520325 - 厩策瞯: 0.000084 - 丁: 2.77
2025-04-17 12:51:09,324 - src.training.trainer - INFO - min家Α菏北夹э到, 眖 1.839864 э到 1.838585
2025-04-17 12:51:09,328 - src.training.trainer - INFO - 菏北夹э到家玂 outputs/hybrid_model\models\best_model.pt
2025-04-17 12:51:12,392 - src.training.trainer - INFO - min家Α菏北夹э到, 眖 1.838585 э到 1.837906
2025-04-17 12:51:12,396 - src.training.trainer - INFO - 菏北夹э到家玂 outputs/hybrid_model\models\best_model.pt
2025-04-17 12:51:15,373 - src.training.trainer - INFO - 近Ω 191/300 - 癡絤穕ア: 4.062932 - 喷靡穕ア: 1.838437 - rmse: 1047.644653 - r2: -0.987803 - mae: 738.520325 - 厩策瞯: 0.000091 - 丁: 2.98
2025-04-17 12:51:15,389 - src.training.callbacks - INFO - 家浪琩翴玂 outputs\hybrid_model\HybridPINNLSTMModel_20250417_124122\checkpoints\HybridPINNLSTMModel_epoch_191.pt
2025-04-17 12:51:15,397 - src.training.trainer - INFO - 菏北夹ゼэ到硈尿 1 近程ㄎ: 1.837906, 讽玡: 1.838437
2025-04-17 12:51:18,218 - src.training.trainer - INFO - 菏北夹ゼэ到硈尿 2 近程ㄎ: 1.837906, 讽玡: 1.839092
2025-04-17 12:51:21,135 - src.training.trainer - INFO - 近Ω 193/300 - 癡絤穕ア: 4.059969 - 喷靡穕ア: 1.837682 - rmse: 1047.644653 - r2: -0.987803 - mae: 738.520325 - 厩策瞯: 0.000099 - 丁: 2.92
2025-04-17 12:51:21,139 - src.training.trainer - INFO - 菏北夹ゼэ到硈尿 3 近程ㄎ: 1.837906, 讽玡: 1.837682
2025-04-17 12:51:24,014 - src.training.trainer - INFO - min家Α菏北夹э到, 眖 1.837906 э到 1.836500
2025-04-17 12:51:24,020 - src.training.trainer - INFO - 菏北夹э到家玂 outputs/hybrid_model\models\best_model.pt
2025-04-17 12:51:26,877 - src.training.trainer - INFO - 近Ω 195/300 - 癡絤穕ア: 4.071165 - 喷靡穕ア: 1.835486 - rmse: 1047.644653 - r2: -0.987803 - mae: 738.520325 - 厩策瞯: 0.000107 - 丁: 2.86
2025-04-17 12:51:26,885 - src.training.trainer - INFO - min家Α菏北夹э到, 眖 1.836500 э到 1.835486
2025-04-17 12:51:26,893 - src.training.trainer - INFO - 菏北夹э到家玂 outputs/hybrid_model\models\best_model.pt
2025-04-17 12:51:29,755 - src.training.callbacks - INFO - 家浪琩翴玂 outputs\hybrid_model\HybridPINNLSTMModel_20250417_124122\checkpoints\HybridPINNLSTMModel_epoch_196.pt
2025-04-17 12:51:29,761 - src.training.trainer - INFO - 菏北夹ゼэ到硈尿 1 近程ㄎ: 1.835486, 讽玡: 1.837737
2025-04-17 12:51:32,803 - src.training.trainer - INFO - 近Ω 197/300 - 癡絤穕ア: 4.056611 - 喷靡穕ア: 1.837101 - rmse: 1047.644653 - r2: -0.987803 - mae: 738.520325 - 厩策瞯: 0.000115 - 丁: 3.04
2025-04-17 12:51:32,811 - src.training.trainer - INFO - 菏北夹ゼэ到硈尿 2 近程ㄎ: 1.835486, 讽玡: 1.837101
2025-04-17 12:51:35,648 - src.training.trainer - INFO - 菏北夹ゼэ到硈尿 3 近程ㄎ: 1.835486, 讽玡: 1.836677
2025-04-17 12:51:38,609 - src.training.trainer - INFO - 近Ω 199/300 - 癡絤穕ア: 4.057129 - 喷靡穕ア: 1.836345 - rmse: 1047.644653 - r2: -0.987803 - mae: 738.520325 - 厩策瞯: 0.000124 - 丁: 2.96
2025-04-17 12:51:38,613 - src.training.trainer - INFO - 菏北夹ゼэ到硈尿 4 近程ㄎ: 1.835486, 讽玡: 1.836345
2025-04-17 12:51:41,423 - src.training.trainer - INFO - min家Α菏北夹э到, 眖 1.835486 э到 1.834512
2025-04-17 12:51:41,427 - src.training.trainer - INFO - 菏北夹э到家玂 outputs/hybrid_model\models\best_model.pt
2025-04-17 12:51:44,460 - src.training.trainer - INFO - 近Ω 201/300 - 癡絤穕ア: 4.048927 - 喷靡穕ア: 1.834081 - rmse: 1047.644653 - r2: -0.987803 - mae: 738.520325 - 厩策瞯: 0.000132 - 丁: 3.03
2025-04-17 12:51:44,479 - src.training.callbacks - INFO - 家浪琩翴玂 outputs\hybrid_model\HybridPINNLSTMModel_20250417_124122\checkpoints\HybridPINNLSTMModel_epoch_201.pt
2025-04-17 12:51:44,487 - src.training.trainer - INFO - 菏北夹ゼэ到硈尿 1 近程ㄎ: 1.834512, 讽玡: 1.834081
2025-04-17 12:51:47,362 - src.training.trainer - INFO - min家Α菏北夹э到, 眖 1.834512 э到 1.832710
2025-04-17 12:51:47,370 - src.training.trainer - INFO - 菏北夹э到家玂 outputs/hybrid_model\models\best_model.pt
2025-04-17 12:51:50,246 - src.training.trainer - INFO - 近Ω 203/300 - 癡絤穕ア: 4.066978 - 喷靡穕ア: 1.833213 - rmse: 1047.644653 - r2: -0.987803 - mae: 738.520325 - 厩策瞯: 0.000141 - 丁: 2.88
2025-04-17 12:51:50,254 - src.training.trainer - INFO - 菏北夹ゼэ到硈尿 1 近程ㄎ: 1.832710, 讽玡: 1.833213
2025-04-17 12:51:53,161 - src.training.trainer - INFO - 菏北夹ゼэ到硈尿 2 近程ㄎ: 1.832710, 讽玡: 1.833586
2025-04-17 12:51:56,128 - src.training.trainer - INFO - 近Ω 205/300 - 癡絤穕ア: 4.056405 - 喷靡穕ア: 1.833615 - rmse: 1047.644653 - r2: -0.987803 - mae: 738.520325 - 厩策瞯: 0.000151 - 丁: 2.97
2025-04-17 12:51:56,132 - src.training.trainer - INFO - 菏北夹ゼэ到硈尿 3 近程ㄎ: 1.832710, 讽玡: 1.833615
2025-04-17 12:51:59,175 - src.training.callbacks - INFO - 家浪琩翴玂 outputs\hybrid_model\HybridPINNLSTMModel_20250417_124122\checkpoints\HybridPINNLSTMModel_epoch_206.pt
2025-04-17 12:51:59,181 - src.training.trainer - INFO - 菏北夹ゼэ到硈尿 4 近程ㄎ: 1.832710, 讽玡: 1.832387
2025-04-17 12:52:02,011 - src.training.trainer - INFO - 近Ω 207/300 - 癡絤穕ア: 4.051424 - 喷靡穕ア: 1.833019 - rmse: 1047.644653 - r2: -0.987803 - mae: 738.520325 - 厩策瞯: 0.000160 - 丁: 2.83
2025-04-17 12:52:02,015 - src.training.trainer - INFO - 菏北夹ゼэ到硈尿 5 近程ㄎ: 1.832710, 讽玡: 1.833019
2025-04-17 12:52:02,017 - src.training.trainer - INFO - 浪代癡絤氨孩沽刚币癡絤...
2025-04-17 12:52:05,000 - src.training.trainer - INFO - min家Α菏北夹э到, 眖 1.832710 э到 1.831249
2025-04-17 12:52:05,006 - src.training.trainer - INFO - 菏北夹э到家玂 outputs/hybrid_model\models\best_model.pt
2025-04-17 12:52:07,815 - src.training.trainer - INFO - 近Ω 209/300 - 癡絤穕ア: 4.045344 - 喷靡穕ア: 1.831811 - rmse: 1047.644653 - r2: -0.987803 - mae: 738.520325 - 厩策瞯: 0.000170 - 丁: 2.81
2025-04-17 12:52:07,823 - src.training.trainer - INFO - 菏北夹ゼэ到硈尿 1 近程ㄎ: 1.831249, 讽玡: 1.831811
2025-04-17 12:52:10,704 - src.training.trainer - INFO - min家Α菏北夹э到, 眖 1.831249 э到 1.829857
2025-04-17 12:52:10,710 - src.training.trainer - INFO - 菏北夹э到家玂 outputs/hybrid_model\models\best_model.pt
2025-04-17 12:52:13,748 - src.training.trainer - INFO - 近Ω 211/300 - 癡絤穕ア: 4.060721 - 喷靡穕ア: 1.829623 - rmse: 1047.644653 - r2: -0.987803 - mae: 738.520325 - 厩策瞯: 0.000179 - 丁: 3.04
2025-04-17 12:52:13,762 - src.training.callbacks - INFO - 家浪琩翴玂 outputs\hybrid_model\HybridPINNLSTMModel_20250417_124122\checkpoints\HybridPINNLSTMModel_epoch_211.pt
2025-04-17 12:52:13,772 - src.training.trainer - INFO - 菏北夹ゼэ到硈尿 1 近程ㄎ: 1.829857, 讽玡: 1.829623
2025-04-17 12:52:16,695 - src.training.trainer - INFO - min家Α菏北夹э到, 眖 1.829857 э到 1.828133
2025-04-17 12:52:16,704 - src.training.trainer - INFO - 菏北夹э到家玂 outputs/hybrid_model\models\best_model.pt
2025-04-17 12:52:19,741 - src.training.trainer - INFO - 近Ω 213/300 - 癡絤穕ア: 4.044093 - 喷靡穕ア: 1.828657 - rmse: 1047.644653 - r2: -0.987803 - mae: 738.520325 - 厩策瞯: 0.000189 - 丁: 3.04
2025-04-17 12:52:19,745 - src.training.trainer - INFO - 菏北夹ゼэ到硈尿 1 近程ㄎ: 1.828133, 讽玡: 1.828657
2025-04-17 12:52:22,548 - src.training.trainer - INFO - 菏北夹ゼэ到硈尿 2 近程ㄎ: 1.828133, 讽玡: 1.828034
2025-04-17 12:52:25,290 - src.training.trainer - INFO - 近Ω 215/300 - 癡絤穕ア: 4.041724 - 喷靡穕ア: 1.828674 - rmse: 1047.644653 - r2: -0.987803 - mae: 738.520325 - 厩策瞯: 0.000199 - 丁: 2.74
2025-04-17 12:52:25,294 - src.training.trainer - INFO - 菏北夹ゼэ到硈尿 3 近程ㄎ: 1.828133, 讽玡: 1.828674
2025-04-17 12:52:28,249 - src.training.callbacks - INFO - 家浪琩翴玂 outputs\hybrid_model\HybridPINNLSTMModel_20250417_124122\checkpoints\HybridPINNLSTMModel_epoch_216.pt
2025-04-17 12:52:28,257 - src.training.trainer - INFO - min家Α菏北夹э到, 眖 1.828133 э到 1.827302
2025-04-17 12:52:28,263 - src.training.trainer - INFO - 菏北夹э到家玂 outputs/hybrid_model\models\best_model.pt
2025-04-17 12:52:31,311 - src.training.trainer - INFO - 近Ω 217/300 - 癡絤穕ア: 4.055474 - 喷靡穕ア: 1.825525 - rmse: 1047.644653 - r2: -0.987803 - mae: 738.520325 - 厩策瞯: 0.000209 - 丁: 3.05
2025-04-17 12:52:31,319 - src.training.trainer - INFO - min家Α菏北夹э到, 眖 1.827302 э到 1.825525
2025-04-17 12:52:31,327 - src.training.trainer - INFO - 菏北夹э到家玂 outputs/hybrid_model\models\best_model.pt
2025-04-17 12:52:34,272 - src.training.trainer - INFO - 菏北夹ゼэ到硈尿 1 近程ㄎ: 1.825525, 讽玡: 1.825326
2025-04-17 12:52:37,212 - src.training.trainer - INFO - 近Ω 219/300 - 癡絤穕ア: 4.049369 - 喷靡穕ア: 1.825468 - rmse: 1047.644653 - r2: -0.987803 - mae: 738.520325 - 厩策瞯: 0.000219 - 丁: 2.94
2025-04-17 12:52:37,216 - src.training.trainer - INFO - 菏北夹ゼэ到硈尿 2 近程ㄎ: 1.825525, 讽玡: 1.825468
2025-04-17 12:52:40,217 - src.training.trainer - INFO - min家Α菏北夹э到, 眖 1.825525 э到 1.824071
2025-04-17 12:52:40,223 - src.training.trainer - INFO - 菏北夹э到家玂 outputs/hybrid_model\models\best_model.pt
2025-04-17 12:52:43,144 - src.training.trainer - INFO - 近Ω 221/300 - 癡絤穕ア: 4.038570 - 喷靡穕ア: 1.823739 - rmse: 1047.644653 - r2: -0.987803 - mae: 738.520325 - 厩策瞯: 0.000229 - 丁: 2.92
2025-04-17 12:52:43,158 - src.training.callbacks - INFO - 家浪琩翴玂 outputs\hybrid_model\HybridPINNLSTMModel_20250417_124122\checkpoints\HybridPINNLSTMModel_epoch_221.pt
2025-04-17 12:52:43,166 - src.training.trainer - INFO - 菏北夹ゼэ到硈尿 1 近程ㄎ: 1.824071, 讽玡: 1.823739
2025-04-17 12:52:46,073 - src.training.trainer - INFO - min家Α菏北夹э到, 眖 1.824071 э到 1.822745
2025-04-17 12:52:46,081 - src.training.trainer - INFO - 菏北夹э到家玂 outputs/hybrid_model\models\best_model.pt
2025-04-17 12:52:49,116 - src.training.trainer - INFO - 近Ω 223/300 - 癡絤穕ア: 4.053066 - 喷靡穕ア: 1.823425 - rmse: 1047.644653 - r2: -0.987803 - mae: 738.520325 - 厩策瞯: 0.000240 - 丁: 3.04
2025-04-17 12:52:49,124 - src.training.trainer - INFO - 菏北夹ゼэ到硈尿 1 近程ㄎ: 1.822745, 讽玡: 1.823425
2025-04-17 12:52:52,071 - src.training.trainer - INFO - 菏北夹ゼэ到硈尿 2 近程ㄎ: 1.822745, 讽玡: 1.823588
2025-04-17 12:52:54,884 - src.training.trainer - INFO - 近Ω 225/300 - 癡絤穕ア: 4.038205 - 喷靡穕ア: 1.822309 - rmse: 1047.644653 - r2: -0.987803 - mae: 738.520325 - 厩策瞯: 0.000250 - 丁: 2.81
2025-04-17 12:52:54,888 - src.training.trainer - INFO - 菏北夹ゼэ到硈尿 3 近程ㄎ: 1.822745, 讽玡: 1.822309
2025-04-17 12:52:57,845 - src.training.callbacks - INFO - 家浪琩翴玂 outputs\hybrid_model\HybridPINNLSTMModel_20250417_124122\checkpoints\HybridPINNLSTMModel_epoch_226.pt
2025-04-17 12:52:57,851 - src.training.trainer - INFO - min家Α菏北夹э到, 眖 1.822745 э到 1.820506
2025-04-17 12:52:57,857 - src.training.trainer - INFO - 菏北夹э到家玂 outputs/hybrid_model\models\best_model.pt
2025-04-17 12:53:00,681 - src.training.trainer - INFO - 近Ω 227/300 - 癡絤穕ア: 4.037034 - 喷靡穕ア: 1.819743 - rmse: 1047.644653 - r2: -0.987803 - mae: 738.520325 - 厩策瞯: 0.000260 - 丁: 2.82
2025-04-17 12:53:00,689 - src.training.trainer - INFO - min家Α菏北夹э到, 眖 1.820506 э到 1.819743
2025-04-17 12:53:00,697 - src.training.trainer - INFO - 菏北夹э到家玂 outputs/hybrid_model\models\best_model.pt
2025-04-17 12:53:03,550 - src.training.trainer - INFO - 菏北夹ゼэ到硈尿 1 近程ㄎ: 1.819743, 讽玡: 1.820753
2025-04-17 12:53:06,402 - src.training.trainer - INFO - 近Ω 229/300 - 癡絤穕ア: 4.030216 - 喷靡穕ア: 1.817965 - rmse: 1047.644653 - r2: -0.987803 - mae: 738.520325 - 厩策瞯: 0.000270 - 丁: 2.85
2025-04-17 12:53:06,406 - src.training.trainer - INFO - min家Α菏北夹э到, 眖 1.819743 э到 1.817965
2025-04-17 12:53:06,412 - src.training.trainer - INFO - 菏北夹э到家玂 outputs/hybrid_model\models\best_model.pt
2025-04-17 12:53:09,420 - src.training.trainer - INFO - 菏北夹ゼэ到硈尿 1 近程ㄎ: 1.817965, 讽玡: 1.819197
2025-04-17 12:53:12,473 - src.training.trainer - INFO - 近Ω 231/300 - 癡絤穕ア: 4.038675 - 喷靡穕ア: 1.818486 - rmse: 1047.644653 - r2: -0.987803 - mae: 738.520325 - 厩策瞯: 0.000281 - 丁: 3.05
2025-04-17 12:53:12,487 - src.training.callbacks - INFO - 家浪琩翴玂 outputs\hybrid_model\HybridPINNLSTMModel_20250417_124122\checkpoints\HybridPINNLSTMModel_epoch_231.pt
2025-04-17 12:53:12,495 - src.training.trainer - INFO - 菏北夹ゼэ到硈尿 2 近程ㄎ: 1.817965, 讽玡: 1.818486
2025-04-17 12:53:15,367 - src.training.trainer - INFO - 菏北夹ゼэ到硈尿 3 近程ㄎ: 1.817965, 讽玡: 1.818749
2025-04-17 12:53:18,262 - src.training.trainer - INFO - 近Ω 233/300 - 癡絤穕ア: 4.025396 - 喷靡穕ア: 1.818947 - rmse: 1047.644653 - r2: -0.987803 - mae: 738.520325 - 厩策瞯: 0.000291 - 丁: 2.89
2025-04-17 12:53:18,268 - src.training.trainer - INFO - 菏北夹ゼэ到硈尿 4 近程ㄎ: 1.817965, 讽玡: 1.818947
2025-04-17 12:53:21,241 - src.training.trainer - INFO - 菏北夹ゼэ到硈尿 5 近程ㄎ: 1.817965, 讽玡: 1.821345
2025-04-17 12:53:21,241 - src.training.trainer - INFO - 浪代癡絤氨孩沽刚币癡絤...
2025-04-17 12:53:24,137 - src.training.trainer - INFO - 近Ω 235/300 - 癡絤穕ア: 4.021336 - 喷靡穕ア: 1.817149 - rmse: 1047.644653 - r2: -0.987803 - mae: 738.520325 - 厩策瞯: 0.000301 - 丁: 2.90
2025-04-17 12:53:24,141 - src.training.trainer - INFO - min家Α菏北夹э到, 眖 1.817965 э到 1.817149
2025-04-17 12:53:24,147 - src.training.trainer - INFO - 菏北夹э到家玂 outputs/hybrid_model\models\best_model.pt
2025-04-17 12:53:27,147 - src.training.callbacks - INFO - 家浪琩翴玂 outputs\hybrid_model\HybridPINNLSTMModel_20250417_124122\checkpoints\HybridPINNLSTMModel_epoch_236.pt
2025-04-17 12:53:27,157 - src.training.trainer - INFO - min家Α菏北夹э到, 眖 1.817149 э到 1.816045
2025-04-17 12:53:27,165 - src.training.trainer - INFO - 菏北夹э到家玂 outputs/hybrid_model\models\best_model.pt
2025-04-17 12:53:30,049 - src.training.trainer - INFO - 近Ω 237/300 - 癡絤穕ア: 4.018940 - 喷靡穕ア: 1.818216 - rmse: 1047.644653 - r2: -0.987803 - mae: 738.520325 - 厩策瞯: 0.000311 - 丁: 2.88
2025-04-17 12:53:30,055 - src.training.trainer - INFO - 菏北夹ゼэ到硈尿 1 近程ㄎ: 1.816045, 讽玡: 1.818216
2025-04-17 12:53:32,995 - src.training.trainer - INFO - 菏北夹ゼэ到硈尿 2 近程ㄎ: 1.816045, 讽玡: 1.815745
2025-04-17 12:53:35,885 - src.training.trainer - INFO - 近Ω 239/300 - 癡絤穕ア: 4.036968 - 喷靡穕ア: 1.813617 - rmse: 1047.644653 - r2: -0.987803 - mae: 738.520325 - 厩策瞯: 0.000321 - 丁: 2.89
2025-04-17 12:53:35,891 - src.training.trainer - INFO - min家Α菏北夹э到, 眖 1.816045 э到 1.813617
2025-04-17 12:53:35,895 - src.training.trainer - INFO - 菏北夹э到家玂 outputs/hybrid_model\models\best_model.pt
2025-04-17 12:53:38,730 - src.training.trainer - INFO - 菏北夹ゼэ到硈尿 1 近程ㄎ: 1.813617, 讽玡: 1.814153
2025-04-17 12:53:41,632 - src.training.trainer - INFO - 近Ω 241/300 - 癡絤穕ア: 4.018032 - 喷靡穕ア: 1.812848 - rmse: 1047.644653 - r2: -0.987803 - mae: 738.520325 - 厩策瞯: 0.000331 - 丁: 2.90
2025-04-17 12:53:41,650 - src.training.callbacks - INFO - 家浪琩翴玂 outputs\hybrid_model\HybridPINNLSTMModel_20250417_124122\checkpoints\HybridPINNLSTMModel_epoch_241.pt
2025-04-17 12:53:41,656 - src.training.trainer - INFO - min家Α菏北夹э到, 眖 1.813617 э到 1.812848
2025-04-17 12:53:41,662 - src.training.trainer - INFO - 菏北夹э到家玂 outputs/hybrid_model\models\best_model.pt
2025-04-17 12:53:44,782 - src.training.trainer - INFO - 菏北夹ゼэ到硈尿 1 近程ㄎ: 1.812848, 讽玡: 1.812801
2025-04-17 12:53:47,735 - src.training.trainer - INFO - 近Ω 243/300 - 癡絤穕ア: 4.026361 - 喷靡穕ア: 1.811383 - rmse: 1047.644653 - r2: -0.987803 - mae: 738.520325 - 厩策瞯: 0.000340 - 丁: 2.95
2025-04-17 12:53:47,741 - src.training.trainer - INFO - min家Α菏北夹э到, 眖 1.812848 э到 1.811383
2025-04-17 12:53:47,749 - src.training.trainer - INFO - 菏北夹э到家玂 outputs/hybrid_model\models\best_model.pt
2025-04-17 12:53:50,635 - src.training.trainer - INFO - min家Α菏北夹э到, 眖 1.811383 э到 1.810754
2025-04-17 12:53:50,641 - src.training.trainer - INFO - 菏北夹э到家玂 outputs/hybrid_model\models\best_model.pt
2025-04-17 12:53:53,520 - src.training.trainer - INFO - 近Ω 245/300 - 癡絤穕ア: 4.026777 - 喷靡穕ア: 1.811856 - rmse: 1047.644653 - r2: -0.987803 - mae: 738.520325 - 厩策瞯: 0.000350 - 丁: 2.88
2025-04-17 12:53:53,526 - src.training.trainer - INFO - 菏北夹ゼэ到硈尿 1 近程ㄎ: 1.810754, 讽玡: 1.811856
2025-04-17 12:53:56,471 - src.training.callbacks - INFO - 家浪琩翴玂 outputs\hybrid_model\HybridPINNLSTMModel_20250417_124122\checkpoints\HybridPINNLSTMModel_epoch_246.pt
2025-04-17 12:53:56,477 - src.training.trainer - INFO - 菏北夹ゼэ到硈尿 2 近程ㄎ: 1.810754, 讽玡: 1.811291
2025-04-17 12:53:59,167 - src.training.trainer - INFO - 近Ω 247/300 - 癡絤穕ア: 4.017382 - 喷靡穕ア: 1.811411 - rmse: 1047.644653 - r2: -0.987803 - mae: 738.520325 - 厩策瞯: 0.000359 - 丁: 2.69
2025-04-17 12:53:59,173 - src.training.trainer - INFO - 菏北夹ゼэ到硈尿 3 近程ㄎ: 1.810754, 讽玡: 1.811411
2025-04-17 12:54:02,065 - src.training.trainer - INFO - min家Α菏北夹э到, 眖 1.810754 э到 1.809244
2025-04-17 12:54:02,071 - src.training.trainer - INFO - 菏北夹э到家玂 outputs/hybrid_model\models\best_model.pt
2025-04-17 12:54:04,978 - src.training.trainer - INFO - 近Ω 249/300 - 癡絤穕ア: 4.011048 - 喷靡穕ア: 1.809492 - rmse: 1047.644653 - r2: -0.987803 - mae: 738.520325 - 厩策瞯: 0.000369 - 丁: 2.91
2025-04-17 12:54:04,984 - src.training.trainer - INFO - 菏北夹ゼэ到硈尿 1 近程ㄎ: 1.809244, 讽玡: 1.809492
2025-04-17 12:54:07,761 - src.training.trainer - INFO - 菏北夹ゼэ到硈尿 2 近程ㄎ: 1.809244, 讽玡: 1.809321
2025-04-17 12:54:10,691 - src.training.trainer - INFO - 近Ω 251/300 - 癡絤穕ア: 4.018097 - 喷靡穕ア: 1.809071 - rmse: 1047.644653 - r2: -0.987803 - mae: 738.520325 - 厩策瞯: 0.000377 - 丁: 2.93
2025-04-17 12:54:10,709 - src.training.callbacks - INFO - 家浪琩翴玂 outputs\hybrid_model\HybridPINNLSTMModel_20250417_124122\checkpoints\HybridPINNLSTMModel_epoch_251.pt
2025-04-17 12:54:10,717 - src.training.trainer - INFO - 菏北夹ゼэ到硈尿 3 近程ㄎ: 1.809244, 讽玡: 1.809071
2025-04-17 12:54:13,706 - src.training.trainer - INFO - min家Α菏北夹э到, 眖 1.809244 э到 1.807791
2025-04-17 12:54:13,716 - src.training.trainer - INFO - 菏北夹э到家玂 outputs/hybrid_model\models\best_model.pt
2025-04-17 12:54:16,641 - src.training.trainer - INFO - 近Ω 253/300 - 癡絤穕ア: 4.005556 - 喷靡穕ア: 1.807843 - rmse: 1047.644653 - r2: -0.987803 - mae: 738.520325 - 厩策瞯: 0.000386 - 丁: 2.93
2025-04-17 12:54:16,645 - src.training.trainer - INFO - 菏北夹ゼэ到硈尿 1 近程ㄎ: 1.807791, 讽玡: 1.807843
2025-04-17 12:54:19,457 - src.training.trainer - INFO - min家Α菏北夹э到, 眖 1.807791 э到 1.806204
2025-04-17 12:54:19,465 - src.training.trainer - INFO - 菏北夹э到家玂 outputs/hybrid_model\models\best_model.pt
2025-04-17 12:54:22,244 - src.training.trainer - INFO - 近Ω 255/300 - 癡絤穕ア: 4.007546 - 喷靡穕ア: 1.806965 - rmse: 1047.644653 - r2: -0.987803 - mae: 738.520325 - 厩策瞯: 0.000395 - 丁: 2.78
2025-04-17 12:54:22,250 - src.training.trainer - INFO - 菏北夹ゼэ到硈尿 1 近程ㄎ: 1.806204, 讽玡: 1.806965
2025-04-17 12:54:25,043 - src.training.callbacks - INFO - 家浪琩翴玂 outputs\hybrid_model\HybridPINNLSTMModel_20250417_124122\checkpoints\HybridPINNLSTMModel_epoch_256.pt
2025-04-17 12:54:25,047 - src.training.trainer - INFO - min家Α菏北夹э到, 眖 1.806204 э到 1.804735
2025-04-17 12:54:25,053 - src.training.trainer - INFO - 菏北夹э到家玂 outputs/hybrid_model\models\best_model.pt
2025-04-17 12:54:27,995 - src.training.trainer - INFO - 近Ω 257/300 - 癡絤穕ア: 4.001692 - 喷靡穕ア: 1.806047 - rmse: 1047.644653 - r2: -0.987803 - mae: 738.520325 - 厩策瞯: 0.000403 - 丁: 2.94
2025-04-17 12:54:28,005 - src.training.trainer - INFO - 菏北夹ゼэ到硈尿 1 近程ㄎ: 1.804735, 讽玡: 1.806047
2025-04-17 12:54:31,015 - src.training.trainer - INFO - 菏北夹ゼэ到硈尿 2 近程ㄎ: 1.804735, 讽玡: 1.806068
2025-04-17 12:54:33,980 - src.training.trainer - INFO - 近Ω 259/300 - 癡絤穕ア: 4.000107 - 喷靡穕ア: 1.803843 - rmse: 1047.644653 - r2: -0.987803 - mae: 738.520325 - 厩策瞯: 0.000411 - 丁: 2.96
2025-04-17 12:54:33,986 - src.training.trainer - INFO - min家Α菏北夹э到, 眖 1.804735 э到 1.803843
2025-04-17 12:54:33,992 - src.training.trainer - INFO - 菏北夹э到家玂 outputs/hybrid_model\models\best_model.pt
2025-04-17 12:54:36,999 - src.training.trainer - INFO - min家Α菏北夹э到, 眖 1.803843 э到 1.803171
2025-04-17 12:54:37,007 - src.training.trainer - INFO - 菏北夹э到家玂 outputs/hybrid_model\models\best_model.pt
2025-04-17 12:54:40,071 - src.training.trainer - INFO - 近Ω 261/300 - 癡絤穕ア: 4.005154 - 喷靡穕ア: 1.802809 - rmse: 1047.644653 - r2: -0.987803 - mae: 738.520325 - 厩策瞯: 0.000419 - 丁: 3.06
2025-04-17 12:54:40,093 - src.training.callbacks - INFO - 家浪琩翴玂 outputs\hybrid_model\HybridPINNLSTMModel_20250417_124122\checkpoints\HybridPINNLSTMModel_epoch_261.pt
2025-04-17 12:54:40,099 - src.training.trainer - INFO - 菏北夹ゼэ到硈尿 1 近程ㄎ: 1.803171, 讽玡: 1.802809
2025-04-17 12:54:43,044 - src.training.trainer - INFO - min家Α菏北夹э到, 眖 1.803171 э到 1.802367
2025-04-17 12:54:43,048 - src.training.trainer - INFO - 菏北夹э到家玂 outputs/hybrid_model\models\best_model.pt
2025-04-17 12:54:45,877 - src.training.trainer - INFO - 近Ω 263/300 - 癡絤穕ア: 3.993962 - 喷靡穕ア: 1.802743 - rmse: 1047.644653 - r2: -0.987803 - mae: 738.520325 - 厩策瞯: 0.000426 - 丁: 2.83
2025-04-17 12:54:45,885 - src.training.trainer - INFO - 菏北夹ゼэ到硈尿 1 近程ㄎ: 1.802367, 讽玡: 1.802743
2025-04-17 12:54:48,814 - src.training.trainer - INFO - min家Α菏北夹э到, 眖 1.802367 э到 1.801154
2025-04-17 12:54:48,820 - src.training.trainer - INFO - 菏北夹э到家玂 outputs/hybrid_model\models\best_model.pt
2025-04-17 12:54:51,638 - src.training.trainer - INFO - 近Ω 265/300 - 癡絤穕ア: 3.990390 - 喷靡穕ア: 1.800971 - rmse: 1047.644653 - r2: -0.987803 - mae: 738.520325 - 厩策瞯: 0.000434 - 丁: 2.82
2025-04-17 12:54:51,644 - src.training.trainer - INFO - 菏北夹ゼэ到硈尿 1 近程ㄎ: 1.801154, 讽玡: 1.800971
2025-04-17 12:54:54,665 - src.training.callbacks - INFO - 家浪琩翴玂 outputs\hybrid_model\HybridPINNLSTMModel_20250417_124122\checkpoints\HybridPINNLSTMModel_epoch_266.pt
2025-04-17 12:54:54,673 - src.training.trainer - INFO - 菏北夹ゼэ到硈尿 2 近程ㄎ: 1.801154, 讽玡: 1.800881
2025-04-17 12:54:57,529 - src.training.trainer - INFO - 近Ω 267/300 - 癡絤穕ア: 3.994766 - 喷靡穕ア: 1.801282 - rmse: 1047.644653 - r2: -0.987803 - mae: 738.520325 - 厩策瞯: 0.000440 - 丁: 2.86
2025-04-17 12:54:57,535 - src.training.trainer - INFO - 菏北夹ゼэ到硈尿 3 近程ㄎ: 1.801154, 讽玡: 1.801282
2025-04-17 12:55:00,430 - src.training.trainer - INFO - 菏北夹ゼэ到硈尿 4 近程ㄎ: 1.801154, 讽玡: 1.801949
2025-04-17 12:55:03,490 - src.training.trainer - INFO - 近Ω 269/300 - 癡絤穕ア: 4.000596 - 喷靡穕ア: 1.800324 - rmse: 1047.644653 - r2: -0.987803 - mae: 738.520325 - 厩策瞯: 0.000447 - 丁: 3.06
2025-04-17 12:55:03,496 - src.training.trainer - INFO - min家Α菏北夹э到, 眖 1.801154 э到 1.800324
2025-04-17 12:55:03,502 - src.training.trainer - INFO - 菏北夹э到家玂 outputs/hybrid_model\models\best_model.pt
2025-04-17 12:55:06,431 - src.training.trainer - INFO - min家Α菏北夹э到, 眖 1.800324 э到 1.799608
2025-04-17 12:55:06,437 - src.training.trainer - INFO - 菏北夹э到家玂 outputs/hybrid_model\models\best_model.pt
2025-04-17 12:55:09,469 - src.training.trainer - INFO - 近Ω 271/300 - 癡絤穕ア: 3.994709 - 喷靡穕ア: 1.802424 - rmse: 1047.644653 - r2: -0.987803 - mae: 738.520325 - 厩策瞯: 0.000453 - 丁: 3.03
2025-04-17 12:55:09,485 - src.training.callbacks - INFO - 家浪琩翴玂 outputs\hybrid_model\HybridPINNLSTMModel_20250417_124122\checkpoints\HybridPINNLSTMModel_epoch_271.pt
2025-04-17 12:55:09,491 - src.training.trainer - INFO - 菏北夹ゼэ到硈尿 1 近程ㄎ: 1.799608, 讽玡: 1.802424
2025-04-17 12:55:12,425 - src.training.trainer - INFO - min家Α菏北夹э到, 眖 1.799608 э到 1.798319
2025-04-17 12:55:12,429 - src.training.trainer - INFO - 菏北夹э到家玂 outputs/hybrid_model\models\best_model.pt
2025-04-17 12:55:15,427 - src.training.trainer - INFO - 近Ω 273/300 - 癡絤穕ア: 3.995371 - 喷靡穕ア: 1.800450 - rmse: 1047.644653 - r2: -0.987803 - mae: 738.520325 - 厩策瞯: 0.000459 - 丁: 3.00
2025-04-17 12:55:15,437 - src.training.trainer - INFO - 菏北夹ゼэ到硈尿 1 近程ㄎ: 1.798319, 讽玡: 1.800450
2025-04-17 12:55:18,306 - src.training.trainer - INFO - min家Α菏北夹э到, 眖 1.798319 э到 1.797797
2025-04-17 12:55:18,312 - src.training.trainer - INFO - 菏北夹э到家玂 outputs/hybrid_model\models\best_model.pt
2025-04-17 12:55:21,309 - src.training.trainer - INFO - 近Ω 275/300 - 癡絤穕ア: 3.988298 - 喷靡穕ア: 1.798075 - rmse: 1047.644653 - r2: -0.987803 - mae: 738.520325 - 厩策瞯: 0.000465 - 丁: 3.00
2025-04-17 12:55:21,315 - src.training.trainer - INFO - 菏北夹ゼэ到硈尿 1 近程ㄎ: 1.797797, 讽玡: 1.798075
2025-04-17 12:55:24,246 - src.training.callbacks - INFO - 家浪琩翴玂 outputs\hybrid_model\HybridPINNLSTMModel_20250417_124122\checkpoints\HybridPINNLSTMModel_epoch_276.pt
2025-04-17 12:55:24,256 - src.training.trainer - INFO - 菏北夹ゼэ到硈尿 2 近程ㄎ: 1.797797, 讽玡: 1.797949
2025-04-17 12:55:27,215 - src.training.trainer - INFO - 近Ω 277/300 - 癡絤穕ア: 3.986054 - 喷靡穕ア: 1.797665 - rmse: 1047.644653 - r2: -0.987803 - mae: 738.520325 - 厩策瞯: 0.000470 - 丁: 2.96
2025-04-17 12:55:27,225 - src.training.trainer - INFO - 菏北夹ゼэ到硈尿 3 近程ㄎ: 1.797797, 讽玡: 1.797665
2025-04-17 12:55:30,130 - src.training.trainer - INFO - 菏北夹ゼэ到硈尿 4 近程ㄎ: 1.797797, 讽玡: 1.797751
2025-04-17 12:55:33,201 - src.training.trainer - INFO - 近Ω 279/300 - 癡絤穕ア: 3.983641 - 喷靡穕ア: 1.798324 - rmse: 1047.644653 - r2: -0.987803 - mae: 738.520325 - 厩策瞯: 0.000474 - 丁: 3.07
2025-04-17 12:55:33,209 - src.training.trainer - INFO - 菏北夹ゼэ到硈尿 5 近程ㄎ: 1.797797, 讽玡: 1.798324
2025-04-17 12:55:33,209 - src.training.trainer - INFO - 浪代癡絤氨孩沽刚币癡絤...
2025-04-17 12:55:36,206 - src.training.trainer - INFO - min家Α菏北夹э到, 眖 1.797797 э到 1.794967
2025-04-17 12:55:36,214 - src.training.trainer - INFO - 菏北夹э到家玂 outputs/hybrid_model\models\best_model.pt
2025-04-17 12:55:39,233 - src.training.trainer - INFO - 近Ω 281/300 - 癡絤穕ア: 3.984731 - 喷靡穕ア: 1.795243 - rmse: 1047.644653 - r2: -0.987803 - mae: 738.520325 - 厩策瞯: 0.000479 - 丁: 3.02
2025-04-17 12:55:39,247 - src.training.callbacks - INFO - 家浪琩翴玂 outputs\hybrid_model\HybridPINNLSTMModel_20250417_124122\checkpoints\HybridPINNLSTMModel_epoch_281.pt
2025-04-17 12:55:39,255 - src.training.trainer - INFO - 菏北夹ゼэ到硈尿 1 近程ㄎ: 1.794967, 讽玡: 1.795243
2025-04-17 12:55:42,306 - src.training.trainer - INFO - min家Α菏北夹э到, 眖 1.794967 э到 1.794295
2025-04-17 12:55:42,312 - src.training.trainer - INFO - 菏北夹э到家玂 outputs/hybrid_model\models\best_model.pt
2025-04-17 12:55:45,425 - src.training.trainer - INFO - 近Ω 283/300 - 癡絤穕ア: 3.990702 - 喷靡穕ア: 1.795517 - rmse: 1047.644653 - r2: -0.987803 - mae: 738.520325 - 厩策瞯: 0.000483 - 丁: 3.11
2025-04-17 12:55:45,433 - src.training.trainer - INFO - 菏北夹ゼэ到硈尿 1 近程ㄎ: 1.794295, 讽玡: 1.795517
2025-04-17 12:55:48,552 - src.training.trainer - INFO - 菏北夹ゼэ到硈尿 2 近程ㄎ: 1.794295, 讽玡: 1.796754
2025-04-17 12:55:51,630 - src.training.trainer - INFO - 近Ω 285/300 - 癡絤穕ア: 3.983620 - 喷靡穕ア: 1.794387 - rmse: 1047.644653 - r2: -0.987803 - mae: 738.520325 - 厩策瞯: 0.000486 - 丁: 3.08
2025-04-17 12:55:51,638 - src.training.trainer - INFO - 菏北夹ゼэ到硈尿 3 近程ㄎ: 1.794295, 讽玡: 1.794387
2025-04-17 12:55:54,559 - src.training.callbacks - INFO - 家浪琩翴玂 outputs\hybrid_model\HybridPINNLSTMModel_20250417_124122\checkpoints\HybridPINNLSTMModel_epoch_286.pt
2025-04-17 12:55:54,565 - src.training.trainer - INFO - min家Α菏北夹э到, 眖 1.794295 э到 1.792877
2025-04-17 12:55:54,573 - src.training.trainer - INFO - 菏北夹э到家玂 outputs/hybrid_model\models\best_model.pt
2025-04-17 12:55:57,612 - src.training.trainer - INFO - 近Ω 287/300 - 癡絤穕ア: 3.984841 - 喷靡穕ア: 1.793224 - rmse: 1047.644653 - r2: -0.987803 - mae: 738.520325 - 厩策瞯: 0.000490 - 丁: 3.04
2025-04-17 12:55:57,620 - src.training.trainer - INFO - 菏北夹ゼэ到硈尿 1 近程ㄎ: 1.792877, 讽玡: 1.793224
2025-04-17 12:56:00,496 - src.training.trainer - INFO - 菏北夹ゼэ到硈尿 2 近程ㄎ: 1.792877, 讽玡: 1.792619
2025-04-17 12:56:03,297 - src.training.trainer - INFO - 近Ω 289/300 - 癡絤穕ア: 3.982536 - 喷靡穕ア: 1.792596 - rmse: 1047.644653 - r2: -0.987803 - mae: 738.520325 - 厩策瞯: 0.000492 - 丁: 2.80
2025-04-17 12:56:03,303 - src.training.trainer - INFO - 菏北夹ゼэ到硈尿 3 近程ㄎ: 1.792877, 讽玡: 1.792596
2025-04-17 12:56:06,164 - src.training.trainer - INFO - 菏北夹ゼэ到硈尿 4 近程ㄎ: 1.792877, 讽玡: 1.792876
2025-04-17 12:56:09,016 - src.training.trainer - INFO - 近Ω 291/300 - 癡絤穕ア: 3.970941 - 喷靡穕ア: 1.792759 - rmse: 1047.644653 - r2: -0.987803 - mae: 738.520325 - 厩策瞯: 0.000495 - 丁: 2.85
2025-04-17 12:56:09,034 - src.training.callbacks - INFO - 家浪琩翴玂 outputs\hybrid_model\HybridPINNLSTMModel_20250417_124122\checkpoints\HybridPINNLSTMModel_epoch_291.pt
2025-04-17 12:56:09,044 - src.training.trainer - INFO - 菏北夹ゼэ到硈尿 5 近程ㄎ: 1.792877, 讽玡: 1.792759
2025-04-17 12:56:09,044 - src.training.trainer - INFO - 浪代癡絤氨孩沽刚币癡絤...
2025-04-17 12:56:12,087 - src.training.trainer - INFO - 菏北夹ゼэ到硈尿 4 近程ㄎ: 1.792877, 讽玡: 1.794271
2025-04-17 12:56:15,143 - src.training.trainer - INFO - 近Ω 293/300 - 癡絤穕ア: 3.972322 - 喷靡穕ア: 1.791007 - rmse: 1047.644653 - r2: -0.987803 - mae: 738.520325 - 厩策瞯: 0.000497 - 丁: 3.05
2025-04-17 12:56:15,149 - src.training.trainer - INFO - min家Α菏北夹э到, 眖 1.792877 э到 1.791007
2025-04-17 12:56:15,153 - src.training.trainer - INFO - 菏北夹э到家玂 outputs/hybrid_model\models\best_model.pt
2025-04-17 12:56:18,139 - src.training.trainer - INFO - 菏北夹ゼэ到硈尿 1 近程ㄎ: 1.791007, 讽玡: 1.793987
2025-04-17 12:56:20,893 - src.training.trainer - INFO - 近Ω 295/300 - 癡絤穕ア: 3.984596 - 喷靡穕ア: 1.791197 - rmse: 1047.644653 - r2: -0.987803 - mae: 738.520325 - 厩策瞯: 0.000498 - 丁: 2.75
2025-04-17 12:56:20,897 - src.training.trainer - INFO - 菏北夹ゼэ到硈尿 2 近程ㄎ: 1.791007, 讽玡: 1.791197
2025-04-17 12:56:23,856 - src.training.callbacks - INFO - 家浪琩翴玂 outputs\hybrid_model\HybridPINNLSTMModel_20250417_124122\checkpoints\HybridPINNLSTMModel_epoch_296.pt
2025-04-17 12:56:23,865 - src.training.trainer - INFO - 菏北夹ゼэ到硈尿 3 近程ㄎ: 1.791007, 讽玡: 1.791309
2025-04-17 12:56:26,640 - src.training.trainer - INFO - 近Ω 297/300 - 癡絤穕ア: 3.981867 - 喷靡穕ア: 1.790645 - rmse: 1047.644653 - r2: -0.987803 - mae: 738.520325 - 厩策瞯: 0.000499 - 丁: 2.77
2025-04-17 12:56:26,644 - src.training.trainer - INFO - 菏北夹ゼэ到硈尿 4 近程ㄎ: 1.791007, 讽玡: 1.790645
2025-04-17 12:56:29,562 - src.training.trainer - INFO - 菏北夹ゼэ到硈尿 5 近程ㄎ: 1.791007, 讽玡: 1.792578
2025-04-17 12:56:29,562 - src.training.trainer - INFO - 浪代癡絤氨孩沽刚币癡絤...
2025-04-17 12:56:32,290 - src.training.trainer - INFO - 近Ω 299/300 - 癡絤穕ア: 3.980513 - 喷靡穕ア: 1.790070 - rmse: 1047.644653 - r2: -0.987803 - mae: 738.520325 - 厩策瞯: 0.000500 - 丁: 2.73
2025-04-17 12:56:32,300 - src.training.trainer - INFO - min家Α菏北夹э到, 眖 1.791007 э到 1.790070
2025-04-17 12:56:32,310 - src.training.trainer - INFO - 菏北夹э到家玂 outputs/hybrid_model\models\best_model.pt
2025-04-17 12:56:35,309 - src.training.trainer - INFO - 近Ω 300/300 - 癡絤穕ア: 3.972437 - 喷靡穕ア: 1.791911 - rmse: 1047.644653 - r2: -0.987803 - mae: 738.520325 - 厩策瞯: 0.000500 - 丁: 3.00
2025-04-17 12:56:35,319 - src.training.trainer - INFO - 菏北夹ゼэ到硈尿 1 近程ㄎ: 1.790070, 讽玡: 1.791911
2025-04-17 12:56:35,319 - src.training.trainer - INFO - 癡絤ЧΘ羆丁: 912.49
2025-04-17 12:56:35,357 - __main__ - INFO - 癡絤ЧΘ程沧家玂: outputs/hybrid_model\models\final_model.pt
2025-04-17 12:56:35,367 - __main__ - WARNING - ㄖ块 l2_penalty 岿: zero-dimensional arrays cannot be concatenated
2025-04-17 12:56:35,371 - src.utils.metrics - INFO - Model: HybridPINNLSTMModel
RMSE: 1642.8684
R2: -3.7103
MAE: 1458.0872
MAPE: 71.35%
Relative Error (Mean): 71.35%
Relative Error (Median): 79.97%
Relative Error (90th percentile): 82.83%
Log RMSE: 0.6240
2025-04-17 12:56:35,375 - __main__ - INFO - 蝶︳夹玂: outputs/hybrid_model\evaluation\metrics.csv
2025-04-17 12:56:35,375 - __main__ - INFO - ネΘ跌谋て挡狦...
2025-04-17 12:56:36,200 - src.utils.visualization - INFO - 瓜钩玂: outputs/hybrid_model\evaluation\visualizations\prediction_vs_true.png
2025-04-17 12:56:36,826 - src.utils.visualization - INFO - 瓜钩玂: outputs/hybrid_model\evaluation\visualizations\delta_w_prediction.png
2025-04-17 12:56:37,565 - src.utils.visualization - INFO - 瓜钩玂: outputs/hybrid_model\evaluation\visualizations\physical_constraint.png
2025-04-17 12:56:37,577 - __main__ - INFO - 蝶︳ЧΘ挡狦玂: outputs/hybrid_model\evaluation
2025-04-17 12:56:37,577 - __main__ - INFO - ヴ叭ЧΘ
