2025-04-14 16:35:20,655 - __main__ - INFO - 成功載入配置文件: configs/model_config.yaml
2025-04-14 16:35:20,688 - __main__ - INFO - 成功載入配置文件: configs/train_config.yaml
2025-04-14 16:35:20,692 - __main__ - INFO - 已設定隨機種子: 42
2025-04-14 16:35:20,692 - __main__ - INFO - 使用計算設備: cpu
2025-04-14 16:35:20,692 - __main__ - INFO - 輸出目錄: outputs/hybrid_model
2025-04-14 16:35:20,694 - __main__ - INFO - 載入資料: data/raw/Training_data_warpage_final_20250321_v1.2.csv
2025-04-14 16:35:20,698 - src.data.preprocess - INFO - 成功載入資料檔案: data/raw/Training_data_warpage_final_20250321_v1.2.csv，共 81 筆資料，18 個欄位
2025-04-14 16:35:20,702 - src.data.preprocess - INFO - 標準化完成，特徵數量: 5
2025-04-14 16:35:20,703 - src.data.preprocess - INFO - 時間序列資料準備完成，形狀: (81, 4, 2)
2025-04-14 16:35:20,705 - src.data.preprocess - INFO - 資料分割完成 - 訓練集: 56 樣本, 驗證集: 12 樣本, 測試集: 13 樣本
2025-04-14 16:35:20,705 - src.data.preprocess - INFO - 完整資料處理流程完成
2025-04-14 16:35:20,705 - __main__ - INFO - 資料分割完成, 訓練集: 56 樣本, 驗證集: 12 樣本, 測試集: 13 樣本
2025-04-14 16:35:20,705 - __main__ - INFO - 應用資料增強...
2025-04-14 16:35:20,706 - src.data.dataset - INFO - 進行資料增強，原始訓練集大小: 56 樣本
2025-04-14 16:35:20,888 - src.data.dataset - INFO - 資料增強完成，增強後的訓練集大小: 940 樣本
2025-04-14 16:35:20,888 - __main__ - INFO - 資料增強完成，增強後的訓練集大小: 940 樣本
2025-04-14 16:35:20,911 - __main__ - INFO - 創建混合PINN-LSTM模型，使用物理約束: True，融合方法: weighted
2025-04-14 16:35:20,913 - src.data.dataset - INFO - 已創建資料載入器 - 訓練: 940 樣本, 驗證: 12 樣本, 測試: 13 樣本, 批次大小: 8
2025-04-14 16:35:22,879 - src.training.trainer - INFO - 創建adamw優化器，學習率: 0.002，權重衰減: 0.0005
2025-04-14 16:35:22,881 - src.training.losses - INFO - 初始化HybridLoss: lambda_physics=0.1, lambda_consistency=0.1, delta_w_weight=1.5
2025-04-14 16:35:22,882 - src.training.losses - INFO - 初始化AdaptiveHybridLoss: physics權重從0.1增加到1.0, consistency權重從0.1增加到0.5, delta_w權重從1.5增加到3.0, 在40個輪次內達到最大值, 預熱輪次: 5, 調整方案: linear
2025-04-14 16:35:22,883 - src.training.trainer - WARNING - 不支援的學習率調度器類型: one_cycle，不使用學習率調度
2025-04-14 16:35:22,889 - src.training.callbacks - INFO - 初始化ModelCheckpoint: 保存目錄=outputs\hybrid_model\HybridPINNLSTMModel_20250414_163522\checkpoints, 保存頻率=5, 只保存最佳=False, 監控指標=val_loss, 模式=min
2025-04-14 16:35:22,889 - src.training.callbacks - INFO - 初始化LossHistory: 保存路徑=outputs\hybrid_model\HybridPINNLSTMModel_20250414_163522\history.json, 保存頻率=1
2025-04-14 16:35:22,893 - src.training.trainer - INFO - 初始化訓練器完成，模型: HybridPINNLSTMModel, 優化器: AdamW, 設備: cpu
2025-04-14 16:35:22,893 - __main__ - INFO - 開始訓練，總輪數: 450
2025-04-14 16:35:22,894 - src.training.trainer - INFO - 開始訓練，總輪數: 450
2025-04-14 16:35:27,144 - src.training.trainer - INFO - 輪次 1/450 - 訓練損失: 4195276108.975863 - 驗證損失: 11.713711 - rmse: 1348.492310 - r2: -2.293383 - mae: 1102.068604 - 學習率: 0.002000 - 時間: 4.25秒
2025-04-14 16:35:27,171 - src.training.callbacks - INFO - 模型檢查點已保存至 outputs\hybrid_model\HybridPINNLSTMModel_20250414_163522\checkpoints\HybridPINNLSTMModel_epoch_001.pt
2025-04-14 16:35:27,185 - src.training.trainer - INFO - 監控指標改善，模型已保存至 outputs/hybrid_model\models\best_model.pt
2025-04-14 16:35:31,944 - src.training.trainer - INFO - 監控指標改善，模型已保存至 outputs/hybrid_model\models\best_model.pt
2025-04-14 16:35:36,443 - src.training.trainer - INFO - 輪次 3/450 - 訓練損失: 16.229543 - 驗證損失: 6.533948 - rmse: 1376.141357 - r2: -2.429821 - mae: 1157.492188 - 學習率: 0.002000 - 時間: 4.50秒
2025-04-14 16:35:36,455 - src.training.trainer - INFO - 監控指標改善，模型已保存至 outputs/hybrid_model\models\best_model.pt
2025-04-14 16:35:40,994 - src.training.trainer - INFO - 監控指標改善，模型已保存至 outputs/hybrid_model\models\best_model.pt
2025-04-14 16:35:45,017 - src.training.trainer - INFO - 輪次 5/450 - 訓練損失: 3.647282 - 驗證損失: 2.566536 - rmse: 1253.396240 - r2: -1.845261 - mae: 1034.728027 - 學習率: 0.002000 - 時間: 4.02秒
2025-04-14 16:35:45,029 - src.training.trainer - INFO - 監控指標改善，模型已保存至 outputs/hybrid_model\models\best_model.pt
2025-04-14 16:35:49,189 - src.training.callbacks - INFO - 模型檢查點已保存至 outputs\hybrid_model\HybridPINNLSTMModel_20250414_163522\checkpoints\HybridPINNLSTMModel_epoch_006.pt
2025-04-14 16:35:49,199 - src.training.trainer - INFO - 監控指標改善，模型已保存至 outputs/hybrid_model\models\best_model.pt
2025-04-14 16:35:53,274 - src.training.trainer - INFO - 輪次 7/450 - 訓練損失: 2.668834 - 驗證損失: 2.065260 - rmse: 1097.635010 - r2: -1.182033 - mae: 817.470520 - 學習率: 0.002000 - 時間: 4.08秒
2025-04-14 16:35:53,284 - src.training.trainer - INFO - 監控指標改善，模型已保存至 outputs/hybrid_model\models\best_model.pt
2025-04-14 16:35:57,388 - src.training.trainer - INFO - 監控指標改善，模型已保存至 outputs/hybrid_model\models\best_model.pt
2025-04-14 16:36:01,670 - src.training.trainer - INFO - 輪次 9/450 - 訓練損失: 1.907315 - 驗證損失: 1.918490 - rmse: 1298.881226 - r2: -2.055513 - mae: 1063.729736 - 學習率: 0.002000 - 時間: 4.28秒
2025-04-14 16:36:01,683 - src.training.trainer - INFO - 監控指標改善，模型已保存至 outputs/hybrid_model\models\best_model.pt
2025-04-14 16:36:05,751 - src.training.trainer - INFO - 監控指標改善，模型已保存至 outputs/hybrid_model\models\best_model.pt
2025-04-14 16:36:09,770 - src.training.trainer - INFO - 輪次 11/450 - 訓練損失: 1.642902 - 驗證損失: 2.368019 - rmse: 1337.972168 - r2: -2.242198 - mae: 1112.822388 - 學習率: 0.002000 - 時間: 4.02秒
2025-04-14 16:36:09,801 - src.training.callbacks - INFO - 模型檢查點已保存至 outputs\hybrid_model\HybridPINNLSTMModel_20250414_163522\checkpoints\HybridPINNLSTMModel_epoch_011.pt
2025-04-14 16:36:09,814 - src.training.trainer - INFO - 監控指標改善，模型已保存至 outputs/hybrid_model\models\best_model.pt
2025-04-14 16:36:13,983 - src.training.trainer - INFO - 監控指標改善，模型已保存至 outputs/hybrid_model\models\best_model.pt
2025-04-14 16:36:18,340 - src.training.trainer - INFO - 輪次 13/450 - 訓練損失: 1.410385 - 驗證損失: 1.463516 - rmse: 1277.759033 - r2: -1.956945 - mae: 1036.229614 - 學習率: 0.002000 - 時間: 4.36秒
2025-04-14 16:36:18,351 - src.training.trainer - INFO - 監控指標改善，模型已保存至 outputs/hybrid_model\models\best_model.pt
2025-04-14 16:36:22,889 - src.training.trainer - INFO - 監控指標改善，模型已保存至 outputs/hybrid_model\models\best_model.pt
2025-04-14 16:36:27,637 - src.training.trainer - INFO - 輪次 15/450 - 訓練損失: 1.256330 - 驗證損失: 1.408278 - rmse: 1280.395386 - r2: -1.969160 - mae: 1043.598511 - 學習率: 0.002000 - 時間: 4.75秒
2025-04-14 16:36:27,647 - src.training.trainer - INFO - 監控指標改善，模型已保存至 outputs/hybrid_model\models\best_model.pt
2025-04-14 16:36:31,832 - src.training.callbacks - INFO - 模型檢查點已保存至 outputs\hybrid_model\HybridPINNLSTMModel_20250414_163522\checkpoints\HybridPINNLSTMModel_epoch_016.pt
2025-04-14 16:36:31,841 - src.training.trainer - INFO - 監控指標改善，模型已保存至 outputs/hybrid_model\models\best_model.pt
2025-04-14 16:36:35,791 - src.training.trainer - INFO - 輪次 17/450 - 訓練損失: 1.098274 - 驗證損失: 1.613342 - rmse: 1308.235474 - r2: -2.099682 - mae: 1077.635376 - 學習率: 0.002000 - 時間: 3.95秒
2025-04-14 16:36:35,799 - src.training.trainer - INFO - 監控指標改善，模型已保存至 outputs/hybrid_model\models\best_model.pt
2025-04-14 16:36:39,979 - src.training.trainer - INFO - 監控指標改善，模型已保存至 outputs/hybrid_model\models\best_model.pt
2025-04-14 16:36:44,342 - src.training.trainer - INFO - 輪次 19/450 - 訓練損失: 1.007058 - 驗證損失: 1.404078 - rmse: 1296.359741 - r2: -2.043662 - mae: 1059.101562 - 學習率: 0.002000 - 時間: 4.36秒
2025-04-14 16:36:44,354 - src.training.trainer - INFO - 監控指標改善，模型已保存至 outputs/hybrid_model\models\best_model.pt
2025-04-14 16:36:48,635 - src.training.trainer - INFO - 監控指標改善，模型已保存至 outputs/hybrid_model\models\best_model.pt
2025-04-14 16:36:52,979 - src.training.trainer - INFO - 輪次 21/450 - 訓練損失: 0.952302 - 驗證損失: 1.148523 - rmse: 1273.441650 - r2: -1.936996 - mae: 1034.290161 - 學習率: 0.002000 - 時間: 4.34秒
2025-04-14 16:36:53,007 - src.training.callbacks - INFO - 模型檢查點已保存至 outputs\hybrid_model\HybridPINNLSTMModel_20250414_163522\checkpoints\HybridPINNLSTMModel_epoch_021.pt
2025-04-14 16:36:53,016 - src.training.trainer - INFO - 監控指標改善，模型已保存至 outputs/hybrid_model\models\best_model.pt
2025-04-14 16:36:57,397 - src.training.trainer - INFO - 監控指標改善，模型已保存至 outputs/hybrid_model\models\best_model.pt
2025-04-14 16:37:01,647 - src.training.trainer - INFO - 輪次 23/450 - 訓練損失: 0.881867 - 驗證損失: 1.784630 - rmse: 1317.390137 - r2: -2.143216 - mae: 1081.361816 - 學習率: 0.002000 - 時間: 4.25秒
2025-04-14 16:37:01,660 - src.training.trainer - INFO - 監控指標改善，模型已保存至 outputs/hybrid_model\models\best_model.pt
2025-04-14 16:37:06,062 - src.training.trainer - INFO - 監控指標改善，模型已保存至 outputs/hybrid_model\models\best_model.pt
2025-04-14 16:37:10,230 - src.training.trainer - INFO - 輪次 25/450 - 訓練損失: 0.842267 - 驗證損失: 1.491739 - rmse: 1306.976196 - r2: -2.093718 - mae: 1066.008789 - 學習率: 0.002000 - 時間: 4.17秒
2025-04-14 16:37:10,244 - src.training.trainer - INFO - 監控指標改善，模型已保存至 outputs/hybrid_model\models\best_model.pt
2025-04-14 16:37:14,520 - src.training.callbacks - INFO - 模型檢查點已保存至 outputs\hybrid_model\HybridPINNLSTMModel_20250414_163522\checkpoints\HybridPINNLSTMModel_epoch_026.pt
2025-04-14 16:37:14,531 - src.training.trainer - INFO - 監控指標改善，模型已保存至 outputs/hybrid_model\models\best_model.pt
2025-04-14 16:37:18,299 - src.training.trainer - INFO - 輪次 27/450 - 訓練損失: 0.806216 - 驗證損失: 1.080505 - rmse: 1276.720703 - r2: -1.952142 - mae: 1034.104370 - 學習率: 0.002000 - 時間: 3.77秒
2025-04-14 16:37:18,312 - src.training.trainer - INFO - 監控指標改善，模型已保存至 outputs/hybrid_model\models\best_model.pt
2025-04-14 16:37:22,837 - src.training.trainer - INFO - 監控指標改善，模型已保存至 outputs/hybrid_model\models\best_model.pt
2025-04-14 16:37:26,820 - src.training.trainer - INFO - 輪次 29/450 - 訓練損失: 0.796229 - 驗證損失: 1.257076 - rmse: 1292.042847 - r2: -2.023425 - mae: 1046.770264 - 學習率: 0.002000 - 時間: 3.98秒
2025-04-14 16:37:26,834 - src.training.trainer - INFO - 監控指標改善，模型已保存至 outputs/hybrid_model\models\best_model.pt
2025-04-14 16:37:31,087 - src.training.trainer - INFO - 監控指標改善，模型已保存至 outputs/hybrid_model\models\best_model.pt
2025-04-14 16:37:35,175 - src.training.trainer - INFO - 輪次 31/450 - 訓練損失: 0.769658 - 驗證損失: 2.437313 - rmse: 1356.043335 - r2: -2.330370 - mae: 1133.416992 - 學習率: 0.002000 - 時間: 4.09秒
2025-04-14 16:37:35,202 - src.training.callbacks - INFO - 模型檢查點已保存至 outputs\hybrid_model\HybridPINNLSTMModel_20250414_163522\checkpoints\HybridPINNLSTMModel_epoch_031.pt
2025-04-14 16:37:35,218 - src.training.trainer - INFO - 監控指標改善，模型已保存至 outputs/hybrid_model\models\best_model.pt
2025-04-14 16:37:39,767 - src.training.trainer - INFO - 監控指標改善，模型已保存至 outputs/hybrid_model\models\best_model.pt
2025-04-14 16:37:44,095 - src.training.trainer - INFO - 輪次 33/450 - 訓練損失: 0.740268 - 驗證損失: 1.237532 - rmse: 1295.415039 - r2: -2.039227 - mae: 1051.605591 - 學習率: 0.002000 - 時間: 4.33秒
2025-04-14 16:37:44,107 - src.training.trainer - INFO - 監控指標改善，模型已保存至 outputs/hybrid_model\models\best_model.pt
2025-04-14 16:37:48,288 - src.training.trainer - INFO - 監控指標改善，模型已保存至 outputs/hybrid_model\models\best_model.pt
2025-04-14 16:37:52,229 - src.training.trainer - INFO - 輪次 35/450 - 訓練損失: 0.738957 - 驗證損失: 1.037160 - rmse: 1277.977539 - r2: -1.957956 - mae: 1037.487915 - 學習率: 0.002000 - 時間: 3.94秒
2025-04-14 16:37:52,243 - src.training.trainer - INFO - 監控指標改善，模型已保存至 outputs/hybrid_model\models\best_model.pt
2025-04-14 16:37:56,085 - src.training.callbacks - INFO - 模型檢查點已保存至 outputs\hybrid_model\HybridPINNLSTMModel_20250414_163522\checkpoints\HybridPINNLSTMModel_epoch_036.pt
2025-04-14 16:37:56,095 - src.training.trainer - INFO - 監控指標改善，模型已保存至 outputs/hybrid_model\models\best_model.pt
2025-04-14 16:37:59,804 - src.training.trainer - INFO - 輪次 37/450 - 訓練損失: 0.709025 - 驗證損失: 1.169762 - rmse: 1292.920898 - r2: -2.027535 - mae: 1053.271362 - 學習率: 0.002000 - 時間: 3.71秒
2025-04-14 16:37:59,813 - src.training.trainer - INFO - 監控指標改善，模型已保存至 outputs/hybrid_model\models\best_model.pt
2025-04-14 16:38:04,000 - src.training.trainer - INFO - 監控指標改善，模型已保存至 outputs/hybrid_model\models\best_model.pt
2025-04-14 16:38:08,312 - src.training.trainer - INFO - 輪次 39/450 - 訓練損失: 0.696555 - 驗證損失: 1.122943 - rmse: 1291.142700 - r2: -2.019213 - mae: 1043.008789 - 學習率: 0.002000 - 時間: 4.31秒
2025-04-14 16:38:08,322 - src.training.trainer - INFO - 監控指標改善，模型已保存至 outputs/hybrid_model\models\best_model.pt
2025-04-14 16:38:12,925 - src.training.trainer - INFO - 監控指標改善，模型已保存至 outputs/hybrid_model\models\best_model.pt
2025-04-14 16:38:16,816 - src.training.trainer - INFO - 輪次 41/450 - 訓練損失: 0.692607 - 驗證損失: 1.232715 - rmse: 1299.244019 - r2: -2.057221 - mae: 1059.380493 - 學習率: 0.002000 - 時間: 3.89秒
2025-04-14 16:38:16,834 - src.training.callbacks - INFO - 模型檢查點已保存至 outputs\hybrid_model\HybridPINNLSTMModel_20250414_163522\checkpoints\HybridPINNLSTMModel_epoch_041.pt
2025-04-14 16:38:16,849 - src.training.trainer - INFO - 監控指標改善，模型已保存至 outputs/hybrid_model\models\best_model.pt
2025-04-14 16:38:20,653 - src.training.trainer - INFO - 監控指標改善，模型已保存至 outputs/hybrid_model\models\best_model.pt
2025-04-14 16:38:24,647 - src.training.trainer - INFO - 輪次 43/450 - 訓練損失: 0.672656 - 驗證損失: 1.123727 - rmse: 1287.353271 - r2: -2.001517 - mae: 1038.420776 - 學習率: 0.002000 - 時間: 3.99秒
2025-04-14 16:38:24,661 - src.training.trainer - INFO - 監控指標改善，模型已保存至 outputs/hybrid_model\models\best_model.pt
2025-04-14 16:38:28,752 - src.training.trainer - INFO - 監控指標改善，模型已保存至 outputs/hybrid_model\models\best_model.pt
2025-04-14 16:38:32,622 - src.training.trainer - INFO - 輪次 45/450 - 訓練損失: 0.658635 - 驗證損失: 1.336420 - rmse: 1302.639648 - r2: -2.073222 - mae: 1060.078003 - 學習率: 0.002000 - 時間: 3.87秒
2025-04-14 16:38:32,632 - src.training.trainer - INFO - 監控指標改善，模型已保存至 outputs/hybrid_model\models\best_model.pt
2025-04-14 16:38:36,289 - src.training.callbacks - INFO - 模型檢查點已保存至 outputs\hybrid_model\HybridPINNLSTMModel_20250414_163522\checkpoints\HybridPINNLSTMModel_epoch_046.pt
2025-04-14 16:38:36,305 - src.training.trainer - INFO - 監控指標改善，模型已保存至 outputs/hybrid_model\models\best_model.pt
2025-04-14 16:38:41,879 - src.training.trainer - INFO - 輪次 47/450 - 訓練損失: 0.660157 - 驗證損失: 1.089986 - rmse: 1287.679199 - r2: -2.003037 - mae: 1042.156860 - 學習率: 0.002000 - 時間: 5.57秒
2025-04-14 16:38:41,889 - src.training.trainer - INFO - 監控指標改善，模型已保存至 outputs/hybrid_model\models\best_model.pt
2025-04-14 16:38:46,357 - src.training.trainer - INFO - 監控指標改善，模型已保存至 outputs/hybrid_model\models\best_model.pt
2025-04-14 16:38:51,098 - src.training.trainer - INFO - 輪次 49/450 - 訓練損失: 0.660955 - 驗證損失: 1.307739 - rmse: 1306.710571 - r2: -2.092460 - mae: 1065.745972 - 學習率: 0.002000 - 時間: 4.74秒
2025-04-14 16:38:51,113 - src.training.trainer - INFO - 監控指標改善，模型已保存至 outputs/hybrid_model\models\best_model.pt
2025-04-14 16:38:56,272 - src.training.trainer - INFO - 監控指標改善，模型已保存至 outputs/hybrid_model\models\best_model.pt
2025-04-14 16:39:00,612 - src.training.trainer - INFO - 輪次 51/450 - 訓練損失: 0.661734 - 驗證損失: 1.140680 - rmse: 1289.014648 - r2: -2.009269 - mae: 1039.169189 - 學習率: 0.002000 - 時間: 4.34秒
2025-04-14 16:39:00,634 - src.training.callbacks - INFO - 模型檢查點已保存至 outputs\hybrid_model\HybridPINNLSTMModel_20250414_163522\checkpoints\HybridPINNLSTMModel_epoch_051.pt
2025-04-14 16:39:00,639 - src.training.trainer - INFO - min模式下監控指標改善
2025-04-14 16:39:00,649 - src.training.trainer - INFO - 監控指標改善，模型已保存至 outputs/hybrid_model\models\best_model.pt
2025-04-14 16:39:05,019 - src.training.trainer - INFO - 監控指標未改善，已連續 1 輪。最佳值: 1.140680, 當前值: 1.458727
2025-04-14 16:39:09,053 - src.training.trainer - INFO - 輪次 53/450 - 訓練損失: 0.665990 - 驗證損失: 1.118949 - rmse: 1282.727783 - r2: -1.979987 - mae: 1034.755981 - 學習率: 0.002000 - 時間: 4.03秒
2025-04-14 16:39:09,055 - src.training.trainer - INFO - min模式下監控指標改善, 從 1.140680 改善到 1.118949
2025-04-14 16:39:09,062 - src.training.trainer - INFO - 監控指標改善，模型已保存至 outputs/hybrid_model\models\best_model.pt
2025-04-14 16:39:13,087 - src.training.trainer - INFO - 監控指標未改善，已連續 1 輪。最佳值: 1.118949, 當前值: 1.318115
2025-04-14 16:39:16,981 - src.training.trainer - INFO - 輪次 55/450 - 訓練損失: 0.635220 - 驗證損失: 1.412641 - rmse: 1315.351685 - r2: -2.133496 - mae: 1079.468628 - 學習率: 0.002000 - 時間: 3.89秒
2025-04-14 16:39:16,984 - src.training.trainer - INFO - 監控指標未改善，已連續 2 輪。最佳值: 1.118949, 當前值: 1.412641
2025-04-14 16:39:21,002 - src.training.callbacks - INFO - 模型檢查點已保存至 outputs\hybrid_model\HybridPINNLSTMModel_20250414_163522\checkpoints\HybridPINNLSTMModel_epoch_056.pt
2025-04-14 16:39:21,005 - src.training.trainer - INFO - min模式下監控指標改善, 從 1.118949 改善到 1.092914
2025-04-14 16:39:21,012 - src.training.trainer - INFO - 監控指標改善，模型已保存至 outputs/hybrid_model\models\best_model.pt
2025-04-14 16:39:25,369 - src.training.trainer - INFO - 輪次 57/450 - 訓練損失: 0.630081 - 驗證損失: 1.442299 - rmse: 1316.423584 - r2: -2.138605 - mae: 1076.797729 - 學習率: 0.002000 - 時間: 4.36秒
2025-04-14 16:39:25,373 - src.training.trainer - INFO - 監控指標未改善，已連續 1 輪。最佳值: 1.092914, 當前值: 1.442299
2025-04-14 16:39:29,176 - src.training.trainer - INFO - min模式下監控指標改善, 從 1.092914 改善到 0.983124
2025-04-14 16:39:29,187 - src.training.trainer - INFO - 監控指標改善，模型已保存至 outputs/hybrid_model\models\best_model.pt
2025-04-14 16:39:33,702 - src.training.trainer - INFO - 輪次 59/450 - 訓練損失: 0.632823 - 驗證損失: 1.022960 - rmse: 1275.655518 - r2: -1.947217 - mae: 1026.964966 - 學習率: 0.002000 - 時間: 4.51秒
2025-04-14 16:39:33,706 - src.training.trainer - INFO - 監控指標未改善，已連續 1 輪。最佳值: 0.983124, 當前值: 1.022960
2025-04-14 16:39:38,029 - src.training.trainer - INFO - min模式下監控指標改善, 從 0.983124 改善到 0.929734
2025-04-14 16:39:38,044 - src.training.trainer - INFO - 監控指標改善，模型已保存至 outputs/hybrid_model\models\best_model.pt
2025-04-14 16:39:42,315 - src.training.trainer - INFO - 輪次 61/450 - 訓練損失: 0.627479 - 驗證損失: 1.182320 - rmse: 1296.809937 - r2: -2.045776 - mae: 1054.171997 - 學習率: 0.002000 - 時間: 4.27秒
2025-04-14 16:39:42,334 - src.training.callbacks - INFO - 模型檢查點已保存至 outputs\hybrid_model\HybridPINNLSTMModel_20250414_163522\checkpoints\HybridPINNLSTMModel_epoch_061.pt
2025-04-14 16:39:42,339 - src.training.trainer - INFO - 監控指標未改善，已連續 1 輪。最佳值: 0.929734, 當前值: 1.182320
2025-04-14 16:39:46,532 - src.training.trainer - INFO - 監控指標未改善，已連續 2 輪。最佳值: 0.929734, 當前值: 1.502911
2025-04-14 16:39:50,958 - src.training.trainer - INFO - 輪次 63/450 - 訓練損失: 0.640866 - 驗證損失: 2.270902 - rmse: 1356.222900 - r2: -2.331252 - mae: 1130.232422 - 學習率: 0.002000 - 時間: 4.43秒
2025-04-14 16:39:50,962 - src.training.trainer - INFO - 監控指標未改善，已連續 3 輪。最佳值: 0.929734, 當前值: 2.270902
2025-04-14 16:39:54,745 - src.training.trainer - INFO - 監控指標未改善，已連續 4 輪。最佳值: 0.929734, 當前值: 1.200898
2025-04-14 16:39:58,611 - src.training.trainer - INFO - 輪次 65/450 - 訓練損失: 0.629609 - 驗證損失: 1.372214 - rmse: 1312.336426 - r2: -2.119146 - mae: 1073.797363 - 學習率: 0.002000 - 時間: 3.86秒
2025-04-14 16:39:58,615 - src.training.trainer - INFO - 監控指標未改善，已連續 5 輪。最佳值: 0.929734, 當前值: 1.372214
2025-04-14 16:39:58,615 - src.training.trainer - INFO - 檢測到訓練停滯，嘗試重啟訓練...
2025-04-14 16:40:03,111 - src.training.callbacks - INFO - 模型檢查點已保存至 outputs\hybrid_model\HybridPINNLSTMModel_20250414_163522\checkpoints\HybridPINNLSTMModel_epoch_066.pt
2025-04-14 16:40:03,116 - src.training.trainer - INFO - 監控指標未改善，已連續 4 輪。最佳值: 0.929734, 當前值: 1.023845
2025-04-14 16:40:07,430 - src.training.trainer - INFO - 輪次 67/450 - 訓練損失: 0.626207 - 驗證損失: 1.017975 - rmse: 1279.646973 - r2: -1.965689 - mae: 1026.929932 - 學習率: 0.002000 - 時間: 4.31秒
2025-04-14 16:40:07,432 - src.training.trainer - INFO - 監控指標未改善，已連續 5 輪。最佳值: 0.929734, 當前值: 1.017975
2025-04-14 16:40:11,725 - src.training.trainer - INFO - 監控指標未改善，已連續 6 輪。最佳值: 0.929734, 當前值: 1.248723
2025-04-14 16:40:16,045 - src.training.trainer - INFO - 輪次 69/450 - 訓練損失: 0.624229 - 驗證損失: 1.367663 - rmse: 1311.349487 - r2: -2.114456 - mae: 1067.637817 - 學習率: 0.002000 - 時間: 4.32秒
2025-04-14 16:40:16,048 - src.training.trainer - INFO - 監控指標未改善，已連續 7 輪。最佳值: 0.929734, 當前值: 1.367663
2025-04-14 16:40:20,349 - src.training.trainer - INFO - 監控指標未改善，已連續 8 輪。最佳值: 0.929734, 當前值: 0.971614
2025-04-14 16:40:20,350 - src.training.trainer - INFO - 檢測到訓練停滯，嘗試重啟訓練...
2025-04-14 16:40:25,178 - src.training.trainer - INFO - 輪次 71/450 - 訓練損失: 0.633178 - 驗證損失: 1.302822 - rmse: 1308.763184 - r2: -2.102183 - mae: 1068.575073 - 學習率: 0.002000 - 時間: 4.83秒
2025-04-14 16:40:25,204 - src.training.callbacks - INFO - 模型檢查點已保存至 outputs\hybrid_model\HybridPINNLSTMModel_20250414_163522\checkpoints\HybridPINNLSTMModel_epoch_071.pt
2025-04-14 16:40:25,210 - src.training.trainer - INFO - 監控指標未改善，已連續 7 輪。最佳值: 0.929734, 當前值: 1.302822
2025-04-14 16:40:29,446 - src.training.trainer - INFO - 監控指標未改善，已連續 8 輪。最佳值: 0.929734, 當前值: 1.016621
2025-04-14 16:40:33,729 - src.training.trainer - INFO - 輪次 73/450 - 訓練損失: 0.610852 - 驗證損失: 1.288987 - rmse: 1307.054321 - r2: -2.094087 - mae: 1061.326538 - 學習率: 0.002000 - 時間: 4.28秒
2025-04-14 16:40:33,732 - src.training.trainer - INFO - 監控指標未改善，已連續 9 輪。最佳值: 0.929734, 當前值: 1.288987
2025-04-14 16:40:38,434 - src.training.trainer - INFO - 監控指標未改善，已連續 10 輪。最佳值: 0.929734, 當前值: 1.167589
2025-04-14 16:40:42,948 - src.training.trainer - INFO - 輪次 75/450 - 訓練損失: 0.609496 - 驗證損失: 0.994932 - rmse: 1273.680298 - r2: -1.938097 - mae: 1019.714539 - 學習率: 0.002000 - 時間: 4.51秒
2025-04-14 16:40:42,952 - src.training.trainer - INFO - 監控指標未改善，已連續 11 輪。最佳值: 0.929734, 當前值: 0.994932
2025-04-14 16:40:42,952 - src.training.trainer - INFO - 檢測到訓練停滯，嘗試重啟訓練...
2025-04-14 16:40:47,533 - src.training.callbacks - INFO - 模型檢查點已保存至 outputs\hybrid_model\HybridPINNLSTMModel_20250414_163522\checkpoints\HybridPINNLSTMModel_epoch_076.pt
2025-04-14 16:40:47,539 - src.training.trainer - INFO - min模式下監控指標改善, 從 0.929734 改善到 0.901446
2025-04-14 16:40:47,550 - src.training.trainer - INFO - 監控指標改善，模型已保存至 outputs/hybrid_model\models\best_model.pt
2025-04-14 16:40:51,815 - src.training.trainer - INFO - 輪次 77/450 - 訓練損失: 0.608943 - 驗證損失: 1.272241 - rmse: 1307.134033 - r2: -2.094465 - mae: 1066.376099 - 學習率: 0.002000 - 時間: 4.26秒
2025-04-14 16:40:51,819 - src.training.trainer - INFO - 監控指標未改善，已連續 1 輪。最佳值: 0.901446, 當前值: 1.272241
2025-04-14 16:40:55,982 - src.training.trainer - INFO - min模式下監控指標改善, 從 0.901446 改善到 0.900895
2025-04-14 16:40:55,989 - src.training.trainer - INFO - 監控指標改善，模型已保存至 outputs/hybrid_model\models\best_model.pt
2025-04-14 16:41:00,118 - src.training.trainer - INFO - 輪次 79/450 - 訓練損失: 0.620374 - 驗證損失: 1.408291 - rmse: 1308.272461 - r2: -2.099858 - mae: 1063.631958 - 學習率: 0.002000 - 時間: 4.13秒
2025-04-14 16:41:00,121 - src.training.trainer - INFO - 監控指標未改善，已連續 1 輪。最佳值: 0.900895, 當前值: 1.408291
2025-04-14 16:41:04,403 - src.training.trainer - INFO - 監控指標未改善，已連續 2 輪。最佳值: 0.900895, 當前值: 1.131549
2025-04-14 16:41:08,417 - src.training.trainer - INFO - 輪次 81/450 - 訓練損失: 0.640229 - 驗證損失: 1.232853 - rmse: 1303.289307 - r2: -2.076288 - mae: 1064.442505 - 學習率: 0.002000 - 時間: 4.01秒
2025-04-14 16:41:08,436 - src.training.callbacks - INFO - 模型檢查點已保存至 outputs\hybrid_model\HybridPINNLSTMModel_20250414_163522\checkpoints\HybridPINNLSTMModel_epoch_081.pt
2025-04-14 16:41:08,441 - src.training.trainer - INFO - 監控指標未改善，已連續 3 輪。最佳值: 0.900895, 當前值: 1.232853
2025-04-14 16:41:12,712 - src.training.trainer - INFO - 監控指標未改善，已連續 4 輪。最佳值: 0.900895, 當前值: 1.039085
2025-04-14 16:41:16,513 - src.training.trainer - INFO - 輪次 83/450 - 訓練損失: 0.605745 - 驗證損失: 1.116781 - rmse: 1295.011353 - r2: -2.037333 - mae: 1048.616821 - 學習率: 0.002000 - 時間: 3.80秒
2025-04-14 16:41:16,517 - src.training.trainer - INFO - 監控指標未改善，已連續 5 輪。最佳值: 0.900895, 當前值: 1.116781
2025-04-14 16:41:16,517 - src.training.trainer - INFO - 檢測到訓練停滯，嘗試重啟訓練...
2025-04-14 16:41:20,208 - src.training.trainer - INFO - 監控指標未改善，已連續 4 輪。最佳值: 0.900895, 當前值: 1.250036
2025-04-14 16:41:24,163 - src.training.trainer - INFO - 輪次 85/450 - 訓練損失: 0.606242 - 驗證損失: 1.319701 - rmse: 1305.562012 - r2: -2.087027 - mae: 1060.870605 - 學習率: 0.002000 - 時間: 3.95秒
2025-04-14 16:41:24,169 - src.training.trainer - INFO - 監控指標未改善，已連續 5 輪。最佳值: 0.900895, 當前值: 1.319701
2025-04-14 16:41:28,201 - src.training.callbacks - INFO - 模型檢查點已保存至 outputs\hybrid_model\HybridPINNLSTMModel_20250414_163522\checkpoints\HybridPINNLSTMModel_epoch_086.pt
2025-04-14 16:41:28,209 - src.training.trainer - INFO - 監控指標未改善，已連續 6 輪。最佳值: 0.900895, 當前值: 1.083522
2025-04-14 16:41:32,659 - src.training.trainer - INFO - 輪次 87/450 - 訓練損失: 0.598150 - 驗證損失: 0.865774 - rmse: 1251.181152 - r2: -1.835213 - mae: 992.382019 - 學習率: 0.002000 - 時間: 4.45秒
2025-04-14 16:41:32,663 - src.training.trainer - INFO - min模式下監控指標改善, 從 0.900895 改善到 0.865774
2025-04-14 16:41:32,674 - src.training.trainer - INFO - 監控指標改善，模型已保存至 outputs/hybrid_model\models\best_model.pt
2025-04-14 16:41:36,888 - src.training.trainer - INFO - 監控指標未改善，已連續 1 輪。最佳值: 0.865774, 當前值: 1.178304
2025-04-14 16:41:41,055 - src.training.trainer - INFO - 輪次 89/450 - 訓練損失: 0.610201 - 驗證損失: 1.207479 - rmse: 1299.418091 - r2: -2.058040 - mae: 1055.495483 - 學習率: 0.002000 - 時間: 4.17秒
2025-04-14 16:41:41,058 - src.training.trainer - INFO - 監控指標未改善，已連續 2 輪。最佳值: 0.865774, 當前值: 1.207479
2025-04-14 16:41:45,050 - src.training.trainer - INFO - 監控指標未改善，已連續 3 輪。最佳值: 0.865774, 當前值: 1.305698
2025-04-14 16:41:49,089 - src.training.trainer - INFO - 輪次 91/450 - 訓練損失: 0.609424 - 驗證損失: 1.074233 - rmse: 1287.552246 - r2: -2.002445 - mae: 1042.233276 - 學習率: 0.002000 - 時間: 4.04秒
2025-04-14 16:41:49,108 - src.training.callbacks - INFO - 模型檢查點已保存至 outputs\hybrid_model\HybridPINNLSTMModel_20250414_163522\checkpoints\HybridPINNLSTMModel_epoch_091.pt
2025-04-14 16:41:49,112 - src.training.trainer - INFO - 監控指標未改善，已連續 4 輪。最佳值: 0.865774, 當前值: 1.074233
2025-04-14 16:41:53,192 - src.training.trainer - INFO - 監控指標未改善，已連續 5 輪。最佳值: 0.865774, 當前值: 0.927621
2025-04-14 16:41:53,192 - src.training.trainer - INFO - 檢測到訓練停滯，嘗試重啟訓練...
2025-04-14 16:41:57,175 - src.training.trainer - INFO - 輪次 93/450 - 訓練損失: 0.586761 - 驗證損失: 1.211293 - rmse: 1302.605469 - r2: -2.073061 - mae: 1062.206055 - 學習率: 0.002000 - 時間: 3.98秒
2025-04-14 16:41:57,179 - src.training.trainer - INFO - 監控指標未改善，已連續 4 輪。最佳值: 0.865774, 當前值: 1.211293
2025-04-14 16:42:01,167 - src.training.trainer - INFO - 監控指標未改善，已連續 5 輪。最佳值: 0.865774, 當前值: 1.209494
2025-04-14 16:42:05,535 - src.training.trainer - INFO - 輪次 95/450 - 訓練損失: 0.591841 - 驗證損失: 1.018355 - rmse: 1277.816040 - r2: -1.957209 - mae: 1028.086792 - 學習率: 0.002000 - 時間: 4.37秒
2025-04-14 16:42:05,539 - src.training.trainer - INFO - 監控指標未改善，已連續 6 輪。最佳值: 0.865774, 當前值: 1.018355
2025-04-14 16:42:09,803 - src.training.callbacks - INFO - 模型檢查點已保存至 outputs\hybrid_model\HybridPINNLSTMModel_20250414_163522\checkpoints\HybridPINNLSTMModel_epoch_096.pt
2025-04-14 16:42:09,807 - src.training.trainer - INFO - min模式下監控指標改善, 從 0.865774 改善到 0.781021
2025-04-14 16:42:09,815 - src.training.trainer - INFO - 監控指標改善，模型已保存至 outputs/hybrid_model\models\best_model.pt
2025-04-14 16:42:13,884 - src.training.trainer - INFO - 輪次 97/450 - 訓練損失: 0.598440 - 驗證損失: 1.105822 - rmse: 1290.438965 - r2: -2.015923 - mae: 1045.307617 - 學習率: 0.002000 - 時間: 4.07秒
2025-04-14 16:42:13,889 - src.training.trainer - INFO - 監控指標未改善，已連續 1 輪。最佳值: 0.781021, 當前值: 1.105822
2025-04-14 16:42:18,024 - src.training.trainer - INFO - 監控指標未改善，已連續 2 輪。最佳值: 0.781021, 當前值: 1.067100
2025-04-14 16:42:22,449 - src.training.trainer - INFO - 輪次 99/450 - 訓練損失: 0.612334 - 驗證損失: 1.101269 - rmse: 1289.527588 - r2: -2.011665 - mae: 1044.708130 - 學習率: 0.002000 - 時間: 4.43秒
2025-04-14 16:42:22,457 - src.training.trainer - INFO - 監控指標未改善，已連續 3 輪。最佳值: 0.781021, 當前值: 1.101269
2025-04-14 16:42:26,586 - src.training.trainer - INFO - 監控指標未改善，已連續 4 輪。最佳值: 0.781021, 當前值: 1.190891
2025-04-14 16:42:30,559 - src.training.trainer - INFO - 輪次 101/450 - 訓練損失: 0.588646 - 驗證損失: 0.912941 - rmse: 1264.649902 - r2: -1.896583 - mae: 1013.767395 - 學習率: 0.002000 - 時間: 3.97秒
2025-04-14 16:42:30,579 - src.training.callbacks - INFO - 模型檢查點已保存至 outputs\hybrid_model\HybridPINNLSTMModel_20250414_163522\checkpoints\HybridPINNLSTMModel_epoch_101.pt
2025-04-14 16:42:30,584 - src.training.trainer - INFO - 監控指標未改善，已連續 5 輪。最佳值: 0.781021, 當前值: 0.912941
2025-04-14 16:42:30,584 - src.training.trainer - INFO - 檢測到訓練停滯，嘗試重啟訓練...
2025-04-14 16:42:34,923 - src.training.trainer - INFO - 監控指標未改善，已連續 4 輪。最佳值: 0.781021, 當前值: 0.978909
2025-04-14 16:42:39,446 - src.training.trainer - INFO - 輪次 103/450 - 訓練損失: 0.596741 - 驗證損失: 1.234832 - rmse: 1304.980591 - r2: -2.084278 - mae: 1064.854736 - 學習率: 0.002000 - 時間: 4.52秒
2025-04-14 16:42:39,450 - src.training.trainer - INFO - 監控指標未改善，已連續 5 輪。最佳值: 0.781021, 當前值: 1.234832
2025-04-14 16:42:43,656 - src.training.trainer - INFO - 監控指標未改善，已連續 6 輪。最佳值: 0.781021, 當前值: 1.002146
2025-04-14 16:42:47,851 - src.training.trainer - INFO - 輪次 105/450 - 訓練損失: 0.579669 - 驗證損失: 1.148053 - rmse: 1288.942505 - r2: -2.008933 - mae: 1039.687134 - 學習率: 0.002000 - 時間: 4.20秒
2025-04-14 16:42:47,856 - src.training.trainer - INFO - 監控指標未改善，已連續 7 輪。最佳值: 0.781021, 當前值: 1.148053
2025-04-14 16:42:52,592 - src.training.callbacks - INFO - 模型檢查點已保存至 outputs\hybrid_model\HybridPINNLSTMModel_20250414_163522\checkpoints\HybridPINNLSTMModel_epoch_106.pt
2025-04-14 16:42:52,598 - src.training.trainer - INFO - 監控指標未改善，已連續 8 輪。最佳值: 0.781021, 當前值: 0.888196
2025-04-14 16:42:52,598 - src.training.trainer - INFO - 檢測到訓練停滯，嘗試重啟訓練...
2025-04-14 16:42:56,920 - src.training.trainer - INFO - 輪次 107/450 - 訓練損失: 0.590901 - 驗證損失: 1.111471 - rmse: 1294.534790 - r2: -2.035099 - mae: 1053.000366 - 學習率: 0.002000 - 時間: 4.32秒
2025-04-14 16:42:56,924 - src.training.trainer - INFO - 監控指標未改善，已連續 7 輪。最佳值: 0.781021, 當前值: 1.111471
2025-04-14 16:43:01,104 - src.training.trainer - INFO - 監控指標未改善，已連續 8 輪。最佳值: 0.781021, 當前值: 1.306753
2025-04-14 16:43:05,073 - src.training.trainer - INFO - 輪次 109/450 - 訓練損失: 0.581741 - 驗證損失: 1.218520 - rmse: 1304.266235 - r2: -2.080902 - mae: 1064.291138 - 學習率: 0.002000 - 時間: 3.97秒
2025-04-14 16:43:05,076 - src.training.trainer - INFO - 監控指標未改善，已連續 9 輪。最佳值: 0.781021, 當前值: 1.218520
2025-04-14 16:43:09,101 - src.training.trainer - INFO - 監控指標未改善，已連續 10 輪。最佳值: 0.781021, 當前值: 0.917171
2025-04-14 16:43:13,051 - src.training.trainer - INFO - 輪次 111/450 - 訓練損失: 0.577602 - 驗證損失: 1.043509 - rmse: 1283.037598 - r2: -1.981426 - mae: 1035.084839 - 學習率: 0.002000 - 時間: 3.95秒
2025-04-14 16:43:13,079 - src.training.callbacks - INFO - 模型檢查點已保存至 outputs\hybrid_model\HybridPINNLSTMModel_20250414_163522\checkpoints\HybridPINNLSTMModel_epoch_111.pt
2025-04-14 16:43:13,085 - src.training.trainer - INFO - 監控指標未改善，已連續 11 輪。最佳值: 0.781021, 當前值: 1.043509
2025-04-14 16:43:13,086 - src.training.trainer - INFO - 檢測到訓練停滯，嘗試重啟訓練...
2025-04-14 16:43:17,224 - src.training.trainer - INFO - 監控指標未改善，已連續 10 輪。最佳值: 0.781021, 當前值: 1.143852
2025-04-14 16:43:21,418 - src.training.trainer - INFO - 輪次 113/450 - 訓練損失: 0.582796 - 驗證損失: 0.977778 - rmse: 1274.705444 - r2: -1.942829 - mae: 1019.468445 - 學習率: 0.002000 - 時間: 4.19秒
2025-04-14 16:43:21,422 - src.training.trainer - INFO - 監控指標未改善，已連續 11 輪。最佳值: 0.781021, 當前值: 0.977778
2025-04-14 16:43:26,787 - src.training.trainer - INFO - 監控指標未改善，已連續 12 輪。最佳值: 0.781021, 當前值: 1.524494
2025-04-14 16:43:30,892 - src.training.trainer - INFO - 輪次 115/450 - 訓練損失: 0.595177 - 驗證損失: 1.230512 - rmse: 1307.734131 - r2: -2.097307 - mae: 1069.014282 - 學習率: 0.002000 - 時間: 4.10秒
2025-04-14 16:43:30,898 - src.training.trainer - INFO - 監控指標未改善，已連續 13 輪。最佳值: 0.781021, 當前值: 1.230512
2025-04-14 16:43:35,048 - src.training.callbacks - INFO - 模型檢查點已保存至 outputs\hybrid_model\HybridPINNLSTMModel_20250414_163522\checkpoints\HybridPINNLSTMModel_epoch_116.pt
2025-04-14 16:43:35,054 - src.training.trainer - INFO - 監控指標未改善，已連續 14 輪。最佳值: 0.781021, 當前值: 1.298339
2025-04-14 16:43:35,054 - src.training.trainer - INFO - 檢測到訓練停滯，嘗試重啟訓練...
2025-04-14 16:43:39,414 - src.training.trainer - INFO - 輪次 117/450 - 訓練損失: 0.571848 - 驗證損失: 0.878477 - rmse: 1263.016724 - r2: -1.889106 - mae: 1012.687317 - 學習率: 0.002000 - 時間: 4.36秒
2025-04-14 16:43:39,419 - src.training.trainer - INFO - 監控指標未改善，已連續 13 輪。最佳值: 0.781021, 當前值: 0.878477
2025-04-14 16:43:44,204 - src.training.trainer - INFO - 監控指標未改善，已連續 14 輪。最佳值: 0.781021, 當前值: 1.076865
2025-04-14 16:43:48,516 - src.training.trainer - INFO - 輪次 119/450 - 訓練損失: 0.586242 - 驗證損失: 1.314467 - rmse: 1306.114258 - r2: -2.089638 - mae: 1062.996338 - 學習率: 0.002000 - 時間: 4.31秒
2025-04-14 16:43:48,522 - src.training.trainer - INFO - 監控指標未改善，已連續 15 輪。最佳值: 0.781021, 當前值: 1.314467
2025-04-14 16:43:53,363 - src.training.trainer - INFO - 監控指標未改善，已連續 16 輪。最佳值: 0.781021, 當前值: 1.093587
2025-04-14 16:43:58,313 - src.training.trainer - INFO - 輪次 121/450 - 訓練損失: 0.595659 - 驗證損失: 1.086106 - rmse: 1289.165161 - r2: -2.009972 - mae: 1043.181763 - 學習率: 0.002000 - 時間: 4.95秒
2025-04-14 16:43:58,341 - src.training.callbacks - INFO - 模型檢查點已保存至 outputs\hybrid_model\HybridPINNLSTMModel_20250414_163522\checkpoints\HybridPINNLSTMModel_epoch_121.pt
2025-04-14 16:43:58,348 - src.training.trainer - INFO - 監控指標未改善，已連續 17 輪。最佳值: 0.781021, 當前值: 1.086106
2025-04-14 16:43:58,350 - src.training.trainer - INFO - 檢測到訓練停滯，嘗試重啟訓練...
2025-04-14 16:44:02,944 - src.training.trainer - INFO - 監控指標未改善，已連續 16 輪。最佳值: 0.781021, 當前值: 1.118576
2025-04-14 16:44:07,305 - src.training.trainer - INFO - 輪次 123/450 - 訓練損失: 0.587267 - 驗證損失: 1.162352 - rmse: 1286.441406 - r2: -1.997267 - mae: 1030.369019 - 學習率: 0.002000 - 時間: 4.36秒
2025-04-14 16:44:07,309 - src.training.trainer - INFO - 監控指標未改善，已連續 17 輪。最佳值: 0.781021, 當前值: 1.162352
2025-04-14 16:44:11,443 - src.training.trainer - INFO - 監控指標未改善，已連續 18 輪。最佳值: 0.781021, 當前值: 1.403362
2025-04-14 16:44:15,598 - src.training.trainer - INFO - 輪次 125/450 - 訓練損失: 0.575192 - 驗證損失: 1.655291 - rmse: 1324.408936 - r2: -2.176797 - mae: 1082.657471 - 學習率: 0.002000 - 時間: 4.15秒
2025-04-14 16:44:15,604 - src.training.trainer - INFO - 監控指標未改善，已連續 19 輪。最佳值: 0.781021, 當前值: 1.655291
2025-04-14 16:44:19,994 - src.training.callbacks - INFO - 模型檢查點已保存至 outputs\hybrid_model\HybridPINNLSTMModel_20250414_163522\checkpoints\HybridPINNLSTMModel_epoch_126.pt
2025-04-14 16:44:19,998 - src.training.trainer - INFO - 監控指標未改善，已連續 20 輪。最佳值: 0.781021, 當前值: 1.205739
2025-04-14 16:44:19,999 - src.training.trainer - INFO - 檢測到訓練停滯，嘗試重啟訓練...
2025-04-14 16:44:24,538 - src.training.trainer - INFO - 輪次 127/450 - 訓練損失: 0.593738 - 驗證損失: 0.905622 - rmse: 1260.085205 - r2: -1.875711 - mae: 1005.605408 - 學習率: 0.002000 - 時間: 4.54秒
2025-04-14 16:44:24,542 - src.training.trainer - INFO - 監控指標未改善，已連續 19 輪。最佳值: 0.781021, 當前值: 0.905622
2025-04-14 16:44:28,652 - src.training.trainer - INFO - 監控指標未改善，已連續 20 輪。最佳值: 0.781021, 當前值: 1.599611
2025-04-14 16:44:32,708 - src.training.trainer - INFO - 輪次 129/450 - 訓練損失: 0.580228 - 驗證損失: 1.509535 - rmse: 1328.631348 - r2: -2.197086 - mae: 1093.678223 - 學習率: 0.002000 - 時間: 4.05秒
2025-04-14 16:44:32,715 - src.training.trainer - INFO - 監控指標未改善，已連續 21 輪。最佳值: 0.781021, 當前值: 1.509535
2025-04-14 16:44:36,947 - src.training.trainer - INFO - 監控指標未改善，已連續 22 輪。最佳值: 0.781021, 當前值: 1.451431
2025-04-14 16:44:41,125 - src.training.trainer - INFO - 輪次 131/450 - 訓練損失: 0.578866 - 驗證損失: 1.154790 - rmse: 1301.607056 - r2: -2.068352 - mae: 1061.333374 - 學習率: 0.002000 - 時間: 4.18秒
2025-04-14 16:44:41,143 - src.training.callbacks - INFO - 模型檢查點已保存至 outputs\hybrid_model\HybridPINNLSTMModel_20250414_163522\checkpoints\HybridPINNLSTMModel_epoch_131.pt
2025-04-14 16:44:41,147 - src.training.trainer - INFO - 監控指標未改善，已連續 23 輪。最佳值: 0.781021, 當前值: 1.154790
2025-04-14 16:44:41,147 - src.training.trainer - INFO - 檢測到訓練停滯，嘗試重啟訓練...
2025-04-14 16:44:45,264 - src.training.trainer - INFO - 監控指標未改善，已連續 22 輪。最佳值: 0.781021, 當前值: 2.131534
2025-04-14 16:44:49,354 - src.training.trainer - INFO - 輪次 133/450 - 訓練損失: 0.582610 - 驗證損失: 1.040155 - rmse: 1285.542847 - r2: -1.993081 - mae: 1040.433960 - 學習率: 0.002000 - 時間: 4.09秒
2025-04-14 16:44:49,360 - src.training.trainer - INFO - 監控指標未改善，已連續 23 輪。最佳值: 0.781021, 當前值: 1.040155
2025-04-14 16:44:53,304 - src.training.trainer - INFO - min模式下監控指標改善, 從 0.781021 改善到 0.723298
2025-04-14 16:44:53,311 - src.training.trainer - INFO - 監控指標改善，模型已保存至 outputs/hybrid_model\models\best_model.pt
2025-04-14 16:44:57,486 - src.training.trainer - INFO - 輪次 135/450 - 訓練損失: 0.573194 - 驗證損失: 1.407771 - rmse: 1322.592773 - r2: -2.168091 - mae: 1089.376831 - 學習率: 0.002000 - 時間: 4.18秒
2025-04-14 16:44:57,492 - src.training.trainer - INFO - 監控指標未改善，已連續 1 輪。最佳值: 0.723298, 當前值: 1.407771
2025-04-14 16:45:01,636 - src.training.callbacks - INFO - 模型檢查點已保存至 outputs\hybrid_model\HybridPINNLSTMModel_20250414_163522\checkpoints\HybridPINNLSTMModel_epoch_136.pt
2025-04-14 16:45:01,640 - src.training.trainer - INFO - 監控指標未改善，已連續 2 輪。最佳值: 0.723298, 當前值: 1.426677
2025-04-14 16:45:05,899 - src.training.trainer - INFO - 輪次 137/450 - 訓練損失: 0.566171 - 驗證損失: 0.915537 - rmse: 1248.836670 - r2: -1.824598 - mae: 969.313782 - 學習率: 0.002000 - 時間: 4.26秒
2025-04-14 16:45:05,903 - src.training.trainer - INFO - 監控指標未改善，已連續 3 輪。最佳值: 0.723298, 當前值: 0.915537
2025-04-14 16:45:10,337 - src.training.trainer - INFO - 監控指標未改善，已連續 4 輪。最佳值: 0.723298, 當前值: 0.997034
2025-04-14 16:45:14,973 - src.training.trainer - INFO - 輪次 139/450 - 訓練損失: 0.582344 - 驗證損失: 1.830172 - rmse: 1343.791504 - r2: -2.270462 - mae: 1113.627319 - 學習率: 0.002000 - 時間: 4.64秒
2025-04-14 16:45:14,979 - src.training.trainer - INFO - 監控指標未改善，已連續 5 輪。最佳值: 0.723298, 當前值: 1.830172
2025-04-14 16:45:14,980 - src.training.trainer - INFO - 檢測到訓練停滯，嘗試重啟訓練...
2025-04-14 16:45:19,541 - src.training.trainer - INFO - 監控指標未改善，已連續 4 輪。最佳值: 0.723298, 當前值: 1.183092
2025-04-14 16:45:25,008 - src.training.trainer - INFO - 輪次 141/450 - 訓練損失: 0.585932 - 驗證損失: 1.125726 - rmse: 1287.892944 - r2: -2.004034 - mae: 1036.853516 - 學習率: 0.002000 - 時間: 5.47秒
2025-04-14 16:45:25,039 - src.training.callbacks - INFO - 模型檢查點已保存至 outputs\hybrid_model\HybridPINNLSTMModel_20250414_163522\checkpoints\HybridPINNLSTMModel_epoch_141.pt
2025-04-14 16:45:25,044 - src.training.trainer - INFO - 監控指標未改善，已連續 5 輪。最佳值: 0.723298, 當前值: 1.125726
2025-04-14 16:45:30,095 - src.training.trainer - INFO - 監控指標未改善，已連續 6 輪。最佳值: 0.723298, 當前值: 1.386094
2025-04-14 16:45:34,577 - src.training.trainer - INFO - 輪次 143/450 - 訓練損失: 0.580715 - 驗證損失: 1.385955 - rmse: 1320.892700 - r2: -2.159951 - mae: 1086.419800 - 學習率: 0.002000 - 時間: 4.48秒
2025-04-14 16:45:34,582 - src.training.trainer - INFO - 監控指標未改善，已連續 7 輪。最佳值: 0.723298, 當前值: 1.385955
2025-04-14 16:45:38,475 - src.training.trainer - INFO - 監控指標未改善，已連續 8 輪。最佳值: 0.723298, 當前值: 1.056416
2025-04-14 16:45:38,475 - src.training.trainer - INFO - 檢測到訓練停滯，嘗試重啟訓練...
2025-04-14 16:45:42,362 - src.training.trainer - INFO - 輪次 145/450 - 訓練損失: 0.559401 - 驗證損失: 0.959965 - rmse: 1265.663696 - r2: -1.901229 - mae: 1007.454346 - 學習率: 0.002000 - 時間: 3.89秒
2025-04-14 16:45:42,366 - src.training.trainer - INFO - 監控指標未改善，已連續 7 輪。最佳值: 0.723298, 當前值: 0.959965
2025-04-14 16:45:46,898 - src.training.callbacks - INFO - 模型檢查點已保存至 outputs\hybrid_model\HybridPINNLSTMModel_20250414_163522\checkpoints\HybridPINNLSTMModel_epoch_146.pt
2025-04-14 16:45:46,905 - src.training.trainer - INFO - 監控指標未改善，已連續 8 輪。最佳值: 0.723298, 當前值: 0.886230
2025-04-14 16:45:51,786 - src.training.trainer - INFO - 輪次 147/450 - 訓練損失: 0.573428 - 驗證損失: 1.395471 - rmse: 1311.033325 - r2: -2.112955 - mae: 1064.327759 - 學習率: 0.002000 - 時間: 4.88秒
2025-04-14 16:45:51,792 - src.training.trainer - INFO - 監控指標未改善，已連續 9 輪。最佳值: 0.723298, 當前值: 1.395471
2025-04-14 16:45:56,467 - src.training.trainer - INFO - 監控指標未改善，已連續 10 輪。最佳值: 0.723298, 當前值: 1.630301
2025-04-14 16:46:01,354 - src.training.trainer - INFO - 輪次 149/450 - 訓練損失: 0.580731 - 驗證損失: 1.101716 - rmse: 1289.052979 - r2: -2.009448 - mae: 1042.733154 - 學習率: 0.002000 - 時間: 4.89秒
2025-04-14 16:46:01,364 - src.training.trainer - INFO - 監控指標未改善，已連續 11 輪。最佳值: 0.723298, 當前值: 1.101716
2025-04-14 16:46:01,364 - src.training.trainer - INFO - 檢測到訓練停滯，嘗試重啟訓練...
2025-04-14 16:46:06,432 - src.training.trainer - INFO - 監控指標未改善，已連續 10 輪。最佳值: 0.723298, 當前值: 0.886283
2025-04-14 16:46:11,226 - src.training.trainer - INFO - 輪次 151/450 - 訓練損失: 0.571512 - 驗證損失: 1.514140 - rmse: 1328.232300 - r2: -2.195166 - mae: 1095.919800 - 學習率: 0.002000 - 時間: 4.79秒
2025-04-14 16:46:11,256 - src.training.callbacks - INFO - 模型檢查點已保存至 outputs\hybrid_model\HybridPINNLSTMModel_20250414_163522\checkpoints\HybridPINNLSTMModel_epoch_151.pt
2025-04-14 16:46:11,264 - src.training.trainer - INFO - 監控指標未改善，已連續 11 輪。最佳值: 0.723298, 當前值: 1.514140
2025-04-14 16:46:15,689 - src.training.trainer - INFO - 監控指標未改善，已連續 12 輪。最佳值: 0.723298, 當前值: 1.591659
2025-04-14 16:46:20,112 - src.training.trainer - INFO - 輪次 153/450 - 訓練損失: 0.565926 - 驗證損失: 0.977399 - rmse: 1270.009399 - r2: -1.921186 - mae: 1014.022400 - 學習率: 0.002000 - 時間: 4.42秒
2025-04-14 16:46:20,116 - src.training.trainer - INFO - 監控指標未改善，已連續 13 輪。最佳值: 0.723298, 當前值: 0.977399
2025-04-14 16:46:24,280 - src.training.trainer - INFO - 監控指標未改善，已連續 14 輪。最佳值: 0.723298, 當前值: 1.135564
2025-04-14 16:46:24,280 - src.training.trainer - INFO - 檢測到訓練停滯，嘗試重啟訓練...
2025-04-14 16:46:28,831 - src.training.trainer - INFO - 輪次 155/450 - 訓練損失: 0.551107 - 驗證損失: 1.103433 - rmse: 1291.768555 - r2: -2.022141 - mae: 1050.453125 - 學習率: 0.002000 - 時間: 4.55秒
2025-04-14 16:46:28,835 - src.training.trainer - INFO - 監控指標未改善，已連續 13 輪。最佳值: 0.723298, 當前值: 1.103433
2025-04-14 16:46:33,309 - src.training.callbacks - INFO - 模型檢查點已保存至 outputs\hybrid_model\HybridPINNLSTMModel_20250414_163522\checkpoints\HybridPINNLSTMModel_epoch_156.pt
2025-04-14 16:46:33,314 - src.training.trainer - INFO - 監控指標未改善，已連續 14 輪。最佳值: 0.723298, 當前值: 0.900179
2025-04-14 16:46:37,586 - src.training.trainer - INFO - 輪次 157/450 - 訓練損失: 0.565245 - 驗證損失: 0.979821 - rmse: 1272.580200 - r2: -1.933024 - mae: 1021.749329 - 學習率: 0.002000 - 時間: 4.27秒
2025-04-14 16:46:37,591 - src.training.trainer - INFO - 監控指標未改善，已連續 15 輪。最佳值: 0.723298, 當前值: 0.979821
2025-04-14 16:46:41,892 - src.training.trainer - INFO - 監控指標未改善，已連續 16 輪。最佳值: 0.723298, 當前值: 0.991085
2025-04-14 16:46:45,811 - src.training.trainer - INFO - 輪次 159/450 - 訓練損失: 0.585839 - 驗證損失: 1.453253 - rmse: 1325.273071 - r2: -2.180945 - mae: 1088.922485 - 學習率: 0.002000 - 時間: 3.92秒
2025-04-14 16:46:45,815 - src.training.trainer - INFO - 監控指標未改善，已連續 17 輪。最佳值: 0.723298, 當前值: 1.453253
2025-04-14 16:46:45,815 - src.training.trainer - INFO - 檢測到訓練停滯，嘗試重啟訓練...
2025-04-14 16:46:50,161 - src.training.trainer - INFO - 監控指標未改善，已連續 16 輪。最佳值: 0.723298, 當前值: 0.899930
2025-04-14 16:46:56,444 - src.training.trainer - INFO - 輪次 161/450 - 訓練損失: 0.558078 - 驗證損失: 1.185989 - rmse: 1296.326538 - r2: -2.043506 - mae: 1047.830688 - 學習率: 0.002000 - 時間: 6.28秒
2025-04-14 16:46:56,463 - src.training.callbacks - INFO - 模型檢查點已保存至 outputs\hybrid_model\HybridPINNLSTMModel_20250414_163522\checkpoints\HybridPINNLSTMModel_epoch_161.pt
2025-04-14 16:46:56,469 - src.training.trainer - INFO - 監控指標未改善，已連續 17 輪。最佳值: 0.723298, 當前值: 1.185989
2025-04-14 16:47:01,533 - src.training.trainer - INFO - 監控指標未改善，已連續 18 輪。最佳值: 0.723298, 當前值: 1.505722
2025-04-14 16:47:05,897 - src.training.trainer - INFO - 輪次 163/450 - 訓練損失: 0.573882 - 驗證損失: 0.988408 - rmse: 1273.950684 - r2: -1.939345 - mae: 1021.136169 - 學習率: 0.002000 - 時間: 4.36秒
2025-04-14 16:47:05,903 - src.training.trainer - INFO - 監控指標未改善，已連續 19 輪。最佳值: 0.723298, 當前值: 0.988408
2025-04-14 16:47:10,159 - src.training.trainer - INFO - 監控指標未改善，已連續 20 輪。最佳值: 0.723298, 當前值: 1.128123
2025-04-14 16:47:10,159 - src.training.trainer - INFO - 檢測到訓練停滯，嘗試重啟訓練...
2025-04-14 16:47:14,487 - src.training.trainer - INFO - 輪次 165/450 - 訓練損失: 0.561648 - 驗證損失: 1.499254 - rmse: 1321.750122 - r2: -2.164055 - mae: 1081.582520 - 學習率: 0.002000 - 時間: 4.33秒
2025-04-14 16:47:14,493 - src.training.trainer - INFO - 監控指標未改善，已連續 19 輪。最佳值: 0.723298, 當前值: 1.499254
2025-04-14 16:47:18,746 - src.training.callbacks - INFO - 模型檢查點已保存至 outputs\hybrid_model\HybridPINNLSTMModel_20250414_163522\checkpoints\HybridPINNLSTMModel_epoch_166.pt
2025-04-14 16:47:18,754 - src.training.trainer - INFO - 監控指標未改善，已連續 20 輪。最佳值: 0.723298, 當前值: 1.099744
2025-04-14 16:47:23,213 - src.training.trainer - INFO - 輪次 167/450 - 訓練損失: 0.566732 - 驗證損失: 1.205853 - rmse: 1297.895020 - r2: -2.050875 - mae: 1054.146362 - 學習率: 0.002000 - 時間: 4.46秒
2025-04-14 16:47:23,219 - src.training.trainer - INFO - 監控指標未改善，已連續 21 輪。最佳值: 0.723298, 當前值: 1.205853
2025-04-14 16:47:27,900 - src.training.trainer - INFO - 監控指標未改善，已連續 22 輪。最佳值: 0.723298, 當前值: 1.067330
2025-04-14 16:47:31,969 - src.training.trainer - INFO - 輪次 169/450 - 訓練損失: 0.561236 - 驗證損失: 1.818589 - rmse: 1345.317383 - r2: -2.277894 - mae: 1116.073853 - 學習率: 0.002000 - 時間: 4.07秒
2025-04-14 16:47:31,977 - src.training.trainer - INFO - 監控指標未改善，已連續 23 輪。最佳值: 0.723298, 當前值: 1.818589
2025-04-14 16:47:31,977 - src.training.trainer - INFO - 檢測到訓練停滯，嘗試重啟訓練...
2025-04-14 16:47:36,491 - src.training.trainer - INFO - 監控指標未改善，已連續 22 輪。最佳值: 0.723298, 當前值: 1.160461
2025-04-14 16:47:41,523 - src.training.trainer - INFO - 輪次 171/450 - 訓練損失: 0.560717 - 驗證損失: 0.958152 - rmse: 1265.207764 - r2: -1.899139 - mae: 1006.295166 - 學習率: 0.002000 - 時間: 5.03秒
2025-04-14 16:47:41,553 - src.training.callbacks - INFO - 模型檢查點已保存至 outputs\hybrid_model\HybridPINNLSTMModel_20250414_163522\checkpoints\HybridPINNLSTMModel_epoch_171.pt
2025-04-14 16:47:41,565 - src.training.trainer - INFO - 監控指標未改善，已連續 23 輪。最佳值: 0.723298, 當前值: 0.958152
2025-04-14 16:47:45,918 - src.training.trainer - INFO - 監控指標未改善，已連續 24 輪。最佳值: 0.723298, 當前值: 1.041419
2025-04-14 16:47:53,183 - src.training.trainer - INFO - 輪次 173/450 - 訓練損失: 0.560143 - 驗證損失: 0.980085 - rmse: 1280.731323 - r2: -1.970718 - mae: 1033.449341 - 學習率: 0.002000 - 時間: 7.27秒
2025-04-14 16:47:53,195 - src.training.trainer - INFO - 監控指標未改善，已連續 25 輪。最佳值: 0.723298, 當前值: 0.980085
2025-04-14 16:48:00,876 - src.training.trainer - INFO - 監控指標未改善，已連續 26 輪。最佳值: 0.723298, 當前值: 0.949191
2025-04-14 16:48:00,878 - src.training.trainer - INFO - 檢測到訓練停滯，嘗試重啟訓練...
2025-04-14 16:48:07,732 - src.training.trainer - INFO - 輪次 175/450 - 訓練損失: 0.569637 - 驗證損失: 0.894668 - rmse: 1250.888428 - r2: -1.833887 - mae: 992.684143 - 學習率: 0.002000 - 時間: 6.85秒
2025-04-14 16:48:07,740 - src.training.trainer - INFO - 監控指標未改善，已連續 25 輪。最佳值: 0.723298, 當前值: 0.894668
2025-04-14 16:48:13,241 - src.training.callbacks - INFO - 模型檢查點已保存至 outputs\hybrid_model\HybridPINNLSTMModel_20250414_163522\checkpoints\HybridPINNLSTMModel_epoch_176.pt
2025-04-14 16:48:13,249 - src.training.trainer - INFO - 監控指標未改善，已連續 26 輪。最佳值: 0.723298, 當前值: 1.336621
2025-04-14 16:48:17,557 - src.training.trainer - INFO - 輪次 177/450 - 訓練損失: 0.570041 - 驗證損失: 1.181365 - rmse: 1297.696045 - r2: -2.049940 - mae: 1051.903809 - 學習率: 0.002000 - 時間: 4.31秒
2025-04-14 16:48:17,564 - src.training.trainer - INFO - 監控指標未改善，已連續 27 輪。最佳值: 0.723298, 當前值: 1.181365
2025-04-14 16:48:21,511 - src.training.trainer - INFO - 監控指標未改善，已連續 28 輪。最佳值: 0.723298, 當前值: 0.940791
2025-04-14 16:48:25,568 - src.training.trainer - INFO - 輪次 179/450 - 訓練損失: 0.562394 - 驗證損失: 2.173453 - rmse: 1357.794067 - r2: -2.338975 - mae: 1132.494995 - 學習率: 0.002000 - 時間: 4.06秒
2025-04-14 16:48:25,573 - src.training.trainer - INFO - 監控指標未改善，已連續 29 輪。最佳值: 0.723298, 當前值: 2.173453
2025-04-14 16:48:25,574 - src.training.trainer - INFO - 檢測到訓練停滯，嘗試重啟訓練...
2025-04-14 16:48:29,918 - src.training.trainer - INFO - 監控指標未改善，已連續 28 輪。最佳值: 0.723298, 當前值: 1.409798
2025-04-14 16:48:34,189 - src.training.trainer - INFO - 輪次 181/450 - 訓練損失: 0.552701 - 驗證損失: 1.078282 - rmse: 1286.694824 - r2: -1.998447 - mae: 1035.550781 - 學習率: 0.002000 - 時間: 4.27秒
2025-04-14 16:48:34,209 - src.training.callbacks - INFO - 模型檢查點已保存至 outputs\hybrid_model\HybridPINNLSTMModel_20250414_163522\checkpoints\HybridPINNLSTMModel_epoch_181.pt
2025-04-14 16:48:34,218 - src.training.trainer - INFO - 監控指標未改善，已連續 29 輪。最佳值: 0.723298, 當前值: 1.078282
2025-04-14 16:48:39,017 - src.training.trainer - INFO - 監控指標未改善，已連續 30 輪。最佳值: 0.723298, 當前值: 1.776082
2025-04-14 16:48:43,158 - src.training.trainer - INFO - 輪次 183/450 - 訓練損失: 0.561054 - 驗證損失: 0.751871 - rmse: 1231.684570 - r2: -1.747542 - mae: 969.376770 - 學習率: 0.002000 - 時間: 4.14秒
2025-04-14 16:48:43,163 - src.training.trainer - INFO - 監控指標未改善，已連續 31 輪。最佳值: 0.723298, 當前值: 0.751871
2025-04-14 16:48:47,246 - src.training.trainer - INFO - 監控指標未改善，已連續 32 輪。最佳值: 0.723298, 當前值: 1.516322
2025-04-14 16:48:47,246 - src.training.trainer - INFO - 檢測到訓練停滯，嘗試重啟訓練...
2025-04-14 16:48:51,373 - src.training.trainer - INFO - 輪次 185/450 - 訓練損失: 0.560020 - 驗證損失: 1.138376 - rmse: 1291.439941 - r2: -2.020604 - mae: 1044.087036 - 學習率: 0.002000 - 時間: 4.13秒
2025-04-14 16:48:51,380 - src.training.trainer - INFO - 監控指標未改善，已連續 31 輪。最佳值: 0.723298, 當前值: 1.138376
2025-04-14 16:48:55,514 - src.training.callbacks - INFO - 模型檢查點已保存至 outputs\hybrid_model\HybridPINNLSTMModel_20250414_163522\checkpoints\HybridPINNLSTMModel_epoch_186.pt
2025-04-14 16:48:55,520 - src.training.trainer - INFO - 監控指標未改善，已連續 32 輪。最佳值: 0.723298, 當前值: 1.450749
2025-04-14 16:48:59,701 - src.training.trainer - INFO - 輪次 187/450 - 訓練損失: 0.541921 - 驗證損失: 1.021713 - rmse: 1283.048828 - r2: -1.981479 - mae: 1037.419312 - 學習率: 0.002000 - 時間: 4.18秒
2025-04-14 16:48:59,707 - src.training.trainer - INFO - 監控指標未改善，已連續 33 輪。最佳值: 0.723298, 當前值: 1.021713
2025-04-14 16:49:00,072 - __main__ - INFO - 用戶中斷訓練
