2025-04-17 14:34:32,232 - __main__ - INFO - 成功載入配置文件: configs/model_config.yaml
2025-04-17 14:34:32,250 - __main__ - INFO - 成功載入配置文件: configs/train_config.yaml
2025-04-17 14:34:32,253 - __main__ - INFO - 已設定隨機種子: 42
2025-04-17 14:34:32,253 - __main__ - INFO - 使用計算設備: cpu
2025-04-17 14:34:32,253 - __main__ - INFO - 輸出目錄: outputs/hybrid_model
2025-04-17 14:34:32,254 - __main__ - INFO - 載入資料: data/raw/Training_data_warpage_final_20250321_v1.2.csv
2025-04-17 14:34:32,258 - src.data.preprocess - INFO - 成功載入資料檔案: data/raw/Training_data_warpage_final_20250321_v1.2.csv，共 81 筆資料，18 個欄位
2025-04-17 14:34:32,261 - src.data.preprocess - INFO - 標準化完成，特徵數量: 5
2025-04-17 14:34:32,264 - src.data.preprocess - INFO - 時間序列資料準備完成，形狀: (81, 4, 2)
2025-04-17 14:34:32,267 - src.data.preprocess - INFO - 資料分割完成 - 訓練集: 56 樣本, 驗證集: 12 樣本, 測試集: 13 樣本
2025-04-17 14:34:32,267 - src.data.preprocess - INFO - 完整資料處理流程完成
2025-04-17 14:34:32,268 - __main__ - INFO - 資料分割完成, 訓練集: 56 樣本, 驗證集: 12 樣本, 測試集: 13 樣本
2025-04-17 14:34:32,268 - __main__ - INFO - 應用資料增強...
2025-04-17 14:34:32,268 - src.data.dataset - INFO - 進行資料增強，原始訓練集大小: 56 樣本
2025-04-17 14:34:32,426 - src.data.dataset - INFO - 資料增強完成，增強後的訓練集大小: 940 樣本
2025-04-17 14:34:32,427 - __main__ - INFO - 資料增強完成，增強後的訓練集大小: 940 樣本
2025-04-17 14:34:32,429 - src.models.hybrid_model - INFO - 初始化簡化的HybridPINNLSTMModel - 使用直接物理計算優先策略
2025-04-17 14:34:32,430 - __main__ - INFO - 創建簡化的混合PINN-LSTM模型，使用物理約束: True
2025-04-17 14:34:32,431 - src.data.dataset - INFO - 已創建資料載入器 - 訓練: 940 樣本, 驗證: 12 樣本, 測試: 13 樣本, 批次大小: 8
2025-04-17 14:34:34,148 - src.training.trainer - INFO - 創建adam優化器，學習率: 0.0003，權重衰減: 0.001
2025-04-17 14:34:34,148 - src.training.losses - INFO - 初始化HybridLoss: lambda_physics=5.0, lambda_consistency=0.2, delta_w_weight=1.5
2025-04-17 14:34:34,149 - src.training.losses - INFO - 初始化AdaptiveHybridLoss: physics權重從5.0增加到10.0, consistency權重從0.2增加到0.5, delta_w權重從1.5增加到3.0, 在50個輪次內達到最大值, 預熱輪次: 5, 調整方案: linear
2025-04-17 14:34:34,149 - src.training.trainer - INFO - 創建餘弦退火學習率調度器，週期: 150，最小學習率: 1e-05
2025-04-17 14:34:34,150 - src.training.callbacks - INFO - 初始化ModelCheckpoint: 保存目錄=outputs\hybrid_model\HybridPINNLSTMModel_20250417_143434\checkpoints, 保存頻率=5, 只保存最佳=False, 監控指標=val_loss, 模式=min
2025-04-17 14:34:34,151 - src.training.callbacks - INFO - 初始化LossHistory: 保存路徑=outputs\hybrid_model\HybridPINNLSTMModel_20250417_143434\history.json, 保存頻率=1
2025-04-17 14:34:34,154 - src.training.trainer - INFO - 初始化訓練器完成，模型: HybridPINNLSTMModel, 優化器: Adam, 設備: cpu
2025-04-17 14:34:34,154 - __main__ - INFO - 開始訓練，總輪數: 300
2025-04-17 14:34:34,154 - src.training.trainer - INFO - 開始訓練，總輪數: 300
2025-04-17 14:34:35,289 - src.training.trainer - INFO - 輪次 1/300 - 訓練損失: 6.191973 - 驗證損失: 3.859512 - rmse: 1098.212646 - r2: -1.184330 - mae: 1000.653809 - 學習率: 0.000300 - 時間: 1.13秒
2025-04-17 14:34:35,295 - src.training.callbacks - INFO - 模型檢查點已保存至 outputs\hybrid_model\HybridPINNLSTMModel_20250417_143434\checkpoints\HybridPINNLSTMModel_epoch_001.pt
2025-04-17 14:34:35,302 - src.training.trainer - INFO - 監控指標改善，模型已保存至 outputs/hybrid_model\models\best_model.pt
2025-04-17 14:34:36,421 - src.training.trainer - INFO - 監控指標改善，模型已保存至 outputs/hybrid_model\models\best_model.pt
2025-04-17 14:34:37,628 - src.training.trainer - INFO - 輪次 3/300 - 訓練損失: 4.794584 - 驗證損失: 3.630199 - rmse: 1099.612915 - r2: -1.189904 - mae: 872.258362 - 學習率: 0.000300 - 時間: 1.21秒
2025-04-17 14:34:37,634 - src.training.trainer - INFO - 監控指標改善，模型已保存至 outputs/hybrid_model\models\best_model.pt
2025-04-17 14:34:38,801 - src.training.trainer - INFO - 監控指標改善，模型已保存至 outputs/hybrid_model\models\best_model.pt
2025-04-17 14:34:39,913 - src.training.trainer - INFO - 輪次 5/300 - 訓練損失: 4.537213 - 驗證損失: 3.584310 - rmse: 1116.247314 - r2: -1.256660 - mae: 829.381836 - 學習率: 0.000299 - 時間: 1.11秒
2025-04-17 14:34:39,919 - src.training.trainer - INFO - 監控指標改善，模型已保存至 outputs/hybrid_model\models\best_model.pt
2025-04-17 14:34:41,019 - src.training.callbacks - INFO - 模型檢查點已保存至 outputs\hybrid_model\HybridPINNLSTMModel_20250417_143434\checkpoints\HybridPINNLSTMModel_epoch_006.pt
2025-04-17 14:34:41,023 - src.training.trainer - INFO - 監控指標改善，模型已保存至 outputs/hybrid_model\models\best_model.pt
2025-04-17 14:34:42,095 - src.training.trainer - INFO - 輪次 7/300 - 訓練損失: 4.252148 - 驗證損失: 3.562476 - rmse: 1133.156616 - r2: -1.325548 - mae: 800.917419 - 學習率: 0.000299 - 時間: 1.07秒
2025-04-17 14:34:42,100 - src.training.trainer - INFO - 監控指標改善，模型已保存至 outputs/hybrid_model\models\best_model.pt
2025-04-17 14:34:43,252 - src.training.trainer - INFO - 監控指標改善，模型已保存至 outputs/hybrid_model\models\best_model.pt
2025-04-17 14:34:44,323 - src.training.trainer - INFO - 輪次 9/300 - 訓練損失: 4.130255 - 驗證損失: 3.562383 - rmse: 1143.216309 - r2: -1.367021 - mae: 797.126282 - 學習率: 0.000298 - 時間: 1.07秒
2025-04-17 14:34:44,330 - src.training.trainer - INFO - 監控指標改善，模型已保存至 outputs/hybrid_model\models\best_model.pt
2025-04-17 14:34:45,442 - src.training.trainer - INFO - 監控指標改善，模型已保存至 outputs/hybrid_model\models\best_model.pt
2025-04-17 14:34:46,534 - src.training.trainer - INFO - 輪次 11/300 - 訓練損失: 4.088334 - 驗證損失: 3.572459 - rmse: 1151.001953 - r2: -1.399371 - mae: 802.804443 - 學習率: 0.000297 - 時間: 1.09秒
2025-04-17 14:34:46,541 - src.training.callbacks - INFO - 模型檢查點已保存至 outputs\hybrid_model\HybridPINNLSTMModel_20250417_143434\checkpoints\HybridPINNLSTMModel_epoch_011.pt
2025-04-17 14:34:46,546 - src.training.trainer - INFO - 監控指標改善，模型已保存至 outputs/hybrid_model\models\best_model.pt
2025-04-17 14:34:47,637 - src.training.trainer - INFO - 監控指標改善，模型已保存至 outputs/hybrid_model\models\best_model.pt
2025-04-17 14:34:48,827 - src.training.trainer - INFO - 輪次 13/300 - 訓練損失: 4.072245 - 驗證損失: 3.573547 - rmse: 1153.583740 - r2: -1.410147 - mae: 803.856995 - 學習率: 0.000295 - 時間: 1.19秒
2025-04-17 14:34:48,831 - src.training.trainer - INFO - 監控指標改善，模型已保存至 outputs/hybrid_model\models\best_model.pt
2025-04-17 14:34:49,885 - src.training.trainer - INFO - 監控指標改善，模型已保存至 outputs/hybrid_model\models\best_model.pt
2025-04-17 14:34:51,050 - src.training.trainer - INFO - 輪次 15/300 - 訓練損失: 4.053583 - 驗證損失: 3.578264 - rmse: 1157.045044 - r2: -1.424632 - mae: 806.892761 - 學習率: 0.000294 - 時間: 1.16秒
2025-04-17 14:34:51,054 - src.training.trainer - INFO - 監控指標改善，模型已保存至 outputs/hybrid_model\models\best_model.pt
2025-04-17 14:34:52,122 - src.training.callbacks - INFO - 模型檢查點已保存至 outputs\hybrid_model\HybridPINNLSTMModel_20250417_143434\checkpoints\HybridPINNLSTMModel_epoch_016.pt
2025-04-17 14:34:52,128 - src.training.trainer - INFO - 監控指標改善，模型已保存至 outputs/hybrid_model\models\best_model.pt
2025-04-17 14:34:53,236 - src.training.trainer - INFO - 輪次 17/300 - 訓練損失: 4.052117 - 驗證損失: 3.579171 - rmse: 1157.803589 - r2: -1.427813 - mae: 807.633545 - 學習率: 0.000292 - 時間: 1.11秒
2025-04-17 14:34:53,243 - src.training.trainer - INFO - 監控指標改善，模型已保存至 outputs/hybrid_model\models\best_model.pt
2025-04-17 14:34:54,442 - src.training.trainer - INFO - 監控指標改善，模型已保存至 outputs/hybrid_model\models\best_model.pt
2025-04-17 14:34:55,596 - src.training.trainer - INFO - 輪次 19/300 - 訓練損失: 4.077774 - 驗證損失: 3.581936 - rmse: 1159.211182 - r2: -1.433719 - mae: 809.004456 - 學習率: 0.000290 - 時間: 1.15秒
2025-04-17 14:34:55,600 - src.training.trainer - INFO - 監控指標改善，模型已保存至 outputs/hybrid_model\models\best_model.pt
2025-04-17 14:34:56,741 - src.training.trainer - INFO - 監控指標改善，模型已保存至 outputs/hybrid_model\models\best_model.pt
2025-04-17 14:34:57,860 - src.training.trainer - INFO - 輪次 21/300 - 訓練損失: 4.045088 - 驗證損失: 3.582284 - rmse: 1159.645020 - r2: -1.435541 - mae: 809.153320 - 學習率: 0.000287 - 時間: 1.12秒
2025-04-17 14:34:57,866 - src.training.callbacks - INFO - 模型檢查點已保存至 outputs\hybrid_model\HybridPINNLSTMModel_20250417_143434\checkpoints\HybridPINNLSTMModel_epoch_021.pt
2025-04-17 14:34:57,873 - src.training.trainer - INFO - 監控指標改善，模型已保存至 outputs/hybrid_model\models\best_model.pt
2025-04-17 14:34:59,062 - src.training.trainer - INFO - 監控指標改善，模型已保存至 outputs/hybrid_model\models\best_model.pt
2025-04-17 14:35:00,094 - src.training.trainer - INFO - 輪次 23/300 - 訓練損失: 4.050911 - 驗證損失: 3.583322 - rmse: 1159.984375 - r2: -1.436967 - mae: 809.435059 - 學習率: 0.000285 - 時間: 1.03秒
2025-04-17 14:35:00,099 - src.training.trainer - INFO - 監控指標改善，模型已保存至 outputs/hybrid_model\models\best_model.pt
2025-04-17 14:35:01,215 - src.training.trainer - INFO - 監控指標改善，模型已保存至 outputs/hybrid_model\models\best_model.pt
2025-04-17 14:35:02,240 - src.training.trainer - INFO - 輪次 25/300 - 訓練損失: 4.075483 - 驗證損失: 3.584053 - rmse: 1160.608765 - r2: -1.439591 - mae: 809.899231 - 學習率: 0.000282 - 時間: 1.03秒
2025-04-17 14:35:02,246 - src.training.trainer - INFO - 監控指標改善，模型已保存至 outputs/hybrid_model\models\best_model.pt
2025-04-17 14:35:03,362 - src.training.callbacks - INFO - 模型檢查點已保存至 outputs\hybrid_model\HybridPINNLSTMModel_20250417_143434\checkpoints\HybridPINNLSTMModel_epoch_026.pt
2025-04-17 14:35:03,369 - src.training.trainer - INFO - 監控指標改善，模型已保存至 outputs/hybrid_model\models\best_model.pt
2025-04-17 14:35:04,523 - src.training.trainer - INFO - 輪次 27/300 - 訓練損失: 4.052943 - 驗證損失: 3.583913 - rmse: 1160.781006 - r2: -1.440315 - mae: 810.033264 - 學習率: 0.000279 - 時間: 1.15秒
2025-04-17 14:35:04,530 - src.training.trainer - INFO - 監控指標改善，模型已保存至 outputs/hybrid_model\models\best_model.pt
2025-04-17 14:35:05,585 - src.training.trainer - INFO - 監控指標改善，模型已保存至 outputs/hybrid_model\models\best_model.pt
2025-04-17 14:35:06,750 - src.training.trainer - INFO - 輪次 29/300 - 訓練損失: 4.019469 - 驗證損失: 3.584750 - rmse: 1161.072998 - r2: -1.441543 - mae: 810.259094 - 學習率: 0.000276 - 時間: 1.16秒
2025-04-17 14:35:06,755 - src.training.trainer - INFO - 監控指標改善，模型已保存至 outputs/hybrid_model\models\best_model.pt
2025-04-17 14:35:07,880 - src.training.trainer - INFO - 監控指標改善，模型已保存至 outputs/hybrid_model\models\best_model.pt
2025-04-17 14:35:09,067 - src.training.trainer - INFO - 輪次 31/300 - 訓練損失: 4.026672 - 驗證損失: 3.584644 - rmse: 1161.145874 - r2: -1.441850 - mae: 810.293396 - 學習率: 0.000272 - 時間: 1.19秒
2025-04-17 14:35:09,076 - src.training.callbacks - INFO - 模型檢查點已保存至 outputs\hybrid_model\HybridPINNLSTMModel_20250417_143434\checkpoints\HybridPINNLSTMModel_epoch_031.pt
2025-04-17 14:35:09,084 - src.training.trainer - INFO - 監控指標改善，模型已保存至 outputs/hybrid_model\models\best_model.pt
2025-04-17 14:35:10,259 - src.training.trainer - INFO - 監控指標改善，模型已保存至 outputs/hybrid_model\models\best_model.pt
2025-04-17 14:35:11,315 - src.training.trainer - INFO - 輪次 33/300 - 訓練損失: 4.046977 - 驗證損失: 3.585446 - rmse: 1161.292847 - r2: -1.442468 - mae: 810.468506 - 學習率: 0.000269 - 時間: 1.06秒
2025-04-17 14:35:11,321 - src.training.trainer - INFO - 監控指標改善，模型已保存至 outputs/hybrid_model\models\best_model.pt
2025-04-17 14:35:12,467 - src.training.trainer - INFO - 監控指標改善，模型已保存至 outputs/hybrid_model\models\best_model.pt
2025-04-17 14:35:13,573 - src.training.trainer - INFO - 輪次 35/300 - 訓練損失: 4.023746 - 驗證損失: 3.585284 - rmse: 1161.301880 - r2: -1.442506 - mae: 810.402771 - 學習率: 0.000265 - 時間: 1.11秒
2025-04-17 14:35:13,578 - src.training.trainer - INFO - 監控指標改善，模型已保存至 outputs/hybrid_model\models\best_model.pt
2025-04-17 14:35:14,764 - src.training.callbacks - INFO - 模型檢查點已保存至 outputs\hybrid_model\HybridPINNLSTMModel_20250417_143434\checkpoints\HybridPINNLSTMModel_epoch_036.pt
2025-04-17 14:35:14,771 - src.training.trainer - INFO - 監控指標改善，模型已保存至 outputs/hybrid_model\models\best_model.pt
2025-04-17 14:35:15,930 - src.training.trainer - INFO - 輪次 37/300 - 訓練損失: 4.119491 - 驗證損失: 3.585325 - rmse: 1161.359131 - r2: -1.442747 - mae: 810.459656 - 學習率: 0.000261 - 時間: 1.16秒
2025-04-17 14:35:15,935 - src.training.trainer - INFO - 監控指標改善，模型已保存至 outputs/hybrid_model\models\best_model.pt
2025-04-17 14:35:17,025 - src.training.trainer - INFO - 監控指標改善，模型已保存至 outputs/hybrid_model\models\best_model.pt
2025-04-17 14:35:18,168 - src.training.trainer - INFO - 輪次 39/300 - 訓練損失: 4.051850 - 驗證損失: 3.585482 - rmse: 1161.454468 - r2: -1.443147 - mae: 810.542175 - 學習率: 0.000256 - 時間: 1.14秒
2025-04-17 14:35:18,176 - src.training.trainer - INFO - 監控指標改善，模型已保存至 outputs/hybrid_model\models\best_model.pt
2025-04-17 14:35:19,305 - src.training.trainer - INFO - 監控指標改善，模型已保存至 outputs/hybrid_model\models\best_model.pt
2025-04-17 14:35:20,452 - src.training.trainer - INFO - 輪次 41/300 - 訓練損失: 3.955138 - 驗證損失: 3.585798 - rmse: 1161.507324 - r2: -1.443370 - mae: 810.603271 - 學習率: 0.000252 - 時間: 1.15秒
2025-04-17 14:35:20,458 - src.training.callbacks - INFO - 模型檢查點已保存至 outputs\hybrid_model\HybridPINNLSTMModel_20250417_143434\checkpoints\HybridPINNLSTMModel_epoch_041.pt
2025-04-17 14:35:20,463 - src.training.trainer - INFO - 監控指標改善，模型已保存至 outputs/hybrid_model\models\best_model.pt
2025-04-17 14:35:21,546 - src.training.trainer - INFO - 監控指標改善，模型已保存至 outputs/hybrid_model\models\best_model.pt
2025-04-17 14:35:22,586 - src.training.trainer - INFO - 輪次 43/300 - 訓練損失: 3.952156 - 驗證損失: 3.585995 - rmse: 1161.576904 - r2: -1.443663 - mae: 810.625488 - 學習率: 0.000247 - 時間: 1.04秒
2025-04-17 14:35:22,590 - src.training.trainer - INFO - 監控指標改善，模型已保存至 outputs/hybrid_model\models\best_model.pt
2025-04-17 14:35:23,661 - src.training.trainer - INFO - 監控指標改善，模型已保存至 outputs/hybrid_model\models\best_model.pt
2025-04-17 14:35:24,751 - src.training.trainer - INFO - 輪次 45/300 - 訓練損失: 4.033788 - 驗證損失: 3.586000 - rmse: 1161.611328 - r2: -1.443808 - mae: 810.672180 - 學習率: 0.000243 - 時間: 1.09秒
2025-04-17 14:35:24,758 - src.training.trainer - INFO - 監控指標改善，模型已保存至 outputs/hybrid_model\models\best_model.pt
2025-04-17 14:35:26,017 - src.training.callbacks - INFO - 模型檢查點已保存至 outputs\hybrid_model\HybridPINNLSTMModel_20250417_143434\checkpoints\HybridPINNLSTMModel_epoch_046.pt
2025-04-17 14:35:26,023 - src.training.trainer - INFO - 監控指標改善，模型已保存至 outputs/hybrid_model\models\best_model.pt
2025-04-17 14:35:27,129 - src.training.trainer - INFO - 輪次 47/300 - 訓練損失: 3.960660 - 驗證損失: 3.586063 - rmse: 1161.662720 - r2: -1.444024 - mae: 810.705322 - 學習率: 0.000238 - 時間: 1.11秒
2025-04-17 14:35:27,134 - src.training.trainer - INFO - 監控指標改善，模型已保存至 outputs/hybrid_model\models\best_model.pt
2025-04-17 14:35:28,250 - src.training.trainer - INFO - 監控指標改善，模型已保存至 outputs/hybrid_model\models\best_model.pt
2025-04-17 14:35:29,336 - src.training.trainer - INFO - 輪次 49/300 - 訓練損失: 4.000581 - 驗證損失: 3.586201 - rmse: 1161.672241 - r2: -1.444064 - mae: 810.713379 - 學習率: 0.000233 - 時間: 1.09秒
2025-04-17 14:35:29,343 - src.training.trainer - INFO - 監控指標改善，模型已保存至 outputs/hybrid_model\models\best_model.pt
2025-04-17 14:35:30,516 - src.training.trainer - INFO - 監控指標改善，模型已保存至 outputs/hybrid_model\models\best_model.pt
2025-04-17 14:35:31,632 - src.training.trainer - INFO - 輪次 51/300 - 訓練損失: 4.083018 - 驗證損失: 3.586095 - rmse: 1161.688599 - r2: -1.444133 - mae: 810.726807 - 學習率: 0.000228 - 時間: 1.12秒
2025-04-17 14:35:31,640 - src.training.callbacks - INFO - 模型檢查點已保存至 outputs\hybrid_model\HybridPINNLSTMModel_20250417_143434\checkpoints\HybridPINNLSTMModel_epoch_051.pt
2025-04-17 14:35:31,644 - src.training.trainer - INFO - min模式下監控指標改善
2025-04-17 14:35:31,647 - src.training.trainer - INFO - 監控指標改善，模型已保存至 outputs/hybrid_model\models\best_model.pt
2025-04-17 14:35:32,731 - src.training.trainer - INFO - 監控指標未改善，已連續 1 輪。最佳值: 3.586095, 當前值: 3.586245
2025-04-17 14:35:33,825 - src.training.trainer - INFO - 輪次 53/300 - 訓練損失: 4.078920 - 驗證損失: 3.586247 - rmse: 1161.726440 - r2: -1.444292 - mae: 810.768555 - 學習率: 0.000222 - 時間: 1.09秒
2025-04-17 14:35:33,828 - src.training.trainer - INFO - 監控指標未改善，已連續 2 輪。最佳值: 3.586095, 當前值: 3.586247
2025-04-17 14:35:34,890 - src.training.trainer - INFO - 監控指標未改善，已連續 3 輪。最佳值: 3.586095, 當前值: 3.586079
2025-04-17 14:35:36,101 - src.training.trainer - INFO - 輪次 55/300 - 訓練損失: 4.197987 - 驗證損失: 3.586108 - rmse: 1161.694580 - r2: -1.444158 - mae: 810.729797 - 學習率: 0.000217 - 時間: 1.21秒
2025-04-17 14:35:36,103 - src.training.trainer - INFO - 監控指標未改善，已連續 4 輪。最佳值: 3.586095, 當前值: 3.586108
2025-04-17 14:35:37,227 - src.training.callbacks - INFO - 模型檢查點已保存至 outputs\hybrid_model\HybridPINNLSTMModel_20250417_143434\checkpoints\HybridPINNLSTMModel_epoch_056.pt
2025-04-17 14:35:37,230 - src.training.trainer - INFO - 監控指標未改善，已連續 5 輪。最佳值: 3.586095, 當前值: 3.586155
2025-04-17 14:35:37,230 - src.training.trainer - INFO - 檢測到訓練停滯，嘗試重啟訓練...
2025-04-17 14:35:38,388 - src.training.trainer - INFO - 輪次 57/300 - 訓練損失: 4.044846 - 驗證損失: 3.586197 - rmse: 1161.741455 - r2: -1.444355 - mae: 810.778809 - 學習率: 0.000211 - 時間: 1.16秒
2025-04-17 14:35:38,392 - src.training.trainer - INFO - 監控指標未改善，已連續 4 輪。最佳值: 3.586095, 當前值: 3.586197
2025-04-17 14:35:39,477 - src.training.trainer - INFO - 監控指標未改善，已連續 5 輪。最佳值: 3.586095, 當前值: 3.586164
2025-04-17 14:35:40,672 - src.training.trainer - INFO - 輪次 59/300 - 訓練損失: 4.032120 - 驗證損失: 3.586234 - rmse: 1161.744629 - r2: -1.444368 - mae: 810.775879 - 學習率: 0.000206 - 時間: 1.19秒
2025-04-17 14:35:40,675 - src.training.trainer - INFO - 監控指標未改善，已連續 6 輪。最佳值: 3.586095, 當前值: 3.586234
2025-04-17 14:35:41,836 - src.training.trainer - INFO - 監控指標未改善，已連續 7 輪。最佳值: 3.586095, 當前值: 3.586181
2025-04-17 14:35:42,955 - src.training.trainer - INFO - 輪次 61/300 - 訓練損失: 4.005392 - 驗證損失: 3.586310 - rmse: 1161.781494 - r2: -1.444524 - mae: 810.797302 - 學習率: 0.000200 - 時間: 1.12秒
2025-04-17 14:35:42,963 - src.training.callbacks - INFO - 模型檢查點已保存至 outputs\hybrid_model\HybridPINNLSTMModel_20250417_143434\checkpoints\HybridPINNLSTMModel_epoch_061.pt
2025-04-17 14:35:42,966 - src.training.trainer - INFO - 監控指標未改善，已連續 8 輪。最佳值: 3.586095, 當前值: 3.586310
2025-04-17 14:35:42,966 - src.training.trainer - INFO - 檢測到訓練停滯，嘗試重啟訓練...
2025-04-17 14:35:44,077 - src.training.trainer - INFO - 監控指標未改善，已連續 7 輪。最佳值: 3.586095, 當前值: 3.586271
2025-04-17 14:35:45,137 - src.training.trainer - INFO - 輪次 63/300 - 訓練損失: 4.021550 - 驗證損失: 3.586217 - rmse: 1161.772949 - r2: -1.444488 - mae: 810.786072 - 學習率: 0.000194 - 時間: 1.06秒
2025-04-17 14:35:45,140 - src.training.trainer - INFO - 監控指標未改善，已連續 8 輪。最佳值: 3.586095, 當前值: 3.586217
2025-04-17 14:35:46,318 - src.training.trainer - INFO - 監控指標未改善，已連續 9 輪。最佳值: 3.586095, 當前值: 3.586204
2025-04-17 14:35:47,470 - src.training.trainer - INFO - 輪次 65/300 - 訓練損失: 4.045890 - 驗證損失: 3.586257 - rmse: 1161.768311 - r2: -1.444468 - mae: 810.772644 - 學習率: 0.000188 - 時間: 1.15秒
2025-04-17 14:35:47,473 - src.training.trainer - INFO - 監控指標未改善，已連續 10 輪。最佳值: 3.586095, 當前值: 3.586257
2025-04-17 14:35:48,667 - src.training.callbacks - INFO - 模型檢查點已保存至 outputs\hybrid_model\HybridPINNLSTMModel_20250417_143434\checkpoints\HybridPINNLSTMModel_epoch_066.pt
2025-04-17 14:35:48,671 - src.training.trainer - INFO - 監控指標未改善，已連續 11 輪。最佳值: 3.586095, 當前值: 3.586280
2025-04-17 14:35:48,671 - src.training.trainer - INFO - 檢測到訓練停滯，嘗試重啟訓練...
2025-04-17 14:35:49,721 - src.training.trainer - INFO - 輪次 67/300 - 訓練損失: 3.985234 - 驗證損失: 3.586275 - rmse: 1161.774414 - r2: -1.444494 - mae: 810.783386 - 學習率: 0.000182 - 時間: 1.05秒
2025-04-17 14:35:49,724 - src.training.trainer - INFO - 監控指標未改善，已連續 10 輪。最佳值: 3.586095, 當前值: 3.586275
2025-04-17 14:35:50,823 - src.training.trainer - INFO - 監控指標未改善，已連續 11 輪。最佳值: 3.586095, 當前值: 3.586293
2025-04-17 14:35:51,991 - src.training.trainer - INFO - 輪次 69/300 - 訓練損失: 4.058539 - 驗證損失: 3.586267 - rmse: 1161.779175 - r2: -1.444514 - mae: 810.790833 - 學習率: 0.000176 - 時間: 1.17秒
2025-04-17 14:35:51,994 - src.training.trainer - INFO - 監控指標未改善，已連續 12 輪。最佳值: 3.586095, 當前值: 3.586267
2025-04-17 14:35:53,054 - src.training.trainer - INFO - 監控指標未改善，已連續 13 輪。最佳值: 3.586095, 當前值: 3.586310
2025-04-17 14:35:54,117 - src.training.trainer - INFO - 輪次 71/300 - 訓練損失: 4.000410 - 驗證損失: 3.586324 - rmse: 1161.784424 - r2: -1.444536 - mae: 810.792969 - 學習率: 0.000170 - 時間: 1.06秒
2025-04-17 14:35:54,123 - src.training.callbacks - INFO - 模型檢查點已保存至 outputs\hybrid_model\HybridPINNLSTMModel_20250417_143434\checkpoints\HybridPINNLSTMModel_epoch_071.pt
2025-04-17 14:35:54,127 - src.training.trainer - INFO - 監控指標未改善，已連續 14 輪。最佳值: 3.586095, 當前值: 3.586324
2025-04-17 14:35:54,127 - src.training.trainer - INFO - 檢測到訓練停滯，嘗試重啟訓練...
2025-04-17 14:35:55,263 - src.training.trainer - INFO - 監控指標未改善，已連續 13 輪。最佳值: 3.586095, 當前值: 3.586349
2025-04-17 14:35:56,386 - src.training.trainer - INFO - 輪次 73/300 - 訓練損失: 4.001721 - 驗證損失: 3.586351 - rmse: 1161.802124 - r2: -1.444610 - mae: 810.819824 - 學習率: 0.000164 - 時間: 1.12秒
2025-04-17 14:35:56,389 - src.training.trainer - INFO - 監控指標未改善，已連續 14 輪。最佳值: 3.586095, 當前值: 3.586351
2025-04-17 14:35:57,622 - src.training.trainer - INFO - 監控指標未改善，已連續 15 輪。最佳值: 3.586095, 當前值: 3.586359
2025-04-17 14:35:58,780 - src.training.trainer - INFO - 輪次 75/300 - 訓練損失: 4.016590 - 驗證損失: 3.586336 - rmse: 1161.802002 - r2: -1.444610 - mae: 810.804199 - 學習率: 0.000158 - 時間: 1.16秒
2025-04-17 14:35:58,783 - src.training.trainer - INFO - 監控指標未改善，已連續 16 輪。最佳值: 3.586095, 當前值: 3.586336
2025-04-17 14:35:59,836 - src.training.callbacks - INFO - 模型檢查點已保存至 outputs\hybrid_model\HybridPINNLSTMModel_20250417_143434\checkpoints\HybridPINNLSTMModel_epoch_076.pt
2025-04-17 14:35:59,841 - src.training.trainer - INFO - 監控指標未改善，已連續 17 輪。最佳值: 3.586095, 當前值: 3.586343
2025-04-17 14:35:59,841 - src.training.trainer - INFO - 檢測到訓練停滯，嘗試重啟訓練...
2025-04-17 14:36:00,946 - src.training.trainer - INFO - 輪次 77/300 - 訓練損失: 4.041726 - 驗證損失: 3.586331 - rmse: 1161.803223 - r2: -1.444615 - mae: 810.814758 - 學習率: 0.000152 - 時間: 1.11秒
2025-04-17 14:36:00,949 - src.training.trainer - INFO - 監控指標未改善，已連續 16 輪。最佳值: 3.586095, 當前值: 3.586331
2025-04-17 14:36:02,064 - src.training.trainer - INFO - 監控指標未改善，已連續 17 輪。最佳值: 3.586095, 當前值: 3.586321
2025-04-17 14:36:03,194 - src.training.trainer - INFO - 輪次 79/300 - 訓練損失: 4.032445 - 驗證損失: 3.586354 - rmse: 1161.810669 - r2: -1.444647 - mae: 810.818054 - 學習率: 0.000146 - 時間: 1.13秒
2025-04-17 14:36:03,197 - src.training.trainer - INFO - 監控指標未改善，已連續 18 輪。最佳值: 3.586095, 當前值: 3.586354
2025-04-17 14:36:04,260 - src.training.trainer - INFO - 監控指標未改善，已連續 19 輪。最佳值: 3.586095, 當前值: 3.586318
2025-04-17 14:36:05,369 - src.training.trainer - INFO - 輪次 81/300 - 訓練損失: 4.067256 - 驗證損失: 3.586339 - rmse: 1161.819458 - r2: -1.444684 - mae: 810.830383 - 學習率: 0.000140 - 時間: 1.11秒
2025-04-17 14:36:05,379 - src.training.callbacks - INFO - 模型檢查點已保存至 outputs\hybrid_model\HybridPINNLSTMModel_20250417_143434\checkpoints\HybridPINNLSTMModel_epoch_081.pt
2025-04-17 14:36:05,383 - src.training.trainer - INFO - 監控指標未改善，已連續 20 輪。最佳值: 3.586095, 當前值: 3.586339
2025-04-17 14:36:05,383 - src.training.trainer - INFO - 檢測到訓練停滯，嘗試重啟訓練...
2025-04-17 14:36:06,542 - src.training.trainer - INFO - 監控指標未改善，已連續 19 輪。最佳值: 3.586095, 當前值: 3.586364
2025-04-17 14:36:07,654 - src.training.trainer - INFO - 輪次 83/300 - 訓練損失: 4.013588 - 驗證損失: 3.586372 - rmse: 1161.812500 - r2: -1.444654 - mae: 810.819763 - 學習率: 0.000134 - 時間: 1.11秒
2025-04-17 14:36:07,657 - src.training.trainer - INFO - 監控指標未改善，已連續 20 輪。最佳值: 3.586095, 當前值: 3.586372
2025-04-17 14:36:08,819 - src.training.trainer - INFO - 監控指標未改善，已連續 21 輪。最佳值: 3.586095, 當前值: 3.586348
2025-04-17 14:36:09,953 - src.training.trainer - INFO - 輪次 85/300 - 訓練損失: 4.057202 - 驗證損失: 3.586392 - rmse: 1161.817993 - r2: -1.444677 - mae: 810.828857 - 學習率: 0.000128 - 時間: 1.13秒
2025-04-17 14:36:09,958 - src.training.trainer - INFO - 監控指標未改善，已連續 22 輪。最佳值: 3.586095, 當前值: 3.586392
2025-04-17 14:36:11,079 - src.training.callbacks - INFO - 模型檢查點已保存至 outputs\hybrid_model\HybridPINNLSTMModel_20250417_143434\checkpoints\HybridPINNLSTMModel_epoch_086.pt
2025-04-17 14:36:11,084 - src.training.trainer - INFO - 監控指標未改善，已連續 23 輪。最佳值: 3.586095, 當前值: 3.586349
2025-04-17 14:36:11,084 - src.training.trainer - INFO - 檢測到訓練停滯，嘗試重啟訓練...
2025-04-17 14:36:12,178 - src.training.trainer - INFO - 輪次 87/300 - 訓練損失: 4.065407 - 驗證損失: 3.586374 - rmse: 1161.814819 - r2: -1.444664 - mae: 810.826843 - 學習率: 0.000122 - 時間: 1.09秒
2025-04-17 14:36:12,181 - src.training.trainer - INFO - 監控指標未改善，已連續 22 輪。最佳值: 3.586095, 當前值: 3.586374
2025-04-17 14:36:13,391 - src.training.trainer - INFO - 監控指標未改善，已連續 23 輪。最佳值: 3.586095, 當前值: 3.586398
2025-04-17 14:36:14,459 - src.training.trainer - INFO - 輪次 89/300 - 訓練損失: 4.095960 - 驗證損失: 3.586389 - rmse: 1161.820557 - r2: -1.444688 - mae: 810.833740 - 學習率: 0.000116 - 時間: 1.07秒
2025-04-17 14:36:14,462 - src.training.trainer - INFO - 監控指標未改善，已連續 24 輪。最佳值: 3.586095, 當前值: 3.586389
2025-04-17 14:36:15,580 - src.training.trainer - INFO - 監控指標未改善，已連續 25 輪。最佳值: 3.586095, 當前值: 3.586376
2025-04-17 14:36:16,699 - src.training.trainer - INFO - 輪次 91/300 - 訓練損失: 3.966399 - 驗證損失: 3.586371 - rmse: 1161.834839 - r2: -1.444748 - mae: 810.846436 - 學習率: 0.000110 - 時間: 1.12秒
2025-04-17 14:36:16,708 - src.training.callbacks - INFO - 模型檢查點已保存至 outputs\hybrid_model\HybridPINNLSTMModel_20250417_143434\checkpoints\HybridPINNLSTMModel_epoch_091.pt
2025-04-17 14:36:16,712 - src.training.trainer - INFO - 監控指標未改善，已連續 26 輪。最佳值: 3.586095, 當前值: 3.586371
2025-04-17 14:36:16,712 - src.training.trainer - INFO - 檢測到訓練停滯，嘗試重啟訓練...
2025-04-17 14:36:17,864 - src.training.trainer - INFO - 監控指標未改善，已連續 25 輪。最佳值: 3.586095, 當前值: 3.586371
2025-04-17 14:36:19,057 - src.training.trainer - INFO - 輪次 93/300 - 訓練損失: 4.013886 - 驗證損失: 3.586361 - rmse: 1161.818115 - r2: -1.444678 - mae: 810.825623 - 學習率: 0.000104 - 時間: 1.19秒
2025-04-17 14:36:19,060 - src.training.trainer - INFO - 監控指標未改善，已連續 26 輪。最佳值: 3.586095, 當前值: 3.586361
2025-04-17 14:36:20,181 - src.training.trainer - INFO - 監控指標未改善，已連續 27 輪。最佳值: 3.586095, 當前值: 3.586383
2025-04-17 14:36:21,269 - src.training.trainer - INFO - 輪次 95/300 - 訓練損失: 4.080630 - 驗證損失: 3.586391 - rmse: 1161.824585 - r2: -1.444705 - mae: 810.832947 - 學習率: 0.000099 - 時間: 1.09秒
2025-04-17 14:36:21,272 - src.training.trainer - INFO - 監控指標未改善，已連續 28 輪。最佳值: 3.586095, 當前值: 3.586391
2025-04-17 14:36:22,360 - src.training.callbacks - INFO - 模型檢查點已保存至 outputs\hybrid_model\HybridPINNLSTMModel_20250417_143434\checkpoints\HybridPINNLSTMModel_epoch_096.pt
2025-04-17 14:36:22,364 - src.training.trainer - INFO - 監控指標未改善，已連續 29 輪。最佳值: 3.586095, 當前值: 3.586390
2025-04-17 14:36:22,364 - src.training.trainer - INFO - 檢測到訓練停滯，嘗試重啟訓練...
2025-04-17 14:36:23,518 - src.training.trainer - INFO - 輪次 97/300 - 訓練損失: 4.007440 - 驗證損失: 3.586387 - rmse: 1161.818481 - r2: -1.444679 - mae: 810.826843 - 學習率: 0.000093 - 時間: 1.15秒
2025-04-17 14:36:23,522 - src.training.trainer - INFO - 監控指標未改善，已連續 28 輪。最佳值: 3.586095, 當前值: 3.586387
2025-04-17 14:36:24,671 - src.training.trainer - INFO - 監控指標未改善，已連續 29 輪。最佳值: 3.586095, 當前值: 3.586370
2025-04-17 14:36:25,799 - src.training.trainer - INFO - 輪次 99/300 - 訓練損失: 4.034253 - 驗證損失: 3.586385 - rmse: 1161.805786 - r2: -1.444626 - mae: 810.811707 - 學習率: 0.000088 - 時間: 1.13秒
2025-04-17 14:36:25,804 - src.training.trainer - INFO - 監控指標未改善，已連續 30 輪。最佳值: 3.586095, 當前值: 3.586385
2025-04-17 14:36:26,940 - src.training.trainer - INFO - 監控指標未改善，已連續 31 輪。最佳值: 3.586095, 當前值: 3.586386
2025-04-17 14:36:28,066 - src.training.trainer - INFO - 輪次 101/300 - 訓練損失: 3.952614 - 驗證損失: 3.586389 - rmse: 1161.823120 - r2: -1.444699 - mae: 810.832703 - 學習率: 0.000083 - 時間: 1.13秒
2025-04-17 14:36:28,074 - src.training.callbacks - INFO - 模型檢查點已保存至 outputs\hybrid_model\HybridPINNLSTMModel_20250417_143434\checkpoints\HybridPINNLSTMModel_epoch_101.pt
2025-04-17 14:36:28,079 - src.training.trainer - INFO - 監控指標未改善，已連續 32 輪。最佳值: 3.586095, 當前值: 3.586389
2025-04-17 14:36:28,079 - src.training.trainer - INFO - 檢測到訓練停滯，嘗試重啟訓練...
2025-04-17 14:36:29,281 - src.training.trainer - INFO - 監控指標未改善，已連續 31 輪。最佳值: 3.586095, 當前值: 3.586372
2025-04-17 14:36:30,306 - src.training.trainer - INFO - 輪次 103/300 - 訓練損失: 4.000774 - 驗證損失: 3.586408 - rmse: 1161.825317 - r2: -1.444708 - mae: 810.832275 - 學習率: 0.000077 - 時間: 1.02秒
2025-04-17 14:36:30,310 - src.training.trainer - INFO - 監控指標未改善，已連續 32 輪。最佳值: 3.586095, 當前值: 3.586408
2025-04-17 14:36:31,415 - src.training.trainer - INFO - 監控指標未改善，已連續 33 輪。最佳值: 3.586095, 當前值: 3.586439
2025-04-17 14:36:32,453 - src.training.trainer - INFO - 輪次 105/300 - 訓練損失: 4.018990 - 驗證損失: 3.586416 - rmse: 1161.824219 - r2: -1.444703 - mae: 810.825745 - 學習率: 0.000072 - 時間: 1.04秒
2025-04-17 14:36:32,456 - src.training.trainer - INFO - 監控指標未改善，已連續 34 輪。最佳值: 3.586095, 當前值: 3.586416
2025-04-17 14:36:33,569 - src.training.callbacks - INFO - 模型檢查點已保存至 outputs\hybrid_model\HybridPINNLSTMModel_20250417_143434\checkpoints\HybridPINNLSTMModel_epoch_106.pt
2025-04-17 14:36:33,574 - src.training.trainer - INFO - 監控指標未改善，已連續 35 輪。最佳值: 3.586095, 當前值: 3.586430
2025-04-17 14:36:33,574 - src.training.trainer - INFO - 檢測到訓練停滯，嘗試重啟訓練...
2025-04-17 14:36:34,805 - src.training.trainer - INFO - 輪次 107/300 - 訓練損失: 4.033918 - 驗證損失: 3.586426 - rmse: 1161.832764 - r2: -1.444740 - mae: 810.838440 - 學習率: 0.000067 - 時間: 1.23秒
2025-04-17 14:36:34,809 - src.training.trainer - INFO - 監控指標未改善，已連續 34 輪。最佳值: 3.586095, 當前值: 3.586426
2025-04-17 14:36:35,974 - src.training.trainer - INFO - 監控指標未改善，已連續 35 輪。最佳值: 3.586095, 當前值: 3.586420
2025-04-17 14:36:37,087 - src.training.trainer - INFO - 輪次 109/300 - 訓練損失: 4.038451 - 驗證損失: 3.586434 - rmse: 1161.829956 - r2: -1.444727 - mae: 810.836670 - 學習率: 0.000063 - 時間: 1.11秒
2025-04-17 14:36:37,092 - src.training.trainer - INFO - 監控指標未改善，已連續 36 輪。最佳值: 3.586095, 當前值: 3.586434
2025-04-17 14:36:38,319 - src.training.trainer - INFO - 監控指標未改善，已連續 37 輪。最佳值: 3.586095, 當前值: 3.586419
2025-04-17 14:36:39,418 - src.training.trainer - INFO - 輪次 111/300 - 訓練損失: 4.021934 - 驗證損失: 3.586431 - rmse: 1161.829346 - r2: -1.444725 - mae: 810.834473 - 學習率: 0.000058 - 時間: 1.10秒
2025-04-17 14:36:39,428 - src.training.callbacks - INFO - 模型檢查點已保存至 outputs\hybrid_model\HybridPINNLSTMModel_20250417_143434\checkpoints\HybridPINNLSTMModel_epoch_111.pt
2025-04-17 14:36:39,433 - src.training.trainer - INFO - 監控指標未改善，已連續 38 輪。最佳值: 3.586095, 當前值: 3.586431
2025-04-17 14:36:39,434 - src.training.trainer - INFO - 檢測到訓練停滯，嘗試重啟訓練...
2025-04-17 14:36:40,545 - src.training.trainer - INFO - 監控指標未改善，已連續 37 輪。最佳值: 3.586095, 當前值: 3.586409
2025-04-17 14:36:41,641 - src.training.trainer - INFO - 輪次 113/300 - 訓練損失: 4.051950 - 驗證損失: 3.586431 - rmse: 1161.832153 - r2: -1.444737 - mae: 810.840576 - 學習率: 0.000054 - 時間: 1.10秒
2025-04-17 14:36:41,646 - src.training.trainer - INFO - 監控指標未改善，已連續 38 輪。最佳值: 3.586095, 當前值: 3.586431
2025-04-17 14:36:42,770 - src.training.trainer - INFO - 監控指標未改善，已連續 39 輪。最佳值: 3.586095, 當前值: 3.586435
2025-04-17 14:36:43,870 - src.training.trainer - INFO - 輪次 115/300 - 訓練損失: 3.999730 - 驗證損失: 3.586433 - rmse: 1161.834351 - r2: -1.444746 - mae: 810.840271 - 學習率: 0.000049 - 時間: 1.10秒
2025-04-17 14:36:43,874 - src.training.trainer - INFO - 監控指標未改善，已連續 40 輪。最佳值: 3.586095, 當前值: 3.586433
2025-04-17 14:36:43,874 - src.training.trainer - INFO - 早停觸發！40 輪未改善
2025-04-17 14:36:43,874 - src.training.trainer - INFO - 早停觸發，在輪次 115 停止訓練
2025-04-17 14:36:43,874 - src.training.trainer - INFO - 訓練完成，總時間: 129.72秒
2025-04-17 14:36:43,895 - __main__ - INFO - 訓練完成，最終模型已保存至: outputs/hybrid_model\models\final_model.pt
2025-04-17 14:36:43,904 - src.utils.metrics - INFO - Model: HybridPINNLSTMModel
RMSE: 1814.8036
R2: -4.7479
MAE: 1678.4406
MAPE: 87.63%
Relative Error (Mean): 87.63%
Relative Error (Median): 88.91%
Relative Error (90th percentile): 89.59%
Log RMSE: 0.9156
2025-04-17 14:36:43,909 - __main__ - INFO - 評估指標已保存至: outputs/hybrid_model\evaluation\metrics.csv
2025-04-17 14:36:43,909 - __main__ - INFO - 生成視覺化結果...
2025-04-17 14:36:44,834 - src.utils.visualization - INFO - 圖像已保存至: outputs/hybrid_model\evaluation\visualizations\prediction_vs_true.png
2025-04-17 14:36:45,538 - src.utils.visualization - INFO - 圖像已保存至: outputs/hybrid_model\evaluation\visualizations\delta_w_prediction.png
2025-04-17 14:36:46,342 - src.utils.visualization - INFO - 圖像已保存至: outputs/hybrid_model\evaluation\visualizations\physical_constraint.png
2025-04-17 14:36:46,353 - __main__ - INFO - 評估完成，結果已保存至: outputs/hybrid_model\evaluation
2025-04-17 14:36:46,353 - __main__ - INFO - 任務完成
