2025-04-15 23:57:18,538 - __main__ - INFO - 成功載入配置文件: configs/model_config.yaml
2025-04-15 23:57:18,558 - __main__ - INFO - 成功載入配置文件: configs/train_config.yaml
2025-04-15 23:57:18,562 - __main__ - INFO - 已設定隨機種子: 42
2025-04-15 23:57:18,562 - __main__ - INFO - 使用計算設備: cpu
2025-04-15 23:57:18,564 - __main__ - INFO - 輸出目錄: outputs/hybrid_model
2025-04-15 23:57:18,564 - __main__ - INFO - 載入資料: data/raw/Training_data_warpage_final_20250321_v1.2.csv
2025-04-15 23:57:18,568 - src.data.preprocess - INFO - 成功載入資料檔案: data/raw/Training_data_warpage_final_20250321_v1.2.csv，共 81 筆資料，18 個欄位
2025-04-15 23:57:18,571 - src.data.preprocess - INFO - 標準化完成，特徵數量: 5
2025-04-15 23:57:18,573 - src.data.preprocess - INFO - 時間序列資料準備完成，形狀: (81, 4, 2)
2025-04-15 23:57:18,574 - src.data.preprocess - INFO - 資料分割完成 - 訓練集: 56 樣本, 驗證集: 12 樣本, 測試集: 13 樣本
2025-04-15 23:57:18,576 - src.data.preprocess - INFO - 完整資料處理流程完成
2025-04-15 23:57:18,576 - __main__ - INFO - 資料分割完成, 訓練集: 56 樣本, 驗證集: 12 樣本, 測試集: 13 樣本
2025-04-15 23:57:18,576 - __main__ - INFO - 應用資料增強...
2025-04-15 23:57:18,576 - src.data.dataset - INFO - 進行資料增強，原始訓練集大小: 56 樣本
2025-04-15 23:57:18,708 - src.data.dataset - INFO - 資料增強完成，增強後的訓練集大小: 940 樣本
2025-04-15 23:57:18,710 - __main__ - INFO - 資料增強完成，增強後的訓練集大小: 940 樣本
2025-04-15 23:57:18,720 - __main__ - INFO - 創建混合PINN-LSTM模型，使用物理約束: True，融合方法: weighted
2025-04-15 23:57:18,722 - src.data.dataset - INFO - 已創建資料載入器 - 訓練: 940 樣本, 驗證: 12 樣本, 測試: 13 樣本, 批次大小: 8
2025-04-15 23:57:20,334 - src.training.trainer - INFO - 創建adam優化器，學習率: 0.0005，權重衰減: 0.001
2025-04-15 23:57:20,336 - src.training.losses - INFO - 初始化HybridLoss: lambda_physics=0.5, lambda_consistency=0.2, delta_w_weight=1.5
2025-04-15 23:57:20,336 - src.training.losses - INFO - 初始化AdaptiveHybridLoss: physics權重從0.5增加到2.0, consistency權重從0.2增加到0.5, delta_w權重從1.5增加到3.0, 在50個輪次內達到最大值, 預熱輪次: 5, 調整方案: linear
2025-04-15 23:57:20,336 - src.training.trainer - INFO - 創建餘弦退火學習率調度器，週期: 150，最小學習率: 1e-05
2025-04-15 23:57:20,338 - src.training.callbacks - INFO - 初始化ModelCheckpoint: 保存目錄=outputs\hybrid_model\HybridPINNLSTMModel_20250415_235720\checkpoints, 保存頻率=5, 只保存最佳=False, 監控指標=val_loss, 模式=min
2025-04-15 23:57:20,338 - src.training.callbacks - INFO - 初始化LossHistory: 保存路徑=outputs\hybrid_model\HybridPINNLSTMModel_20250415_235720\history.json, 保存頻率=1
2025-04-15 23:57:20,342 - src.training.trainer - INFO - 初始化訓練器完成，模型: HybridPINNLSTMModel, 優化器: Adam, 設備: cpu
2025-04-15 23:57:20,342 - __main__ - INFO - 開始訓練，總輪數: 300
2025-04-15 23:57:20,344 - src.training.trainer - INFO - 開始訓練，總輪數: 300
2025-04-15 23:57:23,283 - src.training.trainer - INFO - 輪次 1/300 - 訓練損失: 11112103441.600000 - 驗證損失: 14804585.000000 - rmse: 4824713.000000 - r2: -42158804.000000 - mae: 3283143.250000 - 學習率: 0.000500 - 時間: 2.94秒
2025-04-15 23:57:23,297 - src.training.callbacks - INFO - 模型檢查點已保存至 outputs\hybrid_model\HybridPINNLSTMModel_20250415_235720\checkpoints\HybridPINNLSTMModel_epoch_001.pt
2025-04-15 23:57:23,305 - src.training.trainer - INFO - 監控指標改善，模型已保存至 outputs/hybrid_model\models\best_model.pt
2025-04-15 23:57:26,287 - src.training.trainer - INFO - 監控指標改善，模型已保存至 outputs/hybrid_model\models\best_model.pt
2025-04-15 23:57:29,073 - src.training.trainer - INFO - 輪次 3/300 - 訓練損失: 5258764.134725 - 驗證損失: 317.158091 - rmse: 20775.693359 - r2: -780.729431 - mae: 14401.179688 - 學習率: 0.000500 - 時間: 2.79秒
2025-04-15 23:57:29,085 - src.training.trainer - INFO - 監控指標改善，模型已保存至 outputs/hybrid_model\models\best_model.pt
2025-04-15 23:57:31,968 - src.training.trainer - INFO - 監控指標改善，模型已保存至 outputs/hybrid_model\models\best_model.pt
2025-04-15 23:57:34,738 - src.training.trainer - INFO - 輪次 5/300 - 訓練損失: 2083.482255 - 驗證損失: 3.450066 - rmse: 1170.750977 - r2: -1.482415 - mae: 871.933289 - 學習率: 0.000499 - 時間: 2.77秒
2025-04-15 23:57:34,744 - src.training.trainer - INFO - 監控指標改善，模型已保存至 outputs/hybrid_model\models\best_model.pt
2025-04-15 23:57:37,684 - src.training.callbacks - INFO - 模型檢查點已保存至 outputs\hybrid_model\HybridPINNLSTMModel_20250415_235720\checkpoints\HybridPINNLSTMModel_epoch_006.pt
2025-04-15 23:57:37,694 - src.training.trainer - INFO - 監控指標改善，模型已保存至 outputs/hybrid_model\models\best_model.pt
2025-04-15 23:57:40,574 - src.training.trainer - INFO - 輪次 7/300 - 訓練損失: 197.702587 - 驗證損失: 3.210618 - rmse: 2255.770020 - r2: -8.215841 - mae: 1521.171265 - 學習率: 0.000498 - 時間: 2.88秒
2025-04-15 23:57:40,582 - src.training.trainer - INFO - 監控指標改善，模型已保存至 outputs/hybrid_model\models\best_model.pt
2025-04-15 23:57:43,428 - src.training.trainer - INFO - 監控指標改善，模型已保存至 outputs/hybrid_model\models\best_model.pt
2025-04-15 23:57:46,250 - src.training.trainer - INFO - 輪次 9/300 - 訓練損失: 13.949437 - 驗證損失: 0.956031 - rmse: 908.740723 - r2: -0.495634 - mae: 611.566162 - 學習率: 0.000497 - 時間: 2.82秒
2025-04-15 23:57:46,258 - src.training.trainer - INFO - 監控指標改善，模型已保存至 outputs/hybrid_model\models\best_model.pt
2025-04-15 23:57:49,043 - src.training.trainer - INFO - 監控指標改善，模型已保存至 outputs/hybrid_model\models\best_model.pt
2025-04-15 23:57:52,051 - src.training.trainer - INFO - 輪次 11/300 - 訓練損失: 43.981922 - 驗證損失: 0.831046 - rmse: 922.766663 - r2: -0.542159 - mae: 623.820251 - 學習率: 0.000495 - 時間: 3.01秒
2025-04-15 23:57:52,069 - src.training.callbacks - INFO - 模型檢查點已保存至 outputs\hybrid_model\HybridPINNLSTMModel_20250415_235720\checkpoints\HybridPINNLSTMModel_epoch_011.pt
2025-04-15 23:57:52,081 - src.training.trainer - INFO - 監控指標改善，模型已保存至 outputs/hybrid_model\models\best_model.pt
2025-04-15 23:57:55,084 - src.training.trainer - INFO - 監控指標改善，模型已保存至 outputs/hybrid_model\models\best_model.pt
2025-04-15 23:57:58,082 - src.training.trainer - INFO - 輪次 13/300 - 訓練損失: 11.242515 - 驗證損失: 0.787540 - rmse: 802.950562 - r2: -0.167678 - mae: 537.841064 - 學習率: 0.000492 - 時間: 3.00秒
2025-04-15 23:57:58,088 - src.training.trainer - INFO - 監控指標改善，模型已保存至 outputs/hybrid_model\models\best_model.pt
2025-04-15 23:58:00,917 - src.training.trainer - INFO - 監控指標改善，模型已保存至 outputs/hybrid_model\models\best_model.pt
2025-04-15 23:58:03,817 - src.training.trainer - INFO - 輪次 15/300 - 訓練損失: 12.032837 - 驗證損失: 0.823501 - rmse: 951.439392 - r2: -0.639486 - mae: 684.104492 - 學習率: 0.000490 - 時間: 2.90秒
2025-04-15 23:58:03,825 - src.training.trainer - INFO - 監控指標改善，模型已保存至 outputs/hybrid_model\models\best_model.pt
2025-04-15 23:58:06,507 - src.training.callbacks - INFO - 模型檢查點已保存至 outputs\hybrid_model\HybridPINNLSTMModel_20250415_235720\checkpoints\HybridPINNLSTMModel_epoch_016.pt
2025-04-15 23:58:06,515 - src.training.trainer - INFO - 監控指標改善，模型已保存至 outputs/hybrid_model\models\best_model.pt
2025-04-15 23:58:09,444 - src.training.trainer - INFO - 輪次 17/300 - 訓練損失: 25.284494 - 驗證損失: 2.675676 - rmse: 1794.501221 - r2: -4.832206 - mae: 1252.646118 - 學習率: 0.000486 - 時間: 2.93秒
2025-04-15 23:58:09,456 - src.training.trainer - INFO - 監控指標改善，模型已保存至 outputs/hybrid_model\models\best_model.pt
2025-04-15 23:58:12,319 - src.training.trainer - INFO - 監控指標改善，模型已保存至 outputs/hybrid_model\models\best_model.pt
2025-04-15 23:58:15,198 - src.training.trainer - INFO - 輪次 19/300 - 訓練損失: 7.592727 - 驗證損失: 1.297537 - rmse: 1251.535645 - r2: -1.836820 - mae: 1127.674683 - 學習率: 0.000483 - 時間: 2.88秒
2025-04-15 23:58:15,210 - src.training.trainer - INFO - 監控指標改善，模型已保存至 outputs/hybrid_model\models\best_model.pt
2025-04-15 23:58:18,081 - src.training.trainer - INFO - 監控指標改善，模型已保存至 outputs/hybrid_model\models\best_model.pt
2025-04-15 23:58:21,038 - src.training.trainer - INFO - 輪次 21/300 - 訓練損失: 7.694553 - 驗證損失: 0.827193 - rmse: 1074.438721 - r2: -1.090782 - mae: 802.315918 - 學習率: 0.000479 - 時間: 2.96秒
2025-04-15 23:58:21,052 - src.training.callbacks - INFO - 模型檢查點已保存至 outputs\hybrid_model\HybridPINNLSTMModel_20250415_235720\checkpoints\HybridPINNLSTMModel_epoch_021.pt
2025-04-15 23:58:21,060 - src.training.trainer - INFO - 監控指標改善，模型已保存至 outputs/hybrid_model\models\best_model.pt
2025-04-15 23:58:24,008 - src.training.trainer - INFO - 監控指標改善，模型已保存至 outputs/hybrid_model\models\best_model.pt
2025-04-15 23:58:26,807 - src.training.trainer - INFO - 輪次 23/300 - 訓練損失: 6.458585 - 驗證損失: 0.804108 - rmse: 1104.370728 - r2: -1.208895 - mae: 797.808899 - 學習率: 0.000474 - 時間: 2.80秒
2025-04-15 23:58:26,817 - src.training.trainer - INFO - 監控指標改善，模型已保存至 outputs/hybrid_model\models\best_model.pt
2025-04-15 23:58:29,607 - src.training.trainer - INFO - 監控指標改善，模型已保存至 outputs/hybrid_model\models\best_model.pt
2025-04-15 23:58:32,382 - src.training.trainer - INFO - 輪次 25/300 - 訓練損失: 7.632533 - 驗證損失: 0.852778 - rmse: 1107.222534 - r2: -1.220318 - mae: 812.661438 - 學習率: 0.000470 - 時間: 2.77秒
2025-04-15 23:58:32,390 - src.training.trainer - INFO - 監控指標改善，模型已保存至 outputs/hybrid_model\models\best_model.pt
2025-04-15 23:58:35,174 - src.training.callbacks - INFO - 模型檢查點已保存至 outputs\hybrid_model\HybridPINNLSTMModel_20250415_235720\checkpoints\HybridPINNLSTMModel_epoch_026.pt
2025-04-15 23:58:35,182 - src.training.trainer - INFO - 監控指標改善，模型已保存至 outputs/hybrid_model\models\best_model.pt
2025-04-15 23:58:37,989 - src.training.trainer - INFO - 輪次 27/300 - 訓練損失: 4.130044 - 驗證損失: 0.896333 - rmse: 1045.911377 - r2: -0.981231 - mae: 904.365417 - 學習率: 0.000465 - 時間: 2.81秒
2025-04-15 23:58:37,997 - src.training.trainer - INFO - 監控指標改善，模型已保存至 outputs/hybrid_model\models\best_model.pt
2025-04-15 23:58:40,953 - src.training.trainer - INFO - 監控指標改善，模型已保存至 outputs/hybrid_model\models\best_model.pt
2025-04-15 23:58:43,917 - src.training.trainer - INFO - 輪次 29/300 - 訓練損失: 3.320033 - 驗證損失: 1.103144 - rmse: 1194.596802 - r2: -1.584568 - mae: 918.079285 - 學習率: 0.000459 - 時間: 2.96秒
2025-04-15 23:58:43,929 - src.training.trainer - INFO - 監控指標改善，模型已保存至 outputs/hybrid_model\models\best_model.pt
2025-04-15 23:58:46,872 - src.training.trainer - INFO - 監控指標改善，模型已保存至 outputs/hybrid_model\models\best_model.pt
2025-04-15 23:58:49,798 - src.training.trainer - INFO - 輪次 31/300 - 訓練損失: 7.703254 - 驗證損失: 1.607454 - rmse: 1280.877808 - r2: -1.971398 - mae: 1030.085083 - 學習率: 0.000453 - 時間: 2.93秒
2025-04-15 23:58:49,812 - src.training.callbacks - INFO - 模型檢查點已保存至 outputs\hybrid_model\HybridPINNLSTMModel_20250415_235720\checkpoints\HybridPINNLSTMModel_epoch_031.pt
2025-04-15 23:58:49,820 - src.training.trainer - INFO - 監控指標改善，模型已保存至 outputs/hybrid_model\models\best_model.pt
2025-04-15 23:58:52,658 - src.training.trainer - INFO - 監控指標改善，模型已保存至 outputs/hybrid_model\models\best_model.pt
2025-04-15 23:58:55,486 - src.training.trainer - INFO - 輪次 33/300 - 訓練損失: 3.148375 - 驗證損失: 1.097325 - rmse: 1200.109619 - r2: -1.608478 - mae: 904.733215 - 學習率: 0.000447 - 時間: 2.83秒
2025-04-15 23:58:55,494 - src.training.trainer - INFO - 監控指標改善，模型已保存至 outputs/hybrid_model\models\best_model.pt
2025-04-15 23:58:58,407 - src.training.trainer - INFO - 監控指標改善，模型已保存至 outputs/hybrid_model\models\best_model.pt
2025-04-15 23:59:01,351 - src.training.trainer - INFO - 輪次 35/300 - 訓練損失: 3.785948 - 驗證損失: 1.323025 - rmse: 1253.650024 - r2: -1.846413 - mae: 1000.315918 - 學習率: 0.000440 - 時間: 2.94秒
2025-04-15 23:59:01,363 - src.training.trainer - INFO - 監控指標改善，模型已保存至 outputs/hybrid_model\models\best_model.pt
2025-04-15 23:59:04,235 - src.training.callbacks - INFO - 模型檢查點已保存至 outputs\hybrid_model\HybridPINNLSTMModel_20250415_235720\checkpoints\HybridPINNLSTMModel_epoch_036.pt
2025-04-15 23:59:04,247 - src.training.trainer - INFO - 監控指標改善，模型已保存至 outputs/hybrid_model\models\best_model.pt
2025-04-15 23:59:07,156 - src.training.trainer - INFO - 輪次 37/300 - 訓練損失: 2.579323 - 驗證損失: 1.199523 - rmse: 1225.206421 - r2: -1.718716 - mae: 956.391174 - 學習率: 0.000434 - 時間: 2.91秒
2025-04-15 23:59:07,164 - src.training.trainer - INFO - 監控指標改善，模型已保存至 outputs/hybrid_model\models\best_model.pt
2025-04-15 23:59:09,997 - src.training.trainer - INFO - 監控指標改善，模型已保存至 outputs/hybrid_model\models\best_model.pt
2025-04-15 23:59:12,900 - src.training.trainer - INFO - 輪次 39/300 - 訓練損失: 2.153123 - 驗證損失: 0.895919 - rmse: 1173.248535 - r2: -1.493018 - mae: 853.982483 - 學習率: 0.000426 - 時間: 2.90秒
2025-04-15 23:59:12,906 - src.training.trainer - INFO - 監控指標改善，模型已保存至 outputs/hybrid_model\models\best_model.pt
2025-04-15 23:59:15,782 - src.training.trainer - INFO - 監控指標改善，模型已保存至 outputs/hybrid_model\models\best_model.pt
2025-04-15 23:59:18,719 - src.training.trainer - INFO - 輪次 41/300 - 訓練損失: 2.268105 - 驗證損失: 1.400463 - rmse: 1263.407471 - r2: -1.890894 - mae: 1015.672852 - 學習率: 0.000419 - 時間: 2.94秒
2025-04-15 23:59:18,741 - src.training.callbacks - INFO - 模型檢查點已保存至 outputs\hybrid_model\HybridPINNLSTMModel_20250415_235720\checkpoints\HybridPINNLSTMModel_epoch_041.pt
2025-04-15 23:59:18,752 - src.training.trainer - INFO - 監控指標改善，模型已保存至 outputs/hybrid_model\models\best_model.pt
2025-04-15 23:59:21,805 - src.training.trainer - INFO - 監控指標改善，模型已保存至 outputs/hybrid_model\models\best_model.pt
2025-04-15 23:59:24,511 - src.training.trainer - INFO - 輪次 43/300 - 訓練損失: 1.995595 - 驗證損失: 0.687515 - rmse: 1097.838745 - r2: -1.182843 - mae: 772.735657 - 學習率: 0.000411 - 時間: 2.71秒
2025-04-15 23:59:24,519 - src.training.trainer - INFO - 監控指標改善，模型已保存至 outputs/hybrid_model\models\best_model.pt
2025-04-15 23:59:27,434 - src.training.trainer - INFO - 監控指標改善，模型已保存至 outputs/hybrid_model\models\best_model.pt
2025-04-15 23:59:30,213 - src.training.trainer - INFO - 輪次 45/300 - 訓練損失: 1.662115 - 驗證損失: 2.103159 - rmse: 1312.345337 - r2: -2.119188 - mae: 1058.003540 - 學習率: 0.000403 - 時間: 2.78秒
2025-04-15 23:59:30,225 - src.training.trainer - INFO - 監控指標改善，模型已保存至 outputs/hybrid_model\models\best_model.pt
2025-04-15 23:59:33,056 - src.training.callbacks - INFO - 模型檢查點已保存至 outputs\hybrid_model\HybridPINNLSTMModel_20250415_235720\checkpoints\HybridPINNLSTMModel_epoch_046.pt
2025-04-15 23:59:33,064 - src.training.trainer - INFO - 監控指標改善，模型已保存至 outputs/hybrid_model\models\best_model.pt
2025-04-15 23:59:35,802 - src.training.trainer - INFO - 輪次 47/300 - 訓練損失: 1.689918 - 驗證損失: 1.158256 - rmse: 1231.361816 - r2: -1.746102 - mae: 951.061707 - 學習率: 0.000395 - 時間: 2.74秒
2025-04-15 23:59:35,817 - src.training.trainer - INFO - 監控指標改善，模型已保存至 outputs/hybrid_model\models\best_model.pt
2025-04-15 23:59:38,662 - src.training.trainer - INFO - 監控指標改善，模型已保存至 outputs/hybrid_model\models\best_model.pt
2025-04-15 23:59:41,355 - src.training.trainer - INFO - 輪次 49/300 - 訓練損失: 1.459155 - 驗證損失: 2.673910 - rmse: 1341.000488 - r2: -2.256891 - mae: 1103.436157 - 學習率: 0.000386 - 時間: 2.69秒
2025-04-15 23:59:41,363 - src.training.trainer - INFO - 監控指標改善，模型已保存至 outputs/hybrid_model\models\best_model.pt
2025-04-15 23:59:44,104 - src.training.trainer - INFO - 監控指標改善，模型已保存至 outputs/hybrid_model\models\best_model.pt
2025-04-15 23:59:47,075 - src.training.trainer - INFO - 輪次 51/300 - 訓練損失: 1.570419 - 驗證損失: 1.995284 - rmse: 1320.833130 - r2: -2.159667 - mae: 1086.899536 - 學習率: 0.000377 - 時間: 2.97秒
2025-04-15 23:59:47,093 - src.training.callbacks - INFO - 模型檢查點已保存至 outputs\hybrid_model\HybridPINNLSTMModel_20250415_235720\checkpoints\HybridPINNLSTMModel_epoch_051.pt
2025-04-15 23:59:47,099 - src.training.trainer - INFO - min模式下監控指標改善
2025-04-15 23:59:47,107 - src.training.trainer - INFO - 監控指標改善，模型已保存至 outputs/hybrid_model\models\best_model.pt
2025-04-15 23:59:50,832 - src.training.trainer - INFO - min模式下監控指標改善, 從 1.995284 改善到 1.017927
2025-04-15 23:59:50,836 - src.training.trainer - INFO - 監控指標改善，模型已保存至 outputs/hybrid_model\models\best_model.pt
2025-04-15 23:59:54,319 - src.training.trainer - INFO - 輪次 53/300 - 訓練損失: 1.548026 - 驗證損失: 0.908417 - rmse: 1179.986450 - r2: -1.521735 - mae: 858.716003 - 學習率: 0.000369 - 時間: 3.48秒
2025-04-15 23:59:54,323 - src.training.trainer - INFO - min模式下監控指標改善, 從 1.017927 改善到 0.908417
2025-04-15 23:59:54,331 - src.training.trainer - INFO - 監控指標改善，模型已保存至 outputs/hybrid_model\models\best_model.pt
2025-04-15 23:59:57,540 - src.training.trainer - INFO - 監控指標未改善，已連續 1 輪。最佳值: 0.908417, 當前值: 1.246381
2025-04-16 00:00:00,791 - src.training.trainer - INFO - 輪次 55/300 - 訓練損失: 1.319888 - 驗證損失: 1.308650 - rmse: 1264.062622 - r2: -1.893893 - mae: 1002.032471 - 學習率: 0.000359 - 時間: 3.25秒
2025-04-16 00:00:00,793 - src.training.trainer - INFO - 監控指標未改善，已連續 2 輪。最佳值: 0.908417, 當前值: 1.308650
2025-04-16 00:00:03,842 - src.training.callbacks - INFO - 模型檢查點已保存至 outputs\hybrid_model\HybridPINNLSTMModel_20250415_235720\checkpoints\HybridPINNLSTMModel_epoch_056.pt
2025-04-16 00:00:03,846 - src.training.trainer - INFO - 監控指標未改善，已連續 3 輪。最佳值: 0.908417, 當前值: 1.339257
2025-04-16 00:00:06,711 - src.training.trainer - INFO - 輪次 57/300 - 訓練損失: 1.621212 - 驗證損失: 1.737452 - rmse: 1303.498535 - r2: -2.077276 - mae: 1057.283569 - 學習率: 0.000350 - 時間: 2.87秒
2025-04-16 00:00:06,715 - src.training.trainer - INFO - 監控指標未改善，已連續 4 輪。最佳值: 0.908417, 當前值: 1.737452
2025-04-16 00:00:09,515 - src.training.trainer - INFO - 監控指標未改善，已連續 5 輪。最佳值: 0.908417, 當前值: 1.391552
2025-04-16 00:00:09,515 - src.training.trainer - INFO - 檢測到訓練停滯，嘗試重啟訓練...
2025-04-16 00:00:12,446 - src.training.trainer - INFO - 輪次 59/300 - 訓練損失: 1.395275 - 驗證損失: 1.918225 - rmse: 1315.219360 - r2: -2.132866 - mae: 1074.977783 - 學習率: 0.000340 - 時間: 2.93秒
2025-04-16 00:00:12,450 - src.training.trainer - INFO - 監控指標未改善，已連續 4 輪。最佳值: 0.908417, 當前值: 1.918225
2025-04-16 00:00:15,429 - src.training.trainer - INFO - 監控指標未改善，已連續 5 輪。最佳值: 0.908417, 當前值: 1.212078
2025-04-16 00:00:18,342 - src.training.trainer - INFO - 輪次 61/300 - 訓練損失: 1.198000 - 驗證損失: 1.543490 - rmse: 1284.991821 - r2: -1.990515 - mae: 1029.926147 - 學習率: 0.000331 - 時間: 2.91秒
2025-04-16 00:00:18,356 - src.training.callbacks - INFO - 模型檢查點已保存至 outputs\hybrid_model\HybridPINNLSTMModel_20250415_235720\checkpoints\HybridPINNLSTMModel_epoch_061.pt
2025-04-16 00:00:18,360 - src.training.trainer - INFO - 監控指標未改善，已連續 6 輪。最佳值: 0.908417, 當前值: 1.543490
2025-04-16 00:00:21,421 - src.training.trainer - INFO - 監控指標未改善，已連續 7 輪。最佳值: 0.908417, 當前值: 1.654322
2025-04-16 00:00:24,292 - src.training.trainer - INFO - 輪次 63/300 - 訓練損失: 1.294132 - 驗證損失: 1.329662 - rmse: 1275.290649 - r2: -1.945532 - mae: 1017.499023 - 學習率: 0.000321 - 時間: 2.87秒
2025-04-16 00:00:24,294 - src.training.trainer - INFO - 監控指標未改善，已連續 8 輪。最佳值: 0.908417, 當前值: 1.329662
2025-04-16 00:00:24,294 - src.training.trainer - INFO - 檢測到訓練停滯，嘗試重啟訓練...
2025-04-16 00:00:27,329 - src.training.trainer - INFO - 監控指標未改善，已連續 7 輪。最佳值: 0.908417, 當前值: 1.703620
2025-04-16 00:00:30,122 - src.training.trainer - INFO - 輪次 65/300 - 訓練損失: 1.165674 - 驗證損失: 1.462526 - rmse: 1283.937744 - r2: -1.985611 - mae: 1031.212891 - 學習率: 0.000311 - 時間: 2.79秒
2025-04-16 00:00:30,124 - src.training.trainer - INFO - 監控指標未改善，已連續 8 輪。最佳值: 0.908417, 當前值: 1.462526
2025-04-16 00:00:33,115 - src.training.callbacks - INFO - 模型檢查點已保存至 outputs\hybrid_model\HybridPINNLSTMModel_20250415_235720\checkpoints\HybridPINNLSTMModel_epoch_066.pt
2025-04-16 00:00:33,117 - src.training.trainer - INFO - 監控指標未改善，已連續 9 輪。最佳值: 0.908417, 當前值: 1.262042
2025-04-16 00:00:35,974 - src.training.trainer - INFO - 輪次 67/300 - 訓練損失: 1.245342 - 驗證損失: 1.393591 - rmse: 1268.659302 - r2: -1.914979 - mae: 995.170837 - 學習率: 0.000301 - 時間: 2.86秒
2025-04-16 00:00:35,980 - src.training.trainer - INFO - 監控指標未改善，已連續 10 輪。最佳值: 0.908417, 當前值: 1.393591
2025-04-16 00:00:38,921 - src.training.trainer - INFO - 監控指標未改善，已連續 11 輪。最佳值: 0.908417, 當前值: 1.400546
2025-04-16 00:00:38,921 - src.training.trainer - INFO - 檢測到訓練停滯，嘗試重啟訓練...
2025-04-16 00:00:41,802 - src.training.trainer - INFO - 輪次 69/300 - 訓練損失: 1.369724 - 驗證損失: 1.072994 - rmse: 1229.893677 - r2: -1.739558 - mae: 941.149719 - 學習率: 0.000291 - 時間: 2.88秒
2025-04-16 00:00:41,805 - src.training.trainer - INFO - 監控指標未改善，已連續 10 輪。最佳值: 0.908417, 當前值: 1.072994
2025-04-16 00:00:44,685 - src.training.trainer - INFO - 監控指標未改善，已連續 11 輪。最佳值: 0.908417, 當前值: 1.387208
2025-04-16 00:00:47,573 - src.training.trainer - INFO - 輪次 71/300 - 訓練損失: 1.318897 - 驗證損失: 1.463335 - rmse: 1268.430298 - r2: -1.913926 - mae: 991.642395 - 學習率: 0.000281 - 時間: 2.89秒
2025-04-16 00:00:47,585 - src.training.callbacks - INFO - 模型檢查點已保存至 outputs\hybrid_model\HybridPINNLSTMModel_20250415_235720\checkpoints\HybridPINNLSTMModel_epoch_071.pt
2025-04-16 00:00:47,589 - src.training.trainer - INFO - 監控指標未改善，已連續 12 輪。最佳值: 0.908417, 當前值: 1.463335
2025-04-16 00:00:50,595 - src.training.trainer - INFO - 監控指標未改善，已連續 13 輪。最佳值: 0.908417, 當前值: 1.420774
2025-04-16 00:00:53,642 - src.training.trainer - INFO - 輪次 73/300 - 訓練損失: 1.312325 - 驗證損失: 1.327149 - rmse: 1271.924438 - r2: -1.930002 - mae: 1016.322021 - 學習率: 0.000270 - 時間: 3.05秒
2025-04-16 00:00:53,646 - src.training.trainer - INFO - 監控指標未改善，已連續 14 輪。最佳值: 0.908417, 當前值: 1.327149
2025-04-16 00:00:53,646 - src.training.trainer - INFO - 檢測到訓練停滯，嘗試重啟訓練...
2025-04-16 00:00:56,651 - src.training.trainer - INFO - 監控指標未改善，已連續 13 輪。最佳值: 0.908417, 當前值: 1.399556
2025-04-16 00:00:59,535 - src.training.trainer - INFO - 輪次 75/300 - 訓練損失: 1.139545 - 驗證損失: 1.393072 - rmse: 1273.469727 - r2: -1.937126 - mae: 1008.794983 - 學習率: 0.000260 - 時間: 2.88秒
2025-04-16 00:00:59,539 - src.training.trainer - INFO - 監控指標未改善，已連續 14 輪。最佳值: 0.908417, 當前值: 1.393072
2025-04-16 00:01:02,402 - src.training.callbacks - INFO - 模型檢查點已保存至 outputs\hybrid_model\HybridPINNLSTMModel_20250415_235720\checkpoints\HybridPINNLSTMModel_epoch_076.pt
2025-04-16 00:01:02,406 - src.training.trainer - INFO - 監控指標未改善，已連續 15 輪。最佳值: 0.908417, 當前值: 1.328352
2025-04-16 00:01:05,197 - src.training.trainer - INFO - 輪次 77/300 - 訓練損失: 1.209045 - 驗證損失: 1.474140 - rmse: 1282.877808 - r2: -1.980684 - mae: 1021.785950 - 學習率: 0.000250 - 時間: 2.79秒
2025-04-16 00:01:05,201 - src.training.trainer - INFO - 監控指標未改善，已連續 16 輪。最佳值: 0.908417, 當前值: 1.474140
2025-04-16 00:01:08,042 - src.training.trainer - INFO - 監控指標未改善，已連續 17 輪。最佳值: 0.908417, 當前值: 1.276772
2025-04-16 00:01:08,044 - src.training.trainer - INFO - 檢測到訓練停滯，嘗試重啟訓練...
2025-04-16 00:01:10,938 - src.training.trainer - INFO - 輪次 79/300 - 訓練損失: 1.341215 - 驗證損失: 1.270122 - rmse: 1261.810059 - r2: -1.883589 - mae: 993.370422 - 學習率: 0.000240 - 時間: 2.89秒
2025-04-16 00:01:10,944 - src.training.trainer - INFO - 監控指標未改善，已連續 16 輪。最佳值: 0.908417, 當前值: 1.270122
2025-04-16 00:01:13,795 - src.training.trainer - INFO - 監控指標未改善，已連續 17 輪。最佳值: 0.908417, 當前值: 1.256545
2025-04-16 00:01:16,896 - src.training.trainer - INFO - 輪次 81/300 - 訓練損失: 1.169416 - 驗證損失: 1.423129 - rmse: 1286.485718 - r2: -1.997473 - mae: 1038.513794 - 學習率: 0.000229 - 時間: 3.10秒
2025-04-16 00:01:16,918 - src.training.callbacks - INFO - 模型檢查點已保存至 outputs\hybrid_model\HybridPINNLSTMModel_20250415_235720\checkpoints\HybridPINNLSTMModel_epoch_081.pt
2025-04-16 00:01:16,924 - src.training.trainer - INFO - 監控指標未改善，已連續 18 輪。最佳值: 0.908417, 當前值: 1.423129
2025-04-16 00:01:19,799 - src.training.trainer - INFO - 監控指標未改善，已連續 19 輪。最佳值: 0.908417, 當前值: 1.499730
2025-04-16 00:01:22,757 - src.training.trainer - INFO - 輪次 83/300 - 訓練損失: 1.112254 - 驗證損失: 1.395392 - rmse: 1270.268066 - r2: -1.922376 - mae: 997.845154 - 學習率: 0.000219 - 時間: 2.96秒
2025-04-16 00:01:22,761 - src.training.trainer - INFO - 監控指標未改善，已連續 20 輪。最佳值: 0.908417, 當前值: 1.395392
2025-04-16 00:01:22,761 - src.training.trainer - INFO - 檢測到訓練停滯，嘗試重啟訓練...
2025-04-16 00:01:25,651 - src.training.trainer - INFO - 監控指標未改善，已連續 19 輪。最佳值: 0.908417, 當前值: 1.267608
2025-04-16 00:01:28,462 - src.training.trainer - INFO - 輪次 85/300 - 訓練損失: 1.156783 - 驗證損失: 1.361291 - rmse: 1279.724243 - r2: -1.966048 - mae: 1028.968506 - 學習率: 0.000209 - 時間: 2.81秒
2025-04-16 00:01:28,466 - src.training.trainer - INFO - 監控指標未改善，已連續 20 輪。最佳值: 0.908417, 當前值: 1.361291
2025-04-16 00:01:31,311 - src.training.callbacks - INFO - 模型檢查點已保存至 outputs\hybrid_model\HybridPINNLSTMModel_20250415_235720\checkpoints\HybridPINNLSTMModel_epoch_086.pt
2025-04-16 00:01:31,317 - src.training.trainer - INFO - 監控指標未改善，已連續 21 輪。最佳值: 0.908417, 當前值: 1.319348
2025-04-16 00:01:34,146 - src.training.trainer - INFO - 輪次 87/300 - 訓練損失: 1.167373 - 驗證損失: 1.278362 - rmse: 1264.177368 - r2: -1.894419 - mae: 996.368713 - 學習率: 0.000199 - 時間: 2.83秒
2025-04-16 00:01:34,150 - src.training.trainer - INFO - 監控指標未改善，已連續 22 輪。最佳值: 0.908417, 當前值: 1.278362
2025-04-16 00:01:37,121 - src.training.trainer - INFO - 監控指標未改善，已連續 23 輪。最佳值: 0.908417, 當前值: 1.309405
2025-04-16 00:01:37,121 - src.training.trainer - INFO - 檢測到訓練停滯，嘗試重啟訓練...
2025-04-16 00:01:39,801 - src.training.trainer - INFO - 輪次 89/300 - 訓練損失: 1.198159 - 驗證損失: 1.376364 - rmse: 1286.992065 - r2: -1.999833 - mae: 1039.238647 - 學習率: 0.000189 - 時間: 2.68秒
2025-04-16 00:01:39,805 - src.training.trainer - INFO - 監控指標未改善，已連續 22 輪。最佳值: 0.908417, 當前值: 1.376364
2025-04-16 00:01:42,697 - src.training.trainer - INFO - 監控指標未改善，已連續 23 輪。最佳值: 0.908417, 當前值: 1.373387
2025-04-16 00:01:45,717 - src.training.trainer - INFO - 輪次 91/300 - 訓練損失: 1.063263 - 驗證損失: 1.440629 - rmse: 1287.952393 - r2: -2.004312 - mae: 1035.275024 - 學習率: 0.000179 - 時間: 3.02秒
2025-04-16 00:01:45,731 - src.training.callbacks - INFO - 模型檢查點已保存至 outputs\hybrid_model\HybridPINNLSTMModel_20250415_235720\checkpoints\HybridPINNLSTMModel_epoch_091.pt
2025-04-16 00:01:45,737 - src.training.trainer - INFO - 監控指標未改善，已連續 24 輪。最佳值: 0.908417, 當前值: 1.440629
2025-04-16 00:01:48,610 - src.training.trainer - INFO - 監控指標未改善，已連續 25 輪。最佳值: 0.908417, 當前值: 1.321168
2025-04-16 00:01:51,511 - src.training.trainer - INFO - 輪次 93/300 - 訓練損失: 1.118612 - 驗證損失: 1.234476 - rmse: 1256.039062 - r2: -1.857272 - mae: 979.576904 - 學習率: 0.000170 - 時間: 2.90秒
2025-04-16 00:01:51,515 - src.training.trainer - INFO - 監控指標未改善，已連續 26 輪。最佳值: 0.908417, 當前值: 1.234476
2025-04-16 00:01:51,515 - src.training.trainer - INFO - 檢測到訓練停滯，嘗試重啟訓練...
2025-04-16 00:01:54,502 - src.training.trainer - INFO - 監控指標未改善，已連續 25 輪。最佳值: 0.908417, 當前值: 1.228048
2025-04-16 00:01:57,408 - src.training.trainer - INFO - 輪次 95/300 - 訓練損失: 1.154649 - 驗證損失: 1.163675 - rmse: 1251.618652 - r2: -1.837196 - mae: 980.038879 - 學習率: 0.000160 - 時間: 2.91秒
2025-04-16 00:01:57,412 - src.training.trainer - INFO - 監控指標未改善，已連續 26 輪。最佳值: 0.908417, 當前值: 1.163675
2025-04-16 00:02:00,477 - src.training.callbacks - INFO - 模型檢查點已保存至 outputs\hybrid_model\HybridPINNLSTMModel_20250415_235720\checkpoints\HybridPINNLSTMModel_epoch_096.pt
2025-04-16 00:02:00,483 - src.training.trainer - INFO - 監控指標未改善，已連續 27 輪。最佳值: 0.908417, 當前值: 1.422573
2025-04-16 00:02:03,360 - src.training.trainer - INFO - 輪次 97/300 - 訓練損失: 1.140153 - 驗證損失: 1.395774 - rmse: 1270.649292 - r2: -1.924130 - mae: 1004.988220 - 學習率: 0.000151 - 時間: 2.88秒
2025-04-16 00:02:03,362 - src.training.trainer - INFO - 監控指標未改善，已連續 28 輪。最佳值: 0.908417, 當前值: 1.395774
2025-04-16 00:02:06,212 - src.training.trainer - INFO - 監控指標未改善，已連續 29 輪。最佳值: 0.908417, 當前值: 1.388795
2025-04-16 00:02:06,212 - src.training.trainer - INFO - 檢測到訓練停滯，嘗試重啟訓練...
2025-04-16 00:02:09,266 - src.training.trainer - INFO - 輪次 99/300 - 訓練損失: 1.147014 - 驗證損失: 1.232415 - rmse: 1260.826660 - r2: -1.879096 - mae: 997.763367 - 學習率: 0.000141 - 時間: 3.05秒
2025-04-16 00:02:09,270 - src.training.trainer - INFO - 監控指標未改善，已連續 28 輪。最佳值: 0.908417, 當前值: 1.232415
2025-04-16 00:02:12,040 - src.training.trainer - INFO - 監控指標未改善，已連續 29 輪。最佳值: 0.908417, 當前值: 1.241960
2025-04-16 00:02:15,016 - src.training.trainer - INFO - 輪次 101/300 - 訓練損失: 1.085415 - 驗證損失: 1.294550 - rmse: 1266.641235 - r2: -1.905712 - mae: 1001.897766 - 學習率: 0.000132 - 時間: 2.98秒
2025-04-16 00:02:15,030 - src.training.callbacks - INFO - 模型檢查點已保存至 outputs\hybrid_model\HybridPINNLSTMModel_20250415_235720\checkpoints\HybridPINNLSTMModel_epoch_101.pt
2025-04-16 00:02:15,036 - src.training.trainer - INFO - 監控指標未改善，已連續 30 輪。最佳值: 0.908417, 當前值: 1.294550
2025-04-16 00:02:18,000 - src.training.trainer - INFO - 監控指標未改善，已連續 31 輪。最佳值: 0.908417, 當前值: 1.449370
2025-04-16 00:02:20,788 - src.training.trainer - INFO - 輪次 103/300 - 訓練損失: 1.095667 - 驗證損失: 1.242722 - rmse: 1253.946045 - r2: -1.847758 - mae: 977.596008 - 學習率: 0.000124 - 時間: 2.79秒
2025-04-16 00:02:20,791 - src.training.trainer - INFO - 監控指標未改善，已連續 32 輪。最佳值: 0.908417, 當前值: 1.242722
2025-04-16 00:02:20,791 - src.training.trainer - INFO - 檢測到訓練停滯，嘗試重啟訓練...
2025-04-16 00:02:23,823 - src.training.trainer - INFO - 監控指標未改善，已連續 31 輪。最佳值: 0.908417, 當前值: 1.323731
2025-04-16 00:02:26,709 - src.training.trainer - INFO - 輪次 105/300 - 訓練損失: 1.195703 - 驗證損失: 1.371229 - rmse: 1276.817383 - r2: -1.952589 - mae: 1013.133118 - 學習率: 0.000115 - 時間: 2.89秒
2025-04-16 00:02:26,715 - src.training.trainer - INFO - 監控指標未改善，已連續 32 輪。最佳值: 0.908417, 當前值: 1.371229
2025-04-16 00:02:29,578 - src.training.callbacks - INFO - 模型檢查點已保存至 outputs\hybrid_model\HybridPINNLSTMModel_20250415_235720\checkpoints\HybridPINNLSTMModel_epoch_106.pt
2025-04-16 00:02:29,582 - src.training.trainer - INFO - 監控指標未改善，已連續 33 輪。最佳值: 0.908417, 當前值: 1.336929
2025-04-16 00:02:32,400 - src.training.trainer - INFO - 輪次 107/300 - 訓練損失: 1.238893 - 驗證損失: 1.322427 - rmse: 1272.291138 - r2: -1.931692 - mae: 1007.965881 - 學習率: 0.000107 - 時間: 2.82秒
2025-04-16 00:02:32,402 - src.training.trainer - INFO - 監控指標未改善，已連續 34 輪。最佳值: 0.908417, 當前值: 1.322427
2025-04-16 00:02:35,287 - src.training.trainer - INFO - 監控指標未改善，已連續 35 輪。最佳值: 0.908417, 當前值: 1.440319
2025-04-16 00:02:35,287 - src.training.trainer - INFO - 檢測到訓練停滯，嘗試重啟訓練...
2025-04-16 00:02:38,009 - src.training.trainer - INFO - 輪次 109/300 - 訓練損失: 1.085251 - 驗證損失: 1.316128 - rmse: 1271.684814 - r2: -1.928899 - mae: 1012.754456 - 學習率: 0.000099 - 時間: 2.72秒
2025-04-16 00:02:38,013 - src.training.trainer - INFO - 監控指標未改善，已連續 34 輪。最佳值: 0.908417, 當前值: 1.316128
2025-04-16 00:02:40,851 - src.training.trainer - INFO - 監控指標未改善，已連續 35 輪。最佳值: 0.908417, 當前值: 1.322578
2025-04-16 00:02:43,659 - src.training.trainer - INFO - 輪次 111/300 - 訓練損失: 1.030779 - 驗證損失: 1.300352 - rmse: 1271.535400 - r2: -1.928210 - mae: 1014.477295 - 學習率: 0.000091 - 時間: 2.81秒
2025-04-16 00:02:43,679 - src.training.callbacks - INFO - 模型檢查點已保存至 outputs\hybrid_model\HybridPINNLSTMModel_20250415_235720\checkpoints\HybridPINNLSTMModel_epoch_111.pt
2025-04-16 00:02:43,685 - src.training.trainer - INFO - 監控指標未改善，已連續 36 輪。最佳值: 0.908417, 當前值: 1.300352
2025-04-16 00:02:46,639 - src.training.trainer - INFO - 監控指標未改善，已連續 37 輪。最佳值: 0.908417, 當前值: 1.363440
2025-04-16 00:02:49,447 - src.training.trainer - INFO - 輪次 113/300 - 訓練損失: 1.172796 - 驗證損失: 1.344125 - rmse: 1274.456909 - r2: -1.941682 - mae: 1013.415039 - 學習率: 0.000084 - 時間: 2.81秒
2025-04-16 00:02:49,453 - src.training.trainer - INFO - 監控指標未改善，已連續 38 輪。最佳值: 0.908417, 當前值: 1.344125
2025-04-16 00:02:49,455 - src.training.trainer - INFO - 檢測到訓練停滯，嘗試重啟訓練...
2025-04-16 00:02:52,410 - src.training.trainer - INFO - 監控指標未改善，已連續 37 輪。最佳值: 0.908417, 當前值: 1.256172
2025-04-16 00:02:55,359 - src.training.trainer - INFO - 輪次 115/300 - 訓練損失: 1.108908 - 驗證損失: 1.299594 - rmse: 1273.673828 - r2: -1.938068 - mae: 1011.891907 - 學習率: 0.000076 - 時間: 2.95秒
2025-04-16 00:02:55,361 - src.training.trainer - INFO - 監控指標未改善，已連續 38 輪。最佳值: 0.908417, 當前值: 1.299594
2025-04-16 00:02:58,287 - src.training.callbacks - INFO - 模型檢查點已保存至 outputs\hybrid_model\HybridPINNLSTMModel_20250415_235720\checkpoints\HybridPINNLSTMModel_epoch_116.pt
2025-04-16 00:02:58,293 - src.training.trainer - INFO - 監控指標未改善，已連續 39 輪。最佳值: 0.908417, 當前值: 1.346287
2025-04-16 00:03:01,233 - src.training.trainer - INFO - 輪次 117/300 - 訓練損失: 1.093892 - 驗證損失: 1.240116 - rmse: 1266.235596 - r2: -1.903851 - mae: 1005.101990 - 學習率: 0.000070 - 時間: 2.94秒
2025-04-16 00:03:01,237 - src.training.trainer - INFO - 監控指標未改善，已連續 40 輪。最佳值: 0.908417, 當前值: 1.240116
2025-04-16 00:03:01,237 - src.training.trainer - INFO - 早停觸發！40 輪未改善
2025-04-16 00:03:01,239 - src.training.trainer - INFO - 早停觸發，在輪次 117 停止訓練
2025-04-16 00:03:01,239 - src.training.trainer - INFO - 訓練完成，總時間: 340.89秒
2025-04-16 00:03:01,265 - __main__ - INFO - 訓練完成，最終模型已保存至: outputs/hybrid_model\models\final_model.pt
2025-04-16 00:03:01,279 - __main__ - WARNING - 合併輸出 l2_penalty 時出錯: zero-dimensional arrays cannot be concatenated
2025-04-16 00:03:01,287 - src.utils.metrics - INFO - Model: HybridPINNLSTMModel
RMSE: 1930.8740
R2: -5.5066
MAE: 1786.7361
MAPE: 93.41%
Relative Error (Mean): 93.41%
Relative Error (Median): 93.64%
Relative Error (90th percentile): 95.48%
Log RMSE: 1.2019
2025-04-16 00:03:01,291 - __main__ - INFO - 評估指標已保存至: outputs/hybrid_model\evaluation\metrics.csv
2025-04-16 00:03:01,291 - __main__ - INFO - 生成視覺化結果...
2025-04-16 00:03:02,163 - src.utils.visualization - INFO - 圖像已保存至: outputs/hybrid_model\evaluation\visualizations\prediction_vs_true.png
2025-04-16 00:03:02,830 - src.utils.visualization - INFO - 圖像已保存至: outputs/hybrid_model\evaluation\visualizations\delta_w_prediction.png
2025-04-16 00:03:03,560 - src.utils.visualization - INFO - 圖像已保存至: outputs/hybrid_model\evaluation\visualizations\physical_constraint.png
2025-04-16 00:03:03,574 - __main__ - INFO - 評估完成，結果已保存至: outputs/hybrid_model\evaluation
2025-04-16 00:03:03,574 - __main__ - INFO - 任務完成
