2025-04-15 16:59:03,342 - __main__ - INFO - 成功載入配置文件: configs/model_config.yaml
2025-04-15 16:59:03,365 - __main__ - INFO - 成功載入配置文件: configs/train_config.yaml
2025-04-15 16:59:03,368 - __main__ - INFO - 已設定隨機種子: 42
2025-04-15 16:59:03,369 - __main__ - INFO - 使用計算設備: cpu
2025-04-15 16:59:03,369 - __main__ - INFO - 輸出目錄: outputs/hybrid_model
2025-04-15 16:59:03,370 - __main__ - INFO - 載入資料: data/raw/Training_data_warpage_final_20250321_v1.2.csv
2025-04-15 16:59:03,374 - src.data.preprocess - INFO - 成功載入資料檔案: data/raw/Training_data_warpage_final_20250321_v1.2.csv，共 81 筆資料，18 個欄位
2025-04-15 16:59:03,378 - src.data.preprocess - INFO - 標準化完成，特徵數量: 5
2025-04-15 16:59:03,379 - src.data.preprocess - INFO - 時間序列資料準備完成，形狀: (81, 4, 2)
2025-04-15 16:59:03,380 - src.data.preprocess - INFO - 資料分割完成 - 訓練集: 56 樣本, 驗證集: 12 樣本, 測試集: 13 樣本
2025-04-15 16:59:03,380 - src.data.preprocess - INFO - 完整資料處理流程完成
2025-04-15 16:59:03,380 - __main__ - INFO - 資料分割完成, 訓練集: 56 樣本, 驗證集: 12 樣本, 測試集: 13 樣本
2025-04-15 16:59:03,380 - __main__ - INFO - 應用資料增強...
2025-04-15 16:59:03,381 - src.data.dataset - INFO - 進行資料增強，原始訓練集大小: 56 樣本
2025-04-15 16:59:03,553 - src.data.dataset - INFO - 資料增強完成，增強後的訓練集大小: 940 樣本
2025-04-15 16:59:03,554 - __main__ - INFO - 資料增強完成，增強後的訓練集大小: 940 樣本
2025-04-15 16:59:03,574 - __main__ - INFO - 創建混合PINN-LSTM模型，使用物理約束: True，融合方法: weighted
2025-04-15 16:59:03,576 - src.data.dataset - INFO - 已創建資料載入器 - 訓練: 940 樣本, 驗證: 12 樣本, 測試: 13 樣本, 批次大小: 8
2025-04-15 16:59:05,464 - src.training.trainer - INFO - 創建adamw優化器，學習率: 0.002，權重衰減: 0.0005
2025-04-15 16:59:05,465 - src.training.losses - INFO - 初始化HybridLoss: lambda_physics=1.0, lambda_consistency=0.3, delta_w_weight=2.0
2025-04-15 16:59:05,465 - src.training.trainer - WARNING - 不支援的學習率調度器類型: one_cycle，不使用學習率調度
2025-04-15 16:59:05,467 - src.training.callbacks - INFO - 初始化ModelCheckpoint: 保存目錄=outputs\hybrid_model\HybridPINNLSTMModel_20250415_165905\checkpoints, 保存頻率=5, 只保存最佳=False, 監控指標=val_loss, 模式=min
2025-04-15 16:59:05,467 - src.training.callbacks - INFO - 初始化LossHistory: 保存路徑=outputs\hybrid_model\HybridPINNLSTMModel_20250415_165905\history.json, 保存頻率=1
2025-04-15 16:59:05,470 - src.training.trainer - INFO - 初始化訓練器完成，模型: HybridPINNLSTMModel, 優化器: AdamW, 設備: cpu
2025-04-15 16:59:05,470 - __main__ - INFO - 開始訓練，總輪數: 200
2025-04-15 16:59:05,470 - src.training.trainer - INFO - 開始訓練，總輪數: 200
2025-04-15 16:59:09,577 - src.training.trainer - INFO - 輪次 1/200 - 訓練損失: 530010.635075 - 驗證損失: 77.523450 - rmse: 1386.794556 - r2: -2.483130 - mae: 1170.919312 - 學習率: 0.002000 - 時間: 4.11秒
2025-04-15 16:59:09,606 - src.training.callbacks - INFO - 模型檢查點已保存至 outputs\hybrid_model\HybridPINNLSTMModel_20250415_165905\checkpoints\HybridPINNLSTMModel_epoch_001.pt
2025-04-15 16:59:09,614 - src.training.trainer - INFO - 監控指標改善，模型已保存至 outputs/hybrid_model\models\best_model.pt
2025-04-15 16:59:13,554 - src.training.trainer - INFO - 監控指標改善，模型已保存至 outputs/hybrid_model\models\best_model.pt
2025-04-15 16:59:18,957 - src.training.trainer - INFO - 輪次 3/200 - 訓練損失: 7.766787 - 驗證損失: 6.382675 - rmse: 1360.623291 - r2: -2.352904 - mae: 1138.996826 - 學習率: 0.002000 - 時間: 5.40秒
2025-04-15 16:59:18,966 - src.training.trainer - INFO - 監控指標改善，模型已保存至 outputs/hybrid_model\models\best_model.pt
2025-04-15 16:59:23,060 - src.training.trainer - INFO - 監控指標改善，模型已保存至 outputs/hybrid_model\models\best_model.pt
2025-04-15 16:59:27,468 - src.training.trainer - INFO - 輪次 5/200 - 訓練損失: 3.765309 - 驗證損失: 6.340966 - rmse: 1376.204712 - r2: -2.430137 - mae: 1157.207642 - 學習率: 0.002000 - 時間: 4.41秒
2025-04-15 16:59:27,477 - src.training.trainer - INFO - 監控指標改善，模型已保存至 outputs/hybrid_model\models\best_model.pt
2025-04-15 16:59:31,888 - src.training.callbacks - INFO - 模型檢查點已保存至 outputs\hybrid_model\HybridPINNLSTMModel_20250415_165905\checkpoints\HybridPINNLSTMModel_epoch_006.pt
2025-04-15 16:59:31,901 - src.training.trainer - INFO - 監控指標改善，模型已保存至 outputs/hybrid_model\models\best_model.pt
2025-04-15 16:59:36,090 - src.training.trainer - INFO - 輪次 7/200 - 訓練損失: 2.689933 - 驗證損失: 2.201030 - rmse: 1241.201416 - r2: -1.790165 - mae: 1012.014221 - 學習率: 0.002000 - 時間: 4.19秒
2025-04-15 16:59:36,103 - src.training.trainer - INFO - 監控指標改善，模型已保存至 outputs/hybrid_model\models\best_model.pt
2025-04-15 16:59:40,083 - src.training.trainer - INFO - 監控指標改善，模型已保存至 outputs/hybrid_model\models\best_model.pt
2025-04-15 16:59:43,887 - src.training.trainer - INFO - 輪次 9/200 - 訓練損失: 2.116023 - 驗證損失: 5.099070 - rmse: 1364.393311 - r2: -2.371510 - mae: 1143.824585 - 學習率: 0.002000 - 時間: 3.80秒
2025-04-15 16:59:43,901 - src.training.trainer - INFO - 監控指標改善，模型已保存至 outputs/hybrid_model\models\best_model.pt
2025-04-15 16:59:47,752 - src.training.trainer - INFO - 監控指標改善，模型已保存至 outputs/hybrid_model\models\best_model.pt
2025-04-15 16:59:51,523 - src.training.trainer - INFO - 輪次 11/200 - 訓練損失: 1.819452 - 驗證損失: 10.770921 - rmse: 1385.906372 - r2: -2.478669 - mae: 1169.129395 - 學習率: 0.002000 - 時間: 3.77秒
2025-04-15 16:59:51,551 - src.training.callbacks - INFO - 模型檢查點已保存至 outputs\hybrid_model\HybridPINNLSTMModel_20250415_165905\checkpoints\HybridPINNLSTMModel_epoch_011.pt
2025-04-15 16:59:51,576 - src.training.trainer - INFO - 監控指標改善，模型已保存至 outputs/hybrid_model\models\best_model.pt
2025-04-15 16:59:55,492 - src.training.trainer - INFO - 監控指標改善，模型已保存至 outputs/hybrid_model\models\best_model.pt
2025-04-15 16:59:59,585 - src.training.trainer - INFO - 輪次 13/200 - 訓練損失: 1.576923 - 驗證損失: 1.539160 - rmse: 1238.610962 - r2: -1.778530 - mae: 978.313049 - 學習率: 0.002000 - 時間: 4.09秒
2025-04-15 16:59:59,599 - src.training.trainer - INFO - 監控指標改善，模型已保存至 outputs/hybrid_model\models\best_model.pt
2025-04-15 17:00:03,620 - src.training.trainer - INFO - 監控指標改善，模型已保存至 outputs/hybrid_model\models\best_model.pt
2025-04-15 17:00:07,463 - src.training.trainer - INFO - 輪次 15/200 - 訓練損失: 1.425601 - 驗證損失: 1.574424 - rmse: 1265.136108 - r2: -1.898811 - mae: 1031.009155 - 學習率: 0.002000 - 時間: 3.84秒
2025-04-15 17:00:07,472 - src.training.trainer - INFO - 監控指標改善，模型已保存至 outputs/hybrid_model\models\best_model.pt
2025-04-15 17:00:11,433 - src.training.callbacks - INFO - 模型檢查點已保存至 outputs\hybrid_model\HybridPINNLSTMModel_20250415_165905\checkpoints\HybridPINNLSTMModel_epoch_016.pt
2025-04-15 17:00:11,443 - src.training.trainer - INFO - 監控指標改善，模型已保存至 outputs/hybrid_model\models\best_model.pt
2025-04-15 17:00:15,381 - src.training.trainer - INFO - 輪次 17/200 - 訓練損失: 1.293370 - 驗證損失: 1.769274 - rmse: 1293.120850 - r2: -2.028472 - mae: 1052.260864 - 學習率: 0.002000 - 時間: 3.94秒
2025-04-15 17:00:15,393 - src.training.trainer - INFO - 監控指標改善，模型已保存至 outputs/hybrid_model\models\best_model.pt
2025-04-15 17:00:19,379 - src.training.trainer - INFO - 監控指標改善，模型已保存至 outputs/hybrid_model\models\best_model.pt
2025-04-15 17:00:23,639 - src.training.trainer - INFO - 輪次 19/200 - 訓練損失: 1.185964 - 驗證損失: 2.057423 - rmse: 1312.104736 - r2: -2.118045 - mae: 1076.568970 - 學習率: 0.002000 - 時間: 4.26秒
2025-04-15 17:00:23,653 - src.training.trainer - INFO - 監控指標改善，模型已保存至 outputs/hybrid_model\models\best_model.pt
2025-04-15 17:00:28,372 - src.training.trainer - INFO - 監控指標改善，模型已保存至 outputs/hybrid_model\models\best_model.pt
2025-04-15 17:00:32,553 - src.training.trainer - INFO - 輪次 21/200 - 訓練損失: 1.158524 - 驗證損失: 1.496594 - rmse: 1279.088745 - r2: -1.963102 - mae: 1038.505737 - 學習率: 0.002000 - 時間: 4.18秒
2025-04-15 17:00:32,579 - src.training.callbacks - INFO - 模型檢查點已保存至 outputs\hybrid_model\HybridPINNLSTMModel_20250415_165905\checkpoints\HybridPINNLSTMModel_epoch_021.pt
2025-04-15 17:00:32,591 - src.training.trainer - INFO - 監控指標改善，模型已保存至 outputs/hybrid_model\models\best_model.pt
2025-04-15 17:00:36,645 - src.training.trainer - INFO - 監控指標改善，模型已保存至 outputs/hybrid_model\models\best_model.pt
2025-04-15 17:00:40,416 - src.training.trainer - INFO - 輪次 23/200 - 訓練損失: 1.074368 - 驗證損失: 1.844473 - rmse: 1305.494019 - r2: -2.086705 - mae: 1065.040405 - 學習率: 0.002000 - 時間: 3.77秒
2025-04-15 17:00:40,425 - src.training.trainer - INFO - 監控指標改善，模型已保存至 outputs/hybrid_model\models\best_model.pt
2025-04-15 17:00:44,298 - src.training.trainer - INFO - 監控指標改善，模型已保存至 outputs/hybrid_model\models\best_model.pt
2025-04-15 17:00:48,268 - src.training.trainer - INFO - 輪次 25/200 - 訓練損失: 1.017637 - 驗證損失: 1.463086 - rmse: 1276.686157 - r2: -1.951982 - mae: 1024.008057 - 學習率: 0.002000 - 時間: 3.97秒
2025-04-15 17:00:48,276 - src.training.trainer - INFO - 監控指標改善，模型已保存至 outputs/hybrid_model\models\best_model.pt
2025-04-15 17:00:52,316 - src.training.callbacks - INFO - 模型檢查點已保存至 outputs\hybrid_model\HybridPINNLSTMModel_20250415_165905\checkpoints\HybridPINNLSTMModel_epoch_026.pt
2025-04-15 17:00:52,327 - src.training.trainer - INFO - 監控指標改善，模型已保存至 outputs/hybrid_model\models\best_model.pt
2025-04-15 17:00:56,383 - src.training.trainer - INFO - 輪次 27/200 - 訓練損失: 0.990621 - 驗證損失: 1.431122 - rmse: 1281.541504 - r2: -1.974478 - mae: 1033.164551 - 學習率: 0.002000 - 時間: 4.05秒
2025-04-15 17:00:56,393 - src.training.trainer - INFO - 監控指標改善，模型已保存至 outputs/hybrid_model\models\best_model.pt
2025-04-15 17:01:00,413 - src.training.trainer - INFO - 監控指標改善，模型已保存至 outputs/hybrid_model\models\best_model.pt
2025-04-15 17:01:04,360 - src.training.trainer - INFO - 輪次 29/200 - 訓練損失: 0.947137 - 驗證損失: 1.425309 - rmse: 1271.770508 - r2: -1.929293 - mae: 1021.125244 - 學習率: 0.002000 - 時間: 3.95秒
2025-04-15 17:01:04,373 - src.training.trainer - INFO - 監控指標改善，模型已保存至 outputs/hybrid_model\models\best_model.pt
2025-04-15 17:01:08,296 - src.training.trainer - INFO - 監控指標改善，模型已保存至 outputs/hybrid_model\models\best_model.pt
2025-04-15 17:01:12,095 - src.training.trainer - INFO - 輪次 31/200 - 訓練損失: 0.947805 - 驗證損失: 1.876222 - rmse: 1310.371582 - r2: -2.109813 - mae: 1070.501587 - 學習率: 0.002000 - 時間: 3.80秒
2025-04-15 17:01:12,113 - src.training.callbacks - INFO - 模型檢查點已保存至 outputs\hybrid_model\HybridPINNLSTMModel_20250415_165905\checkpoints\HybridPINNLSTMModel_epoch_031.pt
2025-04-15 17:01:12,123 - src.training.trainer - INFO - 監控指標改善，模型已保存至 outputs/hybrid_model\models\best_model.pt
2025-04-15 17:01:16,129 - src.training.trainer - INFO - 監控指標改善，模型已保存至 outputs/hybrid_model\models\best_model.pt
2025-04-15 17:01:20,518 - src.training.trainer - INFO - 輪次 33/200 - 訓練損失: 0.906409 - 驗證損失: 1.573657 - rmse: 1292.735718 - r2: -2.026669 - mae: 1044.225220 - 學習率: 0.002000 - 時間: 4.39秒
2025-04-15 17:01:20,527 - src.training.trainer - INFO - 監控指標改善，模型已保存至 outputs/hybrid_model\models\best_model.pt
2025-04-15 17:01:24,696 - src.training.trainer - INFO - 監控指標改善，模型已保存至 outputs/hybrid_model\models\best_model.pt
2025-04-15 17:01:29,145 - src.training.trainer - INFO - 輪次 35/200 - 訓練損失: 0.912975 - 驗證損失: 1.631347 - rmse: 1303.208374 - r2: -2.075906 - mae: 1066.615479 - 學習率: 0.002000 - 時間: 4.45秒
2025-04-15 17:01:29,159 - src.training.trainer - INFO - 監控指標改善，模型已保存至 outputs/hybrid_model\models\best_model.pt
2025-04-15 17:01:33,339 - src.training.callbacks - INFO - 模型檢查點已保存至 outputs\hybrid_model\HybridPINNLSTMModel_20250415_165905\checkpoints\HybridPINNLSTMModel_epoch_036.pt
2025-04-15 17:01:33,349 - src.training.trainer - INFO - 監控指標改善，模型已保存至 outputs/hybrid_model\models\best_model.pt
2025-04-15 17:01:37,423 - src.training.trainer - INFO - 輪次 37/200 - 訓練損失: 0.878701 - 驗證損失: 1.492300 - rmse: 1289.016113 - r2: -2.009276 - mae: 1043.051392 - 學習率: 0.002000 - 時間: 4.07秒
2025-04-15 17:01:37,438 - src.training.trainer - INFO - 監控指標改善，模型已保存至 outputs/hybrid_model\models\best_model.pt
2025-04-15 17:01:41,599 - src.training.trainer - INFO - 監控指標改善，模型已保存至 outputs/hybrid_model\models\best_model.pt
2025-04-15 17:01:45,577 - src.training.trainer - INFO - 輪次 39/200 - 訓練損失: 0.875951 - 驗證損失: 1.646553 - rmse: 1300.431396 - r2: -2.062811 - mae: 1057.674683 - 學習率: 0.002000 - 時間: 3.98秒
2025-04-15 17:01:45,590 - src.training.trainer - INFO - 監控指標改善，模型已保存至 outputs/hybrid_model\models\best_model.pt
2025-04-15 17:01:50,094 - src.training.trainer - INFO - 監控指標改善，模型已保存至 outputs/hybrid_model\models\best_model.pt
2025-04-15 17:01:54,798 - src.training.trainer - INFO - 輪次 41/200 - 訓練損失: 0.839386 - 驗證損失: 1.422803 - rmse: 1280.772217 - r2: -1.970907 - mae: 1034.037231 - 學習率: 0.002000 - 時間: 4.70秒
2025-04-15 17:01:54,817 - src.training.callbacks - INFO - 模型檢查點已保存至 outputs\hybrid_model\HybridPINNLSTMModel_20250415_165905\checkpoints\HybridPINNLSTMModel_epoch_041.pt
2025-04-15 17:01:54,832 - src.training.trainer - INFO - 監控指標改善，模型已保存至 outputs/hybrid_model\models\best_model.pt
2025-04-15 17:01:59,120 - src.training.trainer - INFO - 監控指標改善，模型已保存至 outputs/hybrid_model\models\best_model.pt
2025-04-15 17:02:03,441 - src.training.trainer - INFO - 輪次 43/200 - 訓練損失: 0.852391 - 驗證損失: 1.235680 - rmse: 1262.916870 - r2: -1.888649 - mae: 1006.420166 - 學習率: 0.002000 - 時間: 4.32秒
2025-04-15 17:02:03,455 - src.training.trainer - INFO - 監控指標改善，模型已保存至 outputs/hybrid_model\models\best_model.pt
2025-04-15 17:02:07,710 - src.training.trainer - INFO - 監控指標改善，模型已保存至 outputs/hybrid_model\models\best_model.pt
2025-04-15 17:02:11,714 - src.training.trainer - INFO - 輪次 45/200 - 訓練損失: 0.823402 - 驗證損失: 1.661488 - rmse: 1297.085938 - r2: -2.047073 - mae: 1051.086548 - 學習率: 0.002000 - 時間: 4.00秒
2025-04-15 17:02:11,725 - src.training.trainer - INFO - 監控指標改善，模型已保存至 outputs/hybrid_model\models\best_model.pt
2025-04-15 17:02:15,853 - src.training.callbacks - INFO - 模型檢查點已保存至 outputs\hybrid_model\HybridPINNLSTMModel_20250415_165905\checkpoints\HybridPINNLSTMModel_epoch_046.pt
2025-04-15 17:02:15,864 - src.training.trainer - INFO - 監控指標改善，模型已保存至 outputs/hybrid_model\models\best_model.pt
2025-04-15 17:02:20,182 - src.training.trainer - INFO - 輪次 47/200 - 訓練損失: 0.825258 - 驗證損失: 1.691306 - rmse: 1308.655762 - r2: -2.101674 - mae: 1067.062866 - 學習率: 0.002000 - 時間: 4.32秒
2025-04-15 17:02:20,196 - src.training.trainer - INFO - 監控指標改善，模型已保存至 outputs/hybrid_model\models\best_model.pt
2025-04-15 17:02:24,377 - src.training.trainer - INFO - 監控指標改善，模型已保存至 outputs/hybrid_model\models\best_model.pt
2025-04-15 17:02:28,961 - src.training.trainer - INFO - 輪次 49/200 - 訓練損失: 0.823190 - 驗證損失: 1.291095 - rmse: 1264.896606 - r2: -1.897713 - mae: 1004.243958 - 學習率: 0.002000 - 時間: 4.58秒
2025-04-15 17:02:28,975 - src.training.trainer - INFO - 監控指標改善，模型已保存至 outputs/hybrid_model\models\best_model.pt
2025-04-15 17:02:33,250 - src.training.trainer - INFO - 監控指標改善，模型已保存至 outputs/hybrid_model\models\best_model.pt
2025-04-15 17:02:37,341 - src.training.trainer - INFO - 輪次 51/200 - 訓練損失: 0.816265 - 驗證損失: 1.416712 - rmse: 1282.326050 - r2: -1.978120 - mae: 1030.657837 - 學習率: 0.002000 - 時間: 4.09秒
2025-04-15 17:02:37,364 - src.training.callbacks - INFO - 模型檢查點已保存至 outputs\hybrid_model\HybridPINNLSTMModel_20250415_165905\checkpoints\HybridPINNLSTMModel_epoch_051.pt
2025-04-15 17:02:37,368 - src.training.trainer - INFO - min模式下監控指標改善
2025-04-15 17:02:37,375 - src.training.trainer - INFO - 監控指標改善，模型已保存至 outputs/hybrid_model\models\best_model.pt
2025-04-15 17:02:41,837 - src.training.trainer - INFO - 監控指標未改善，已連續 1 輪。最佳值: 1.416712, 當前值: 1.591288
2025-04-15 17:02:46,024 - src.training.trainer - INFO - 輪次 53/200 - 訓練損失: 0.822687 - 驗證損失: 1.440150 - rmse: 1275.502808 - r2: -1.946512 - mae: 1024.200806 - 學習率: 0.002000 - 時間: 4.19秒
2025-04-15 17:02:46,027 - src.training.trainer - INFO - 監控指標未改善，已連續 2 輪。最佳值: 1.416712, 當前值: 1.440150
2025-04-15 17:02:50,063 - src.training.trainer - INFO - 監控指標未改善，已連續 3 輪。最佳值: 1.416712, 當前值: 1.461908
2025-04-15 17:02:54,350 - src.training.trainer - INFO - 輪次 55/200 - 訓練損失: 0.794843 - 驗證損失: 1.588202 - rmse: 1297.379639 - r2: -2.048453 - mae: 1051.155762 - 學習率: 0.002000 - 時間: 4.29秒
2025-04-15 17:02:54,353 - src.training.trainer - INFO - 監控指標未改善，已連續 4 輪。最佳值: 1.416712, 當前值: 1.588202
2025-04-15 17:02:58,647 - src.training.callbacks - INFO - 模型檢查點已保存至 outputs\hybrid_model\HybridPINNLSTMModel_20250415_165905\checkpoints\HybridPINNLSTMModel_epoch_056.pt
2025-04-15 17:02:58,653 - src.training.trainer - INFO - min模式下監控指標改善, 從 1.416712 改善到 1.354404
2025-04-15 17:02:58,661 - src.training.trainer - INFO - 監控指標改善，模型已保存至 outputs/hybrid_model\models\best_model.pt
2025-04-15 17:03:03,249 - src.training.trainer - INFO - 輪次 57/200 - 訓練損失: 0.795323 - 驗證損失: 1.351815 - rmse: 1278.500000 - r2: -1.960376 - mae: 1026.189819 - 學習率: 0.002000 - 時間: 4.59秒
2025-04-15 17:03:03,253 - src.training.trainer - INFO - min模式下監控指標改善, 從 1.354404 改善到 1.351815
2025-04-15 17:03:03,262 - src.training.trainer - INFO - 監控指標改善，模型已保存至 outputs/hybrid_model\models\best_model.pt
2025-04-15 17:03:07,376 - src.training.trainer - INFO - 監控指標未改善，已連續 1 輪。最佳值: 1.351815, 當前值: 1.440762
2025-04-15 17:03:11,834 - src.training.trainer - INFO - 輪次 59/200 - 訓練損失: 0.803749 - 驗證損失: 1.495486 - rmse: 1286.944702 - r2: -1.999612 - mae: 1037.761353 - 學習率: 0.002000 - 時間: 4.46秒
2025-04-15 17:03:11,838 - src.training.trainer - INFO - 監控指標未改善，已連續 2 輪。最佳值: 1.351815, 當前值: 1.495486
2025-04-15 17:03:16,072 - src.training.trainer - INFO - min模式下監控指標改善, 從 1.351815 改善到 1.181259
2025-04-15 17:03:16,079 - src.training.trainer - INFO - 監控指標改善，模型已保存至 outputs/hybrid_model\models\best_model.pt
2025-04-15 17:03:20,440 - src.training.trainer - INFO - 輪次 61/200 - 訓練損失: 0.795768 - 驗證損失: 1.375414 - rmse: 1277.023438 - r2: -1.953542 - mae: 1023.708740 - 學習率: 0.002000 - 時間: 4.36秒
2025-04-15 17:03:20,467 - src.training.callbacks - INFO - 模型檢查點已保存至 outputs\hybrid_model\HybridPINNLSTMModel_20250415_165905\checkpoints\HybridPINNLSTMModel_epoch_061.pt
2025-04-15 17:03:20,472 - src.training.trainer - INFO - 監控指標未改善，已連續 1 輪。最佳值: 1.181259, 當前值: 1.375414
2025-04-15 17:03:25,684 - src.training.trainer - INFO - 監控指標未改善，已連續 2 輪。最佳值: 1.181259, 當前值: 1.596522
2025-04-15 17:03:30,421 - src.training.trainer - INFO - 輪次 63/200 - 訓練損失: 0.808860 - 驗證損失: 1.478375 - rmse: 1292.316406 - r2: -2.024705 - mae: 1047.297485 - 學習率: 0.002000 - 時間: 4.74秒
2025-04-15 17:03:30,424 - src.training.trainer - INFO - 監控指標未改善，已連續 3 輪。最佳值: 1.181259, 當前值: 1.478375
2025-04-15 17:03:34,676 - src.training.trainer - INFO - 監控指標未改善，已連續 4 輪。最佳值: 1.181259, 當前值: 1.575648
2025-04-15 17:03:38,755 - src.training.trainer - INFO - 輪次 65/200 - 訓練損失: 0.784427 - 驗證損失: 1.786965 - rmse: 1313.220459 - r2: -2.123350 - mae: 1074.372559 - 學習率: 0.002000 - 時間: 4.08秒
2025-04-15 17:03:38,758 - src.training.trainer - INFO - 監控指標未改善，已連續 5 輪。最佳值: 1.181259, 當前值: 1.786965
2025-04-15 17:03:38,758 - src.training.trainer - INFO - 檢測到訓練停滯，嘗試重啟訓練...
2025-04-15 17:03:43,078 - src.training.callbacks - INFO - 模型檢查點已保存至 outputs\hybrid_model\HybridPINNLSTMModel_20250415_165905\checkpoints\HybridPINNLSTMModel_epoch_066.pt
2025-04-15 17:03:43,082 - src.training.trainer - INFO - 監控指標未改善，已連續 4 輪。最佳值: 1.181259, 當前值: 1.392861
2025-04-15 17:03:47,187 - src.training.trainer - INFO - 輪次 67/200 - 訓練損失: 0.780267 - 驗證損失: 1.791102 - rmse: 1313.902954 - r2: -2.126597 - mae: 1070.909058 - 學習率: 0.002000 - 時間: 4.10秒
2025-04-15 17:03:47,190 - src.training.trainer - INFO - 監控指標未改善，已連續 5 輪。最佳值: 1.181259, 當前值: 1.791102
2025-04-15 17:03:51,364 - src.training.trainer - INFO - 監控指標未改善，已連續 6 輪。最佳值: 1.181259, 當前值: 1.543584
2025-04-15 17:03:55,404 - src.training.trainer - INFO - 輪次 69/200 - 訓練損失: 0.794558 - 驗證損失: 1.786846 - rmse: 1310.006958 - r2: -2.108083 - mae: 1062.671021 - 學習率: 0.002000 - 時間: 4.04秒
2025-04-15 17:03:55,408 - src.training.trainer - INFO - 監控指標未改善，已連續 7 輪。最佳值: 1.181259, 當前值: 1.786846
2025-04-15 17:03:59,496 - src.training.trainer - INFO - 監控指標未改善，已連續 8 輪。最佳值: 1.181259, 當前值: 1.289759
2025-04-15 17:03:59,496 - src.training.trainer - INFO - 檢測到訓練停滯，嘗試重啟訓練...
2025-04-15 17:04:03,598 - src.training.trainer - INFO - 輪次 71/200 - 訓練損失: 0.783371 - 驗證損失: 1.523900 - rmse: 1294.035278 - r2: -2.032757 - mae: 1048.698486 - 學習率: 0.002000 - 時間: 4.10秒
2025-04-15 17:04:03,618 - src.training.callbacks - INFO - 模型檢查點已保存至 outputs\hybrid_model\HybridPINNLSTMModel_20250415_165905\checkpoints\HybridPINNLSTMModel_epoch_071.pt
2025-04-15 17:04:03,623 - src.training.trainer - INFO - 監控指標未改善，已連續 7 輪。最佳值: 1.181259, 當前值: 1.523900
2025-04-15 17:04:07,677 - src.training.trainer - INFO - min模式下監控指標改善, 從 1.181259 改善到 1.106254
2025-04-15 17:04:07,689 - src.training.trainer - INFO - 監控指標改善，模型已保存至 outputs/hybrid_model\models\best_model.pt
2025-04-15 17:04:12,030 - src.training.trainer - INFO - 輪次 73/200 - 訓練損失: 0.805640 - 驗證損失: 1.520558 - rmse: 1290.686035 - r2: -2.017078 - mae: 1038.422729 - 學習率: 0.002000 - 時間: 4.34秒
2025-04-15 17:04:12,035 - src.training.trainer - INFO - 監控指標未改善，已連續 1 輪。最佳值: 1.106254, 當前值: 1.520558
2025-04-15 17:04:16,187 - src.training.trainer - INFO - 監控指標未改善，已連續 2 輪。最佳值: 1.106254, 當前值: 1.504005
2025-04-15 17:04:20,322 - src.training.trainer - INFO - 輪次 75/200 - 訓練損失: 0.774893 - 驗證損失: 1.788856 - rmse: 1308.016479 - r2: -2.098645 - mae: 1058.578735 - 學習率: 0.002000 - 時間: 4.13秒
2025-04-15 17:04:20,326 - src.training.trainer - INFO - 監控指標未改善，已連續 3 輪。最佳值: 1.106254, 當前值: 1.788856
2025-04-15 17:04:24,604 - src.training.callbacks - INFO - 模型檢查點已保存至 outputs\hybrid_model\HybridPINNLSTMModel_20250415_165905\checkpoints\HybridPINNLSTMModel_epoch_076.pt
2025-04-15 17:04:24,609 - src.training.trainer - INFO - 監控指標未改善，已連續 4 輪。最佳值: 1.106254, 當前值: 1.365880
2025-04-15 17:04:30,901 - src.training.trainer - INFO - 輪次 77/200 - 訓練損失: 0.776376 - 驗證損失: 1.247492 - rmse: 1257.944336 - r2: -1.865947 - mae: 993.718445 - 學習率: 0.002000 - 時間: 6.29秒
2025-04-15 17:04:30,906 - src.training.trainer - INFO - 監控指標未改善，已連續 5 輪。最佳值: 1.106254, 當前值: 1.247492
2025-04-15 17:04:30,906 - src.training.trainer - INFO - 檢測到訓練停滯，嘗試重啟訓練...
2025-04-15 17:04:35,662 - src.training.trainer - INFO - 監控指標未改善，已連續 4 輪。最佳值: 1.106254, 當前值: 1.201812
2025-04-15 17:04:40,328 - src.training.trainer - INFO - 輪次 79/200 - 訓練損失: 0.775156 - 驗證損失: 1.369457 - rmse: 1278.029175 - r2: -1.958196 - mae: 1029.057495 - 學習率: 0.002000 - 時間: 4.67秒
2025-04-15 17:04:40,333 - src.training.trainer - INFO - 監控指標未改善，已連續 5 輪。最佳值: 1.106254, 當前值: 1.369457
2025-04-15 17:04:44,513 - src.training.trainer - INFO - 監控指標未改善，已連續 6 輪。最佳值: 1.106254, 當前值: 1.472883
2025-04-15 17:04:48,552 - src.training.trainer - INFO - 輪次 81/200 - 訓練損失: 0.808293 - 驗證損失: 1.306291 - rmse: 1272.676025 - r2: -1.933466 - mae: 1024.498901 - 學習率: 0.002000 - 時間: 4.04秒
2025-04-15 17:04:48,578 - src.training.callbacks - INFO - 模型檢查點已保存至 outputs\hybrid_model\HybridPINNLSTMModel_20250415_165905\checkpoints\HybridPINNLSTMModel_epoch_081.pt
2025-04-15 17:04:48,583 - src.training.trainer - INFO - 監控指標未改善，已連續 7 輪。最佳值: 1.106254, 當前值: 1.306291
2025-04-15 17:04:52,593 - src.training.trainer - INFO - 監控指標未改善，已連續 8 輪。最佳值: 1.106254, 當前值: 1.260676
2025-04-15 17:04:52,594 - src.training.trainer - INFO - 檢測到訓練停滯，嘗試重啟訓練...
2025-04-15 17:04:56,518 - src.training.trainer - INFO - 輪次 83/200 - 訓練損失: 0.775890 - 驗證損失: 1.757410 - rmse: 1318.041992 - r2: -2.146327 - mae: 1079.971802 - 學習率: 0.002000 - 時間: 3.92秒
2025-04-15 17:04:56,522 - src.training.trainer - INFO - 監控指標未改善，已連續 7 輪。最佳值: 1.106254, 當前值: 1.757410
2025-04-15 17:05:00,435 - src.training.trainer - INFO - 監控指標未改善，已連續 8 輪。最佳值: 1.106254, 當前值: 1.958405
2025-04-15 17:05:04,362 - src.training.trainer - INFO - 輪次 85/200 - 訓練損失: 0.766625 - 驗證損失: 1.996981 - rmse: 1327.378784 - r2: -2.191061 - mae: 1090.642212 - 學習率: 0.002000 - 時間: 3.93秒
2025-04-15 17:05:04,367 - src.training.trainer - INFO - 監控指標未改善，已連續 9 輪。最佳值: 1.106254, 當前值: 1.996981
2025-04-15 17:05:08,457 - src.training.callbacks - INFO - 模型檢查點已保存至 outputs\hybrid_model\HybridPINNLSTMModel_20250415_165905\checkpoints\HybridPINNLSTMModel_epoch_086.pt
2025-04-15 17:05:08,461 - src.training.trainer - INFO - 監控指標未改善，已連續 10 輪。最佳值: 1.106254, 當前值: 1.167503
2025-04-15 17:05:12,670 - src.training.trainer - INFO - 輪次 87/200 - 訓練損失: 0.772711 - 驗證損失: 1.483886 - rmse: 1288.602661 - r2: -2.007346 - mae: 1039.187500 - 學習率: 0.002000 - 時間: 4.21秒
2025-04-15 17:05:12,675 - src.training.trainer - INFO - 監控指標未改善，已連續 11 輪。最佳值: 1.106254, 當前值: 1.483886
2025-04-15 17:05:12,675 - src.training.trainer - INFO - 檢測到訓練停滯，嘗試重啟訓練...
2025-04-15 17:05:16,826 - src.training.trainer - INFO - 監控指標未改善，已連續 10 輪。最佳值: 1.106254, 當前值: 1.302996
2025-04-15 17:05:20,898 - src.training.trainer - INFO - 輪次 89/200 - 訓練損失: 0.793917 - 驗證損失: 3.059761 - rmse: 1357.478516 - r2: -2.337423 - mae: 1130.295044 - 學習率: 0.002000 - 時間: 4.07秒
2025-04-15 17:05:20,903 - src.training.trainer - INFO - 監控指標未改善，已連續 11 輪。最佳值: 1.106254, 當前值: 3.059761
2025-04-15 17:05:25,004 - src.training.trainer - INFO - 監控指標未改善，已連續 12 輪。最佳值: 1.106254, 當前值: 1.960581
2025-04-15 17:05:29,330 - src.training.trainer - INFO - 輪次 91/200 - 訓練損失: 0.763672 - 驗證損失: 1.279337 - rmse: 1268.368896 - r2: -1.913644 - mae: 1013.639954 - 學習率: 0.002000 - 時間: 4.33秒
2025-04-15 17:05:29,351 - src.training.callbacks - INFO - 模型檢查點已保存至 outputs\hybrid_model\HybridPINNLSTMModel_20250415_165905\checkpoints\HybridPINNLSTMModel_epoch_091.pt
2025-04-15 17:05:29,357 - src.training.trainer - INFO - 監控指標未改善，已連續 13 輪。最佳值: 1.106254, 當前值: 1.279337
2025-04-15 17:05:33,610 - src.training.trainer - INFO - 監控指標未改善，已連續 14 輪。最佳值: 1.106254, 當前值: 1.404283
2025-04-15 17:05:33,610 - src.training.trainer - INFO - 檢測到訓練停滯，嘗試重啟訓練...
2025-04-15 17:05:37,627 - src.training.trainer - INFO - 輪次 93/200 - 訓練損失: 0.755839 - 驗證損失: 1.264642 - rmse: 1267.983643 - r2: -1.911875 - mae: 1011.356750 - 學習率: 0.002000 - 時間: 4.02秒
2025-04-15 17:05:37,631 - src.training.trainer - INFO - 監控指標未改善，已連續 13 輪。最佳值: 1.106254, 當前值: 1.264642
2025-04-15 17:05:41,750 - src.training.trainer - INFO - 監控指標未改善，已連續 14 輪。最佳值: 1.106254, 當前值: 1.379384
2025-04-15 17:05:45,923 - src.training.trainer - INFO - 輪次 95/200 - 訓練損失: 0.764216 - 驗證損失: 0.995973 - rmse: 1219.688843 - r2: -1.694285 - mae: 949.285889 - 學習率: 0.002000 - 時間: 4.17秒
2025-04-15 17:05:45,927 - src.training.trainer - INFO - min模式下監控指標改善, 從 1.106254 改善到 0.995973
2025-04-15 17:05:45,935 - src.training.trainer - INFO - 監控指標改善，模型已保存至 outputs/hybrid_model\models\best_model.pt
2025-04-15 17:05:50,001 - src.training.callbacks - INFO - 模型檢查點已保存至 outputs\hybrid_model\HybridPINNLSTMModel_20250415_165905\checkpoints\HybridPINNLSTMModel_epoch_096.pt
2025-04-15 17:05:50,005 - src.training.trainer - INFO - 監控指標未改善，已連續 1 輪。最佳值: 0.995973, 當前值: 1.351097
2025-04-15 17:05:54,072 - src.training.trainer - INFO - 輪次 97/200 - 訓練損失: 0.762740 - 驗證損失: 1.107295 - rmse: 1245.034546 - r2: -1.807425 - mae: 984.072083 - 學習率: 0.002000 - 時間: 4.07秒
2025-04-15 17:05:54,075 - src.training.trainer - INFO - 監控指標未改善，已連續 2 輪。最佳值: 0.995973, 當前值: 1.107295
2025-04-15 17:05:58,281 - src.training.trainer - INFO - 監控指標未改善，已連續 3 輪。最佳值: 0.995973, 當前值: 1.283347
2025-04-15 17:06:02,660 - src.training.trainer - INFO - 輪次 99/200 - 訓練損失: 0.767166 - 驗證損失: 1.868310 - rmse: 1318.725708 - r2: -2.149592 - mae: 1080.269897 - 學習率: 0.002000 - 時間: 4.38秒
2025-04-15 17:06:02,664 - src.training.trainer - INFO - 監控指標未改善，已連續 4 輪。最佳值: 0.995973, 當前值: 1.868310
2025-04-15 17:06:06,927 - src.training.trainer - INFO - 監控指標未改善，已連續 5 輪。最佳值: 0.995973, 當前值: 2.126167
2025-04-15 17:06:06,927 - src.training.trainer - INFO - 檢測到訓練停滯，嘗試重啟訓練...
2025-04-15 17:06:11,104 - src.training.trainer - INFO - 輪次 101/200 - 訓練損失: 0.783133 - 驗證損失: 1.740438 - rmse: 1313.418701 - r2: -2.124293 - mae: 1072.585571 - 學習率: 0.002000 - 時間: 4.18秒
2025-04-15 17:06:11,133 - src.training.callbacks - INFO - 模型檢查點已保存至 outputs\hybrid_model\HybridPINNLSTMModel_20250415_165905\checkpoints\HybridPINNLSTMModel_epoch_101.pt
2025-04-15 17:06:11,138 - src.training.trainer - INFO - 監控指標未改善，已連續 4 輪。最佳值: 0.995973, 當前值: 1.740438
2025-04-15 17:06:15,235 - src.training.trainer - INFO - 監控指標未改善，已連續 5 輪。最佳值: 0.995973, 當前值: 1.471596
2025-04-15 17:06:19,199 - src.training.trainer - INFO - 輪次 103/200 - 訓練損失: 0.765094 - 驗證損失: 1.519213 - rmse: 1297.500488 - r2: -2.049021 - mae: 1052.394165 - 學習率: 0.002000 - 時間: 3.96秒
2025-04-15 17:06:19,204 - src.training.trainer - INFO - 監控指標未改善，已連續 6 輪。最佳值: 0.995973, 當前值: 1.519213
2025-04-15 17:06:23,486 - src.training.trainer - INFO - 監控指標未改善，已連續 7 輪。最佳值: 0.995973, 當前值: 1.401332
2025-04-15 17:06:27,993 - src.training.trainer - INFO - 輪次 105/200 - 訓練損失: 0.739318 - 驗證損失: 2.948160 - rmse: 1358.175903 - r2: -2.340853 - mae: 1131.659058 - 學習率: 0.002000 - 時間: 4.51秒
2025-04-15 17:06:27,998 - src.training.trainer - INFO - 監控指標未改善，已連續 8 輪。最佳值: 0.995973, 當前值: 2.948160
2025-04-15 17:06:27,999 - src.training.trainer - INFO - 檢測到訓練停滯，嘗試重啟訓練...
2025-04-15 17:06:32,125 - src.training.callbacks - INFO - 模型檢查點已保存至 outputs\hybrid_model\HybridPINNLSTMModel_20250415_165905\checkpoints\HybridPINNLSTMModel_epoch_106.pt
2025-04-15 17:06:32,129 - src.training.trainer - INFO - 監控指標未改善，已連續 7 輪。最佳值: 0.995973, 當前值: 2.178798
2025-04-15 17:06:36,096 - src.training.trainer - INFO - 輪次 107/200 - 訓練損失: 0.756487 - 驗證損失: 1.435580 - rmse: 1291.601562 - r2: -2.021360 - mae: 1047.745483 - 學習率: 0.002000 - 時間: 3.97秒
2025-04-15 17:06:36,100 - src.training.trainer - INFO - 監控指標未改善，已連續 8 輪。最佳值: 0.995973, 當前值: 1.435580
2025-04-15 17:06:40,104 - src.training.trainer - INFO - 監控指標未改善，已連續 9 輪。最佳值: 0.995973, 當前值: 1.161005
2025-04-15 17:06:44,076 - src.training.trainer - INFO - 輪次 109/200 - 訓練損失: 0.752685 - 驗證損失: 1.994199 - rmse: 1328.568970 - r2: -2.196786 - mae: 1094.929932 - 學習率: 0.002000 - 時間: 3.97秒
2025-04-15 17:06:44,079 - src.training.trainer - INFO - 監控指標未改善，已連續 10 輪。最佳值: 0.995973, 當前值: 1.994199
2025-04-15 17:06:47,886 - src.training.trainer - INFO - 監控指標未改善，已連續 11 輪。最佳值: 0.995973, 當前值: 2.118439
2025-04-15 17:06:47,887 - src.training.trainer - INFO - 檢測到訓練停滯，嘗試重啟訓練...
2025-04-15 17:06:51,741 - src.training.trainer - INFO - 輪次 111/200 - 訓練損失: 0.753823 - 驗證損失: 1.253521 - rmse: 1269.247559 - r2: -1.917683 - mae: 1016.643494 - 學習率: 0.002000 - 時間: 3.85秒
2025-04-15 17:06:51,768 - src.training.callbacks - INFO - 模型檢查點已保存至 outputs\hybrid_model\HybridPINNLSTMModel_20250415_165905\checkpoints\HybridPINNLSTMModel_epoch_111.pt
2025-04-15 17:06:51,771 - src.training.trainer - INFO - 監控指標未改善，已連續 10 輪。最佳值: 0.995973, 當前值: 1.253521
2025-04-15 17:06:55,936 - src.training.trainer - INFO - 監控指標未改善，已連續 11 輪。最佳值: 0.995973, 當前值: 1.918941
2025-04-15 17:07:00,237 - src.training.trainer - INFO - 輪次 113/200 - 訓練損失: 0.753491 - 驗證損失: 1.218402 - rmse: 1261.742676 - r2: -1.883281 - mae: 1000.044006 - 學習率: 0.002000 - 時間: 4.30秒
2025-04-15 17:07:00,241 - src.training.trainer - INFO - 監控指標未改善，已連續 12 輪。最佳值: 0.995973, 當前值: 1.218402
2025-04-15 17:07:04,297 - src.training.trainer - INFO - 監控指標未改善，已連續 13 輪。最佳值: 0.995973, 當前值: 1.580268
2025-04-15 17:07:08,233 - src.training.trainer - INFO - 輪次 115/200 - 訓練損失: 0.756451 - 驗證損失: 1.377227 - rmse: 1280.518311 - r2: -1.969729 - mae: 1028.018799 - 學習率: 0.002000 - 時間: 3.94秒
2025-04-15 17:07:08,238 - src.training.trainer - INFO - 監控指標未改善，已連續 14 輪。最佳值: 0.995973, 當前值: 1.377227
2025-04-15 17:07:08,238 - src.training.trainer - INFO - 檢測到訓練停滯，嘗試重啟訓練...
2025-04-15 17:07:12,162 - src.training.callbacks - INFO - 模型檢查點已保存至 outputs\hybrid_model\HybridPINNLSTMModel_20250415_165905\checkpoints\HybridPINNLSTMModel_epoch_116.pt
2025-04-15 17:07:12,167 - src.training.trainer - INFO - 監控指標未改善，已連續 13 輪。最佳值: 0.995973, 當前值: 1.486275
2025-04-15 17:07:16,201 - src.training.trainer - INFO - 輪次 117/200 - 訓練損失: 0.739559 - 驗證損失: 1.663157 - rmse: 1310.764404 - r2: -2.111678 - mae: 1072.429077 - 學習率: 0.002000 - 時間: 4.03秒
2025-04-15 17:07:16,206 - src.training.trainer - INFO - 監控指標未改善，已連續 14 輪。最佳值: 0.995973, 當前值: 1.663157
2025-04-15 17:07:20,648 - src.training.trainer - INFO - 監控指標未改善，已連續 15 輪。最佳值: 0.995973, 當前值: 1.797140
2025-04-15 17:07:25,117 - src.training.trainer - INFO - 輪次 119/200 - 訓練損失: 0.758474 - 驗證損失: 1.466787 - rmse: 1286.786621 - r2: -1.998875 - mae: 1032.774292 - 學習率: 0.002000 - 時間: 4.47秒
2025-04-15 17:07:25,123 - src.training.trainer - INFO - 監控指標未改善，已連續 16 輪。最佳值: 0.995973, 當前值: 1.466787
2025-04-15 17:07:29,480 - src.training.trainer - INFO - 監控指標未改善，已連續 17 輪。最佳值: 0.995973, 當前值: 1.352634
2025-04-15 17:07:29,481 - src.training.trainer - INFO - 檢測到訓練停滯，嘗試重啟訓練...
2025-04-15 17:07:33,854 - src.training.trainer - INFO - 輪次 121/200 - 訓練損失: 0.753114 - 驗證損失: 1.331393 - rmse: 1269.126831 - r2: -1.917127 - mae: 1012.937561 - 學習率: 0.002000 - 時間: 4.37秒
2025-04-15 17:07:33,873 - src.training.callbacks - INFO - 模型檢查點已保存至 outputs\hybrid_model\HybridPINNLSTMModel_20250415_165905\checkpoints\HybridPINNLSTMModel_epoch_121.pt
2025-04-15 17:07:33,877 - src.training.trainer - INFO - 監控指標未改善，已連續 16 輪。最佳值: 0.995973, 當前值: 1.331393
2025-04-15 17:07:38,252 - src.training.trainer - INFO - 監控指標未改善，已連續 17 輪。最佳值: 0.995973, 當前值: 1.231626
2025-04-15 17:07:42,621 - src.training.trainer - INFO - 輪次 123/200 - 訓練損失: 0.759488 - 驗證損失: 1.676726 - rmse: 1307.347290 - r2: -2.095475 - mae: 1068.915894 - 學習率: 0.002000 - 時間: 4.37秒
2025-04-15 17:07:42,625 - src.training.trainer - INFO - 監控指標未改善，已連續 18 輪。最佳值: 0.995973, 當前值: 1.676726
2025-04-15 17:07:46,986 - src.training.trainer - INFO - 監控指標未改善，已連續 19 輪。最佳值: 0.995973, 當前值: 1.283638
2025-04-15 17:07:51,024 - src.training.trainer - INFO - 輪次 125/200 - 訓練損失: 0.748800 - 驗證損失: 1.741749 - rmse: 1310.155640 - r2: -2.108788 - mae: 1067.872437 - 學習率: 0.002000 - 時間: 4.04秒
2025-04-15 17:07:51,028 - src.training.trainer - INFO - 監控指標未改善，已連續 20 輪。最佳值: 0.995973, 當前值: 1.741749
2025-04-15 17:07:51,028 - src.training.trainer - INFO - 檢測到訓練停滯，嘗試重啟訓練...
2025-04-15 17:07:55,062 - src.training.callbacks - INFO - 模型檢查點已保存至 outputs\hybrid_model\HybridPINNLSTMModel_20250415_165905\checkpoints\HybridPINNLSTMModel_epoch_126.pt
2025-04-15 17:07:55,067 - src.training.trainer - INFO - 監控指標未改善，已連續 19 輪。最佳值: 0.995973, 當前值: 1.492713
2025-04-15 17:07:59,098 - src.training.trainer - INFO - 輪次 127/200 - 訓練損失: 0.766217 - 驗證損失: 1.203746 - rmse: 1260.682617 - r2: -1.878438 - mae: 1004.478210 - 學習率: 0.002000 - 時間: 4.03秒
2025-04-15 17:07:59,103 - src.training.trainer - INFO - 監控指標未改善，已連續 20 輪。最佳值: 0.995973, 當前值: 1.203746
2025-04-15 17:08:03,049 - src.training.trainer - INFO - 監控指標未改善，已連續 21 輪。最佳值: 0.995973, 當前值: 1.655009
2025-04-15 17:08:07,059 - src.training.trainer - INFO - 輪次 129/200 - 訓練損失: 0.741737 - 驗證損失: 1.818036 - rmse: 1319.574951 - r2: -2.153650 - mae: 1081.750244 - 學習率: 0.002000 - 時間: 4.01秒
2025-04-15 17:08:07,073 - src.training.trainer - INFO - 監控指標未改善，已連續 22 輪。最佳值: 0.995973, 當前值: 1.818036
2025-04-15 17:08:11,106 - src.training.trainer - INFO - 監控指標未改善，已連續 23 輪。最佳值: 0.995973, 當前值: 1.711804
2025-04-15 17:08:11,106 - src.training.trainer - INFO - 檢測到訓練停滯，嘗試重啟訓練...
2025-04-15 17:08:15,132 - src.training.trainer - INFO - 輪次 131/200 - 訓練損失: 0.741689 - 驗證損失: 2.040837 - rmse: 1333.612671 - r2: -2.221104 - mae: 1102.824463 - 學習率: 0.002000 - 時間: 4.03秒
2025-04-15 17:08:15,156 - src.training.callbacks - INFO - 模型檢查點已保存至 outputs\hybrid_model\HybridPINNLSTMModel_20250415_165905\checkpoints\HybridPINNLSTMModel_epoch_131.pt
2025-04-15 17:08:15,163 - src.training.trainer - INFO - 監控指標未改善，已連續 22 輪。最佳值: 0.995973, 當前值: 2.040837
2025-04-15 17:08:19,020 - src.training.trainer - INFO - 監控指標未改善，已連續 23 輪。最佳值: 0.995973, 當前值: 2.077705
2025-04-15 17:08:22,981 - src.training.trainer - INFO - 輪次 133/200 - 訓練損失: 0.759050 - 驗證損失: 1.624556 - rmse: 1296.685547 - r2: -2.045192 - mae: 1050.930176 - 學習率: 0.002000 - 時間: 3.96秒
2025-04-15 17:08:22,985 - src.training.trainer - INFO - 監控指標未改善，已連續 24 輪。最佳值: 0.995973, 當前值: 1.624556
2025-04-15 17:08:27,007 - src.training.trainer - INFO - 監控指標未改善，已連續 25 輪。最佳值: 0.995973, 當前值: 1.588964
2025-04-15 17:08:30,899 - src.training.trainer - INFO - 輪次 135/200 - 訓練損失: 0.757419 - 驗證損失: 1.511322 - rmse: 1296.572021 - r2: -2.044659 - mae: 1054.098877 - 學習率: 0.002000 - 時間: 3.89秒
2025-04-15 17:08:30,904 - src.training.trainer - INFO - 監控指標未改善，已連續 26 輪。最佳值: 0.995973, 當前值: 1.511322
2025-04-15 17:08:30,905 - src.training.trainer - INFO - 檢測到訓練停滯，嘗試重啟訓練...
2025-04-15 17:08:34,846 - src.training.callbacks - INFO - 模型檢查點已保存至 outputs\hybrid_model\HybridPINNLSTMModel_20250415_165905\checkpoints\HybridPINNLSTMModel_epoch_136.pt
2025-04-15 17:08:34,853 - src.training.trainer - INFO - 監控指標未改善，已連續 25 輪。最佳值: 0.995973, 當前值: 1.468198
2025-04-15 17:08:38,815 - src.training.trainer - INFO - 輪次 137/200 - 訓練損失: 0.745766 - 驗證損失: 1.222053 - rmse: 1247.901855 - r2: -1.820371 - mae: 980.957336 - 學習率: 0.002000 - 時間: 3.96秒
2025-04-15 17:08:38,821 - src.training.trainer - INFO - 監控指標未改善，已連續 26 輪。最佳值: 0.995973, 當前值: 1.222053
2025-04-15 17:08:43,008 - src.training.trainer - INFO - 監控指標未改善，已連續 27 輪。最佳值: 0.995973, 當前值: 1.752756
2025-04-15 17:08:47,255 - src.training.trainer - INFO - 輪次 139/200 - 訓練損失: 0.758331 - 驗證損失: 1.651045 - rmse: 1297.346191 - r2: -2.048296 - mae: 1048.213745 - 學習率: 0.002000 - 時間: 4.25秒
2025-04-15 17:08:47,260 - src.training.trainer - INFO - 監控指標未改善，已連續 28 輪。最佳值: 0.995973, 當前值: 1.651045
2025-04-15 17:08:51,290 - src.training.trainer - INFO - 監控指標未改善，已連續 29 輪。最佳值: 0.995973, 當前值: 1.748585
2025-04-15 17:08:51,290 - src.training.trainer - INFO - 檢測到訓練停滯，嘗試重啟訓練...
2025-04-15 17:08:55,249 - src.training.trainer - INFO - 輪次 141/200 - 訓練損失: 0.744103 - 驗證損失: 1.292344 - rmse: 1256.707764 - r2: -1.860315 - mae: 994.218750 - 學習率: 0.002000 - 時間: 3.96秒
2025-04-15 17:08:55,272 - src.training.callbacks - INFO - 模型檢查點已保存至 outputs\hybrid_model\HybridPINNLSTMModel_20250415_165905\checkpoints\HybridPINNLSTMModel_epoch_141.pt
2025-04-15 17:08:55,277 - src.training.trainer - INFO - 監控指標未改善，已連續 28 輪。最佳值: 0.995973, 當前值: 1.292344
2025-04-15 17:08:59,229 - src.training.trainer - INFO - 監控指標未改善，已連續 29 輪。最佳值: 0.995973, 當前值: 1.645409
2025-04-15 17:09:03,278 - src.training.trainer - INFO - 輪次 143/200 - 訓練損失: 0.739139 - 驗證損失: 1.345896 - rmse: 1281.322388 - r2: -1.973460 - mae: 1036.447021 - 學習率: 0.002000 - 時間: 4.05秒
2025-04-15 17:09:03,283 - src.training.trainer - INFO - 監控指標未改善，已連續 30 輪。最佳值: 0.995973, 當前值: 1.345896
2025-04-15 17:09:07,202 - src.training.trainer - INFO - 監控指標未改善，已連續 31 輪。最佳值: 0.995973, 當前值: 1.160687
2025-04-15 17:09:11,231 - src.training.trainer - INFO - 輪次 145/200 - 訓練損失: 0.744746 - 驗證損失: 1.158997 - rmse: 1242.925171 - r2: -1.797920 - mae: 983.607727 - 學習率: 0.002000 - 時間: 4.03秒
2025-04-15 17:09:11,237 - src.training.trainer - INFO - 監控指標未改善，已連續 32 輪。最佳值: 0.995973, 當前值: 1.158997
2025-04-15 17:09:11,238 - src.training.trainer - INFO - 檢測到訓練停滯，嘗試重啟訓練...
2025-04-15 17:09:15,265 - src.training.callbacks - INFO - 模型檢查點已保存至 outputs\hybrid_model\HybridPINNLSTMModel_20250415_165905\checkpoints\HybridPINNLSTMModel_epoch_146.pt
2025-04-15 17:09:15,270 - src.training.trainer - INFO - 監控指標未改善，已連續 31 輪。最佳值: 0.995973, 當前值: 1.595346
2025-04-15 17:09:19,316 - src.training.trainer - INFO - 輪次 147/200 - 訓練損失: 0.743024 - 驗證損失: 2.114796 - rmse: 1327.533081 - r2: -2.191803 - mae: 1087.378540 - 學習率: 0.002000 - 時間: 4.05秒
2025-04-15 17:09:19,321 - src.training.trainer - INFO - 監控指標未改善，已連續 32 輪。最佳值: 0.995973, 當前值: 2.114796
2025-04-15 17:09:23,239 - src.training.trainer - INFO - 監控指標未改善，已連續 33 輪。最佳值: 0.995973, 當前值: 1.346215
2025-04-15 17:09:27,244 - src.training.trainer - INFO - 輪次 149/200 - 訓練損失: 0.746324 - 驗證損失: 1.597803 - rmse: 1300.480713 - r2: -2.063043 - mae: 1055.496826 - 學習率: 0.002000 - 時間: 4.01秒
2025-04-15 17:09:27,247 - src.training.trainer - INFO - 監控指標未改善，已連續 34 輪。最佳值: 0.995973, 當前值: 1.597803
2025-04-15 17:09:31,156 - src.training.trainer - INFO - 監控指標未改善，已連續 35 輪。最佳值: 0.995973, 當前值: 1.582960
2025-04-15 17:09:31,156 - src.training.trainer - INFO - 檢測到訓練停滯，嘗試重啟訓練...
2025-04-15 17:09:35,117 - src.training.trainer - INFO - 輪次 151/200 - 訓練損失: 0.733108 - 驗證損失: 1.889496 - rmse: 1323.767822 - r2: -2.173723 - mae: 1088.108276 - 學習率: 0.002000 - 時間: 3.96秒
2025-04-15 17:09:35,143 - src.training.callbacks - INFO - 模型檢查點已保存至 outputs\hybrid_model\HybridPINNLSTMModel_20250415_165905\checkpoints\HybridPINNLSTMModel_epoch_151.pt
2025-04-15 17:09:35,148 - src.training.trainer - INFO - 監控指標未改善，已連續 34 輪。最佳值: 0.995973, 當前值: 1.889496
2025-04-15 17:09:39,113 - src.training.trainer - INFO - 監控指標未改善，已連續 35 輪。最佳值: 0.995973, 當前值: 1.264791
2025-04-15 17:09:43,284 - src.training.trainer - INFO - 輪次 153/200 - 訓練損失: 0.736287 - 驗證損失: 1.292311 - rmse: 1259.235718 - r2: -1.871835 - mae: 999.394104 - 學習率: 0.002000 - 時間: 4.17秒
2025-04-15 17:09:43,291 - src.training.trainer - INFO - 監控指標未改善，已連續 36 輪。最佳值: 0.995973, 當前值: 1.292311
2025-04-15 17:09:47,512 - src.training.trainer - INFO - 監控指標未改善，已連續 37 輪。最佳值: 0.995973, 當前值: 1.310906
2025-04-15 17:09:51,547 - src.training.trainer - INFO - 輪次 155/200 - 訓練損失: 0.732187 - 驗證損失: 1.447866 - rmse: 1284.061035 - r2: -1.986185 - mae: 1030.740601 - 學習率: 0.002000 - 時間: 4.03秒
2025-04-15 17:09:51,551 - src.training.trainer - INFO - 監控指標未改善，已連續 38 輪。最佳值: 0.995973, 當前值: 1.447866
2025-04-15 17:09:51,551 - src.training.trainer - INFO - 檢測到訓練停滯，嘗試重啟訓練...
2025-04-15 17:09:55,640 - src.training.callbacks - INFO - 模型檢查點已保存至 outputs\hybrid_model\HybridPINNLSTMModel_20250415_165905\checkpoints\HybridPINNLSTMModel_epoch_156.pt
2025-04-15 17:09:55,644 - src.training.trainer - INFO - 監控指標未改善，已連續 37 輪。最佳值: 0.995973, 當前值: 1.157592
2025-04-15 17:09:59,613 - src.training.trainer - INFO - 輪次 157/200 - 訓練損失: 0.734211 - 驗證損失: 1.927944 - rmse: 1324.924072 - r2: -2.179270 - mae: 1087.168823 - 學習率: 0.002000 - 時間: 3.97秒
2025-04-15 17:09:59,619 - src.training.trainer - INFO - 監控指標未改善，已連續 38 輪。最佳值: 0.995973, 當前值: 1.927944
2025-04-15 17:10:03,896 - src.training.trainer - INFO - 監控指標未改善，已連續 39 輪。最佳值: 0.995973, 當前值: 1.591452
2025-04-15 17:10:08,673 - src.training.trainer - INFO - 輪次 159/200 - 訓練損失: 0.752462 - 驗證損失: 2.010104 - rmse: 1335.914917 - r2: -2.232235 - mae: 1107.752930 - 學習率: 0.002000 - 時間: 4.78秒
2025-04-15 17:10:08,677 - src.training.trainer - INFO - 監控指標未改善，已連續 40 輪。最佳值: 0.995973, 當前值: 2.010104
2025-04-15 17:10:08,677 - src.training.trainer - INFO - 早停觸發！40 輪未改善
2025-04-15 17:10:08,677 - src.training.trainer - INFO - 早停觸發，在輪次 159 停止訓練
2025-04-15 17:10:08,677 - src.training.trainer - INFO - 訓練完成，總時間: 663.21秒
2025-04-15 17:10:08,696 - __main__ - INFO - 訓練完成，最終模型已保存至: outputs/hybrid_model\models\final_model.pt
2025-04-15 17:10:08,712 - __main__ - WARNING - 合併輸出 l2_penalty 時出錯: zero-dimensional arrays cannot be concatenated
2025-04-15 17:10:08,719 - src.utils.metrics - INFO - Model: HybridPINNLSTMModel
RMSE: 1983.5141
R2: -5.8662
MAE: 1836.5736
MAPE: 96.10%
Relative Error (Mean): 96.10%
Relative Error (Median): 96.96%
Relative Error (90th percentile): 97.29%
Log RMSE: 1.4419
2025-04-15 17:10:08,724 - __main__ - INFO - 評估指標已保存至: outputs/hybrid_model\evaluation\metrics.csv
2025-04-15 17:10:08,724 - __main__ - INFO - 生成視覺化結果...
2025-04-15 17:10:09,670 - src.utils.visualization - INFO - 圖像已保存至: outputs/hybrid_model\evaluation\visualizations\prediction_vs_true.png
2025-04-15 17:10:10,460 - src.utils.visualization - INFO - 圖像已保存至: outputs/hybrid_model\evaluation\visualizations\delta_w_prediction.png
2025-04-15 17:10:11,194 - src.utils.visualization - INFO - 圖像已保存至: outputs/hybrid_model\evaluation\visualizations\physical_constraint.png
2025-04-15 17:10:11,205 - __main__ - INFO - 評估完成，結果已保存至: outputs/hybrid_model\evaluation
2025-04-15 17:10:11,205 - __main__ - INFO - 任務完成
