2025-04-14 11:07:15,912 - __main__ - INFO - 成功載入配置文件: configs/model_config.yaml
2025-04-14 11:07:15,940 - __main__ - INFO - 成功載入配置文件: configs/train_config.yaml
2025-04-14 11:07:15,944 - __main__ - INFO - 已設定隨機種子: 42
2025-04-14 11:07:15,944 - __main__ - INFO - 使用計算設備: cpu
2025-04-14 11:07:15,945 - __main__ - INFO - 輸出目錄: outputs/hybrid_model
2025-04-14 11:07:15,947 - __main__ - INFO - 載入資料: data/raw/Training_data_warpage_final_20250321_v1.2.csv
2025-04-14 11:07:15,966 - src.data.preprocess - INFO - 成功載入資料檔案: data/raw/Training_data_warpage_final_20250321_v1.2.csv，共 81 筆資料，18 個欄位
2025-04-14 11:07:15,970 - src.data.preprocess - INFO - 標準化完成，特徵數量: 5
2025-04-14 11:07:15,971 - src.data.preprocess - INFO - 時間序列資料準備完成，形狀: (81, 4, 2)
2025-04-14 11:07:15,973 - src.data.preprocess - INFO - 資料分割完成 - 訓練集: 56 樣本, 驗證集: 12 樣本, 測試集: 13 樣本
2025-04-14 11:07:15,973 - src.data.preprocess - INFO - 完整資料處理流程完成
2025-04-14 11:07:15,973 - __main__ - INFO - 資料分割完成, 訓練集: 56 樣本, 驗證集: 12 樣本, 測試集: 13 樣本
2025-04-14 11:07:15,974 - __main__ - INFO - 應用資料增強...
2025-04-14 11:07:15,974 - src.data.dataset - INFO - 進行資料增強，原始訓練集大小: 56 樣本
2025-04-14 11:07:16,133 - src.data.dataset - INFO - 資料增強完成，增強後的訓練集大小: 626 樣本
2025-04-14 11:07:16,133 - __main__ - INFO - 資料增強完成，增強後的訓練集大小: 626 樣本
2025-04-14 11:07:16,153 - __main__ - INFO - 創建混合PINN-LSTM模型，使用物理約束: True，融合方法: weighted
2025-04-14 11:07:16,154 - src.data.dataset - INFO - 已創建資料載入器 - 訓練: 626 樣本, 驗證: 12 樣本, 測試: 13 樣本, 批次大小: 8
2025-04-14 11:07:17,895 - src.training.trainer - INFO - 創建adamw優化器，學習率: 0.002，權重衰減: 0.0005
2025-04-14 11:07:17,896 - src.training.losses - INFO - 初始化HybridLoss: lambda_physics=0.1, lambda_consistency=0.1, delta_w_weight=1.5
2025-04-14 11:07:17,896 - src.training.losses - INFO - 初始化AdaptiveHybridLoss: physics權重從0.1增加到1.0, consistency權重從0.1增加到0.5, delta_w權重從1.5增加到3.0, 在40個輪次內達到最大值, 預熱輪次: 5, 調整方案: linear
2025-04-14 11:07:17,897 - src.training.trainer - WARNING - 不支援的學習率調度器類型: one_cycle，不使用學習率調度
2025-04-14 11:07:17,898 - src.training.callbacks - INFO - 初始化ModelCheckpoint: 保存目錄=outputs\hybrid_model\HybridPINNLSTMModel_20250414_110717\checkpoints, 保存頻率=5, 只保存最佳=False, 監控指標=val_loss, 模式=min
2025-04-14 11:07:17,899 - src.training.callbacks - INFO - 初始化LossHistory: 保存路徑=outputs\hybrid_model\HybridPINNLSTMModel_20250414_110717\history.json, 保存頻率=1
2025-04-14 11:07:17,902 - src.training.trainer - INFO - 初始化訓練器完成，模型: HybridPINNLSTMModel, 優化器: AdamW, 設備: cpu
2025-04-14 11:07:17,903 - __main__ - INFO - 開始訓練，總輪數: 250
2025-04-14 11:07:17,903 - src.training.trainer - INFO - 開始訓練，總輪數: 250
2025-04-14 11:07:20,531 - src.training.trainer - INFO - 輪次 1/250 - 訓練損失: 809149.747107 - 驗證損失: 8.889507 - rmse: 1267.213745 - r2: -1.908340 - mae: 1075.752441 - 學習率: 0.002000 - 時間: 2.63秒
2025-04-14 11:07:20,550 - src.training.callbacks - INFO - 模型檢查點已保存至 outputs\hybrid_model\HybridPINNLSTMModel_20250414_110717\checkpoints\HybridPINNLSTMModel_epoch_001.pt
2025-04-14 11:07:20,562 - src.training.trainer - INFO - 監控指標改善，模型已保存至 outputs/hybrid_model\models\best_model.pt
2025-04-14 11:07:23,218 - src.training.trainer - INFO - 監控指標改善，模型已保存至 outputs/hybrid_model\models\best_model.pt
2025-04-14 11:07:25,811 - src.training.trainer - INFO - 輪次 3/250 - 訓練損失: 7.199093 - 驗證損失: 14.017817 - rmse: 1386.794556 - r2: -2.483130 - mae: 1170.919312 - 學習率: 0.002000 - 時間: 2.59秒
2025-04-14 11:07:25,819 - src.training.trainer - INFO - 監控指標改善，模型已保存至 outputs/hybrid_model\models\best_model.pt
2025-04-14 11:07:28,322 - src.training.trainer - INFO - 監控指標改善，模型已保存至 outputs/hybrid_model\models\best_model.pt
2025-04-14 11:07:30,771 - src.training.trainer - INFO - 輪次 5/250 - 訓練損失: 2.857303 - 驗證損失: 3.687266 - rmse: 1355.870239 - r2: -2.329520 - mae: 1135.695068 - 學習率: 0.002000 - 時間: 2.45秒
2025-04-14 11:07:30,784 - src.training.trainer - INFO - 監控指標改善，模型已保存至 outputs/hybrid_model\models\best_model.pt
2025-04-14 11:07:33,429 - src.training.callbacks - INFO - 模型檢查點已保存至 outputs\hybrid_model\HybridPINNLSTMModel_20250414_110717\checkpoints\HybridPINNLSTMModel_epoch_006.pt
2025-04-14 11:07:33,437 - src.training.trainer - INFO - 監控指標改善，模型已保存至 outputs/hybrid_model\models\best_model.pt
2025-04-14 11:07:35,977 - src.training.trainer - INFO - 輪次 7/250 - 訓練損失: 2.000567 - 驗證損失: 7.358658 - rmse: 1386.651489 - r2: -2.482411 - mae: 1170.645874 - 學習率: 0.002000 - 時間: 2.54秒
2025-04-14 11:07:35,986 - src.training.trainer - INFO - 監控指標改善，模型已保存至 outputs/hybrid_model\models\best_model.pt
2025-04-14 11:07:38,565 - src.training.trainer - INFO - 監控指標改善，模型已保存至 outputs/hybrid_model\models\best_model.pt
2025-04-14 11:07:41,020 - src.training.trainer - INFO - 輪次 9/250 - 訓練損失: 1.555305 - 驗證損失: 2.275662 - rmse: 1330.163574 - r2: -2.204464 - mae: 1098.885620 - 學習率: 0.002000 - 時間: 2.45秒
2025-04-14 11:07:41,029 - src.training.trainer - INFO - 監控指標改善，模型已保存至 outputs/hybrid_model\models\best_model.pt
2025-04-14 11:07:43,470 - src.training.trainer - INFO - 監控指標改善，模型已保存至 outputs/hybrid_model\models\best_model.pt
2025-04-14 11:07:45,963 - src.training.trainer - INFO - 輪次 11/250 - 訓練損失: 1.281695 - 驗證損失: 1.736416 - rmse: 1297.019409 - r2: -2.046761 - mae: 1061.290039 - 學習率: 0.002000 - 時間: 2.49秒
2025-04-14 11:07:45,982 - src.training.callbacks - INFO - 模型檢查點已保存至 outputs\hybrid_model\HybridPINNLSTMModel_20250414_110717\checkpoints\HybridPINNLSTMModel_epoch_011.pt
2025-04-14 11:07:45,991 - src.training.trainer - INFO - 監控指標改善，模型已保存至 outputs/hybrid_model\models\best_model.pt
2025-04-14 11:07:48,385 - src.training.trainer - INFO - 監控指標改善，模型已保存至 outputs/hybrid_model\models\best_model.pt
2025-04-14 11:07:50,813 - src.training.trainer - INFO - 輪次 13/250 - 訓練損失: 1.085008 - 驗證損失: 6.149386 - rmse: 1385.329224 - r2: -2.475773 - mae: 1168.123657 - 學習率: 0.002000 - 時間: 2.43秒
2025-04-14 11:07:50,823 - src.training.trainer - INFO - 監控指標改善，模型已保存至 outputs/hybrid_model\models\best_model.pt
2025-04-14 11:07:53,198 - src.training.trainer - INFO - 監控指標改善，模型已保存至 outputs/hybrid_model\models\best_model.pt
2025-04-14 11:07:55,618 - src.training.trainer - INFO - 輪次 15/250 - 訓練損失: 0.937803 - 驗證損失: 1.477641 - rmse: 1291.043335 - r2: -2.018749 - mae: 1051.242676 - 學習率: 0.002000 - 時間: 2.42秒
2025-04-14 11:07:55,632 - src.training.trainer - INFO - 監控指標改善，模型已保存至 outputs/hybrid_model\models\best_model.pt
2025-04-14 11:07:58,093 - src.training.callbacks - INFO - 模型檢查點已保存至 outputs\hybrid_model\HybridPINNLSTMModel_20250414_110717\checkpoints\HybridPINNLSTMModel_epoch_016.pt
2025-04-14 11:07:58,105 - src.training.trainer - INFO - 監控指標改善，模型已保存至 outputs/hybrid_model\models\best_model.pt
2025-04-14 11:08:00,595 - src.training.trainer - INFO - 輪次 17/250 - 訓練損失: 0.821383 - 驗證損失: 1.863276 - rmse: 1323.160034 - r2: -2.170810 - mae: 1096.322144 - 學習率: 0.002000 - 時間: 2.49秒
2025-04-14 11:08:00,604 - src.training.trainer - INFO - 監控指標改善，模型已保存至 outputs/hybrid_model\models\best_model.pt
2025-04-14 11:08:03,094 - src.training.trainer - INFO - 監控指標改善，模型已保存至 outputs/hybrid_model\models\best_model.pt
2025-04-14 11:08:05,499 - src.training.trainer - INFO - 輪次 19/250 - 訓練損失: 0.738484 - 驗證損失: 2.641192 - rmse: 1351.758179 - r2: -2.309355 - mae: 1127.123657 - 學習率: 0.002000 - 時間: 2.41秒
2025-04-14 11:08:05,512 - src.training.trainer - INFO - 監控指標改善，模型已保存至 outputs/hybrid_model\models\best_model.pt
2025-04-14 11:08:07,964 - src.training.trainer - INFO - 監控指標改善，模型已保存至 outputs/hybrid_model\models\best_model.pt
2025-04-14 11:08:10,421 - src.training.trainer - INFO - 輪次 21/250 - 訓練損失: 0.664129 - 驗證損失: 1.612529 - rmse: 1318.334595 - r2: -2.147724 - mae: 1085.182739 - 學習率: 0.002000 - 時間: 2.46秒
2025-04-14 11:08:10,442 - src.training.callbacks - INFO - 模型檢查點已保存至 outputs\hybrid_model\HybridPINNLSTMModel_20250414_110717\checkpoints\HybridPINNLSTMModel_epoch_021.pt
2025-04-14 11:08:10,451 - src.training.trainer - INFO - 監控指標改善，模型已保存至 outputs/hybrid_model\models\best_model.pt
2025-04-14 11:08:12,952 - src.training.trainer - INFO - 監控指標改善，模型已保存至 outputs/hybrid_model\models\best_model.pt
2025-04-14 11:08:15,495 - src.training.trainer - INFO - 輪次 23/250 - 訓練損失: 0.608179 - 驗證損失: 1.344139 - rmse: 1294.463623 - r2: -2.034765 - mae: 1052.095337 - 學習率: 0.002000 - 時間: 2.54秒
2025-04-14 11:08:15,508 - src.training.trainer - INFO - 監控指標改善，模型已保存至 outputs/hybrid_model\models\best_model.pt
2025-04-14 11:08:18,132 - src.training.trainer - INFO - 監控指標改善，模型已保存至 outputs/hybrid_model\models\best_model.pt
2025-04-14 11:08:20,664 - src.training.trainer - INFO - 輪次 25/250 - 訓練損失: 0.566075 - 驗證損失: 1.206637 - rmse: 1287.802612 - r2: -2.003613 - mae: 1043.247192 - 學習率: 0.002000 - 時間: 2.53秒
2025-04-14 11:08:20,673 - src.training.trainer - INFO - 監控指標改善，模型已保存至 outputs/hybrid_model\models\best_model.pt
2025-04-14 11:08:23,542 - src.training.callbacks - INFO - 模型檢查點已保存至 outputs\hybrid_model\HybridPINNLSTMModel_20250414_110717\checkpoints\HybridPINNLSTMModel_epoch_026.pt
2025-04-14 11:08:23,557 - src.training.trainer - INFO - 監控指標改善，模型已保存至 outputs/hybrid_model\models\best_model.pt
2025-04-14 11:08:26,370 - src.training.trainer - INFO - 輪次 27/250 - 訓練損失: 0.526192 - 驗證損失: 1.769589 - rmse: 1323.921265 - r2: -2.174459 - mae: 1083.752197 - 學習率: 0.002000 - 時間: 2.81秒
2025-04-14 11:08:26,384 - src.training.trainer - INFO - 監控指標改善，模型已保存至 outputs/hybrid_model\models\best_model.pt
2025-04-14 11:08:29,288 - src.training.trainer - INFO - 監控指標改善，模型已保存至 outputs/hybrid_model\models\best_model.pt
2025-04-14 11:08:32,315 - src.training.trainer - INFO - 輪次 29/250 - 訓練損失: 0.492451 - 驗證損失: 1.345577 - rmse: 1297.325317 - r2: -2.048198 - mae: 1054.343140 - 學習率: 0.002000 - 時間: 3.03秒
2025-04-14 11:08:32,325 - src.training.trainer - INFO - 監控指標改善，模型已保存至 outputs/hybrid_model\models\best_model.pt
2025-04-14 11:08:35,094 - src.training.trainer - INFO - 監控指標改善，模型已保存至 outputs/hybrid_model\models\best_model.pt
2025-04-14 11:08:37,651 - src.training.trainer - INFO - 輪次 31/250 - 訓練損失: 0.467533 - 驗證損失: 1.533034 - rmse: 1314.546143 - r2: -2.129659 - mae: 1076.258545 - 學習率: 0.002000 - 時間: 2.56秒
2025-04-14 11:08:37,680 - src.training.callbacks - INFO - 模型檢查點已保存至 outputs\hybrid_model\HybridPINNLSTMModel_20250414_110717\checkpoints\HybridPINNLSTMModel_epoch_031.pt
2025-04-14 11:08:37,696 - src.training.trainer - INFO - 監控指標改善，模型已保存至 outputs/hybrid_model\models\best_model.pt
2025-04-14 11:08:40,321 - src.training.trainer - INFO - 監控指標改善，模型已保存至 outputs/hybrid_model\models\best_model.pt
2025-04-14 11:08:42,912 - src.training.trainer - INFO - 輪次 33/250 - 訓練損失: 0.440551 - 驗證損失: 1.412751 - rmse: 1310.622192 - r2: -2.111003 - mae: 1073.450317 - 學習率: 0.002000 - 時間: 2.59秒
2025-04-14 11:08:42,922 - src.training.trainer - INFO - 監控指標改善，模型已保存至 outputs/hybrid_model\models\best_model.pt
2025-04-14 11:08:45,497 - src.training.trainer - INFO - 監控指標改善，模型已保存至 outputs/hybrid_model\models\best_model.pt
2025-04-14 11:08:47,829 - src.training.trainer - INFO - 輪次 35/250 - 訓練損失: 0.426018 - 驗證損失: 1.473677 - rmse: 1314.016846 - r2: -2.127139 - mae: 1077.817993 - 學習率: 0.002000 - 時間: 2.33秒
2025-04-14 11:08:47,844 - src.training.trainer - INFO - 監控指標改善，模型已保存至 outputs/hybrid_model\models\best_model.pt
2025-04-14 11:08:50,275 - src.training.callbacks - INFO - 模型檢查點已保存至 outputs\hybrid_model\HybridPINNLSTMModel_20250414_110717\checkpoints\HybridPINNLSTMModel_epoch_036.pt
2025-04-14 11:08:50,289 - src.training.trainer - INFO - 監控指標改善，模型已保存至 outputs/hybrid_model\models\best_model.pt
2025-04-14 11:08:52,824 - src.training.trainer - INFO - 輪次 37/250 - 訓練損失: 0.419729 - 驗證損失: 1.480059 - rmse: 1311.836304 - r2: -2.116769 - mae: 1070.331543 - 學習率: 0.002000 - 時間: 2.53秒
2025-04-14 11:08:52,833 - src.training.trainer - INFO - 監控指標改善，模型已保存至 outputs/hybrid_model\models\best_model.pt
2025-04-14 11:08:55,284 - src.training.trainer - INFO - 監控指標改善，模型已保存至 outputs/hybrid_model\models\best_model.pt
2025-04-14 11:08:57,649 - src.training.trainer - INFO - 輪次 39/250 - 訓練損失: 0.391624 - 驗證損失: 1.286742 - rmse: 1299.521240 - r2: -2.058525 - mae: 1057.923950 - 學習率: 0.002000 - 時間: 2.36秒
2025-04-14 11:08:57,658 - src.training.trainer - INFO - 監控指標改善，模型已保存至 outputs/hybrid_model\models\best_model.pt
2025-04-14 11:09:00,242 - src.training.trainer - INFO - 監控指標改善，模型已保存至 outputs/hybrid_model\models\best_model.pt
2025-04-14 11:09:02,660 - src.training.trainer - INFO - 輪次 41/250 - 訓練損失: 0.380499 - 驗證損失: 1.321927 - rmse: 1304.906250 - r2: -2.083926 - mae: 1052.960815 - 學習率: 0.002000 - 時間: 2.42秒
2025-04-14 11:09:02,678 - src.training.callbacks - INFO - 模型檢查點已保存至 outputs\hybrid_model\HybridPINNLSTMModel_20250414_110717\checkpoints\HybridPINNLSTMModel_epoch_041.pt
2025-04-14 11:09:02,693 - src.training.trainer - INFO - 監控指標改善，模型已保存至 outputs/hybrid_model\models\best_model.pt
2025-04-14 11:09:05,243 - src.training.trainer - INFO - 監控指標改善，模型已保存至 outputs/hybrid_model\models\best_model.pt
2025-04-14 11:09:07,636 - src.training.trainer - INFO - 輪次 43/250 - 訓練損失: 0.365672 - 驗證損失: 1.121922 - rmse: 1287.281860 - r2: -2.001184 - mae: 1038.194946 - 學習率: 0.002000 - 時間: 2.39秒
2025-04-14 11:09:07,649 - src.training.trainer - INFO - 監控指標改善，模型已保存至 outputs/hybrid_model\models\best_model.pt
2025-04-14 11:09:10,144 - src.training.trainer - INFO - 監控指標改善，模型已保存至 outputs/hybrid_model\models\best_model.pt
2025-04-14 11:09:12,568 - src.training.trainer - INFO - 輪次 45/250 - 訓練損失: 0.359933 - 驗證損失: 1.010713 - rmse: 1267.982422 - r2: -1.911869 - mae: 1018.627869 - 學習率: 0.002000 - 時間: 2.42秒
2025-04-14 11:09:12,579 - src.training.trainer - INFO - 監控指標改善，模型已保存至 outputs/hybrid_model\models\best_model.pt
2025-04-14 11:09:15,102 - src.training.callbacks - INFO - 模型檢查點已保存至 outputs\hybrid_model\HybridPINNLSTMModel_20250414_110717\checkpoints\HybridPINNLSTMModel_epoch_046.pt
2025-04-14 11:09:15,111 - src.training.trainer - INFO - 監控指標改善，模型已保存至 outputs/hybrid_model\models\best_model.pt
2025-04-14 11:09:17,663 - src.training.trainer - INFO - 輪次 47/250 - 訓練損失: 0.348622 - 驗證損失: 1.321973 - rmse: 1302.127441 - r2: -2.070806 - mae: 1055.390747 - 學習率: 0.002000 - 時間: 2.55秒
2025-04-14 11:09:17,676 - src.training.trainer - INFO - 監控指標改善，模型已保存至 outputs/hybrid_model\models\best_model.pt
2025-04-14 11:09:20,203 - src.training.trainer - INFO - 監控指標改善，模型已保存至 outputs/hybrid_model\models\best_model.pt
2025-04-14 11:09:22,928 - src.training.trainer - INFO - 輪次 49/250 - 訓練損失: 0.339661 - 驗證損失: 1.739194 - rmse: 1333.518799 - r2: -2.220651 - mae: 1100.198120 - 學習率: 0.002000 - 時間: 2.72秒
2025-04-14 11:09:22,941 - src.training.trainer - INFO - 監控指標改善，模型已保存至 outputs/hybrid_model\models\best_model.pt
2025-04-14 11:09:25,777 - src.training.trainer - INFO - 監控指標改善，模型已保存至 outputs/hybrid_model\models\best_model.pt
2025-04-14 11:09:28,599 - src.training.trainer - INFO - 輪次 51/250 - 訓練損失: 0.338109 - 驗證損失: 1.322668 - rmse: 1301.319214 - r2: -2.066995 - mae: 1046.253174 - 學習率: 0.002000 - 時間: 2.82秒
2025-04-14 11:09:28,621 - src.training.callbacks - INFO - 模型檢查點已保存至 outputs\hybrid_model\HybridPINNLSTMModel_20250414_110717\checkpoints\HybridPINNLSTMModel_epoch_051.pt
2025-04-14 11:09:28,625 - src.training.trainer - INFO - min模式下監控指標改善
2025-04-14 11:09:28,633 - src.training.trainer - INFO - 監控指標改善，模型已保存至 outputs/hybrid_model\models\best_model.pt
2025-04-14 11:09:31,470 - src.training.trainer - INFO - min模式下監控指標改善, 從 1.322668 改善到 1.221920
2025-04-14 11:09:31,477 - src.training.trainer - INFO - 監控指標改善，模型已保存至 outputs/hybrid_model\models\best_model.pt
2025-04-14 11:09:33,857 - src.training.trainer - INFO - 輪次 53/250 - 訓練損失: 0.331107 - 驗證損失: 1.687201 - rmse: 1323.849854 - r2: -2.174116 - mae: 1085.215942 - 學習率: 0.002000 - 時間: 2.38秒
2025-04-14 11:09:33,859 - src.training.trainer - INFO - 監控指標未改善，已連續 1 輪。最佳值: 1.221920, 當前值: 1.687201
2025-04-14 11:09:36,530 - src.training.trainer - INFO - 監控指標未改善，已連續 2 輪。最佳值: 1.221920, 當前值: 1.588635
2025-04-14 11:09:40,750 - src.training.trainer - INFO - 輪次 55/250 - 訓練損失: 0.328671 - 驗證損失: 1.367439 - rmse: 1310.211914 - r2: -2.109055 - mae: 1067.875366 - 學習率: 0.002000 - 時間: 4.22秒
2025-04-14 11:09:40,754 - src.training.trainer - INFO - 監控指標未改善，已連續 3 輪。最佳值: 1.221920, 當前值: 1.367439
2025-04-14 11:09:45,140 - src.training.callbacks - INFO - 模型檢查點已保存至 outputs\hybrid_model\HybridPINNLSTMModel_20250414_110717\checkpoints\HybridPINNLSTMModel_epoch_056.pt
2025-04-14 11:09:45,143 - src.training.trainer - INFO - 監控指標未改善，已連續 4 輪。最佳值: 1.221920, 當前值: 1.480515
2025-04-14 11:09:48,268 - src.training.trainer - INFO - 輪次 57/250 - 訓練損失: 0.312741 - 驗證損失: 1.178570 - rmse: 1294.704956 - r2: -2.035897 - mae: 1045.361206 - 學習率: 0.002000 - 時間: 3.12秒
2025-04-14 11:09:48,272 - src.training.trainer - INFO - min模式下監控指標改善, 從 1.221920 改善到 1.178570
2025-04-14 11:09:48,279 - src.training.trainer - INFO - 監控指標改善，模型已保存至 outputs/hybrid_model\models\best_model.pt
2025-04-14 11:09:51,449 - src.training.trainer - INFO - 監控指標未改善，已連續 1 輪。最佳值: 1.178570, 當前值: 1.371261
2025-04-14 11:09:54,195 - src.training.trainer - INFO - 輪次 59/250 - 訓練損失: 0.313392 - 驗證損失: 1.416049 - rmse: 1307.144653 - r2: -2.094516 - mae: 1058.406128 - 學習率: 0.002000 - 時間: 2.75秒
2025-04-14 11:09:54,198 - src.training.trainer - INFO - 監控指標未改善，已連續 2 輪。最佳值: 1.178570, 當前值: 1.416049
2025-04-14 11:09:56,961 - src.training.trainer - INFO - min模式下監控指標改善, 從 1.178570 改善到 1.096203
2025-04-14 11:09:56,972 - src.training.trainer - INFO - 監控指標改善，模型已保存至 outputs/hybrid_model\models\best_model.pt
2025-04-14 11:09:59,656 - src.training.trainer - INFO - 輪次 61/250 - 訓練損失: 0.311260 - 驗證損失: 1.334442 - rmse: 1308.219971 - r2: -2.099609 - mae: 1059.604004 - 學習率: 0.002000 - 時間: 2.68秒
2025-04-14 11:09:59,675 - src.training.callbacks - INFO - 模型檢查點已保存至 outputs\hybrid_model\HybridPINNLSTMModel_20250414_110717\checkpoints\HybridPINNLSTMModel_epoch_061.pt
2025-04-14 11:09:59,680 - src.training.trainer - INFO - 監控指標未改善，已連續 1 輪。最佳值: 1.096203, 當前值: 1.334442
2025-04-14 11:10:02,402 - src.training.trainer - INFO - 監控指標未改善，已連續 2 輪。最佳值: 1.096203, 當前值: 1.387221
2025-04-14 11:10:05,004 - src.training.trainer - INFO - 輪次 63/250 - 訓練損失: 0.304028 - 驗證損失: 1.241833 - rmse: 1304.508911 - r2: -2.082048 - mae: 1059.823975 - 學習率: 0.002000 - 時間: 2.60秒
2025-04-14 11:10:05,008 - src.training.trainer - INFO - 監控指標未改善，已連續 3 輪。最佳值: 1.096203, 當前值: 1.241833
2025-04-14 11:10:07,605 - src.training.trainer - INFO - min模式下監控指標改善, 從 1.096203 改善到 0.972544
2025-04-14 11:10:07,617 - src.training.trainer - INFO - 監控指標改善，模型已保存至 outputs/hybrid_model\models\best_model.pt
2025-04-14 11:10:10,230 - src.training.trainer - INFO - 輪次 65/250 - 訓練損失: 0.310255 - 驗證損失: 1.293936 - rmse: 1303.534790 - r2: -2.077447 - mae: 1053.878418 - 學習率: 0.002000 - 時間: 2.61秒
2025-04-14 11:10:10,233 - src.training.trainer - INFO - 監控指標未改善，已連續 1 輪。最佳值: 0.972544, 當前值: 1.293936
2025-04-14 11:10:12,890 - src.training.callbacks - INFO - 模型檢查點已保存至 outputs\hybrid_model\HybridPINNLSTMModel_20250414_110717\checkpoints\HybridPINNLSTMModel_epoch_066.pt
2025-04-14 11:10:12,894 - src.training.trainer - INFO - 監控指標未改善，已連續 2 輪。最佳值: 0.972544, 當前值: 1.512339
2025-04-14 11:10:15,641 - src.training.trainer - INFO - 輪次 67/250 - 訓練損失: 0.289229 - 驗證損失: 1.106329 - rmse: 1285.156616 - r2: -1.991283 - mae: 1024.637573 - 學習率: 0.002000 - 時間: 2.75秒
2025-04-14 11:10:15,645 - src.training.trainer - INFO - 監控指標未改善，已連續 3 輪。最佳值: 0.972544, 當前值: 1.106329
2025-04-14 11:10:18,382 - src.training.trainer - INFO - 監控指標未改善，已連續 4 輪。最佳值: 0.972544, 當前值: 1.281197
2025-04-14 11:10:21,105 - src.training.trainer - INFO - 輪次 69/250 - 訓練損失: 0.304630 - 驗證損失: 1.416223 - rmse: 1316.274658 - r2: -2.137895 - mae: 1075.266968 - 學習率: 0.002000 - 時間: 2.72秒
2025-04-14 11:10:21,108 - src.training.trainer - INFO - 監控指標未改善，已連續 5 輪。最佳值: 0.972544, 當前值: 1.416223
2025-04-14 11:10:21,108 - src.training.trainer - INFO - 檢測到訓練停滯，嘗試重啟訓練...
2025-04-14 11:10:23,814 - src.training.trainer - INFO - 監控指標未改善，已連續 4 輪。最佳值: 0.972544, 當前值: 1.306000
2025-04-14 11:10:26,610 - src.training.trainer - INFO - 輪次 71/250 - 訓練損失: 0.293023 - 驗證損失: 1.436870 - rmse: 1316.130981 - r2: -2.137210 - mae: 1073.226562 - 學習率: 0.002000 - 時間: 2.80秒
2025-04-14 11:10:26,633 - src.training.callbacks - INFO - 模型檢查點已保存至 outputs\hybrid_model\HybridPINNLSTMModel_20250414_110717\checkpoints\HybridPINNLSTMModel_epoch_071.pt
2025-04-14 11:10:26,638 - src.training.trainer - INFO - 監控指標未改善，已連續 5 輪。最佳值: 0.972544, 當前值: 1.436870
2025-04-14 11:10:29,335 - src.training.trainer - INFO - 監控指標未改善，已連續 6 輪。最佳值: 0.972544, 當前值: 1.254527
2025-04-14 11:10:32,132 - src.training.trainer - INFO - 輪次 73/250 - 訓練損失: 0.293720 - 驗證損失: 1.382970 - rmse: 1307.006348 - r2: -2.093860 - mae: 1057.071533 - 學習率: 0.002000 - 時間: 2.80秒
2025-04-14 11:10:32,136 - src.training.trainer - INFO - 監控指標未改善，已連續 7 輪。最佳值: 0.972544, 當前值: 1.382970
2025-04-14 11:10:34,827 - src.training.trainer - INFO - 監控指標未改善，已連續 8 輪。最佳值: 0.972544, 當前值: 1.193276
2025-04-14 11:10:34,827 - src.training.trainer - INFO - 檢測到訓練停滯，嘗試重啟訓練...
2025-04-14 11:10:37,491 - src.training.trainer - INFO - 輪次 75/250 - 訓練損失: 0.299240 - 驗證損失: 1.378098 - rmse: 1314.672241 - r2: -2.130260 - mae: 1071.286743 - 學習率: 0.002000 - 時間: 2.66秒
2025-04-14 11:10:37,494 - src.training.trainer - INFO - 監控指標未改善，已連續 7 輪。最佳值: 0.972544, 當前值: 1.378098
2025-04-14 11:10:40,096 - src.training.callbacks - INFO - 模型檢查點已保存至 outputs\hybrid_model\HybridPINNLSTMModel_20250414_110717\checkpoints\HybridPINNLSTMModel_epoch_076.pt
2025-04-14 11:10:40,099 - src.training.trainer - INFO - 監控指標未改善，已連續 8 輪。最佳值: 0.972544, 當前值: 1.520616
2025-04-14 11:10:42,686 - src.training.trainer - INFO - 輪次 77/250 - 訓練損失: 0.287401 - 驗證損失: 0.897320 - rmse: 1256.283447 - r2: -1.858384 - mae: 993.194763 - 學習率: 0.002000 - 時間: 2.59秒
2025-04-14 11:10:42,691 - src.training.trainer - INFO - min模式下監控指標改善, 從 0.972544 改善到 0.897320
2025-04-14 11:10:42,702 - src.training.trainer - INFO - 監控指標改善，模型已保存至 outputs/hybrid_model\models\best_model.pt
2025-04-14 11:10:45,225 - src.training.trainer - INFO - 監控指標未改善，已連續 1 輪。最佳值: 0.897320, 當前值: 1.502597
2025-04-14 11:10:47,893 - src.training.trainer - INFO - 輪次 79/250 - 訓練損失: 0.286856 - 驗證損失: 1.533135 - rmse: 1320.284790 - r2: -2.157043 - mae: 1074.667358 - 學習率: 0.002000 - 時間: 2.67秒
2025-04-14 11:10:47,895 - src.training.trainer - INFO - 監控指標未改善，已連續 2 輪。最佳值: 0.897320, 當前值: 1.533135
2025-04-14 11:10:50,430 - src.training.trainer - INFO - 監控指標未改善，已連續 3 輪。最佳值: 0.897320, 當前值: 1.247439
2025-04-14 11:10:53,151 - src.training.trainer - INFO - 輪次 81/250 - 訓練損失: 0.285163 - 驗證損失: 1.404835 - rmse: 1315.355103 - r2: -2.133512 - mae: 1068.673340 - 學習率: 0.002000 - 時間: 2.72秒
2025-04-14 11:10:53,181 - src.training.callbacks - INFO - 模型檢查點已保存至 outputs\hybrid_model\HybridPINNLSTMModel_20250414_110717\checkpoints\HybridPINNLSTMModel_epoch_081.pt
2025-04-14 11:10:53,185 - src.training.trainer - INFO - 監控指標未改善，已連續 4 輪。最佳值: 0.897320, 當前值: 1.404835
2025-04-14 11:10:56,206 - src.training.trainer - INFO - 監控指標未改善，已連續 5 輪。最佳值: 0.897320, 當前值: 1.093242
2025-04-14 11:10:56,206 - src.training.trainer - INFO - 檢測到訓練停滯，嘗試重啟訓練...
2025-04-14 11:10:59,282 - src.training.trainer - INFO - 輪次 83/250 - 訓練損失: 0.286032 - 驗證損失: 1.651436 - rmse: 1327.291992 - r2: -2.190643 - mae: 1085.618774 - 學習率: 0.002000 - 時間: 3.08秒
2025-04-14 11:10:59,288 - src.training.trainer - INFO - 監控指標未改善，已連續 4 輪。最佳值: 0.897320, 當前值: 1.651436
2025-04-14 11:11:02,989 - src.training.trainer - INFO - 監控指標未改善，已連續 5 輪。最佳值: 0.897320, 當前值: 1.462073
2025-04-14 11:11:06,419 - src.training.trainer - INFO - 輪次 85/250 - 訓練損失: 0.286639 - 驗證損失: 1.189105 - rmse: 1290.218994 - r2: -2.014895 - mae: 1040.278809 - 學習率: 0.002000 - 時間: 3.43秒
2025-04-14 11:11:06,424 - src.training.trainer - INFO - 監控指標未改善，已連續 6 輪。最佳值: 0.897320, 當前值: 1.189105
2025-04-14 11:11:10,616 - src.training.callbacks - INFO - 模型檢查點已保存至 outputs\hybrid_model\HybridPINNLSTMModel_20250414_110717\checkpoints\HybridPINNLSTMModel_epoch_086.pt
2025-04-14 11:11:10,623 - src.training.trainer - INFO - 監控指標未改善，已連續 7 輪。最佳值: 0.897320, 當前值: 1.297861
2025-04-14 11:11:14,176 - src.training.trainer - INFO - 輪次 87/250 - 訓練損失: 0.285047 - 驗證損失: 1.477467 - rmse: 1322.820068 - r2: -2.169180 - mae: 1081.743408 - 學習率: 0.002000 - 時間: 3.55秒
2025-04-14 11:11:14,183 - src.training.trainer - INFO - 監控指標未改善，已連續 8 輪。最佳值: 0.897320, 當前值: 1.477467
2025-04-14 11:11:14,183 - src.training.trainer - INFO - 檢測到訓練停滯，嘗試重啟訓練...
2025-04-14 11:11:17,944 - src.training.trainer - INFO - 監控指標未改善，已連續 7 輪。最佳值: 0.897320, 當前值: 1.268184
2025-04-14 11:11:21,043 - src.training.trainer - INFO - 輪次 89/250 - 訓練損失: 0.273934 - 驗證損失: 1.327337 - rmse: 1307.586182 - r2: -2.096606 - mae: 1063.591309 - 學習率: 0.002000 - 時間: 3.10秒
2025-04-14 11:11:21,046 - src.training.trainer - INFO - 監控指標未改善，已連續 8 輪。最佳值: 0.897320, 當前值: 1.327337
2025-04-14 11:11:24,203 - src.training.trainer - INFO - 監控指標未改善，已連續 9 輪。最佳值: 0.897320, 當前值: 1.271522
2025-04-14 11:11:27,100 - src.training.trainer - INFO - 輪次 91/250 - 訓練損失: 0.284332 - 驗證損失: 1.284602 - rmse: 1310.006348 - r2: -2.108079 - mae: 1067.020386 - 學習率: 0.002000 - 時間: 2.90秒
2025-04-14 11:11:27,128 - src.training.callbacks - INFO - 模型檢查點已保存至 outputs\hybrid_model\HybridPINNLSTMModel_20250414_110717\checkpoints\HybridPINNLSTMModel_epoch_091.pt
2025-04-14 11:11:27,134 - src.training.trainer - INFO - 監控指標未改善，已連續 10 輪。最佳值: 0.897320, 當前值: 1.284602
2025-04-14 11:11:29,961 - src.training.trainer - INFO - 監控指標未改善，已連續 11 輪。最佳值: 0.897320, 當前值: 1.615877
2025-04-14 11:11:29,961 - src.training.trainer - INFO - 檢測到訓練停滯，嘗試重啟訓練...
2025-04-14 11:11:32,670 - src.training.trainer - INFO - 輪次 93/250 - 訓練損失: 0.281818 - 驗證損失: 1.705980 - rmse: 1332.461792 - r2: -2.215547 - mae: 1093.298340 - 學習率: 0.002000 - 時間: 2.71秒
2025-04-14 11:11:32,673 - src.training.trainer - INFO - 監控指標未改善，已連續 10 輪。最佳值: 0.897320, 當前值: 1.705980
2025-04-14 11:11:35,490 - src.training.trainer - INFO - 監控指標未改善，已連續 11 輪。最佳值: 0.897320, 當前值: 1.357806
2025-04-14 11:11:38,411 - src.training.trainer - INFO - 輪次 95/250 - 訓練損失: 0.283774 - 驗證損失: 1.513719 - rmse: 1324.119751 - r2: -2.175410 - mae: 1082.371582 - 學習率: 0.002000 - 時間: 2.92秒
2025-04-14 11:11:38,416 - src.training.trainer - INFO - 監控指標未改善，已連續 12 輪。最佳值: 0.897320, 當前值: 1.513719
2025-04-14 11:11:41,360 - src.training.callbacks - INFO - 模型檢查點已保存至 outputs\hybrid_model\HybridPINNLSTMModel_20250414_110717\checkpoints\HybridPINNLSTMModel_epoch_096.pt
2025-04-14 11:11:41,364 - src.training.trainer - INFO - 監控指標未改善，已連續 13 輪。最佳值: 0.897320, 當前值: 1.138430
2025-04-14 11:11:44,095 - src.training.trainer - INFO - 輪次 97/250 - 訓練損失: 0.276996 - 驗證損失: 1.584360 - rmse: 1327.443848 - r2: -2.191374 - mae: 1087.727417 - 學習率: 0.002000 - 時間: 2.73秒
2025-04-14 11:11:44,099 - src.training.trainer - INFO - 監控指標未改善，已連續 14 輪。最佳值: 0.897320, 當前值: 1.584360
2025-04-14 11:11:44,099 - src.training.trainer - INFO - 檢測到訓練停滯，嘗試重啟訓練...
2025-04-14 11:11:46,835 - src.training.trainer - INFO - 監控指標未改善，已連續 13 輪。最佳值: 0.897320, 當前值: 1.256212
2025-04-14 11:11:49,455 - src.training.trainer - INFO - 輪次 99/250 - 訓練損失: 0.278866 - 驗證損失: 1.160675 - rmse: 1290.236450 - r2: -2.014977 - mae: 1039.051392 - 學習率: 0.002000 - 時間: 2.62秒
2025-04-14 11:11:49,461 - src.training.trainer - INFO - 監控指標未改善，已連續 14 輪。最佳值: 0.897320, 當前值: 1.160675
2025-04-14 11:11:52,343 - src.training.trainer - INFO - 監控指標未改善，已連續 15 輪。最佳值: 0.897320, 當前值: 1.117688
2025-04-14 11:11:55,594 - src.training.trainer - INFO - 輪次 101/250 - 訓練損失: 0.264490 - 驗證損失: 1.321026 - rmse: 1309.415527 - r2: -2.105277 - mae: 1064.116333 - 學習率: 0.002000 - 時間: 3.25秒
2025-04-14 11:11:55,626 - src.training.callbacks - INFO - 模型檢查點已保存至 outputs\hybrid_model\HybridPINNLSTMModel_20250414_110717\checkpoints\HybridPINNLSTMModel_epoch_101.pt
2025-04-14 11:11:55,633 - src.training.trainer - INFO - 監控指標未改善，已連續 16 輪。最佳值: 0.897320, 當前值: 1.321026
2025-04-14 11:11:58,738 - src.training.trainer - INFO - 監控指標未改善，已連續 17 輪。最佳值: 0.897320, 當前值: 1.326153
2025-04-14 11:11:58,739 - src.training.trainer - INFO - 檢測到訓練停滯，嘗試重啟訓練...
2025-04-14 11:12:01,577 - src.training.trainer - INFO - 輪次 103/250 - 訓練損失: 0.270588 - 驗證損失: 1.790103 - rmse: 1341.503540 - r2: -2.259335 - mae: 1108.424683 - 學習率: 0.002000 - 時間: 2.84秒
2025-04-14 11:12:01,582 - src.training.trainer - INFO - 監控指標未改善，已連續 16 輪。最佳值: 0.897320, 當前值: 1.790103
2025-04-14 11:12:04,287 - src.training.trainer - INFO - 監控指標未改善，已連續 17 輪。最佳值: 0.897320, 當前值: 1.355733
2025-04-14 11:12:07,179 - src.training.trainer - INFO - 輪次 105/250 - 訓練損失: 0.274576 - 驗證損失: 1.650321 - rmse: 1332.905640 - r2: -2.217690 - mae: 1097.910889 - 學習率: 0.002000 - 時間: 2.89秒
2025-04-14 11:12:07,184 - src.training.trainer - INFO - 監控指標未改善，已連續 18 輪。最佳值: 0.897320, 當前值: 1.650321
2025-04-14 11:12:09,830 - src.training.callbacks - INFO - 模型檢查點已保存至 outputs\hybrid_model\HybridPINNLSTMModel_20250414_110717\checkpoints\HybridPINNLSTMModel_epoch_106.pt
2025-04-14 11:12:09,834 - src.training.trainer - INFO - 監控指標未改善，已連續 19 輪。最佳值: 0.897320, 當前值: 1.210177
2025-04-14 11:12:12,633 - src.training.trainer - INFO - 輪次 107/250 - 訓練損失: 0.275604 - 驗證損失: 1.612435 - rmse: 1329.355957 - r2: -2.200574 - mae: 1089.158936 - 學習率: 0.002000 - 時間: 2.80秒
2025-04-14 11:12:12,638 - src.training.trainer - INFO - 監控指標未改善，已連續 20 輪。最佳值: 0.897320, 當前值: 1.612435
2025-04-14 11:12:12,638 - src.training.trainer - INFO - 檢測到訓練停滯，嘗試重啟訓練...
2025-04-14 11:12:15,361 - src.training.trainer - INFO - 監控指標未改善，已連續 19 輪。最佳值: 0.897320, 當前值: 1.419768
2025-04-14 11:12:18,221 - src.training.trainer - INFO - 輪次 109/250 - 訓練損失: 0.274453 - 驗證損失: 1.333264 - rmse: 1303.821411 - r2: -2.078801 - mae: 1053.287598 - 學習率: 0.002000 - 時間: 2.86秒
2025-04-14 11:12:18,226 - src.training.trainer - INFO - 監控指標未改善，已連續 20 輪。最佳值: 0.897320, 當前值: 1.333264
2025-04-14 11:12:20,975 - src.training.trainer - INFO - 監控指標未改善，已連續 21 輪。最佳值: 0.897320, 當前值: 1.379002
2025-04-14 11:12:23,666 - src.training.trainer - INFO - 輪次 111/250 - 訓練損失: 0.269642 - 驗證損失: 1.382168 - rmse: 1315.269409 - r2: -2.133104 - mae: 1072.795044 - 學習率: 0.002000 - 時間: 2.69秒
2025-04-14 11:12:23,695 - src.training.callbacks - INFO - 模型檢查點已保存至 outputs\hybrid_model\HybridPINNLSTMModel_20250414_110717\checkpoints\HybridPINNLSTMModel_epoch_111.pt
2025-04-14 11:12:23,700 - src.training.trainer - INFO - 監控指標未改善，已連續 22 輪。最佳值: 0.897320, 當前值: 1.382168
2025-04-14 11:12:26,469 - src.training.trainer - INFO - 監控指標未改善，已連續 23 輪。最佳值: 0.897320, 當前值: 1.524520
2025-04-14 11:12:26,469 - src.training.trainer - INFO - 檢測到訓練停滯，嘗試重啟訓練...
2025-04-14 11:12:29,081 - src.training.trainer - INFO - 輪次 113/250 - 訓練損失: 0.264261 - 驗證損失: 1.147140 - rmse: 1293.081787 - r2: -2.028289 - mae: 1043.190308 - 學習率: 0.002000 - 時間: 2.61秒
2025-04-14 11:12:29,085 - src.training.trainer - INFO - 監控指標未改善，已連續 22 輪。最佳值: 0.897320, 當前值: 1.147140
2025-04-14 11:12:31,875 - src.training.trainer - INFO - 監控指標未改善，已連續 23 輪。最佳值: 0.897320, 當前值: 1.788475
2025-04-14 11:12:34,704 - src.training.trainer - INFO - 輪次 115/250 - 訓練損失: 0.263571 - 驗證損失: 1.402214 - rmse: 1317.978760 - r2: -2.146025 - mae: 1077.753662 - 學習率: 0.002000 - 時間: 2.83秒
2025-04-14 11:12:34,709 - src.training.trainer - INFO - 監控指標未改善，已連續 24 輪。最佳值: 0.897320, 當前值: 1.402214
2025-04-14 11:12:38,849 - src.training.callbacks - INFO - 模型檢查點已保存至 outputs\hybrid_model\HybridPINNLSTMModel_20250414_110717\checkpoints\HybridPINNLSTMModel_epoch_116.pt
2025-04-14 11:12:38,855 - src.training.trainer - INFO - 監控指標未改善，已連續 25 輪。最佳值: 0.897320, 當前值: 1.380578
2025-04-14 11:12:41,824 - src.training.trainer - INFO - 輪次 117/250 - 訓練損失: 0.269371 - 驗證損失: 1.315231 - rmse: 1309.993164 - r2: -2.108017 - mae: 1065.469360 - 學習率: 0.002000 - 時間: 2.97秒
2025-04-14 11:12:41,830 - src.training.trainer - INFO - 監控指標未改善，已連續 26 輪。最佳值: 0.897320, 當前值: 1.315231
2025-04-14 11:12:41,830 - src.training.trainer - INFO - 檢測到訓練停滯，嘗試重啟訓練...
2025-04-14 11:12:44,933 - src.training.trainer - INFO - 監控指標未改善，已連續 25 輪。最佳值: 0.897320, 當前值: 1.247628
2025-04-14 11:12:48,123 - src.training.trainer - INFO - 輪次 119/250 - 訓練損失: 0.263426 - 驗證損失: 1.607671 - rmse: 1332.843750 - r2: -2.217391 - mae: 1097.569214 - 學習率: 0.002000 - 時間: 3.19秒
2025-04-14 11:12:48,129 - src.training.trainer - INFO - 監控指標未改善，已連續 26 輪。最佳值: 0.897320, 當前值: 1.607671
2025-04-14 11:12:51,011 - src.training.trainer - INFO - 監控指標未改善，已連續 27 輪。最佳值: 0.897320, 當前值: 1.479300
2025-04-14 11:12:53,886 - src.training.trainer - INFO - 輪次 121/250 - 訓練損失: 0.266406 - 驗證損失: 1.241420 - rmse: 1302.661133 - r2: -2.073323 - mae: 1055.522949 - 學習率: 0.002000 - 時間: 2.88秒
2025-04-14 11:12:53,912 - src.training.callbacks - INFO - 模型檢查點已保存至 outputs\hybrid_model\HybridPINNLSTMModel_20250414_110717\checkpoints\HybridPINNLSTMModel_epoch_121.pt
2025-04-14 11:12:53,917 - src.training.trainer - INFO - 監控指標未改善，已連續 28 輪。最佳值: 0.897320, 當前值: 1.241420
2025-04-14 11:12:56,836 - src.training.trainer - INFO - 監控指標未改善，已連續 29 輪。最佳值: 0.897320, 當前值: 1.242524
2025-04-14 11:12:56,836 - src.training.trainer - INFO - 檢測到訓練停滯，嘗試重啟訓練...
2025-04-14 11:12:59,912 - src.training.trainer - INFO - 輪次 123/250 - 訓練損失: 0.255919 - 驗證損失: 1.107388 - rmse: 1283.289307 - r2: -1.982597 - mae: 1029.435303 - 學習率: 0.002000 - 時間: 3.07秒
2025-04-14 11:12:59,916 - src.training.trainer - INFO - 監控指標未改善，已連續 28 輪。最佳值: 0.897320, 當前值: 1.107388
2025-04-14 11:13:02,829 - src.training.trainer - INFO - 監控指標未改善，已連續 29 輪。最佳值: 0.897320, 當前值: 1.635868
2025-04-14 11:13:05,665 - src.training.trainer - INFO - 輪次 125/250 - 訓練損失: 0.272707 - 驗證損失: 1.682845 - rmse: 1331.283447 - r2: -2.209862 - mae: 1093.929565 - 學習率: 0.002000 - 時間: 2.83秒
2025-04-14 11:13:05,670 - src.training.trainer - INFO - 監控指標未改善，已連續 30 輪。最佳值: 0.897320, 當前值: 1.682845
2025-04-14 11:13:08,675 - src.training.callbacks - INFO - 模型檢查點已保存至 outputs\hybrid_model\HybridPINNLSTMModel_20250414_110717\checkpoints\HybridPINNLSTMModel_epoch_126.pt
2025-04-14 11:13:08,680 - src.training.trainer - INFO - 監控指標未改善，已連續 31 輪。最佳值: 0.897320, 當前值: 1.303474
2025-04-14 11:13:11,492 - src.training.trainer - INFO - 輪次 127/250 - 訓練損失: 0.266191 - 驗證損失: 1.205984 - rmse: 1294.621338 - r2: -2.035504 - mae: 1040.721069 - 學習率: 0.002000 - 時間: 2.81秒
2025-04-14 11:13:11,496 - src.training.trainer - INFO - 監控指標未改善，已連續 32 輪。最佳值: 0.897320, 當前值: 1.205984
2025-04-14 11:13:11,497 - src.training.trainer - INFO - 檢測到訓練停滯，嘗試重啟訓練...
2025-04-14 11:13:14,355 - src.training.trainer - INFO - 監控指標未改善，已連續 31 輪。最佳值: 0.897320, 當前值: 1.728234
2025-04-14 11:13:17,353 - src.training.trainer - INFO - 輪次 129/250 - 訓練損失: 0.259994 - 驗證損失: 1.086559 - rmse: 1283.160400 - r2: -1.981997 - mae: 1030.958862 - 學習率: 0.002000 - 時間: 3.00秒
2025-04-14 11:13:17,359 - src.training.trainer - INFO - 監控指標未改善，已連續 32 輪。最佳值: 0.897320, 當前值: 1.086559
2025-04-14 11:13:20,204 - src.training.trainer - INFO - 監控指標未改善，已連續 33 輪。最佳值: 0.897320, 當前值: 1.192961
2025-04-14 11:13:22,958 - src.training.trainer - INFO - 輪次 131/250 - 訓練損失: 0.257965 - 驗證損失: 1.833703 - rmse: 1338.237183 - r2: -2.243482 - mae: 1100.948242 - 學習率: 0.002000 - 時間: 2.75秒
2025-04-14 11:13:22,977 - src.training.callbacks - INFO - 模型檢查點已保存至 outputs\hybrid_model\HybridPINNLSTMModel_20250414_110717\checkpoints\HybridPINNLSTMModel_epoch_131.pt
2025-04-14 11:13:22,983 - src.training.trainer - INFO - 監控指標未改善，已連續 34 輪。最佳值: 0.897320, 當前值: 1.833703
2025-04-14 11:13:25,834 - src.training.trainer - INFO - 監控指標未改善，已連續 35 輪。最佳值: 0.897320, 當前值: 1.597613
2025-04-14 11:13:25,834 - src.training.trainer - INFO - 檢測到訓練停滯，嘗試重啟訓練...
2025-04-14 11:13:28,714 - src.training.trainer - INFO - 輪次 133/250 - 訓練損失: 0.262547 - 驗證損失: 1.529117 - rmse: 1325.025635 - r2: -2.179757 - mae: 1084.872437 - 學習率: 0.002000 - 時間: 2.88秒
2025-04-14 11:13:28,719 - src.training.trainer - INFO - 監控指標未改善，已連續 34 輪。最佳值: 0.897320, 當前值: 1.529117
2025-04-14 11:13:31,479 - src.training.trainer - INFO - 監控指標未改善，已連續 35 輪。最佳值: 0.897320, 當前值: 1.250284
2025-04-14 11:13:34,430 - src.training.trainer - INFO - 輪次 135/250 - 訓練損失: 0.260582 - 驗證損失: 1.214141 - rmse: 1291.988892 - r2: -2.023172 - mae: 1036.338257 - 學習率: 0.002000 - 時間: 2.95秒
2025-04-14 11:13:34,435 - src.training.trainer - INFO - 監控指標未改善，已連續 36 輪。最佳值: 0.897320, 當前值: 1.214141
2025-04-14 11:13:37,306 - src.training.callbacks - INFO - 模型檢查點已保存至 outputs\hybrid_model\HybridPINNLSTMModel_20250414_110717\checkpoints\HybridPINNLSTMModel_epoch_136.pt
2025-04-14 11:13:37,315 - src.training.trainer - INFO - 監控指標未改善，已連續 37 輪。最佳值: 0.897320, 當前值: 1.633624
2025-04-14 11:13:40,208 - src.training.trainer - INFO - 輪次 137/250 - 訓練損失: 0.268732 - 驗證損失: 1.339578 - rmse: 1311.162598 - r2: -2.113569 - mae: 1065.285034 - 學習率: 0.002000 - 時間: 2.89秒
2025-04-14 11:13:40,214 - src.training.trainer - INFO - 監控指標未改善，已連續 38 輪。最佳值: 0.897320, 當前值: 1.339578
2025-04-14 11:13:40,214 - src.training.trainer - INFO - 檢測到訓練停滯，嘗試重啟訓練...
2025-04-14 11:13:44,032 - src.training.trainer - INFO - 監控指標未改善，已連續 37 輪。最佳值: 0.897320, 當前值: 1.424341
2025-04-14 11:13:46,980 - src.training.trainer - INFO - 輪次 139/250 - 訓練損失: 0.256729 - 驗證損失: 1.235624 - rmse: 1304.503174 - r2: -2.082021 - mae: 1066.834106 - 學習率: 0.002000 - 時間: 2.95秒
2025-04-14 11:13:46,986 - src.training.trainer - INFO - 監控指標未改善，已連續 38 輪。最佳值: 0.897320, 當前值: 1.235624
2025-04-14 11:13:49,919 - src.training.trainer - INFO - 監控指標未改善，已連續 39 輪。最佳值: 0.897320, 當前值: 1.196270
2025-04-14 11:13:52,662 - src.training.trainer - INFO - 輪次 141/250 - 訓練損失: 0.260076 - 驗證損失: 1.478309 - rmse: 1320.207275 - r2: -2.156673 - mae: 1078.023560 - 學習率: 0.002000 - 時間: 2.74秒
2025-04-14 11:13:52,680 - src.training.callbacks - INFO - 模型檢查點已保存至 outputs\hybrid_model\HybridPINNLSTMModel_20250414_110717\checkpoints\HybridPINNLSTMModel_epoch_141.pt
2025-04-14 11:13:52,685 - src.training.trainer - INFO - 監控指標未改善，已連續 40 輪。最佳值: 0.897320, 當前值: 1.478309
2025-04-14 11:13:52,686 - src.training.trainer - INFO - 早停觸發！40 輪未改善
2025-04-14 11:13:52,686 - src.training.trainer - INFO - 早停觸發，在輪次 141 停止訓練
2025-04-14 11:13:52,686 - src.training.trainer - INFO - 訓練完成，總時間: 394.78秒
2025-04-14 11:13:52,716 - __main__ - INFO - 訓練完成，最終模型已保存至: outputs/hybrid_model\models\final_model.pt
2025-04-14 11:13:52,726 - __main__ - WARNING - 合併輸出 l2_penalty 時出錯: zero-dimensional arrays cannot be concatenated
2025-04-14 11:13:52,740 - __main__ - INFO - 評估指標已保存至: outputs/hybrid_model\evaluation\metrics.csv
2025-04-14 11:13:52,740 - __main__ - INFO - 生成視覺化結果...
2025-04-14 11:13:53,546 - src.utils.visualization - INFO - 圖像已保存至: outputs/hybrid_model\evaluation\visualizations\prediction_vs_true.png
2025-04-14 11:13:54,561 - src.utils.visualization - INFO - 圖像已保存至: outputs/hybrid_model\evaluation\visualizations\delta_w_prediction.png
2025-04-14 11:13:55,316 - src.utils.visualization - INFO - 圖像已保存至: outputs/hybrid_model\evaluation\visualizations\physical_constraint.png
2025-04-14 11:13:55,328 - __main__ - INFO - 評估完成，結果已保存至: outputs/hybrid_model\evaluation
2025-04-14 11:13:55,328 - __main__ - INFO - 任務完成
