2025-04-15 14:04:00,286 - __main__ - INFO - 成功載入配置文件: configs/model_config.yaml
2025-04-15 14:04:00,305 - __main__ - INFO - 成功載入配置文件: configs/train_config.yaml
2025-04-15 14:04:00,309 - __main__ - INFO - 已設定隨機種子: 42
2025-04-15 14:04:00,309 - __main__ - INFO - 使用計算設備: cpu
2025-04-15 14:04:00,310 - __main__ - INFO - 輸出目錄: outputs/hybrid_model
2025-04-15 14:04:00,310 - __main__ - INFO - 載入資料: data/raw/Training_data_warpage_final_20250321_v1.2.csv
2025-04-15 14:04:00,313 - src.data.preprocess - INFO - 成功載入資料檔案: data/raw/Training_data_warpage_final_20250321_v1.2.csv，共 81 筆資料，18 個欄位
2025-04-15 14:04:00,316 - src.data.preprocess - INFO - 標準化完成，特徵數量: 5
2025-04-15 14:04:00,317 - src.data.preprocess - INFO - 時間序列資料準備完成，形狀: (81, 4, 2)
2025-04-15 14:04:00,319 - src.data.preprocess - INFO - 資料分割完成 - 訓練集: 56 樣本, 驗證集: 12 樣本, 測試集: 13 樣本
2025-04-15 14:04:00,319 - src.data.preprocess - INFO - 完整資料處理流程完成
2025-04-15 14:04:00,319 - __main__ - INFO - 資料分割完成, 訓練集: 56 樣本, 驗證集: 12 樣本, 測試集: 13 樣本
2025-04-15 14:04:00,320 - __main__ - INFO - 應用資料增強...
2025-04-15 14:04:00,320 - src.data.dataset - INFO - 進行資料增強，原始訓練集大小: 56 樣本
2025-04-15 14:04:00,470 - src.data.dataset - INFO - 資料增強完成，增強後的訓練集大小: 940 樣本
2025-04-15 14:04:00,470 - __main__ - INFO - 資料增強完成，增強後的訓練集大小: 940 樣本
2025-04-15 14:04:00,492 - __main__ - INFO - 創建混合PINN-LSTM模型，使用物理約束: True，融合方法: weighted
2025-04-15 14:04:00,494 - src.data.dataset - INFO - 已創建資料載入器 - 訓練: 940 樣本, 驗證: 12 樣本, 測試: 13 樣本, 批次大小: 8
2025-04-15 14:04:02,416 - src.training.trainer - INFO - 創建adamw優化器，學習率: 0.002，權重衰減: 0.0005
2025-04-15 14:04:02,416 - src.training.losses - INFO - 初始化HybridLoss: lambda_physics=0.3, lambda_consistency=0.2, delta_w_weight=1.5
2025-04-15 14:04:02,417 - src.training.losses - INFO - 初始化AdaptiveHybridLoss: physics權重從0.3增加到1.0, consistency權重從0.2增加到0.5, delta_w權重從1.5增加到3.0, 在40個輪次內達到最大值, 預熱輪次: 5, 調整方案: linear
2025-04-15 14:04:02,417 - src.training.trainer - WARNING - 不支援的學習率調度器類型: one_cycle，不使用學習率調度
2025-04-15 14:04:02,418 - src.training.callbacks - INFO - 初始化ModelCheckpoint: 保存目錄=outputs\hybrid_model\HybridPINNLSTMModel_20250415_140402\checkpoints, 保存頻率=5, 只保存最佳=False, 監控指標=val_loss, 模式=min
2025-04-15 14:04:02,419 - src.training.callbacks - INFO - 初始化LossHistory: 保存路徑=outputs\hybrid_model\HybridPINNLSTMModel_20250415_140402\history.json, 保存頻率=1
2025-04-15 14:04:02,422 - src.training.trainer - INFO - 初始化訓練器完成，模型: HybridPINNLSTMModel, 優化器: AdamW, 設備: cpu
2025-04-15 14:04:02,422 - __main__ - INFO - 開始訓練，總輪數: 200
2025-04-15 14:04:02,423 - src.training.trainer - INFO - 開始訓練，總輪數: 200
2025-04-15 14:04:06,600 - src.training.trainer - INFO - 輪次 1/200 - 訓練損失: 530942.663386 - 驗證損失: 15.604492 - rmse: 1386.794556 - r2: -2.483130 - mae: 1170.919312 - 學習率: 0.002000 - 時間: 4.18秒
2025-04-15 14:04:06,619 - src.training.callbacks - INFO - 模型檢查點已保存至 outputs\hybrid_model\HybridPINNLSTMModel_20250415_140402\checkpoints\HybridPINNLSTMModel_epoch_001.pt
2025-04-15 14:04:06,629 - src.training.trainer - INFO - 監控指標改善，模型已保存至 outputs/hybrid_model\models\best_model.pt
2025-04-15 14:04:11,163 - src.training.trainer - INFO - 監控指標改善，模型已保存至 outputs/hybrid_model\models\best_model.pt
2025-04-15 14:04:15,126 - src.training.trainer - INFO - 輪次 3/200 - 訓練損失: 6.585416 - 驗證損失: 17.293168 - rmse: 1386.794556 - r2: -2.483130 - mae: 1170.919312 - 學習率: 0.002000 - 時間: 3.96秒
2025-04-15 14:04:15,135 - src.training.trainer - INFO - 監控指標改善，模型已保存至 outputs/hybrid_model\models\best_model.pt
2025-04-15 14:04:19,322 - src.training.trainer - INFO - 監控指標改善，模型已保存至 outputs/hybrid_model\models\best_model.pt
2025-04-15 14:04:25,172 - src.training.trainer - INFO - 輪次 5/200 - 訓練損失: 2.971511 - 驗證損失: 4.360565 - rmse: 1369.564087 - r2: -2.397113 - mae: 1152.187256 - 學習率: 0.002000 - 時間: 5.85秒
2025-04-15 14:04:25,183 - src.training.trainer - INFO - 監控指標改善，模型已保存至 outputs/hybrid_model\models\best_model.pt
2025-04-15 14:04:29,122 - src.training.callbacks - INFO - 模型檢查點已保存至 outputs\hybrid_model\HybridPINNLSTMModel_20250415_140402\checkpoints\HybridPINNLSTMModel_epoch_006.pt
2025-04-15 14:04:29,131 - src.training.trainer - INFO - 監控指標改善，模型已保存至 outputs/hybrid_model\models\best_model.pt
2025-04-15 14:04:32,914 - src.training.trainer - INFO - 輪次 7/200 - 訓練損失: 2.133201 - 驗證損失: 2.597407 - rmse: 1328.486206 - r2: -2.196388 - mae: 1098.309692 - 學習率: 0.002000 - 時間: 3.78秒
2025-04-15 14:04:32,922 - src.training.trainer - INFO - 監控指標改善，模型已保存至 outputs/hybrid_model\models\best_model.pt
2025-04-15 14:04:37,426 - src.training.trainer - INFO - 監控指標改善，模型已保存至 outputs/hybrid_model\models\best_model.pt
2025-04-15 14:04:41,530 - src.training.trainer - INFO - 輪次 9/200 - 訓練損失: 1.674242 - 驗證損失: 6.289398 - rmse: 1380.927979 - r2: -2.453722 - mae: 1161.148438 - 學習率: 0.002000 - 時間: 4.10秒
2025-04-15 14:04:41,541 - src.training.trainer - INFO - 監控指標改善，模型已保存至 outputs/hybrid_model\models\best_model.pt
2025-04-15 14:04:45,678 - src.training.trainer - INFO - 監控指標改善，模型已保存至 outputs/hybrid_model\models\best_model.pt
2025-04-15 14:04:50,358 - src.training.trainer - INFO - 輪次 11/200 - 訓練損失: 1.406885 - 驗證損失: 2.533648 - rmse: 1344.487671 - r2: -2.273851 - mae: 1116.524780 - 學習率: 0.002000 - 時間: 4.68秒
2025-04-15 14:04:50,384 - src.training.callbacks - INFO - 模型檢查點已保存至 outputs\hybrid_model\HybridPINNLSTMModel_20250415_140402\checkpoints\HybridPINNLSTMModel_epoch_011.pt
2025-04-15 14:04:50,396 - src.training.trainer - INFO - 監控指標改善，模型已保存至 outputs/hybrid_model\models\best_model.pt
2025-04-15 14:04:56,958 - src.training.trainer - INFO - 監控指標改善，模型已保存至 outputs/hybrid_model\models\best_model.pt
2025-04-15 14:05:02,769 - src.training.trainer - INFO - 輪次 13/200 - 訓練損失: 1.245070 - 驗證損失: 2.104601 - rmse: 1322.173706 - r2: -2.166084 - mae: 1089.799438 - 學習率: 0.002000 - 時間: 5.81秒
2025-04-15 14:05:02,782 - src.training.trainer - INFO - 監控指標改善，模型已保存至 outputs/hybrid_model\models\best_model.pt
2025-04-15 14:05:06,811 - src.training.trainer - INFO - 監控指標改善，模型已保存至 outputs/hybrid_model\models\best_model.pt
2025-04-15 14:05:11,407 - src.training.trainer - INFO - 輪次 15/200 - 訓練損失: 1.080200 - 驗證損失: 1.389204 - rmse: 1278.462891 - r2: -1.960204 - mae: 1040.128540 - 學習率: 0.002000 - 時間: 4.60秒
2025-04-15 14:05:11,421 - src.training.trainer - INFO - 監控指標改善，模型已保存至 outputs/hybrid_model\models\best_model.pt
2025-04-15 14:05:16,035 - src.training.callbacks - INFO - 模型檢查點已保存至 outputs\hybrid_model\HybridPINNLSTMModel_20250415_140402\checkpoints\HybridPINNLSTMModel_epoch_016.pt
2025-04-15 14:05:16,047 - src.training.trainer - INFO - 監控指標改善，模型已保存至 outputs/hybrid_model\models\best_model.pt
2025-04-15 14:05:20,627 - src.training.trainer - INFO - 輪次 17/200 - 訓練損失: 0.992260 - 驗證損失: 1.609277 - rmse: 1307.311401 - r2: -2.095305 - mae: 1073.220825 - 學習率: 0.002000 - 時間: 4.58秒
2025-04-15 14:05:20,642 - src.training.trainer - INFO - 監控指標改善，模型已保存至 outputs/hybrid_model\models\best_model.pt
2025-04-15 14:05:24,695 - src.training.trainer - INFO - 監控指標改善，模型已保存至 outputs/hybrid_model\models\best_model.pt
2025-04-15 14:05:28,778 - src.training.trainer - INFO - 輪次 19/200 - 訓練損失: 0.917551 - 驗證損失: 1.501846 - rmse: 1298.615234 - r2: -2.054262 - mae: 1060.789551 - 學習率: 0.002000 - 時間: 4.08秒
2025-04-15 14:05:28,788 - src.training.trainer - INFO - 監控指標改善，模型已保存至 outputs/hybrid_model\models\best_model.pt
2025-04-15 14:05:32,714 - src.training.trainer - INFO - 監控指標改善，模型已保存至 outputs/hybrid_model\models\best_model.pt
2025-04-15 14:05:36,717 - src.training.trainer - INFO - 輪次 21/200 - 訓練損失: 0.888278 - 驗證損失: 1.151358 - rmse: 1266.999512 - r2: -1.907356 - mae: 1028.719360 - 學習率: 0.002000 - 時間: 4.00秒
2025-04-15 14:05:36,735 - src.training.callbacks - INFO - 模型檢查點已保存至 outputs\hybrid_model\HybridPINNLSTMModel_20250415_140402\checkpoints\HybridPINNLSTMModel_epoch_021.pt
2025-04-15 14:05:36,744 - src.training.trainer - INFO - 監控指標改善，模型已保存至 outputs/hybrid_model\models\best_model.pt
2025-04-15 14:05:40,989 - src.training.trainer - INFO - 監控指標改善，模型已保存至 outputs/hybrid_model\models\best_model.pt
2025-04-15 14:05:45,072 - src.training.trainer - INFO - 輪次 23/200 - 訓練損失: 0.818957 - 驗證損失: 1.621612 - rmse: 1314.820923 - r2: -2.130967 - mae: 1075.880005 - 學習率: 0.002000 - 時間: 4.08秒
2025-04-15 14:05:45,088 - src.training.trainer - INFO - 監控指標改善，模型已保存至 outputs/hybrid_model\models\best_model.pt
2025-04-15 14:05:49,346 - src.training.trainer - INFO - 監控指標改善，模型已保存至 outputs/hybrid_model\models\best_model.pt
2025-04-15 14:05:53,152 - src.training.trainer - INFO - 輪次 25/200 - 訓練損失: 0.792102 - 驗證損失: 1.415350 - rmse: 1295.552368 - r2: -2.039872 - mae: 1047.599731 - 學習率: 0.002000 - 時間: 3.81秒
2025-04-15 14:05:53,166 - src.training.trainer - INFO - 監控指標改善，模型已保存至 outputs/hybrid_model\models\best_model.pt
2025-04-15 14:05:57,414 - src.training.callbacks - INFO - 模型檢查點已保存至 outputs\hybrid_model\HybridPINNLSTMModel_20250415_140402\checkpoints\HybridPINNLSTMModel_epoch_026.pt
2025-04-15 14:05:57,430 - src.training.trainer - INFO - 監控指標改善，模型已保存至 outputs/hybrid_model\models\best_model.pt
2025-04-15 14:06:01,373 - src.training.trainer - INFO - 輪次 27/200 - 訓練損失: 0.766139 - 驗證損失: 1.214863 - rmse: 1288.632202 - r2: -2.007484 - mae: 1042.475708 - 學習率: 0.002000 - 時間: 3.94秒
2025-04-15 14:06:01,387 - src.training.trainer - INFO - 監控指標改善，模型已保存至 outputs/hybrid_model\models\best_model.pt
2025-04-15 14:06:05,457 - src.training.trainer - INFO - 監控指標改善，模型已保存至 outputs/hybrid_model\models\best_model.pt
2025-04-15 14:06:11,469 - src.training.trainer - INFO - 輪次 29/200 - 訓練損失: 0.741448 - 驗證損失: 1.212656 - rmse: 1286.592773 - r2: -1.997972 - mae: 1036.286743 - 學習率: 0.002000 - 時間: 6.01秒
2025-04-15 14:06:11,483 - src.training.trainer - INFO - 監控指標改善，模型已保存至 outputs/hybrid_model\models\best_model.pt
2025-04-15 14:06:15,805 - src.training.trainer - INFO - 監控指標改善，模型已保存至 outputs/hybrid_model\models\best_model.pt
2025-04-15 14:06:19,817 - src.training.trainer - INFO - 輪次 31/200 - 訓練損失: 0.735008 - 驗證損失: 1.363818 - rmse: 1299.520264 - r2: -2.058521 - mae: 1058.425171 - 學習率: 0.002000 - 時間: 4.01秒
2025-04-15 14:06:19,841 - src.training.callbacks - INFO - 模型檢查點已保存至 outputs\hybrid_model\HybridPINNLSTMModel_20250415_140402\checkpoints\HybridPINNLSTMModel_epoch_031.pt
2025-04-15 14:06:19,852 - src.training.trainer - INFO - 監控指標改善，模型已保存至 outputs/hybrid_model\models\best_model.pt
2025-04-15 14:06:23,698 - src.training.trainer - INFO - 監控指標改善，模型已保存至 outputs/hybrid_model\models\best_model.pt
2025-04-15 14:06:27,826 - src.training.trainer - INFO - 輪次 33/200 - 訓練損失: 0.700059 - 驗證損失: 1.335785 - rmse: 1297.335205 - r2: -2.048244 - mae: 1056.216431 - 學習率: 0.002000 - 時間: 4.13秒
2025-04-15 14:06:27,838 - src.training.trainer - INFO - 監控指標改善，模型已保存至 outputs/hybrid_model\models\best_model.pt
2025-04-15 14:06:31,851 - src.training.trainer - INFO - 監控指標改善，模型已保存至 outputs/hybrid_model\models\best_model.pt
2025-04-15 14:06:35,812 - src.training.trainer - INFO - 輪次 35/200 - 訓練損失: 0.704164 - 驗證損失: 1.731760 - rmse: 1332.474609 - r2: -2.215609 - mae: 1104.088745 - 學習率: 0.002000 - 時間: 3.96秒
2025-04-15 14:06:35,826 - src.training.trainer - INFO - 監控指標改善，模型已保存至 outputs/hybrid_model\models\best_model.pt
2025-04-15 14:06:40,029 - src.training.callbacks - INFO - 模型檢查點已保存至 outputs\hybrid_model\HybridPINNLSTMModel_20250415_140402\checkpoints\HybridPINNLSTMModel_epoch_036.pt
2025-04-15 14:06:40,040 - src.training.trainer - INFO - 監控指標改善，模型已保存至 outputs/hybrid_model\models\best_model.pt
2025-04-15 14:06:44,217 - src.training.trainer - INFO - 輪次 37/200 - 訓練損失: 0.685226 - 驗證損失: 1.140798 - rmse: 1279.979980 - r2: -1.967233 - mae: 1032.402954 - 學習率: 0.002000 - 時間: 4.18秒
2025-04-15 14:06:44,231 - src.training.trainer - INFO - 監控指標改善，模型已保存至 outputs/hybrid_model\models\best_model.pt
2025-04-15 14:06:47,936 - src.training.trainer - INFO - 監控指標改善，模型已保存至 outputs/hybrid_model\models\best_model.pt
2025-04-15 14:06:51,961 - src.training.trainer - INFO - 輪次 39/200 - 訓練損失: 0.679195 - 驗證損失: 1.214187 - rmse: 1285.269043 - r2: -1.991806 - mae: 1043.162720 - 學習率: 0.002000 - 時間: 4.02秒
2025-04-15 14:06:51,970 - src.training.trainer - INFO - 監控指標改善，模型已保存至 outputs/hybrid_model\models\best_model.pt
2025-04-15 14:06:55,636 - src.training.trainer - INFO - 監控指標改善，模型已保存至 outputs/hybrid_model\models\best_model.pt
2025-04-15 14:06:59,273 - src.training.trainer - INFO - 輪次 41/200 - 訓練損失: 0.660491 - 驗證損失: 1.133375 - rmse: 1281.786255 - r2: -1.975614 - mae: 1038.230347 - 學習率: 0.002000 - 時間: 3.64秒
2025-04-15 14:06:59,299 - src.training.callbacks - INFO - 模型檢查點已保存至 outputs\hybrid_model\HybridPINNLSTMModel_20250415_140402\checkpoints\HybridPINNLSTMModel_epoch_041.pt
2025-04-15 14:06:59,314 - src.training.trainer - INFO - 監控指標改善，模型已保存至 outputs/hybrid_model\models\best_model.pt
2025-04-15 14:07:03,116 - src.training.trainer - INFO - 監控指標改善，模型已保存至 outputs/hybrid_model\models\best_model.pt
2025-04-15 14:07:06,827 - src.training.trainer - INFO - 輪次 43/200 - 訓練損失: 0.658111 - 驗證損失: 1.175262 - rmse: 1291.025146 - r2: -2.018664 - mae: 1043.129150 - 學習率: 0.002000 - 時間: 3.71秒
2025-04-15 14:07:06,841 - src.training.trainer - INFO - 監控指標改善，模型已保存至 outputs/hybrid_model\models\best_model.pt
2025-04-15 14:07:10,602 - src.training.trainer - INFO - 監控指標改善，模型已保存至 outputs/hybrid_model\models\best_model.pt
2025-04-15 14:07:14,397 - src.training.trainer - INFO - 輪次 45/200 - 訓練損失: 0.632033 - 驗證損失: 1.091656 - rmse: 1272.064453 - r2: -1.930648 - mae: 1017.869812 - 學習率: 0.002000 - 時間: 3.79秒
2025-04-15 14:07:14,412 - src.training.trainer - INFO - 監控指標改善，模型已保存至 outputs/hybrid_model\models\best_model.pt
2025-04-15 14:07:18,201 - src.training.callbacks - INFO - 模型檢查點已保存至 outputs\hybrid_model\HybridPINNLSTMModel_20250415_140402\checkpoints\HybridPINNLSTMModel_epoch_046.pt
2025-04-15 14:07:18,217 - src.training.trainer - INFO - 監控指標改善，模型已保存至 outputs/hybrid_model\models\best_model.pt
2025-04-15 14:07:21,893 - src.training.trainer - INFO - 輪次 47/200 - 訓練損失: 0.640339 - 驗證損失: 1.333625 - rmse: 1306.713257 - r2: -2.092473 - mae: 1066.349731 - 學習率: 0.002000 - 時間: 3.68秒
2025-04-15 14:07:21,903 - src.training.trainer - INFO - 監控指標改善，模型已保存至 outputs/hybrid_model\models\best_model.pt
2025-04-15 14:07:25,887 - src.training.trainer - INFO - 監控指標改善，模型已保存至 outputs/hybrid_model\models\best_model.pt
2025-04-15 14:07:29,627 - src.training.trainer - INFO - 輪次 49/200 - 訓練損失: 0.642140 - 驗證損失: 1.364074 - rmse: 1305.416138 - r2: -2.086337 - mae: 1062.798218 - 學習率: 0.002000 - 時間: 3.74秒
2025-04-15 14:07:29,641 - src.training.trainer - INFO - 監控指標改善，模型已保存至 outputs/hybrid_model\models\best_model.pt
2025-04-15 14:07:33,526 - src.training.trainer - INFO - 監控指標改善，模型已保存至 outputs/hybrid_model\models\best_model.pt
2025-04-15 14:07:37,291 - src.training.trainer - INFO - 輪次 51/200 - 訓練損失: 0.638913 - 驗證損失: 1.083605 - rmse: 1274.472290 - r2: -1.941753 - mae: 1018.906433 - 學習率: 0.002000 - 時間: 3.76秒
2025-04-15 14:07:37,309 - src.training.callbacks - INFO - 模型檢查點已保存至 outputs\hybrid_model\HybridPINNLSTMModel_20250415_140402\checkpoints\HybridPINNLSTMModel_epoch_051.pt
2025-04-15 14:07:37,313 - src.training.trainer - INFO - min模式下監控指標改善
2025-04-15 14:07:37,323 - src.training.trainer - INFO - 監控指標改善，模型已保存至 outputs/hybrid_model\models\best_model.pt
2025-04-15 14:07:41,119 - src.training.trainer - INFO - 監控指標未改善，已連續 1 輪。最佳值: 1.083605, 當前值: 1.110020
2025-04-15 14:07:44,858 - src.training.trainer - INFO - 輪次 53/200 - 訓練損失: 0.639608 - 驗證損失: 1.258894 - rmse: 1291.962402 - r2: -2.023048 - mae: 1046.651978 - 學習率: 0.002000 - 時間: 3.74秒
2025-04-15 14:07:44,861 - src.training.trainer - INFO - 監控指標未改善，已連續 2 輪。最佳值: 1.083605, 當前值: 1.258894
2025-04-15 14:07:48,593 - src.training.trainer - INFO - 監控指標未改善，已連續 3 輪。最佳值: 1.083605, 當前值: 1.634890
2025-04-15 14:07:52,401 - src.training.trainer - INFO - 輪次 55/200 - 訓練損失: 0.615749 - 驗證損失: 1.312295 - rmse: 1303.247314 - r2: -2.076090 - mae: 1059.503540 - 學習率: 0.002000 - 時間: 3.81秒
2025-04-15 14:07:52,403 - src.training.trainer - INFO - 監控指標未改善，已連續 4 輪。最佳值: 1.083605, 當前值: 1.312295
2025-04-15 14:07:56,201 - src.training.callbacks - INFO - 模型檢查點已保存至 outputs\hybrid_model\HybridPINNLSTMModel_20250415_140402\checkpoints\HybridPINNLSTMModel_epoch_056.pt
2025-04-15 14:07:56,204 - src.training.trainer - INFO - 監控指標未改善，已連續 5 輪。最佳值: 1.083605, 當前值: 1.134066
2025-04-15 14:07:56,204 - src.training.trainer - INFO - 檢測到訓練停滯，嘗試重啟訓練...
2025-04-15 14:08:00,105 - src.training.trainer - INFO - 輪次 57/200 - 訓練損失: 0.614765 - 驗證損失: 1.038415 - rmse: 1274.517944 - r2: -1.941963 - mae: 1022.203918 - 學習率: 0.002000 - 時間: 3.90秒
2025-04-15 14:08:00,108 - src.training.trainer - INFO - min模式下監控指標改善, 從 1.083605 改善到 1.038415
2025-04-15 14:08:00,116 - src.training.trainer - INFO - 監控指標改善，模型已保存至 outputs/hybrid_model\models\best_model.pt
2025-04-15 14:08:03,845 - src.training.trainer - INFO - min模式下監控指標改善, 從 1.038415 改善到 0.872866
2025-04-15 14:08:03,853 - src.training.trainer - INFO - 監控指標改善，模型已保存至 outputs/hybrid_model\models\best_model.pt
2025-04-15 14:08:07,677 - src.training.trainer - INFO - 輪次 59/200 - 訓練損失: 0.628885 - 驗證損失: 1.028246 - rmse: 1265.395142 - r2: -1.899998 - mae: 1006.839783 - 學習率: 0.002000 - 時間: 3.82秒
2025-04-15 14:08:07,680 - src.training.trainer - INFO - 監控指標未改善，已連續 1 輪。最佳值: 0.872866, 當前值: 1.028246
2025-04-15 14:08:11,479 - src.training.trainer - INFO - 監控指標未改善，已連續 2 輪。最佳值: 0.872866, 當前值: 1.354334
2025-04-15 14:08:15,188 - src.training.trainer - INFO - 輪次 61/200 - 訓練損失: 0.614982 - 驗證損失: 1.099356 - rmse: 1277.854980 - r2: -1.957389 - mae: 1022.169128 - 學習率: 0.002000 - 時間: 3.71秒
2025-04-15 14:08:15,215 - src.training.callbacks - INFO - 模型檢查點已保存至 outputs\hybrid_model\HybridPINNLSTMModel_20250415_140402\checkpoints\HybridPINNLSTMModel_epoch_061.pt
2025-04-15 14:08:15,221 - src.training.trainer - INFO - 監控指標未改善，已連續 3 輪。最佳值: 0.872866, 當前值: 1.099356
2025-04-15 14:08:19,011 - src.training.trainer - INFO - 監控指標未改善，已連續 4 輪。最佳值: 0.872866, 當前值: 1.133167
2025-04-15 14:08:22,774 - src.training.trainer - INFO - 輪次 63/200 - 訓練損失: 0.630063 - 驗證損失: 1.619261 - rmse: 1326.597290 - r2: -2.187304 - mae: 1091.837891 - 學習率: 0.002000 - 時間: 3.76秒
2025-04-15 14:08:22,778 - src.training.trainer - INFO - 監控指標未改善，已連續 5 輪。最佳值: 0.872866, 當前值: 1.619261
2025-04-15 14:08:22,778 - src.training.trainer - INFO - 檢測到訓練停滯，嘗試重啟訓練...
2025-04-15 14:08:26,497 - src.training.trainer - INFO - 監控指標未改善，已連續 4 輪。最佳值: 0.872866, 當前值: 1.384354
2025-04-15 14:08:30,239 - src.training.trainer - INFO - 輪次 65/200 - 訓練損失: 0.605875 - 驗證損失: 1.452234 - rmse: 1314.311768 - r2: -2.128543 - mae: 1075.544800 - 學習率: 0.002000 - 時間: 3.74秒
2025-04-15 14:08:30,243 - src.training.trainer - INFO - 監控指標未改善，已連續 5 輪。最佳值: 0.872866, 當前值: 1.452234
2025-04-15 14:08:34,035 - src.training.callbacks - INFO - 模型檢查點已保存至 outputs\hybrid_model\HybridPINNLSTMModel_20250415_140402\checkpoints\HybridPINNLSTMModel_epoch_066.pt
2025-04-15 14:08:34,039 - src.training.trainer - INFO - min模式下監控指標改善, 從 0.872866 改善到 0.831643
2025-04-15 14:08:34,047 - src.training.trainer - INFO - 監控指標改善，模型已保存至 outputs/hybrid_model\models\best_model.pt
2025-04-15 14:08:37,737 - src.training.trainer - INFO - 輪次 67/200 - 訓練損失: 0.605499 - 驗證損失: 1.246765 - rmse: 1296.758545 - r2: -2.045535 - mae: 1048.699707 - 學習率: 0.002000 - 時間: 3.69秒
2025-04-15 14:08:37,740 - src.training.trainer - INFO - 監控指標未改善，已連續 1 輪。最佳值: 0.831643, 當前值: 1.246765
2025-04-15 14:08:41,482 - src.training.trainer - INFO - 監控指標未改善，已連續 2 輪。最佳值: 0.831643, 當前值: 1.322117
2025-04-15 14:08:45,317 - src.training.trainer - INFO - 輪次 69/200 - 訓練損失: 0.615303 - 驗證損失: 1.623826 - rmse: 1322.256226 - r2: -2.166478 - mae: 1078.417847 - 學習率: 0.002000 - 時間: 3.83秒
2025-04-15 14:08:45,321 - src.training.trainer - INFO - 監控指標未改善，已連續 3 輪。最佳值: 0.831643, 當前值: 1.623826
2025-04-15 14:08:49,022 - src.training.trainer - INFO - 監控指標未改善，已連續 4 輪。最佳值: 0.831643, 當前值: 1.237374
2025-04-15 14:08:52,701 - src.training.trainer - INFO - 輪次 71/200 - 訓練損失: 0.615227 - 驗證損失: 1.348479 - rmse: 1305.471802 - r2: -2.086600 - mae: 1063.047729 - 學習率: 0.002000 - 時間: 3.68秒
2025-04-15 14:08:52,730 - src.training.callbacks - INFO - 模型檢查點已保存至 outputs\hybrid_model\HybridPINNLSTMModel_20250415_140402\checkpoints\HybridPINNLSTMModel_epoch_071.pt
2025-04-15 14:08:52,735 - src.training.trainer - INFO - 監控指標未改善，已連續 5 輪。最佳值: 0.831643, 當前值: 1.348479
2025-04-15 14:08:52,735 - src.training.trainer - INFO - 檢測到訓練停滯，嘗試重啟訓練...
2025-04-15 14:08:56,472 - src.training.trainer - INFO - 監控指標未改善，已連續 4 輪。最佳值: 0.831643, 當前值: 1.155281
2025-04-15 14:09:00,320 - src.training.trainer - INFO - 輪次 73/200 - 訓練損失: 0.603253 - 驗證損失: 1.277579 - rmse: 1298.579712 - r2: -2.054095 - mae: 1049.591797 - 學習率: 0.002000 - 時間: 3.85秒
2025-04-15 14:09:00,324 - src.training.trainer - INFO - 監控指標未改善，已連續 5 輪。最佳值: 0.831643, 當前值: 1.277579
2025-04-15 14:09:03,961 - src.training.trainer - INFO - 監控指標未改善，已連續 6 輪。最佳值: 0.831643, 當前值: 1.576173
2025-04-15 14:09:07,620 - src.training.trainer - INFO - 輪次 75/200 - 訓練損失: 0.601903 - 驗證損失: 1.390918 - rmse: 1301.811401 - r2: -2.069315 - mae: 1050.911987 - 學習率: 0.002000 - 時間: 3.66秒
2025-04-15 14:09:07,624 - src.training.trainer - INFO - 監控指標未改善，已連續 7 輪。最佳值: 0.831643, 當前值: 1.390918
2025-04-15 14:09:11,484 - src.training.callbacks - INFO - 模型檢查點已保存至 outputs\hybrid_model\HybridPINNLSTMModel_20250415_140402\checkpoints\HybridPINNLSTMModel_epoch_076.pt
2025-04-15 14:09:11,489 - src.training.trainer - INFO - 監控指標未改善，已連續 8 輪。最佳值: 0.831643, 當前值: 1.225334
2025-04-15 14:09:11,490 - src.training.trainer - INFO - 檢測到訓練停滯，嘗試重啟訓練...
2025-04-15 14:09:15,452 - src.training.trainer - INFO - 輪次 77/200 - 訓練損失: 0.602942 - 驗證損失: 1.374459 - rmse: 1310.709595 - r2: -2.111418 - mae: 1068.823975 - 學習率: 0.002000 - 時間: 3.96秒
2025-04-15 14:09:15,456 - src.training.trainer - INFO - 監控指標未改善，已連續 7 輪。最佳值: 0.831643, 當前值: 1.374459
2025-04-15 14:09:19,163 - src.training.trainer - INFO - 監控指標未改善，已連續 8 輪。最佳值: 0.831643, 當前值: 1.076620
2025-04-15 14:09:22,959 - src.training.trainer - INFO - 輪次 79/200 - 訓練損失: 0.606271 - 驗證損失: 1.119248 - rmse: 1283.901367 - r2: -1.985442 - mae: 1035.548340 - 學習率: 0.002000 - 時間: 3.80秒
2025-04-15 14:09:22,962 - src.training.trainer - INFO - 監控指標未改善，已連續 9 輪。最佳值: 0.831643, 當前值: 1.119248
2025-04-15 14:09:26,867 - src.training.trainer - INFO - 監控指標未改善，已連續 10 輪。最佳值: 0.831643, 當前值: 1.679668
2025-04-15 14:09:30,967 - src.training.trainer - INFO - 輪次 81/200 - 訓練損失: 0.623577 - 驗證損失: 1.037632 - rmse: 1274.068481 - r2: -1.939889 - mae: 1022.550781 - 學習率: 0.002000 - 時間: 4.10秒
2025-04-15 14:09:30,993 - src.training.callbacks - INFO - 模型檢查點已保存至 outputs\hybrid_model\HybridPINNLSTMModel_20250415_140402\checkpoints\HybridPINNLSTMModel_epoch_081.pt
2025-04-15 14:09:30,998 - src.training.trainer - INFO - 監控指標未改善，已連續 11 輪。最佳值: 0.831643, 當前值: 1.037632
2025-04-15 14:09:30,998 - src.training.trainer - INFO - 檢測到訓練停滯，嘗試重啟訓練...
2025-04-15 14:09:34,785 - src.training.trainer - INFO - 監控指標未改善，已連續 10 輪。最佳值: 0.831643, 當前值: 1.265518
2025-04-15 14:09:38,672 - src.training.trainer - INFO - 輪次 83/200 - 訓練損失: 0.597389 - 驗證損失: 1.203573 - rmse: 1299.274414 - r2: -2.057364 - mae: 1054.603638 - 學習率: 0.002000 - 時間: 3.89秒
2025-04-15 14:09:38,675 - src.training.trainer - INFO - 監控指標未改善，已連續 11 輪。最佳值: 0.831643, 當前值: 1.203573
2025-04-15 14:09:42,569 - src.training.trainer - INFO - 監控指標未改善，已連續 12 輪。最佳值: 0.831643, 當前值: 1.102607
2025-04-15 14:09:46,330 - src.training.trainer - INFO - 輪次 85/200 - 訓練損失: 0.593636 - 驗證損失: 1.175876 - rmse: 1288.168945 - r2: -2.005322 - mae: 1034.529663 - 學習率: 0.002000 - 時間: 3.76秒
2025-04-15 14:09:46,334 - src.training.trainer - INFO - 監控指標未改善，已連續 13 輪。最佳值: 0.831643, 當前值: 1.175876
2025-04-15 14:09:50,172 - src.training.callbacks - INFO - 模型檢查點已保存至 outputs\hybrid_model\HybridPINNLSTMModel_20250415_140402\checkpoints\HybridPINNLSTMModel_epoch_086.pt
2025-04-15 14:09:50,175 - src.training.trainer - INFO - 監控指標未改善，已連續 14 輪。最佳值: 0.831643, 當前值: 1.226992
2025-04-15 14:09:50,176 - src.training.trainer - INFO - 檢測到訓練停滯，嘗試重啟訓練...
2025-04-15 14:09:53,920 - src.training.trainer - INFO - 輪次 87/200 - 訓練損失: 0.590010 - 驗證損失: 1.098875 - rmse: 1275.752319 - r2: -1.947665 - mae: 1020.542236 - 學習率: 0.002000 - 時間: 3.74秒
2025-04-15 14:09:53,924 - src.training.trainer - INFO - 監控指標未改善，已連續 13 輪。最佳值: 0.831643, 當前值: 1.098875
2025-04-15 14:09:57,666 - src.training.trainer - INFO - 監控指標未改善，已連續 14 輪。最佳值: 0.831643, 當前值: 0.844321
2025-04-15 14:10:01,477 - src.training.trainer - INFO - 輪次 89/200 - 訓練損失: 0.606693 - 驗證損失: 1.463989 - rmse: 1308.876587 - r2: -2.102721 - mae: 1061.825928 - 學習率: 0.002000 - 時間: 3.81秒
2025-04-15 14:10:01,480 - src.training.trainer - INFO - 監控指標未改善，已連續 15 輪。最佳值: 0.831643, 當前值: 1.463989
2025-04-15 14:10:05,442 - src.training.trainer - INFO - 監控指標未改善，已連續 16 輪。最佳值: 0.831643, 當前值: 1.257910
2025-04-15 14:10:09,434 - src.training.trainer - INFO - 輪次 91/200 - 訓練損失: 0.594479 - 驗證損失: 0.879490 - rmse: 1240.217041 - r2: -1.785741 - mae: 981.293640 - 學習率: 0.002000 - 時間: 3.99秒
2025-04-15 14:10:09,457 - src.training.callbacks - INFO - 模型檢查點已保存至 outputs\hybrid_model\HybridPINNLSTMModel_20250415_140402\checkpoints\HybridPINNLSTMModel_epoch_091.pt
2025-04-15 14:10:09,462 - src.training.trainer - INFO - 監控指標未改善，已連續 17 輪。最佳值: 0.831643, 當前值: 0.879490
2025-04-15 14:10:09,462 - src.training.trainer - INFO - 檢測到訓練停滯，嘗試重啟訓練...
2025-04-15 14:10:13,331 - src.training.trainer - INFO - 監控指標未改善，已連續 16 輪。最佳值: 0.831643, 當前值: 0.985042
2025-04-15 14:10:17,078 - src.training.trainer - INFO - 輪次 93/200 - 訓練損失: 0.580658 - 驗證損失: 1.166453 - rmse: 1291.720093 - r2: -2.021915 - mae: 1046.716797 - 學習率: 0.002000 - 時間: 3.75秒
2025-04-15 14:10:17,081 - src.training.trainer - INFO - 監控指標未改善，已連續 17 輪。最佳值: 0.831643, 當前值: 1.166453
2025-04-15 14:10:20,779 - src.training.trainer - INFO - 監控指標未改善，已連續 18 輪。最佳值: 0.831643, 當前值: 1.236415
2025-04-15 14:10:24,721 - src.training.trainer - INFO - 輪次 95/200 - 訓練損失: 0.587972 - 驗證損失: 1.328517 - rmse: 1305.322266 - r2: -2.085893 - mae: 1060.811768 - 學習率: 0.002000 - 時間: 3.94秒
2025-04-15 14:10:24,726 - src.training.trainer - INFO - 監控指標未改善，已連續 19 輪。最佳值: 0.831643, 當前值: 1.328517
2025-04-15 14:10:28,632 - src.training.callbacks - INFO - 模型檢查點已保存至 outputs\hybrid_model\HybridPINNLSTMModel_20250415_140402\checkpoints\HybridPINNLSTMModel_epoch_096.pt
2025-04-15 14:10:28,638 - src.training.trainer - INFO - 監控指標未改善，已連續 20 輪。最佳值: 0.831643, 當前值: 1.147687
2025-04-15 14:10:28,639 - src.training.trainer - INFO - 檢測到訓練停滯，嘗試重啟訓練...
2025-04-15 14:10:32,431 - src.training.trainer - INFO - 輪次 97/200 - 訓練損失: 0.591577 - 驗證損失: 1.374788 - rmse: 1313.313843 - r2: -2.123794 - mae: 1072.705933 - 學習率: 0.002000 - 時間: 3.79秒
2025-04-15 14:10:32,434 - src.training.trainer - INFO - 監控指標未改善，已連續 19 輪。最佳值: 0.831643, 當前值: 1.374788
2025-04-15 14:10:36,259 - src.training.trainer - INFO - 監控指標未改善，已連續 20 輪。最佳值: 0.831643, 當前值: 1.197729
2025-04-15 14:10:40,262 - src.training.trainer - INFO - 輪次 99/200 - 訓練損失: 0.593579 - 驗證損失: 0.992617 - rmse: 1262.993042 - r2: -1.888998 - mae: 1007.808533 - 學習率: 0.002000 - 時間: 4.00秒
2025-04-15 14:10:40,266 - src.training.trainer - INFO - 監控指標未改善，已連續 21 輪。最佳值: 0.831643, 當前值: 0.992617
2025-04-15 14:10:44,206 - src.training.trainer - INFO - 監控指標未改善，已連續 22 輪。最佳值: 0.831643, 當前值: 1.120515
2025-04-15 14:10:48,241 - src.training.trainer - INFO - 輪次 101/200 - 訓練損失: 0.588580 - 驗證損失: 0.939830 - rmse: 1256.855957 - r2: -1.860990 - mae: 1001.125916 - 學習率: 0.002000 - 時間: 4.04秒
2025-04-15 14:10:48,270 - src.training.callbacks - INFO - 模型檢查點已保存至 outputs\hybrid_model\HybridPINNLSTMModel_20250415_140402\checkpoints\HybridPINNLSTMModel_epoch_101.pt
2025-04-15 14:10:48,277 - src.training.trainer - INFO - 監控指標未改善，已連續 23 輪。最佳值: 0.831643, 當前值: 0.939830
2025-04-15 14:10:48,277 - src.training.trainer - INFO - 檢測到訓練停滯，嘗試重啟訓練...
2025-04-15 14:10:52,223 - src.training.trainer - INFO - 監控指標未改善，已連續 22 輪。最佳值: 0.831643, 當前值: 1.321779
2025-04-15 14:10:56,149 - src.training.trainer - INFO - 輪次 103/200 - 訓練損失: 0.589993 - 驗證損失: 1.440181 - rmse: 1318.701538 - r2: -2.149477 - mae: 1080.637451 - 學習率: 0.002000 - 時間: 3.93秒
2025-04-15 14:10:56,155 - src.training.trainer - INFO - 監控指標未改善，已連續 23 輪。最佳值: 0.831643, 當前值: 1.440181
2025-04-15 14:10:59,781 - src.training.trainer - INFO - 監控指標未改善，已連續 24 輪。最佳值: 0.831643, 當前值: 1.158435
2025-04-15 14:11:03,712 - src.training.trainer - INFO - 輪次 105/200 - 訓練損失: 0.569719 - 驗證損失: 1.696800 - rmse: 1335.050903 - r2: -2.228055 - mae: 1101.859375 - 學習率: 0.002000 - 時間: 3.93秒
2025-04-15 14:11:03,717 - src.training.trainer - INFO - 監控指標未改善，已連續 25 輪。最佳值: 0.831643, 當前值: 1.696800
2025-04-15 14:11:07,397 - src.training.callbacks - INFO - 模型檢查點已保存至 outputs\hybrid_model\HybridPINNLSTMModel_20250415_140402\checkpoints\HybridPINNLSTMModel_epoch_106.pt
2025-04-15 14:11:07,403 - src.training.trainer - INFO - 監控指標未改善，已連續 26 輪。最佳值: 0.831643, 當前值: 1.219315
2025-04-15 14:11:07,404 - src.training.trainer - INFO - 檢測到訓練停滯，嘗試重啟訓練...
2025-04-15 14:11:11,174 - src.training.trainer - INFO - 輪次 107/200 - 訓練損失: 0.605487 - 驗證損失: 1.808737 - rmse: 1340.062134 - r2: -2.252334 - mae: 1111.631226 - 學習率: 0.002000 - 時間: 3.77秒
2025-04-15 14:11:11,178 - src.training.trainer - INFO - 監控指標未改善，已連續 25 輪。最佳值: 0.831643, 當前值: 1.808737
2025-04-15 14:11:14,762 - src.training.trainer - INFO - 監控指標未改善，已連續 26 輪。最佳值: 0.831643, 當前值: 1.109453
2025-04-15 14:11:18,649 - src.training.trainer - INFO - 輪次 109/200 - 訓練損失: 0.576577 - 驗證損失: 1.117572 - rmse: 1285.380371 - r2: -1.992324 - mae: 1036.664673 - 學習率: 0.002000 - 時間: 3.89秒
2025-04-15 14:11:18,654 - src.training.trainer - INFO - 監控指標未改善，已連續 27 輪。最佳值: 0.831643, 當前值: 1.117572
2025-04-15 14:11:22,444 - src.training.trainer - INFO - 監控指標未改善，已連續 28 輪。最佳值: 0.831643, 當前值: 1.084673
2025-04-15 14:11:26,319 - src.training.trainer - INFO - 輪次 111/200 - 訓練損失: 0.574920 - 驗證損失: 1.261877 - rmse: 1303.216064 - r2: -2.075942 - mae: 1063.604492 - 學習率: 0.002000 - 時間: 3.87秒
2025-04-15 14:11:26,337 - src.training.callbacks - INFO - 模型檢查點已保存至 outputs\hybrid_model\HybridPINNLSTMModel_20250415_140402\checkpoints\HybridPINNLSTMModel_epoch_111.pt
2025-04-15 14:11:26,343 - src.training.trainer - INFO - 監控指標未改善，已連續 29 輪。最佳值: 0.831643, 當前值: 1.261877
2025-04-15 14:11:26,344 - src.training.trainer - INFO - 檢測到訓練停滯，嘗試重啟訓練...
2025-04-15 14:11:30,170 - src.training.trainer - INFO - 監控指標未改善，已連續 28 輪。最佳值: 0.831643, 當前值: 1.319523
2025-04-15 14:11:33,921 - src.training.trainer - INFO - 輪次 113/200 - 訓練損失: 0.574040 - 驗證損失: 0.978415 - rmse: 1264.618896 - r2: -1.896441 - mae: 1008.534363 - 學習率: 0.002000 - 時間: 3.75秒
2025-04-15 14:11:33,926 - src.training.trainer - INFO - 監控指標未改善，已連續 29 輪。最佳值: 0.831643, 當前值: 0.978415
2025-04-15 14:11:37,832 - src.training.trainer - INFO - 監控指標未改善，已連續 30 輪。最佳值: 0.831643, 當前值: 1.282407
2025-04-15 14:11:41,593 - src.training.trainer - INFO - 輪次 115/200 - 訓練損失: 0.591815 - 驗證損失: 1.305526 - rmse: 1308.877930 - r2: -2.102728 - mae: 1069.491577 - 學習率: 0.002000 - 時間: 3.76秒
2025-04-15 14:11:41,596 - src.training.trainer - INFO - 監控指標未改善，已連續 31 輪。最佳值: 0.831643, 當前值: 1.305526
2025-04-15 14:11:45,349 - src.training.callbacks - INFO - 模型檢查點已保存至 outputs\hybrid_model\HybridPINNLSTMModel_20250415_140402\checkpoints\HybridPINNLSTMModel_epoch_116.pt
2025-04-15 14:11:45,353 - src.training.trainer - INFO - 監控指標未改善，已連續 32 輪。最佳值: 0.831643, 當前值: 1.260042
2025-04-15 14:11:45,353 - src.training.trainer - INFO - 檢測到訓練停滯，嘗試重啟訓練...
2025-04-15 14:11:49,260 - src.training.trainer - INFO - 輪次 117/200 - 訓練損失: 0.572233 - 驗證損失: 1.127773 - rmse: 1290.169312 - r2: -2.014663 - mae: 1044.400269 - 學習率: 0.002000 - 時間: 3.91秒
2025-04-15 14:11:49,265 - src.training.trainer - INFO - 監控指標未改善，已連續 31 輪。最佳值: 0.831643, 當前值: 1.127773
2025-04-15 14:11:53,060 - src.training.trainer - INFO - 監控指標未改善，已連續 32 輪。最佳值: 0.831643, 當前值: 0.937176
2025-04-15 14:11:57,117 - src.training.trainer - INFO - 輪次 119/200 - 訓練損失: 0.579208 - 驗證損失: 1.753965 - rmse: 1331.812988 - r2: -2.212416 - mae: 1091.303467 - 學習率: 0.002000 - 時間: 4.06秒
2025-04-15 14:11:57,120 - src.training.trainer - INFO - 監控指標未改善，已連續 33 輪。最佳值: 0.831643, 當前值: 1.753965
2025-04-15 14:12:01,055 - src.training.trainer - INFO - 監控指標未改善，已連續 34 輪。最佳值: 0.831643, 當前值: 1.330836
2025-04-15 14:12:04,738 - src.training.trainer - INFO - 輪次 121/200 - 訓練損失: 0.588647 - 驗證損失: 1.066413 - rmse: 1271.776123 - r2: -1.929319 - mae: 1017.641541 - 學習率: 0.002000 - 時間: 3.68秒
2025-04-15 14:12:04,764 - src.training.callbacks - INFO - 模型檢查點已保存至 outputs\hybrid_model\HybridPINNLSTMModel_20250415_140402\checkpoints\HybridPINNLSTMModel_epoch_121.pt
2025-04-15 14:12:04,768 - src.training.trainer - INFO - 監控指標未改善，已連續 35 輪。最佳值: 0.831643, 當前值: 1.066413
2025-04-15 14:12:04,768 - src.training.trainer - INFO - 檢測到訓練停滯，嘗試重啟訓練...
2025-04-15 14:12:08,708 - src.training.trainer - INFO - 監控指標未改善，已連續 34 輪。最佳值: 0.831643, 當前值: 1.166431
2025-04-15 14:12:12,656 - src.training.trainer - INFO - 輪次 123/200 - 訓練損失: 0.587884 - 驗證損失: 1.061976 - rmse: 1269.737183 - r2: -1.919934 - mae: 1013.994812 - 學習率: 0.002000 - 時間: 3.95秒
2025-04-15 14:12:12,659 - src.training.trainer - INFO - 監控指標未改善，已連續 35 輪。最佳值: 0.831643, 當前值: 1.061976
2025-04-15 14:12:16,526 - src.training.trainer - INFO - 監控指標未改善，已連續 36 輪。最佳值: 0.831643, 當前值: 1.266313
2025-04-15 14:12:20,280 - src.training.trainer - INFO - 輪次 125/200 - 訓練損失: 0.569983 - 驗證損失: 1.162263 - rmse: 1274.662720 - r2: -1.942632 - mae: 1015.828796 - 學習率: 0.002000 - 時間: 3.75秒
2025-04-15 14:12:20,284 - src.training.trainer - INFO - 監控指標未改善，已連續 37 輪。最佳值: 0.831643, 當前值: 1.162263
2025-04-15 14:12:24,113 - src.training.callbacks - INFO - 模型檢查點已保存至 outputs\hybrid_model\HybridPINNLSTMModel_20250415_140402\checkpoints\HybridPINNLSTMModel_epoch_126.pt
2025-04-15 14:12:24,117 - src.training.trainer - INFO - 監控指標未改善，已連續 38 輪。最佳值: 0.831643, 當前值: 1.227506
2025-04-15 14:12:24,117 - src.training.trainer - INFO - 檢測到訓練停滯，嘗試重啟訓練...
2025-04-15 14:12:28,097 - src.training.trainer - INFO - 輪次 127/200 - 訓練損失: 0.589380 - 驗證損失: 0.860177 - rmse: 1241.084717 - r2: -1.789640 - mae: 983.776184 - 學習率: 0.002000 - 時間: 3.98秒
2025-04-15 14:12:28,102 - src.training.trainer - INFO - 監控指標未改善，已連續 37 輪。最佳值: 0.831643, 當前值: 0.860177
2025-04-15 14:12:31,897 - src.training.trainer - INFO - 監控指標未改善，已連續 38 輪。最佳值: 0.831643, 當前值: 1.458823
2025-04-15 14:12:35,647 - src.training.trainer - INFO - 輪次 129/200 - 訓練損失: 0.574042 - 驗證損失: 1.491936 - rmse: 1321.584473 - r2: -2.163262 - mae: 1082.438110 - 學習率: 0.002000 - 時間: 3.75秒
2025-04-15 14:12:35,653 - src.training.trainer - INFO - 監控指標未改善，已連續 39 輪。最佳值: 0.831643, 當前值: 1.491936
2025-04-15 14:12:39,563 - src.training.trainer - INFO - 監控指標未改善，已連續 40 輪。最佳值: 0.831643, 當前值: 1.334123
2025-04-15 14:12:39,564 - src.training.trainer - INFO - 早停觸發！40 輪未改善
2025-04-15 14:12:39,564 - src.training.trainer - INFO - 早停觸發，在輪次 130 停止訓練
2025-04-15 14:12:39,564 - src.training.trainer - INFO - 訓練完成，總時間: 517.14秒
2025-04-15 14:12:39,585 - __main__ - INFO - 訓練完成，最終模型已保存至: outputs/hybrid_model\models\final_model.pt
2025-04-15 14:12:39,600 - __main__ - WARNING - 合併輸出 l2_penalty 時出錯: zero-dimensional arrays cannot be concatenated
2025-04-15 14:12:39,605 - src.utils.metrics - INFO - Model: HybridPINNLSTMModel
RMSE: 1963.2065
R2: -5.7263
MAE: 1822.0884
MAPE: 95.71%
Relative Error (Mean): 95.71%
Relative Error (Median): 95.98%
Relative Error (90th percentile): 96.29%
Log RMSE: 1.3716
2025-04-15 14:12:39,609 - __main__ - INFO - 評估指標已保存至: outputs/hybrid_model\evaluation\metrics.csv
2025-04-15 14:12:39,610 - __main__ - INFO - 生成視覺化結果...
2025-04-15 14:12:40,516 - src.utils.visualization - INFO - 圖像已保存至: outputs/hybrid_model\evaluation\visualizations\prediction_vs_true.png
2025-04-15 14:12:41,189 - src.utils.visualization - INFO - 圖像已保存至: outputs/hybrid_model\evaluation\visualizations\delta_w_prediction.png
2025-04-15 14:12:41,327 - __main__ - ERROR - 執行過程中發生錯誤: unsupported operand type(s) for -: 'numpy.ndarray' and 'Tensor'
Traceback (most recent call last):
  File "C:\Users\a\Desktop\畢業論文\CAE\code\pinnlstm_code_sacq_5\scripts\train.py", line 724, in <module>
    main()
  File "C:\Users\a\Desktop\畢業論文\CAE\code\pinnlstm_code_sacq_5\scripts\train.py", line 717, in main
    evaluate_trained_model(model, data_dict, device, output_dir)
  File "C:\Users\a\Desktop\畢業論文\CAE\code\pinnlstm_code_sacq_5\scripts\train.py", line 600, in evaluate_trained_model
    fig = plot_physical_constraint_validation(
  File "C:\Users\a\Desktop\畢業論文\CAE\code\pinnlstm_code_sacq_5\src\utils\visualization.py", line 484, in plot_physical_constraint_validation
    relative_error = np.abs((nf_values - y_theory_at_x) / y_theory_at_x) * 100
TypeError: unsupported operand type(s) for -: 'numpy.ndarray' and 'Tensor'
2025-04-15 14:12:41,337 - __main__ - ERROR - 詳細錯誤追蹤: Traceback (most recent call last):
  File "C:\Users\a\Desktop\畢業論文\CAE\code\pinnlstm_code_sacq_5\scripts\train.py", line 724, in <module>
    main()
  File "C:\Users\a\Desktop\畢業論文\CAE\code\pinnlstm_code_sacq_5\scripts\train.py", line 717, in main
    evaluate_trained_model(model, data_dict, device, output_dir)
  File "C:\Users\a\Desktop\畢業論文\CAE\code\pinnlstm_code_sacq_5\scripts\train.py", line 600, in evaluate_trained_model
    fig = plot_physical_constraint_validation(
  File "C:\Users\a\Desktop\畢業論文\CAE\code\pinnlstm_code_sacq_5\src\utils\visualization.py", line 484, in plot_physical_constraint_validation
    relative_error = np.abs((nf_values - y_theory_at_x) / y_theory_at_x) * 100
TypeError: unsupported operand type(s) for -: 'numpy.ndarray' and 'Tensor'

