2025-04-17 14:32:01,178 - __main__ - INFO - 成功載入配置文件: configs/model_config.yaml
2025-04-17 14:32:01,197 - __main__ - INFO - 成功載入配置文件: configs/train_config.yaml
2025-04-17 14:32:01,200 - __main__ - INFO - 已設定隨機種子: 42
2025-04-17 14:32:01,200 - __main__ - INFO - 使用計算設備: cpu
2025-04-17 14:32:01,201 - __main__ - INFO - 輸出目錄: outputs/hybrid_model
2025-04-17 14:32:01,202 - __main__ - INFO - 載入資料: data/raw/Training_data_warpage_final_20250321_v1.2.csv
2025-04-17 14:32:01,205 - src.data.preprocess - INFO - 成功載入資料檔案: data/raw/Training_data_warpage_final_20250321_v1.2.csv，共 81 筆資料，18 個欄位
2025-04-17 14:32:01,208 - src.data.preprocess - INFO - 標準化完成，特徵數量: 5
2025-04-17 14:32:01,211 - src.data.preprocess - INFO - 時間序列資料準備完成，形狀: (81, 4, 2)
2025-04-17 14:32:01,213 - src.data.preprocess - INFO - 資料分割完成 - 訓練集: 56 樣本, 驗證集: 12 樣本, 測試集: 13 樣本
2025-04-17 14:32:01,213 - src.data.preprocess - INFO - 完整資料處理流程完成
2025-04-17 14:32:01,213 - __main__ - INFO - 資料分割完成, 訓練集: 56 樣本, 驗證集: 12 樣本, 測試集: 13 樣本
2025-04-17 14:32:01,214 - __main__ - INFO - 應用資料增強...
2025-04-17 14:32:01,214 - src.data.dataset - INFO - 進行資料增強，原始訓練集大小: 56 樣本
2025-04-17 14:32:01,371 - src.data.dataset - INFO - 資料增強完成，增強後的訓練集大小: 940 樣本
2025-04-17 14:32:01,372 - __main__ - INFO - 資料增強完成，增強後的訓練集大小: 940 樣本
2025-04-17 14:32:01,372 - __main__ - ERROR - 執行過程中發生錯誤: __init__() got an unexpected keyword argument 'hidden_dim'
Traceback (most recent call last):
  File "C:\Users\a\Desktop\畢業論文\CAE\code\pinnlstm_code_sacq_5\scripts\train.py", line 718, in <module>
    main()
  File "C:\Users\a\Desktop\畢業論文\CAE\code\pinnlstm_code_sacq_5\scripts\train.py", line 702, in main
    model = create_model(config, model_type=args.model_type, use_physics=not args.no_physics)
  File "C:\Users\a\Desktop\畢業論文\CAE\code\pinnlstm_code_sacq_5\scripts\train.py", line 158, in create_model
    model = HybridPINNLSTMModel(
TypeError: __init__() got an unexpected keyword argument 'hidden_dim'
2025-04-17 14:32:01,373 - __main__ - ERROR - 詳細錯誤追蹤: Traceback (most recent call last):
  File "C:\Users\a\Desktop\畢業論文\CAE\code\pinnlstm_code_sacq_5\scripts\train.py", line 718, in <module>
    main()
  File "C:\Users\a\Desktop\畢業論文\CAE\code\pinnlstm_code_sacq_5\scripts\train.py", line 702, in main
    model = create_model(config, model_type=args.model_type, use_physics=not args.no_physics)
  File "C:\Users\a\Desktop\畢業論文\CAE\code\pinnlstm_code_sacq_5\scripts\train.py", line 158, in create_model
    model = HybridPINNLSTMModel(
TypeError: __init__() got an unexpected keyword argument 'hidden_dim'

