2025-04-14 16:24:48,293 - __main__ - INFO - 成功載入配置文件: configs/model_config.yaml
2025-04-14 16:24:48,311 - __main__ - INFO - 成功載入配置文件: configs/train_config.yaml
2025-04-14 16:24:48,313 - __main__ - INFO - 已設定隨機種子: 42
2025-04-14 16:24:48,313 - __main__ - INFO - 使用計算設備: cpu
2025-04-14 16:24:48,315 - __main__ - INFO - 輸出目錄: outputs/hybrid_model
2025-04-14 16:24:48,315 - __main__ - INFO - 載入資料: data/raw/Training_data_warpage_final_20250321_v1.2.csv
2025-04-14 16:24:48,319 - src.data.preprocess - INFO - 成功載入資料檔案: data/raw/Training_data_warpage_final_20250321_v1.2.csv，共 81 筆資料，18 個欄位
2025-04-14 16:24:48,321 - src.data.preprocess - INFO - 標準化完成，特徵數量: 5
2025-04-14 16:24:48,323 - src.data.preprocess - INFO - 時間序列資料準備完成，形狀: (81, 4, 2)
2025-04-14 16:24:48,323 - src.data.preprocess - INFO - 資料分割完成 - 訓練集: 56 樣本, 驗證集: 12 樣本, 測試集: 13 樣本
2025-04-14 16:24:48,325 - src.data.preprocess - INFO - 完整資料處理流程完成
2025-04-14 16:24:48,325 - __main__ - INFO - 資料分割完成, 訓練集: 56 樣本, 驗證集: 12 樣本, 測試集: 13 樣本
2025-04-14 16:24:48,325 - __main__ - INFO - 應用資料增強...
2025-04-14 16:24:48,325 - src.data.dataset - INFO - 進行資料增強，原始訓練集大小: 56 樣本
2025-04-14 16:24:48,460 - src.data.dataset - INFO - 資料增強完成，增強後的訓練集大小: 626 樣本
2025-04-14 16:24:48,460 - __main__ - INFO - 資料增強完成，增強後的訓練集大小: 626 樣本
2025-04-14 16:24:48,476 - __main__ - INFO - 創建混合PINN-LSTM模型，使用物理約束: True，融合方法: weighted
2025-04-14 16:24:48,478 - src.data.dataset - INFO - 已創建資料載入器 - 訓練: 626 樣本, 驗證: 12 樣本, 測試: 13 樣本, 批次大小: 8
2025-04-14 16:24:50,122 - src.training.trainer - INFO - 創建adamw優化器，學習率: 0.002，權重衰減: 0.0005
2025-04-14 16:24:50,122 - src.training.losses - INFO - 初始化HybridLoss: lambda_physics=0.1, lambda_consistency=0.1, delta_w_weight=1.5
2025-04-14 16:24:50,122 - src.training.losses - INFO - 初始化AdaptiveHybridLoss: physics權重從0.1增加到1.0, consistency權重從0.1增加到0.5, delta_w權重從1.5增加到3.0, 在40個輪次內達到最大值, 預熱輪次: 5, 調整方案: linear
2025-04-14 16:24:50,122 - src.training.trainer - WARNING - 不支援的學習率調度器類型: one_cycle，不使用學習率調度
2025-04-14 16:24:50,124 - src.training.callbacks - INFO - 初始化ModelCheckpoint: 保存目錄=outputs\hybrid_model\HybridPINNLSTMModel_20250414_162450\checkpoints, 保存頻率=5, 只保存最佳=False, 監控指標=val_loss, 模式=min
2025-04-14 16:24:50,124 - src.training.callbacks - INFO - 初始化LossHistory: 保存路徑=outputs\hybrid_model\HybridPINNLSTMModel_20250414_162450\history.json, 保存頻率=1
2025-04-14 16:24:50,126 - src.training.trainer - INFO - 初始化訓練器完成，模型: HybridPINNLSTMModel, 優化器: AdamW, 設備: cpu
2025-04-14 16:24:50,128 - __main__ - INFO - 開始訓練，總輪數: 450
2025-04-14 16:24:50,128 - src.training.trainer - INFO - 開始訓練，總輪數: 450
2025-04-14 16:24:52,510 - src.training.trainer - INFO - 輪次 1/450 - 訓練損失: 14827518566.958719 - 驗證損失: 5529.118530 - rmse: 83830.375000 - r2: -12726.648438 - mae: 39154.449219 - 學習率: 0.002000 - 時間: 2.38秒
2025-04-14 16:24:52,540 - src.training.callbacks - INFO - 模型檢查點已保存至 outputs\hybrid_model\HybridPINNLSTMModel_20250414_162450\checkpoints\HybridPINNLSTMModel_epoch_001.pt
2025-04-14 16:24:52,549 - src.training.trainer - INFO - 監控指標改善，模型已保存至 outputs/hybrid_model\models\best_model.pt
2025-04-14 16:24:54,963 - src.training.trainer - INFO - 監控指標改善，模型已保存至 outputs/hybrid_model\models\best_model.pt
2025-04-14 16:24:57,389 - src.training.trainer - INFO - 輪次 3/450 - 訓練損失: 25.049457 - 驗證損失: 25.893735 - rmse: 1386.794556 - r2: -2.483130 - mae: 1170.919312 - 學習率: 0.002000 - 時間: 2.43秒
2025-04-14 16:24:57,403 - src.training.trainer - INFO - 監控指標改善，模型已保存至 outputs/hybrid_model\models\best_model.pt
2025-04-14 16:25:00,064 - src.training.trainer - INFO - 監控指標改善，模型已保存至 outputs/hybrid_model\models\best_model.pt
2025-04-14 16:25:02,769 - src.training.trainer - INFO - 輪次 5/450 - 訓練損失: 5.107300 - 驗證損失: 5.553593 - rmse: 1379.006714 - r2: -2.444119 - mae: 1161.137085 - 學習率: 0.002000 - 時間: 2.71秒
2025-04-14 16:25:02,779 - src.training.trainer - INFO - 監控指標改善，模型已保存至 outputs/hybrid_model\models\best_model.pt
2025-04-14 16:25:05,557 - src.training.callbacks - INFO - 模型檢查點已保存至 outputs\hybrid_model\HybridPINNLSTMModel_20250414_162450\checkpoints\HybridPINNLSTMModel_epoch_006.pt
2025-04-14 16:25:05,569 - src.training.trainer - INFO - 監控指標改善，模型已保存至 outputs/hybrid_model\models\best_model.pt
2025-04-14 16:25:08,160 - src.training.trainer - INFO - 輪次 7/450 - 訓練損失: 3.554831 - 驗證損失: 4.158099 - rmse: 1367.676636 - r2: -2.387757 - mae: 1149.047974 - 學習率: 0.002000 - 時間: 2.59秒
2025-04-14 16:25:08,172 - src.training.trainer - INFO - 監控指標改善，模型已保存至 outputs/hybrid_model\models\best_model.pt
2025-04-14 16:25:10,682 - src.training.trainer - INFO - 監控指標改善，模型已保存至 outputs/hybrid_model\models\best_model.pt
2025-04-14 16:25:13,026 - src.training.trainer - INFO - 輪次 9/450 - 訓練損失: 2.461467 - 驗證損失: 2.250004 - rmse: 1253.829834 - r2: -1.847230 - mae: 975.288574 - 學習率: 0.002000 - 時間: 2.34秒
2025-04-14 16:25:13,035 - src.training.trainer - INFO - 監控指標改善，模型已保存至 outputs/hybrid_model\models\best_model.pt
2025-04-14 16:25:15,528 - src.training.trainer - INFO - 監控指標改善，模型已保存至 outputs/hybrid_model\models\best_model.pt
2025-04-14 16:25:18,040 - src.training.trainer - INFO - 輪次 11/450 - 訓練損失: 1.993756 - 驗證損失: 1.993045 - rmse: 1262.024902 - r2: -1.884571 - mae: 1026.922119 - 學習率: 0.002000 - 時間: 2.51秒
2025-04-14 16:25:18,058 - src.training.callbacks - INFO - 模型檢查點已保存至 outputs\hybrid_model\HybridPINNLSTMModel_20250414_162450\checkpoints\HybridPINNLSTMModel_epoch_011.pt
2025-04-14 16:25:18,071 - src.training.trainer - INFO - 監控指標改善，模型已保存至 outputs/hybrid_model\models\best_model.pt
2025-04-14 16:25:20,826 - src.training.trainer - INFO - 監控指標改善，模型已保存至 outputs/hybrid_model\models\best_model.pt
2025-04-14 16:25:23,413 - src.training.trainer - INFO - 輪次 13/450 - 訓練損失: 1.639390 - 驗證損失: 2.824282 - rmse: 1354.750854 - r2: -2.324025 - mae: 1128.984497 - 學習率: 0.002000 - 時間: 2.59秒
2025-04-14 16:25:23,422 - src.training.trainer - INFO - 監控指標改善，模型已保存至 outputs/hybrid_model\models\best_model.pt
2025-04-14 16:25:26,085 - src.training.trainer - INFO - 監控指標改善，模型已保存至 outputs/hybrid_model\models\best_model.pt
2025-04-14 16:25:28,854 - src.training.trainer - INFO - 輪次 15/450 - 訓練損失: 1.416912 - 驗證損失: 3.291603 - rmse: 1365.045044 - r2: -2.374732 - mae: 1145.876587 - 學習率: 0.002000 - 時間: 2.77秒
2025-04-14 16:25:28,866 - src.training.trainer - INFO - 監控指標改善，模型已保存至 outputs/hybrid_model\models\best_model.pt
2025-04-14 16:25:31,823 - src.training.callbacks - INFO - 模型檢查點已保存至 outputs\hybrid_model\HybridPINNLSTMModel_20250414_162450\checkpoints\HybridPINNLSTMModel_epoch_016.pt
2025-04-14 16:25:31,837 - src.training.trainer - INFO - 監控指標改善，模型已保存至 outputs/hybrid_model\models\best_model.pt
2025-04-14 16:25:34,601 - src.training.trainer - INFO - 輪次 17/450 - 訓練損失: 1.208261 - 驗證損失: 2.978833 - rmse: 1361.495117 - r2: -2.357203 - mae: 1141.637329 - 學習率: 0.002000 - 時間: 2.76秒
2025-04-14 16:25:34,611 - src.training.trainer - INFO - 監控指標改善，模型已保存至 outputs/hybrid_model\models\best_model.pt
2025-04-14 16:25:37,545 - src.training.trainer - INFO - 監控指標改善，模型已保存至 outputs/hybrid_model\models\best_model.pt
2025-04-14 16:25:40,327 - src.training.trainer - INFO - 輪次 19/450 - 訓練損失: 1.097910 - 驗證損失: 2.206770 - rmse: 1341.700928 - r2: -2.260294 - mae: 1116.305664 - 學習率: 0.002000 - 時間: 2.78秒
2025-04-14 16:25:40,337 - src.training.trainer - INFO - 監控指標改善，模型已保存至 outputs/hybrid_model\models\best_model.pt
2025-04-14 16:25:43,299 - src.training.trainer - INFO - 監控指標改善，模型已保存至 outputs/hybrid_model\models\best_model.pt
2025-04-14 16:25:46,265 - src.training.trainer - INFO - 輪次 21/450 - 訓練損失: 0.968448 - 驗證損失: 1.504317 - rmse: 1296.332886 - r2: -2.043536 - mae: 1063.850952 - 學習率: 0.002000 - 時間: 2.97秒
2025-04-14 16:25:46,296 - src.training.callbacks - INFO - 模型檢查點已保存至 outputs\hybrid_model\HybridPINNLSTMModel_20250414_162450\checkpoints\HybridPINNLSTMModel_epoch_021.pt
2025-04-14 16:25:46,309 - src.training.trainer - INFO - 監控指標改善，模型已保存至 outputs/hybrid_model\models\best_model.pt
2025-04-14 16:25:50,200 - src.training.trainer - INFO - 監控指標改善，模型已保存至 outputs/hybrid_model\models\best_model.pt
2025-04-14 16:25:54,075 - src.training.trainer - INFO - 輪次 23/450 - 訓練損失: 0.901715 - 驗證損失: 1.482392 - rmse: 1306.566895 - r2: -2.091781 - mae: 1077.705933 - 學習率: 0.002000 - 時間: 3.88秒
2025-04-14 16:25:54,092 - src.training.trainer - INFO - 監控指標改善，模型已保存至 outputs/hybrid_model\models\best_model.pt
2025-04-14 16:25:58,073 - src.training.trainer - INFO - 監控指標改善，模型已保存至 outputs/hybrid_model\models\best_model.pt
2025-04-14 16:26:01,619 - src.training.trainer - INFO - 輪次 25/450 - 訓練損失: 0.809245 - 驗證損失: 2.217342 - rmse: 1346.789062 - r2: -2.285069 - mae: 1122.704834 - 學習率: 0.002000 - 時間: 3.55秒
2025-04-14 16:26:01,629 - src.training.trainer - INFO - 監控指標改善，模型已保存至 outputs/hybrid_model\models\best_model.pt
2025-04-14 16:26:04,593 - src.training.callbacks - INFO - 模型檢查點已保存至 outputs\hybrid_model\HybridPINNLSTMModel_20250414_162450\checkpoints\HybridPINNLSTMModel_epoch_026.pt
2025-04-14 16:26:04,605 - src.training.trainer - INFO - 監控指標改善，模型已保存至 outputs/hybrid_model\models\best_model.pt
2025-04-14 16:26:07,074 - src.training.trainer - INFO - 輪次 27/450 - 訓練損失: 0.756148 - 驗證損失: 1.359727 - rmse: 1302.709961 - r2: -2.073554 - mae: 1071.456421 - 學習率: 0.002000 - 時間: 2.47秒
2025-04-14 16:26:07,088 - src.training.trainer - INFO - 監控指標改善，模型已保存至 outputs/hybrid_model\models\best_model.pt
2025-04-14 16:26:09,911 - src.training.trainer - INFO - 監控指標改善，模型已保存至 outputs/hybrid_model\models\best_model.pt
2025-04-14 16:26:12,437 - src.training.trainer - INFO - 輪次 29/450 - 訓練損失: 0.699050 - 驗證損失: 1.394813 - rmse: 1311.444458 - r2: -2.114908 - mae: 1079.580933 - 學習率: 0.002000 - 時間: 2.53秒
2025-04-14 16:26:12,447 - src.training.trainer - INFO - 監控指標改善，模型已保存至 outputs/hybrid_model\models\best_model.pt
2025-04-14 16:26:15,024 - src.training.trainer - INFO - 監控指標改善，模型已保存至 outputs/hybrid_model\models\best_model.pt
2025-04-14 16:26:17,521 - src.training.trainer - INFO - 輪次 31/450 - 訓練損失: 0.647944 - 驗證損失: 1.489933 - rmse: 1320.234253 - r2: -2.156802 - mae: 1085.388306 - 學習率: 0.002000 - 時間: 2.50秒
2025-04-14 16:26:17,539 - src.training.callbacks - INFO - 模型檢查點已保存至 outputs\hybrid_model\HybridPINNLSTMModel_20250414_162450\checkpoints\HybridPINNLSTMModel_epoch_031.pt
2025-04-14 16:26:17,551 - src.training.trainer - INFO - 監控指標改善，模型已保存至 outputs/hybrid_model\models\best_model.pt
2025-04-14 16:26:20,134 - src.training.trainer - INFO - 監控指標改善，模型已保存至 outputs/hybrid_model\models\best_model.pt
2025-04-14 16:26:22,761 - src.training.trainer - INFO - 輪次 33/450 - 訓練損失: 0.618063 - 驗證損失: 2.109230 - rmse: 1344.843872 - r2: -2.275587 - mae: 1118.536133 - 學習率: 0.002000 - 時間: 2.63秒
2025-04-14 16:26:22,773 - src.training.trainer - INFO - 監控指標改善，模型已保存至 outputs/hybrid_model\models\best_model.pt
2025-04-14 16:26:25,287 - src.training.trainer - INFO - 監控指標改善，模型已保存至 outputs/hybrid_model\models\best_model.pt
2025-04-14 16:26:27,868 - src.training.trainer - INFO - 輪次 35/450 - 訓練損失: 0.597172 - 驗證損失: 1.761307 - rmse: 1332.794312 - r2: -2.217152 - mae: 1106.449951 - 學習率: 0.002000 - 時間: 2.58秒
2025-04-14 16:26:27,878 - src.training.trainer - INFO - 監控指標改善，模型已保存至 outputs/hybrid_model\models\best_model.pt
2025-04-14 16:26:30,463 - src.training.callbacks - INFO - 模型檢查點已保存至 outputs\hybrid_model\HybridPINNLSTMModel_20250414_162450\checkpoints\HybridPINNLSTMModel_epoch_036.pt
2025-04-14 16:26:30,477 - src.training.trainer - INFO - 監控指標改善，模型已保存至 outputs/hybrid_model\models\best_model.pt
2025-04-14 16:26:33,035 - src.training.trainer - INFO - 輪次 37/450 - 訓練損失: 0.584256 - 驗證損失: 1.442096 - rmse: 1316.644043 - r2: -2.139657 - mae: 1080.856812 - 學習率: 0.002000 - 時間: 2.56秒
2025-04-14 16:26:33,049 - src.training.trainer - INFO - 監控指標改善，模型已保存至 outputs/hybrid_model\models\best_model.pt
2025-04-14 16:26:35,409 - src.training.trainer - INFO - 監控指標改善，模型已保存至 outputs/hybrid_model\models\best_model.pt
2025-04-14 16:26:37,606 - src.training.trainer - INFO - 輪次 39/450 - 訓練損失: 0.557207 - 驗證損失: 2.001374 - rmse: 1344.920654 - r2: -2.275961 - mae: 1118.682983 - 學習率: 0.002000 - 時間: 2.20秒
2025-04-14 16:26:37,618 - src.training.trainer - INFO - 監控指標改善，模型已保存至 outputs/hybrid_model\models\best_model.pt
2025-04-14 16:26:39,838 - src.training.trainer - INFO - 監控指標改善，模型已保存至 outputs/hybrid_model\models\best_model.pt
2025-04-14 16:26:42,221 - src.training.trainer - INFO - 輪次 41/450 - 訓練損失: 0.544303 - 驗證損失: 1.259359 - rmse: 1305.780396 - r2: -2.088059 - mae: 1062.799561 - 學習率: 0.002000 - 時間: 2.38秒
2025-04-14 16:26:42,239 - src.training.callbacks - INFO - 模型檢查點已保存至 outputs\hybrid_model\HybridPINNLSTMModel_20250414_162450\checkpoints\HybridPINNLSTMModel_epoch_041.pt
2025-04-14 16:26:42,252 - src.training.trainer - INFO - 監控指標改善，模型已保存至 outputs/hybrid_model\models\best_model.pt
2025-04-14 16:26:44,614 - src.training.trainer - INFO - 監控指標改善，模型已保存至 outputs/hybrid_model\models\best_model.pt
2025-04-14 16:26:47,251 - src.training.trainer - INFO - 輪次 43/450 - 訓練損失: 0.527604 - 驗證損失: 2.040305 - rmse: 1346.247437 - r2: -2.282427 - mae: 1120.516113 - 學習率: 0.002000 - 時間: 2.64秒
2025-04-14 16:26:47,264 - src.training.trainer - INFO - 監控指標改善，模型已保存至 outputs/hybrid_model\models\best_model.pt
2025-04-14 16:26:50,100 - src.training.trainer - INFO - 監控指標改善，模型已保存至 outputs/hybrid_model\models\best_model.pt
2025-04-14 16:26:53,743 - src.training.trainer - INFO - 輪次 45/450 - 訓練損失: 0.519781 - 驗證損失: 1.151170 - rmse: 1287.924072 - r2: -2.004179 - mae: 1047.564209 - 學習率: 0.002000 - 時間: 3.64秒
2025-04-14 16:26:53,753 - src.training.trainer - INFO - 監控指標改善，模型已保存至 outputs/hybrid_model\models\best_model.pt
2025-04-14 16:26:56,390 - src.training.callbacks - INFO - 模型檢查點已保存至 outputs\hybrid_model\HybridPINNLSTMModel_20250414_162450\checkpoints\HybridPINNLSTMModel_epoch_046.pt
2025-04-14 16:26:56,400 - src.training.trainer - INFO - 監控指標改善，模型已保存至 outputs/hybrid_model\models\best_model.pt
2025-04-14 16:26:58,939 - src.training.trainer - INFO - 輪次 47/450 - 訓練損失: 0.499921 - 驗證損失: 1.590319 - rmse: 1326.496948 - r2: -2.186822 - mae: 1092.577515 - 學習率: 0.002000 - 時間: 2.54秒
2025-04-14 16:26:58,951 - src.training.trainer - INFO - 監控指標改善，模型已保存至 outputs/hybrid_model\models\best_model.pt
2025-04-14 16:27:01,323 - src.training.trainer - INFO - 監控指標改善，模型已保存至 outputs/hybrid_model\models\best_model.pt
2025-04-14 16:27:03,781 - src.training.trainer - INFO - 輪次 49/450 - 訓練損失: 0.491212 - 驗證損失: 1.414305 - rmse: 1315.132690 - r2: -2.132452 - mae: 1076.997559 - 學習率: 0.002000 - 時間: 2.46秒
2025-04-14 16:27:03,789 - src.training.trainer - INFO - 監控指標改善，模型已保存至 outputs/hybrid_model\models\best_model.pt
2025-04-14 16:27:06,154 - src.training.trainer - INFO - 監控指標改善，模型已保存至 outputs/hybrid_model\models\best_model.pt
2025-04-14 16:27:08,515 - src.training.trainer - INFO - 輪次 51/450 - 訓練損失: 0.494817 - 驗證損失: 1.378347 - rmse: 1313.227295 - r2: -2.123383 - mae: 1071.392700 - 學習率: 0.002000 - 時間: 2.36秒
2025-04-14 16:27:08,545 - src.training.callbacks - INFO - 模型檢查點已保存至 outputs\hybrid_model\HybridPINNLSTMModel_20250414_162450\checkpoints\HybridPINNLSTMModel_epoch_051.pt
2025-04-14 16:27:08,549 - src.training.trainer - INFO - min模式下監控指標改善
2025-04-14 16:27:08,555 - src.training.trainer - INFO - 監控指標改善，模型已保存至 outputs/hybrid_model\models\best_model.pt
2025-04-14 16:27:10,811 - src.training.trainer - INFO - 監控指標未改善，已連續 1 輪。最佳值: 1.378347, 當前值: 1.658195
2025-04-14 16:27:13,191 - src.training.trainer - INFO - 輪次 53/450 - 訓練損失: 0.478526 - 驗證損失: 1.343012 - rmse: 1312.034912 - r2: -2.117713 - mae: 1079.047363 - 學習率: 0.002000 - 時間: 2.38秒
2025-04-14 16:27:13,195 - src.training.trainer - INFO - min模式下監控指標改善, 從 1.378347 改善到 1.343012
2025-04-14 16:27:13,201 - src.training.trainer - INFO - 監控指標改善，模型已保存至 outputs/hybrid_model\models\best_model.pt
2025-04-14 16:27:15,359 - src.training.trainer - INFO - 監控指標未改善，已連續 1 輪。最佳值: 1.343012, 當前值: 1.409190
2025-04-14 16:27:17,745 - src.training.trainer - INFO - 輪次 55/450 - 訓練損失: 0.470784 - 驗證損失: 1.643357 - rmse: 1325.308594 - r2: -2.181115 - mae: 1090.234253 - 學習率: 0.002000 - 時間: 2.39秒
2025-04-14 16:27:17,748 - src.training.trainer - INFO - 監控指標未改善，已連續 2 輪。最佳值: 1.343012, 當前值: 1.643357
2025-04-14 16:27:20,230 - src.training.callbacks - INFO - 模型檢查點已保存至 outputs\hybrid_model\HybridPINNLSTMModel_20250414_162450\checkpoints\HybridPINNLSTMModel_epoch_056.pt
2025-04-14 16:27:20,236 - src.training.trainer - INFO - 監控指標未改善，已連續 3 輪。最佳值: 1.343012, 當前值: 1.594156
2025-04-14 16:27:22,772 - src.training.trainer - INFO - 輪次 57/450 - 訓練損失: 0.453662 - 驗證損失: 1.296315 - rmse: 1309.614746 - r2: -2.106222 - mae: 1068.940308 - 學習率: 0.002000 - 時間: 2.54秒
2025-04-14 16:27:22,775 - src.training.trainer - INFO - min模式下監控指標改善, 從 1.343012 改善到 1.296315
2025-04-14 16:27:22,782 - src.training.trainer - INFO - 監控指標改善，模型已保存至 outputs/hybrid_model\models\best_model.pt
2025-04-14 16:27:25,169 - src.training.trainer - INFO - min模式下監控指標改善, 從 1.296315 改善到 1.015522
2025-04-14 16:27:25,177 - src.training.trainer - INFO - 監控指標改善，模型已保存至 outputs/hybrid_model\models\best_model.pt
2025-04-14 16:27:27,685 - src.training.trainer - INFO - 輪次 59/450 - 訓練損失: 0.449886 - 驗證損失: 1.639951 - rmse: 1331.034424 - r2: -2.208661 - mae: 1096.620483 - 學習率: 0.002000 - 時間: 2.51秒
2025-04-14 16:27:27,687 - src.training.trainer - INFO - 監控指標未改善，已連續 1 輪。最佳值: 1.015522, 當前值: 1.639951
2025-04-14 16:27:30,412 - src.training.trainer - INFO - 監控指標未改善，已連續 2 輪。最佳值: 1.015522, 當前值: 1.211090
2025-04-14 16:27:32,827 - src.training.trainer - INFO - 輪次 61/450 - 訓練損失: 0.448887 - 驗證損失: 1.745891 - rmse: 1336.357056 - r2: -2.234375 - mae: 1105.532349 - 學習率: 0.002000 - 時間: 2.42秒
2025-04-14 16:27:32,848 - src.training.callbacks - INFO - 模型檢查點已保存至 outputs\hybrid_model\HybridPINNLSTMModel_20250414_162450\checkpoints\HybridPINNLSTMModel_epoch_061.pt
2025-04-14 16:27:32,851 - src.training.trainer - INFO - 監控指標未改善，已連續 3 輪。最佳值: 1.015522, 當前值: 1.745891
2025-04-14 16:27:35,362 - src.training.trainer - INFO - 監控指標未改善，已連續 4 輪。最佳值: 1.015522, 當前值: 1.931756
2025-04-14 16:27:38,276 - src.training.trainer - INFO - 輪次 63/450 - 訓練損失: 0.445769 - 驗證損失: 1.573094 - rmse: 1329.852783 - r2: -2.202967 - mae: 1097.218994 - 學習率: 0.002000 - 時間: 2.91秒
2025-04-14 16:27:38,280 - src.training.trainer - INFO - 監控指標未改善，已連續 5 輪。最佳值: 1.015522, 當前值: 1.573094
2025-04-14 16:27:38,280 - src.training.trainer - INFO - 檢測到訓練停滯，嘗試重啟訓練...
2025-04-14 16:27:41,268 - src.training.trainer - INFO - 監控指標未改善，已連續 4 輪。最佳值: 1.015522, 當前值: 1.211768
2025-04-14 16:27:44,015 - src.training.trainer - INFO - 輪次 65/450 - 訓練損失: 0.436413 - 驗證損失: 1.745576 - rmse: 1338.972168 - r2: -2.247046 - mae: 1110.338867 - 學習率: 0.002000 - 時間: 2.75秒
2025-04-14 16:27:44,019 - src.training.trainer - INFO - 監控指標未改善，已連續 5 輪。最佳值: 1.015522, 當前值: 1.745576
2025-04-14 16:27:46,633 - src.training.callbacks - INFO - 模型檢查點已保存至 outputs\hybrid_model\HybridPINNLSTMModel_20250414_162450\checkpoints\HybridPINNLSTMModel_epoch_066.pt
2025-04-14 16:27:46,637 - src.training.trainer - INFO - 監控指標未改善，已連續 6 輪。最佳值: 1.015522, 當前值: 1.736644
2025-04-14 16:27:49,477 - src.training.trainer - INFO - 輪次 67/450 - 訓練損失: 0.429187 - 驗證損失: 1.473600 - rmse: 1317.242554 - r2: -2.142511 - mae: 1079.471558 - 學習率: 0.002000 - 時間: 2.84秒
2025-04-14 16:27:49,481 - src.training.trainer - INFO - 監控指標未改善，已連續 7 輪。最佳值: 1.015522, 當前值: 1.473600
2025-04-14 16:27:52,850 - src.training.trainer - INFO - 監控指標未改善，已連續 8 輪。最佳值: 1.015522, 當前值: 1.422468
2025-04-14 16:27:52,850 - src.training.trainer - INFO - 檢測到訓練停滯，嘗試重啟訓練...
2025-04-14 16:27:55,455 - src.training.trainer - INFO - 輪次 69/450 - 訓練損失: 0.448813 - 驗證損失: 1.502098 - rmse: 1324.653687 - r2: -2.177972 - mae: 1092.453857 - 學習率: 0.002000 - 時間: 2.61秒
2025-04-14 16:27:55,458 - src.training.trainer - INFO - 監控指標未改善，已連續 7 輪。最佳值: 1.015522, 當前值: 1.502098
2025-04-14 16:27:58,613 - src.training.trainer - INFO - 監控指標未改善，已連續 8 輪。最佳值: 1.015522, 當前值: 1.678309
2025-04-14 16:28:01,428 - src.training.trainer - INFO - 輪次 71/450 - 訓練損失: 0.443530 - 驗證損失: 0.887762 - rmse: 1252.492554 - r2: -1.841160 - mae: 999.117493 - 學習率: 0.002000 - 時間: 2.81秒
2025-04-14 16:28:01,449 - src.training.callbacks - INFO - 模型檢查點已保存至 outputs\hybrid_model\HybridPINNLSTMModel_20250414_162450\checkpoints\HybridPINNLSTMModel_epoch_071.pt
2025-04-14 16:28:01,454 - src.training.trainer - INFO - min模式下監控指標改善, 從 1.015522 改善到 0.887762
2025-04-14 16:28:01,462 - src.training.trainer - INFO - 監控指標改善，模型已保存至 outputs/hybrid_model\models\best_model.pt
2025-04-14 16:28:04,455 - src.training.trainer - INFO - 監控指標未改善，已連續 1 輪。最佳值: 0.887762, 當前值: 1.126881
2025-04-14 16:28:07,286 - src.training.trainer - INFO - 輪次 73/450 - 訓練損失: 0.426954 - 驗證損失: 1.462459 - rmse: 1318.370972 - r2: -2.147898 - mae: 1081.256348 - 學習率: 0.002000 - 時間: 2.83秒
2025-04-14 16:28:07,289 - src.training.trainer - INFO - 監控指標未改善，已連續 2 輪。最佳值: 0.887762, 當前值: 1.462459
2025-04-14 16:28:09,882 - src.training.trainer - INFO - 監控指標未改善，已連續 3 輪。最佳值: 0.887762, 當前值: 1.331194
2025-04-14 16:28:12,954 - src.training.trainer - INFO - 輪次 75/450 - 訓練損失: 0.438529 - 驗證損失: 2.077896 - rmse: 1352.008179 - r2: -2.310579 - mae: 1126.762451 - 學習率: 0.002000 - 時間: 3.07秒
2025-04-14 16:28:12,958 - src.training.trainer - INFO - 監控指標未改善，已連續 4 輪。最佳值: 0.887762, 當前值: 2.077896
2025-04-14 16:28:15,702 - src.training.callbacks - INFO - 模型檢查點已保存至 outputs\hybrid_model\HybridPINNLSTMModel_20250414_162450\checkpoints\HybridPINNLSTMModel_epoch_076.pt
2025-04-14 16:28:15,707 - src.training.trainer - INFO - 監控指標未改善，已連續 5 輪。最佳值: 0.887762, 當前值: 1.341444
2025-04-14 16:28:15,707 - src.training.trainer - INFO - 檢測到訓練停滯，嘗試重啟訓練...
2025-04-14 16:28:18,636 - src.training.trainer - INFO - 輪次 77/450 - 訓練損失: 0.422793 - 驗證損失: 0.933789 - rmse: 1258.924561 - r2: -1.870416 - mae: 1010.117859 - 學習率: 0.002000 - 時間: 2.93秒
2025-04-14 16:28:18,640 - src.training.trainer - INFO - 監控指標未改善，已連續 4 輪。最佳值: 0.887762, 當前值: 0.933789
2025-04-14 16:28:21,793 - src.training.trainer - INFO - 監控指標未改善，已連續 5 輪。最佳值: 0.887762, 當前值: 2.060735
2025-04-14 16:28:24,409 - src.training.trainer - INFO - 輪次 79/450 - 訓練損失: 0.428237 - 驗證損失: 1.327671 - rmse: 1310.319458 - r2: -2.109565 - mae: 1075.081177 - 學習率: 0.002000 - 時間: 2.62秒
2025-04-14 16:28:24,413 - src.training.trainer - INFO - 監控指標未改善，已連續 6 輪。最佳值: 0.887762, 當前值: 1.327671
2025-04-14 16:28:27,345 - src.training.trainer - INFO - 監控指標未改善，已連續 7 輪。最佳值: 0.887762, 當前值: 1.635402
2025-04-14 16:28:30,439 - src.training.trainer - INFO - 輪次 81/450 - 訓練損失: 0.409074 - 驗證損失: 1.401062 - rmse: 1317.190918 - r2: -2.142265 - mae: 1081.160645 - 學習率: 0.002000 - 時間: 3.09秒
2025-04-14 16:28:30,461 - src.training.callbacks - INFO - 模型檢查點已保存至 outputs\hybrid_model\HybridPINNLSTMModel_20250414_162450\checkpoints\HybridPINNLSTMModel_epoch_081.pt
2025-04-14 16:28:30,467 - src.training.trainer - INFO - 監控指標未改善，已連續 8 輪。最佳值: 0.887762, 當前值: 1.401062
2025-04-14 16:28:30,467 - src.training.trainer - INFO - 檢測到訓練停滯，嘗試重啟訓練...
2025-04-14 16:28:33,801 - src.training.trainer - INFO - 監控指標未改善，已連續 7 輪。最佳值: 0.887762, 當前值: 2.627632
2025-04-14 16:28:36,386 - src.training.trainer - INFO - 輪次 83/450 - 訓練損失: 0.430782 - 驗證損失: 1.170938 - rmse: 1292.475098 - r2: -2.025448 - mae: 1045.242798 - 學習率: 0.002000 - 時間: 2.58秒
2025-04-14 16:28:36,389 - src.training.trainer - INFO - 監控指標未改善，已連續 8 輪。最佳值: 0.887762, 當前值: 1.170938
2025-04-14 16:28:39,041 - src.training.trainer - INFO - 監控指標未改善，已連續 9 輪。最佳值: 0.887762, 當前值: 1.346346
2025-04-14 16:28:41,959 - src.training.trainer - INFO - 輪次 85/450 - 訓練損失: 0.411770 - 驗證損失: 1.206920 - rmse: 1297.984253 - r2: -2.051295 - mae: 1060.196777 - 學習率: 0.002000 - 時間: 2.92秒
2025-04-14 16:28:41,962 - src.training.trainer - INFO - 監控指標未改善，已連續 10 輪。最佳值: 0.887762, 當前值: 1.206920
2025-04-14 16:28:44,945 - src.training.callbacks - INFO - 模型檢查點已保存至 outputs\hybrid_model\HybridPINNLSTMModel_20250414_162450\checkpoints\HybridPINNLSTMModel_epoch_086.pt
2025-04-14 16:28:44,950 - src.training.trainer - INFO - 監控指標未改善，已連續 11 輪。最佳值: 0.887762, 當前值: 2.049772
2025-04-14 16:28:44,950 - src.training.trainer - INFO - 檢測到訓練停滯，嘗試重啟訓練...
2025-04-14 16:28:47,623 - src.training.trainer - INFO - 輪次 87/450 - 訓練損失: 0.424270 - 驗證損失: 1.535316 - rmse: 1326.697021 - r2: -2.187784 - mae: 1094.856812 - 學習率: 0.002000 - 時間: 2.67秒
2025-04-14 16:28:47,626 - src.training.trainer - INFO - 監控指標未改善，已連續 10 輪。最佳值: 0.887762, 當前值: 1.535316
2025-04-14 16:28:50,377 - src.training.trainer - INFO - 監控指標未改善，已連續 11 輪。最佳值: 0.887762, 當前值: 1.663235
2025-04-14 16:28:53,282 - src.training.trainer - INFO - 輪次 89/450 - 訓練損失: 0.395707 - 驗證損失: 1.402292 - rmse: 1319.425659 - r2: -2.152936 - mae: 1087.262085 - 學習率: 0.002000 - 時間: 2.91秒
2025-04-14 16:28:53,287 - src.training.trainer - INFO - 監控指標未改善，已連續 12 輪。最佳值: 0.887762, 當前值: 1.402292
2025-04-14 16:28:55,952 - src.training.trainer - INFO - 監控指標未改善，已連續 13 輪。最佳值: 0.887762, 當前值: 1.966127
2025-04-14 16:28:58,887 - src.training.trainer - INFO - 輪次 91/450 - 訓練損失: 0.399243 - 驗證損失: 1.530962 - rmse: 1327.163086 - r2: -2.190024 - mae: 1096.101074 - 學習率: 0.002000 - 時間: 2.94秒
2025-04-14 16:28:58,909 - src.training.callbacks - INFO - 模型檢查點已保存至 outputs\hybrid_model\HybridPINNLSTMModel_20250414_162450\checkpoints\HybridPINNLSTMModel_epoch_091.pt
2025-04-14 16:28:58,915 - src.training.trainer - INFO - 監控指標未改善，已連續 14 輪。最佳值: 0.887762, 當前值: 1.530962
2025-04-14 16:28:58,915 - src.training.trainer - INFO - 檢測到訓練停滯，嘗試重啟訓練...
2025-04-14 16:29:01,854 - src.training.trainer - INFO - 監控指標未改善，已連續 13 輪。最佳值: 0.887762, 當前值: 1.629502
2025-04-14 16:29:04,696 - src.training.trainer - INFO - 輪次 93/450 - 訓練損失: 0.409611 - 驗證損失: 1.273916 - rmse: 1304.413818 - r2: -2.081599 - mae: 1067.631470 - 學習率: 0.002000 - 時間: 2.84秒
2025-04-14 16:29:04,700 - src.training.trainer - INFO - 監控指標未改善，已連續 14 輪。最佳值: 0.887762, 當前值: 1.273916
2025-04-14 16:29:07,649 - src.training.trainer - INFO - 監控指標未改善，已連續 15 輪。最佳值: 0.887762, 當前值: 1.575201
2025-04-14 16:29:10,464 - src.training.trainer - INFO - 輪次 95/450 - 訓練損失: 0.404724 - 驗證損失: 1.327777 - rmse: 1312.225586 - r2: -2.118619 - mae: 1073.787720 - 學習率: 0.002000 - 時間: 2.82秒
2025-04-14 16:29:10,468 - src.training.trainer - INFO - 監控指標未改善，已連續 16 輪。最佳值: 0.887762, 當前值: 1.327777
2025-04-14 16:29:13,089 - src.training.callbacks - INFO - 模型檢查點已保存至 outputs\hybrid_model\HybridPINNLSTMModel_20250414_162450\checkpoints\HybridPINNLSTMModel_epoch_096.pt
2025-04-14 16:29:13,095 - src.training.trainer - INFO - 監控指標未改善，已連續 17 輪。最佳值: 0.887762, 當前值: 1.602346
2025-04-14 16:29:13,095 - src.training.trainer - INFO - 檢測到訓練停滯，嘗試重啟訓練...
2025-04-14 16:29:15,855 - src.training.trainer - INFO - 輪次 97/450 - 訓練損失: 0.411122 - 驗證損失: 1.409391 - rmse: 1315.919312 - r2: -2.136201 - mae: 1080.728760 - 學習率: 0.002000 - 時間: 2.76秒
2025-04-14 16:29:15,857 - src.training.trainer - INFO - 監控指標未改善，已連續 16 輪。最佳值: 0.887762, 當前值: 1.409391
2025-04-14 16:29:18,454 - src.training.trainer - INFO - 監控指標未改善，已連續 17 輪。最佳值: 0.887762, 當前值: 1.567366
2025-04-14 16:29:21,434 - src.training.trainer - INFO - 輪次 99/450 - 訓練損失: 0.396109 - 驗證損失: 1.035362 - rmse: 1275.829834 - r2: -1.948023 - mae: 1026.746216 - 學習率: 0.002000 - 時間: 2.98秒
2025-04-14 16:29:21,439 - src.training.trainer - INFO - 監控指標未改善，已連續 18 輪。最佳值: 0.887762, 當前值: 1.035362
2025-04-14 16:29:24,268 - src.training.trainer - INFO - 監控指標未改善，已連續 19 輪。最佳值: 0.887762, 當前值: 1.650194
2025-04-14 16:29:27,193 - src.training.trainer - INFO - 輪次 101/450 - 訓練損失: 0.392006 - 驗證損失: 1.433374 - rmse: 1315.849121 - r2: -2.135866 - mae: 1077.596313 - 學習率: 0.002000 - 時間: 2.92秒
2025-04-14 16:29:27,221 - src.training.callbacks - INFO - 模型檢查點已保存至 outputs\hybrid_model\HybridPINNLSTMModel_20250414_162450\checkpoints\HybridPINNLSTMModel_epoch_101.pt
2025-04-14 16:29:27,225 - src.training.trainer - INFO - 監控指標未改善，已連續 20 輪。最佳值: 0.887762, 當前值: 1.433374
2025-04-14 16:29:27,225 - src.training.trainer - INFO - 檢測到訓練停滯，嘗試重啟訓練...
2025-04-14 16:29:29,913 - src.training.trainer - INFO - 監控指標未改善，已連續 19 輪。最佳值: 0.887762, 當前值: 1.216331
2025-04-14 16:29:32,800 - src.training.trainer - INFO - 輪次 103/450 - 訓練損失: 0.397558 - 驗證損失: 3.450164 - rmse: 1377.599365 - r2: -2.437093 - mae: 1158.225952 - 學習率: 0.002000 - 時間: 2.89秒
2025-04-14 16:29:32,805 - src.training.trainer - INFO - 監控指標未改善，已連續 20 輪。最佳值: 0.887762, 當前值: 3.450164
2025-04-14 16:29:35,519 - src.training.trainer - INFO - 監控指標未改善，已連續 21 輪。最佳值: 0.887762, 當前值: 1.502125
2025-04-14 16:29:38,058 - src.training.trainer - INFO - 輪次 105/450 - 訓練損失: 0.400468 - 驗證損失: 1.940895 - rmse: 1348.012329 - r2: -2.291039 - mae: 1122.041748 - 學習率: 0.002000 - 時間: 2.54秒
2025-04-14 16:29:38,061 - src.training.trainer - INFO - 監控指標未改善，已連續 22 輪。最佳值: 0.887762, 當前值: 1.940895
2025-04-14 16:29:40,949 - src.training.callbacks - INFO - 模型檢查點已保存至 outputs\hybrid_model\HybridPINNLSTMModel_20250414_162450\checkpoints\HybridPINNLSTMModel_epoch_106.pt
2025-04-14 16:29:40,953 - src.training.trainer - INFO - 監控指標未改善，已連續 23 輪。最佳值: 0.887762, 當前值: 1.654582
2025-04-14 16:29:40,954 - src.training.trainer - INFO - 檢測到訓練停滯，嘗試重啟訓練...
2025-04-14 16:29:43,725 - src.training.trainer - INFO - 輪次 107/450 - 訓練損失: 0.390561 - 驗證損失: 1.466007 - rmse: 1319.792114 - r2: -2.154688 - mae: 1084.867554 - 學習率: 0.002000 - 時間: 2.77秒
2025-04-14 16:29:43,731 - src.training.trainer - INFO - 監控指標未改善，已連續 22 輪。最佳值: 0.887762, 當前值: 1.466007
2025-04-14 16:29:46,381 - src.training.trainer - INFO - 監控指標未改善，已連續 23 輪。最佳值: 0.887762, 當前值: 1.455570
2025-04-14 16:29:49,650 - src.training.trainer - INFO - 輪次 109/450 - 訓練損失: 0.399813 - 驗證損失: 1.611150 - rmse: 1323.174927 - r2: -2.170881 - mae: 1087.122314 - 學習率: 0.002000 - 時間: 3.27秒
2025-04-14 16:29:49,655 - src.training.trainer - INFO - 監控指標未改善，已連續 24 輪。最佳值: 0.887762, 當前值: 1.611150
2025-04-14 16:29:52,660 - src.training.trainer - INFO - 監控指標未改善，已連續 25 輪。最佳值: 0.887762, 當前值: 1.449905
2025-04-14 16:29:55,607 - src.training.trainer - INFO - 輪次 111/450 - 訓練損失: 0.386546 - 驗證損失: 1.826041 - rmse: 1343.453369 - r2: -2.268816 - mae: 1116.558594 - 學習率: 0.002000 - 時間: 2.95秒
2025-04-14 16:29:55,634 - src.training.callbacks - INFO - 模型檢查點已保存至 outputs\hybrid_model\HybridPINNLSTMModel_20250414_162450\checkpoints\HybridPINNLSTMModel_epoch_111.pt
2025-04-14 16:29:55,639 - src.training.trainer - INFO - 監控指標未改善，已連續 26 輪。最佳值: 0.887762, 當前值: 1.826041
2025-04-14 16:29:55,640 - src.training.trainer - INFO - 檢測到訓練停滯，嘗試重啟訓練...
2025-04-14 16:29:58,728 - src.training.trainer - INFO - 監控指標未改善，已連續 25 輪。最佳值: 0.887762, 當前值: 1.113526
2025-04-14 16:30:01,362 - src.training.trainer - INFO - 輪次 113/450 - 訓練損失: 0.376644 - 驗證損失: 1.390809 - rmse: 1316.578613 - r2: -2.139344 - mae: 1081.442749 - 學習率: 0.002000 - 時間: 2.63秒
2025-04-14 16:30:01,367 - src.training.trainer - INFO - 監控指標未改善，已連續 26 輪。最佳值: 0.887762, 當前值: 1.390809
2025-04-14 16:30:03,905 - src.training.trainer - INFO - 監控指標未改善，已連續 27 輪。最佳值: 0.887762, 當前值: 2.025048
2025-04-14 16:30:06,846 - src.training.trainer - INFO - 輪次 115/450 - 訓練損失: 0.375591 - 驗證損失: 1.619548 - rmse: 1333.914917 - r2: -2.222564 - mae: 1105.859863 - 學習率: 0.002000 - 時間: 2.94秒
2025-04-14 16:30:06,851 - src.training.trainer - INFO - 監控指標未改善，已連續 28 輪。最佳值: 0.887762, 當前值: 1.619548
2025-04-14 16:30:09,716 - src.training.callbacks - INFO - 模型檢查點已保存至 outputs\hybrid_model\HybridPINNLSTMModel_20250414_162450\checkpoints\HybridPINNLSTMModel_epoch_116.pt
2025-04-14 16:30:09,721 - src.training.trainer - INFO - 監控指標未改善，已連續 29 輪。最佳值: 0.887762, 當前值: 1.218278
2025-04-14 16:30:09,721 - src.training.trainer - INFO - 檢測到訓練停滯，嘗試重啟訓練...
2025-04-14 16:30:12,268 - src.training.trainer - INFO - 輪次 117/450 - 訓練損失: 0.396669 - 驗證損失: 1.583708 - rmse: 1331.689453 - r2: -2.211821 - mae: 1102.883667 - 學習率: 0.002000 - 時間: 2.55秒
2025-04-14 16:30:12,272 - src.training.trainer - INFO - 監控指標未改善，已連續 28 輪。最佳值: 0.887762, 當前值: 1.583708
2025-04-14 16:30:14,835 - src.training.trainer - INFO - 監控指標未改善，已連續 29 輪。最佳值: 0.887762, 當前值: 1.478862
2025-04-14 16:30:15,950 - __main__ - INFO - 用戶中斷訓練
