2025-04-16 18:50:35,835 - __main__ - INFO - 成功載入配置文件: configs/model_config.yaml
2025-04-16 18:50:35,860 - __main__ - INFO - 成功載入配置文件: configs/train_config.yaml
2025-04-16 18:50:35,864 - __main__ - INFO - 已設定隨機種子: 42
2025-04-16 18:50:35,864 - __main__ - INFO - 使用計算設備: cpu
2025-04-16 18:50:35,864 - __main__ - INFO - 輸出目錄: outputs/hybrid_model
2025-04-16 18:50:35,865 - __main__ - INFO - 載入資料: data/raw/Training_data_warpage_final_20250321_v1.2.csv
2025-04-16 18:50:35,869 - src.data.preprocess - INFO - 成功載入資料檔案: data/raw/Training_data_warpage_final_20250321_v1.2.csv，共 81 筆資料，18 個欄位
2025-04-16 18:50:35,873 - src.data.preprocess - INFO - 標準化完成，特徵數量: 5
2025-04-16 18:50:35,875 - src.data.preprocess - INFO - 時間序列資料準備完成，形狀: (81, 4, 2)
2025-04-16 18:50:35,877 - src.data.preprocess - INFO - 資料分割完成 - 訓練集: 56 樣本, 驗證集: 12 樣本, 測試集: 13 樣本
2025-04-16 18:50:35,878 - src.data.preprocess - INFO - 完整資料處理流程完成
2025-04-16 18:50:35,878 - __main__ - INFO - 資料分割完成, 訓練集: 56 樣本, 驗證集: 12 樣本, 測試集: 13 樣本
2025-04-16 18:50:35,878 - __main__ - INFO - 應用資料增強...
2025-04-16 18:50:35,878 - src.data.dataset - INFO - 進行資料增強，原始訓練集大小: 56 樣本
2025-04-16 18:50:36,081 - src.data.dataset - INFO - 資料增強完成，增強後的訓練集大小: 940 樣本
2025-04-16 18:50:36,081 - __main__ - INFO - 資料增強完成，增強後的訓練集大小: 940 樣本
2025-04-16 18:50:36,101 - __main__ - INFO - 創建混合PINN-LSTM模型，使用物理約束: True，融合方法: weighted
2025-04-16 18:50:36,104 - src.data.dataset - INFO - 已創建資料載入器 - 訓練: 940 樣本, 驗證: 12 樣本, 測試: 13 樣本, 批次大小: 8
2025-04-16 18:50:38,963 - src.training.trainer - INFO - 創建adam優化器，學習率: 0.0005，權重衰減: 0.001
2025-04-16 18:50:38,963 - src.training.losses - INFO - 初始化HybridLoss: lambda_physics=1.0, lambda_consistency=2.0, delta_w_weight=1.5
2025-04-16 18:50:38,963 - src.training.losses - INFO - 初始化AdaptiveHybridLoss: physics權重從1.0增加到3.0, consistency權重從2.0增加到4.0, delta_w權重從1.5增加到3.0, 在50個輪次內達到最大值, 預熱輪次: 5, 調整方案: linear
2025-04-16 18:50:38,964 - src.training.trainer - INFO - 創建餘弦退火學習率調度器，週期: 150，最小學習率: 1e-05
2025-04-16 18:50:38,965 - src.training.callbacks - INFO - 初始化ModelCheckpoint: 保存目錄=outputs\hybrid_model\HybridPINNLSTMModel_20250416_185038\checkpoints, 保存頻率=5, 只保存最佳=False, 監控指標=val_loss, 模式=min
2025-04-16 18:50:38,966 - src.training.callbacks - INFO - 初始化LossHistory: 保存路徑=outputs\hybrid_model\HybridPINNLSTMModel_20250416_185038\history.json, 保存頻率=1
2025-04-16 18:50:38,970 - src.training.trainer - INFO - 初始化訓練器完成，模型: HybridPINNLSTMModel, 優化器: Adam, 設備: cpu
2025-04-16 18:50:38,970 - __main__ - INFO - 開始訓練，總輪數: 300
2025-04-16 18:50:38,970 - src.training.trainer - INFO - 開始訓練，總輪數: 300
2025-04-16 18:50:42,207 - src.training.trainer - INFO - 輪次 1/300 - 訓練損失: 8465172886.502128 - 驗證損失: 11170942.500000 - rmse: 18748546.000000 - r2: -636620352.000000 - mae: 12765187.000000 - 學習率: 0.000500 - 時間: 3.24秒
2025-04-16 18:50:42,228 - src.training.callbacks - INFO - 模型檢查點已保存至 outputs\hybrid_model\HybridPINNLSTMModel_20250416_185038\checkpoints\HybridPINNLSTMModel_epoch_001.pt
2025-04-16 18:50:42,236 - src.training.trainer - INFO - 監控指標改善，模型已保存至 outputs/hybrid_model\models\best_model.pt
2025-04-16 18:50:45,423 - src.training.trainer - INFO - 監控指標改善，模型已保存至 outputs/hybrid_model\models\best_model.pt
2025-04-16 18:50:48,386 - src.training.trainer - INFO - 輪次 3/300 - 訓練損失: 3994839.679902 - 驗證損失: 241.643575 - rmse: 80769.460938 - r2: -11814.162109 - mae: 57113.015625 - 學習率: 0.000500 - 時間: 2.96秒
2025-04-16 18:50:48,396 - src.training.trainer - INFO - 監控指標改善，模型已保存至 outputs/hybrid_model\models\best_model.pt
2025-04-16 18:50:51,369 - src.training.trainer - INFO - 監控指標改善，模型已保存至 outputs/hybrid_model\models\best_model.pt
2025-04-16 18:50:54,188 - src.training.trainer - INFO - 輪次 5/300 - 訓練損失: 2025.687703 - 驗證損失: 6.353993 - rmse: 2293.417969 - r2: -8.526025 - mae: 1801.237915 - 學習率: 0.000499 - 時間: 2.82秒
2025-04-16 18:50:54,195 - src.training.trainer - INFO - 監控指標改善，模型已保存至 outputs/hybrid_model\models\best_model.pt
2025-04-16 18:50:57,039 - src.training.callbacks - INFO - 模型檢查點已保存至 outputs\hybrid_model\HybridPINNLSTMModel_20250416_185038\checkpoints\HybridPINNLSTMModel_epoch_006.pt
2025-04-16 18:50:57,045 - src.training.trainer - INFO - 監控指標改善，模型已保存至 outputs/hybrid_model\models\best_model.pt
2025-04-16 18:51:00,046 - src.training.trainer - INFO - 輪次 7/300 - 訓練損失: 66.095846 - 驗證損失: 2.679710 - rmse: 4227.118164 - r2: -31.361904 - mae: 3116.213623 - 學習率: 0.000498 - 時間: 3.00秒
2025-04-16 18:51:00,057 - src.training.trainer - INFO - 監控指標改善，模型已保存至 outputs/hybrid_model\models\best_model.pt
2025-04-16 18:51:02,735 - src.training.trainer - INFO - 監控指標改善，模型已保存至 outputs/hybrid_model\models\best_model.pt
2025-04-16 18:51:05,767 - src.training.trainer - INFO - 輪次 9/300 - 訓練損失: 12.173883 - 驗證損失: 1.347266 - rmse: 1842.762085 - r2: -5.150124 - mae: 1484.459473 - 學習率: 0.000497 - 時間: 3.03秒
2025-04-16 18:51:05,778 - src.training.trainer - INFO - 監控指標改善，模型已保存至 outputs/hybrid_model\models\best_model.pt
2025-04-16 18:51:08,707 - src.training.trainer - INFO - 監控指標改善，模型已保存至 outputs/hybrid_model\models\best_model.pt
2025-04-16 18:51:11,627 - src.training.trainer - INFO - 輪次 11/300 - 訓練損失: 34.121781 - 驗證損失: 1.215763 - rmse: 770.199524 - r2: -0.074365 - mae: 506.782349 - 學習率: 0.000495 - 時間: 2.92秒
2025-04-16 18:51:11,643 - src.training.callbacks - INFO - 模型檢查點已保存至 outputs\hybrid_model\HybridPINNLSTMModel_20250416_185038\checkpoints\HybridPINNLSTMModel_epoch_011.pt
2025-04-16 18:51:11,653 - src.training.trainer - INFO - 監控指標改善，模型已保存至 outputs/hybrid_model\models\best_model.pt
2025-04-16 18:51:14,463 - src.training.trainer - INFO - 監控指標改善，模型已保存至 outputs/hybrid_model\models\best_model.pt
2025-04-16 18:51:17,245 - src.training.trainer - INFO - 輪次 13/300 - 訓練損失: 5.482725 - 驗證損失: 1.336732 - rmse: 988.609558 - r2: -0.770088 - mae: 830.271179 - 學習率: 0.000492 - 時間: 2.78秒
2025-04-16 18:51:17,256 - src.training.trainer - INFO - 監控指標改善，模型已保存至 outputs/hybrid_model\models\best_model.pt
2025-04-16 18:51:20,143 - src.training.trainer - INFO - 監控指標改善，模型已保存至 outputs/hybrid_model\models\best_model.pt
2025-04-16 18:51:22,960 - src.training.trainer - INFO - 輪次 15/300 - 訓練損失: 12.432145 - 驗證損失: 1.387580 - rmse: 1029.639038 - r2: -0.920063 - mae: 763.427246 - 學習率: 0.000490 - 時間: 2.82秒
2025-04-16 18:51:22,970 - src.training.trainer - INFO - 監控指標改善，模型已保存至 outputs/hybrid_model\models\best_model.pt
2025-04-16 18:51:25,815 - src.training.callbacks - INFO - 模型檢查點已保存至 outputs\hybrid_model\HybridPINNLSTMModel_20250416_185038\checkpoints\HybridPINNLSTMModel_epoch_016.pt
2025-04-16 18:51:25,820 - src.training.trainer - INFO - 監控指標改善，模型已保存至 outputs/hybrid_model\models\best_model.pt
2025-04-16 18:51:28,711 - src.training.trainer - INFO - 輪次 17/300 - 訓練損失: 5.278086 - 驗證損失: 1.919621 - rmse: 2196.241455 - r2: -7.735857 - mae: 1819.214966 - 學習率: 0.000486 - 時間: 2.89秒
2025-04-16 18:51:28,717 - src.training.trainer - INFO - 監控指標改善，模型已保存至 outputs/hybrid_model\models\best_model.pt
2025-04-16 18:51:31,462 - src.training.trainer - INFO - 監控指標改善，模型已保存至 outputs/hybrid_model\models\best_model.pt
2025-04-16 18:51:34,221 - src.training.trainer - INFO - 輪次 19/300 - 訓練損失: 3.951482 - 驗證損失: 1.147941 - rmse: 1067.293701 - r2: -1.063066 - mae: 882.301575 - 學習率: 0.000483 - 時間: 2.76秒
2025-04-16 18:51:34,228 - src.training.trainer - INFO - 監控指標改善，模型已保存至 outputs/hybrid_model\models\best_model.pt
2025-04-16 18:51:37,162 - src.training.trainer - INFO - 監控指標改善，模型已保存至 outputs/hybrid_model\models\best_model.pt
2025-04-16 18:51:39,913 - src.training.trainer - INFO - 輪次 21/300 - 訓練損失: 3.565123 - 驗證損失: 0.960163 - rmse: 963.385620 - r2: -0.680915 - mae: 776.996094 - 學習率: 0.000479 - 時間: 2.75秒
2025-04-16 18:51:39,928 - src.training.callbacks - INFO - 模型檢查點已保存至 outputs\hybrid_model\HybridPINNLSTMModel_20250416_185038\checkpoints\HybridPINNLSTMModel_epoch_021.pt
2025-04-16 18:51:39,934 - src.training.trainer - INFO - 監控指標改善，模型已保存至 outputs/hybrid_model\models\best_model.pt
2025-04-16 18:51:42,883 - src.training.trainer - INFO - 監控指標改善，模型已保存至 outputs/hybrid_model\models\best_model.pt
2025-04-16 18:51:45,636 - src.training.trainer - INFO - 輪次 23/300 - 訓練損失: 3.433009 - 驗證損失: 0.917409 - rmse: 1059.908203 - r2: -1.034613 - mae: 776.408264 - 學習率: 0.000474 - 時間: 2.75秒
2025-04-16 18:51:45,643 - src.training.trainer - INFO - 監控指標改善，模型已保存至 outputs/hybrid_model\models\best_model.pt
2025-04-16 18:51:48,524 - src.training.trainer - INFO - 監控指標改善，模型已保存至 outputs/hybrid_model\models\best_model.pt
2025-04-16 18:51:51,271 - src.training.trainer - INFO - 輪次 25/300 - 訓練損失: 3.683148 - 驗證損失: 0.857933 - rmse: 997.960571 - r2: -0.803733 - mae: 897.330505 - 學習率: 0.000470 - 時間: 2.75秒
2025-04-16 18:51:51,279 - src.training.trainer - INFO - 監控指標改善，模型已保存至 outputs/hybrid_model\models\best_model.pt
2025-04-16 18:51:54,087 - src.training.callbacks - INFO - 模型檢查點已保存至 outputs\hybrid_model\HybridPINNLSTMModel_20250416_185038\checkpoints\HybridPINNLSTMModel_epoch_026.pt
2025-04-16 18:51:54,095 - src.training.trainer - INFO - 監控指標改善，模型已保存至 outputs/hybrid_model\models\best_model.pt
2025-04-16 18:51:56,853 - src.training.trainer - INFO - 輪次 27/300 - 訓練損失: 2.970570 - 驗證損失: 1.080720 - rmse: 1089.643921 - r2: -1.150377 - mae: 780.454590 - 學習率: 0.000465 - 時間: 2.76秒
2025-04-16 18:51:56,861 - src.training.trainer - INFO - 監控指標改善，模型已保存至 outputs/hybrid_model\models\best_model.pt
2025-04-16 18:51:59,627 - src.training.trainer - INFO - 監控指標改善，模型已保存至 outputs/hybrid_model\models\best_model.pt
2025-04-16 18:52:02,303 - src.training.trainer - INFO - 輪次 29/300 - 訓練損失: 2.450619 - 驗證損失: 0.918290 - rmse: 1014.536743 - r2: -0.864150 - mae: 698.457947 - 學習率: 0.000459 - 時間: 2.68秒
2025-04-16 18:52:02,310 - src.training.trainer - INFO - 監控指標改善，模型已保存至 outputs/hybrid_model\models\best_model.pt
2025-04-16 18:52:05,215 - src.training.trainer - INFO - 監控指標改善，模型已保存至 outputs/hybrid_model\models\best_model.pt
2025-04-16 18:52:07,883 - src.training.trainer - INFO - 輪次 31/300 - 訓練損失: 2.801881 - 驗證損失: 1.515615 - rmse: 1224.369751 - r2: -1.715004 - mae: 963.164307 - 學習率: 0.000453 - 時間: 2.67秒
2025-04-16 18:52:07,895 - src.training.callbacks - INFO - 模型檢查點已保存至 outputs\hybrid_model\HybridPINNLSTMModel_20250416_185038\checkpoints\HybridPINNLSTMModel_epoch_031.pt
2025-04-16 18:52:07,902 - src.training.trainer - INFO - 監控指標改善，模型已保存至 outputs/hybrid_model\models\best_model.pt
2025-04-16 18:52:10,651 - src.training.trainer - INFO - 監控指標改善，模型已保存至 outputs/hybrid_model\models\best_model.pt
2025-04-16 18:52:13,307 - src.training.trainer - INFO - 輪次 33/300 - 訓練損失: 2.090053 - 驗證損失: 0.935184 - rmse: 1111.978638 - r2: -1.239434 - mae: 796.656494 - 學習率: 0.000447 - 時間: 2.66秒
2025-04-16 18:52:13,314 - src.training.trainer - INFO - 監控指標改善，模型已保存至 outputs/hybrid_model\models\best_model.pt
2025-04-16 18:52:16,029 - src.training.trainer - INFO - 監控指標改善，模型已保存至 outputs/hybrid_model\models\best_model.pt
2025-04-16 18:52:18,763 - src.training.trainer - INFO - 輪次 35/300 - 訓練損失: 2.086583 - 驗證損失: 1.027871 - rmse: 1100.371826 - r2: -1.192928 - mae: 800.091370 - 學習率: 0.000440 - 時間: 2.73秒
2025-04-16 18:52:18,773 - src.training.trainer - INFO - 監控指標改善，模型已保存至 outputs/hybrid_model\models\best_model.pt
2025-04-16 18:52:21,564 - src.training.callbacks - INFO - 模型檢查點已保存至 outputs\hybrid_model\HybridPINNLSTMModel_20250416_185038\checkpoints\HybridPINNLSTMModel_epoch_036.pt
2025-04-16 18:52:21,575 - src.training.trainer - INFO - 監控指標改善，模型已保存至 outputs/hybrid_model\models\best_model.pt
2025-04-16 18:52:24,165 - src.training.trainer - INFO - 輪次 37/300 - 訓練損失: 1.772050 - 驗證損失: 0.929897 - rmse: 1099.441650 - r2: -1.189222 - mae: 788.793457 - 學習率: 0.000434 - 時間: 2.59秒
2025-04-16 18:52:24,175 - src.training.trainer - INFO - 監控指標改善，模型已保存至 outputs/hybrid_model\models\best_model.pt
2025-04-16 18:52:26,987 - src.training.trainer - INFO - 監控指標改善，模型已保存至 outputs/hybrid_model\models\best_model.pt
2025-04-16 18:52:29,832 - src.training.trainer - INFO - 輪次 39/300 - 訓練損失: 1.737996 - 驗證損失: 1.056848 - rmse: 1119.381714 - r2: -1.269351 - mae: 822.254639 - 學習率: 0.000426 - 時間: 2.84秒
2025-04-16 18:52:29,839 - src.training.trainer - INFO - 監控指標改善，模型已保存至 outputs/hybrid_model\models\best_model.pt
2025-04-16 18:52:32,602 - src.training.trainer - INFO - 監控指標改善，模型已保存至 outputs/hybrid_model\models\best_model.pt
2025-04-16 18:52:35,252 - src.training.trainer - INFO - 輪次 41/300 - 訓練損失: 1.779950 - 驗證損失: 0.971904 - rmse: 1145.930420 - r2: -1.378274 - mae: 838.941895 - 學習率: 0.000419 - 時間: 2.65秒
2025-04-16 18:52:35,267 - src.training.callbacks - INFO - 模型檢查點已保存至 outputs\hybrid_model\HybridPINNLSTMModel_20250416_185038\checkpoints\HybridPINNLSTMModel_epoch_041.pt
2025-04-16 18:52:35,280 - src.training.trainer - INFO - 監控指標改善，模型已保存至 outputs/hybrid_model\models\best_model.pt
2025-04-16 18:52:37,995 - src.training.trainer - INFO - 監控指標改善，模型已保存至 outputs/hybrid_model\models\best_model.pt
2025-04-16 18:52:40,619 - src.training.trainer - INFO - 輪次 43/300 - 訓練損失: 1.653143 - 驗證損失: 1.270051 - rmse: 1214.288574 - r2: -1.670479 - mae: 929.097229 - 學習率: 0.000411 - 時間: 2.62秒
2025-04-16 18:52:40,626 - src.training.trainer - INFO - 監控指標改善，模型已保存至 outputs/hybrid_model\models\best_model.pt
2025-04-16 18:52:43,326 - src.training.trainer - INFO - 監控指標改善，模型已保存至 outputs/hybrid_model\models\best_model.pt
2025-04-16 18:52:46,110 - src.training.trainer - INFO - 輪次 45/300 - 訓練損失: 1.602592 - 驗證損失: 1.343526 - rmse: 1237.605591 - r2: -1.774022 - mae: 973.319885 - 學習率: 0.000403 - 時間: 2.78秒
2025-04-16 18:52:46,117 - src.training.trainer - INFO - 監控指標改善，模型已保存至 outputs/hybrid_model\models\best_model.pt
2025-04-16 18:52:48,852 - src.training.callbacks - INFO - 模型檢查點已保存至 outputs\hybrid_model\HybridPINNLSTMModel_20250416_185038\checkpoints\HybridPINNLSTMModel_epoch_046.pt
2025-04-16 18:52:48,859 - src.training.trainer - INFO - 監控指標改善，模型已保存至 outputs/hybrid_model\models\best_model.pt
2025-04-16 18:52:51,602 - src.training.trainer - INFO - 輪次 47/300 - 訓練損失: 1.501946 - 驗證損失: 1.147586 - rmse: 1190.917969 - r2: -1.568674 - mae: 915.889893 - 學習率: 0.000395 - 時間: 2.74秒
2025-04-16 18:52:51,610 - src.training.trainer - INFO - 監控指標改善，模型已保存至 outputs/hybrid_model\models\best_model.pt
2025-04-16 18:52:54,336 - src.training.trainer - INFO - 監控指標改善，模型已保存至 outputs/hybrid_model\models\best_model.pt
2025-04-16 18:52:57,097 - src.training.trainer - INFO - 輪次 49/300 - 訓練損失: 1.523226 - 驗證損失: 1.050971 - rmse: 1201.474243 - r2: -1.614414 - mae: 928.988586 - 學習率: 0.000386 - 時間: 2.76秒
2025-04-16 18:52:57,104 - src.training.trainer - INFO - 監控指標改善，模型已保存至 outputs/hybrid_model\models\best_model.pt
2025-04-16 18:52:59,890 - src.training.trainer - INFO - 監控指標改善，模型已保存至 outputs/hybrid_model\models\best_model.pt
2025-04-16 18:53:02,665 - src.training.trainer - INFO - 輪次 51/300 - 訓練損失: 1.473245 - 驗證損失: 1.330393 - rmse: 1241.448853 - r2: -1.791278 - mae: 981.836731 - 學習率: 0.000377 - 時間: 2.77秒
2025-04-16 18:53:02,681 - src.training.callbacks - INFO - 模型檢查點已保存至 outputs\hybrid_model\HybridPINNLSTMModel_20250416_185038\checkpoints\HybridPINNLSTMModel_epoch_051.pt
2025-04-16 18:53:02,685 - src.training.trainer - INFO - min模式下監控指標改善
2025-04-16 18:53:02,693 - src.training.trainer - INFO - 監控指標改善，模型已保存至 outputs/hybrid_model\models\best_model.pt
2025-04-16 18:53:05,488 - src.training.trainer - INFO - min模式下監控指標改善, 從 1.330393 改善到 1.158481
2025-04-16 18:53:05,493 - src.training.trainer - INFO - 監控指標改善，模型已保存至 outputs/hybrid_model\models\best_model.pt
2025-04-16 18:53:08,317 - src.training.trainer - INFO - 輪次 53/300 - 訓練損失: 1.429930 - 驗證損失: 1.370367 - rmse: 1240.464233 - r2: -1.786851 - mae: 979.849426 - 學習率: 0.000369 - 時間: 2.82秒
2025-04-16 18:53:08,320 - src.training.trainer - INFO - 監控指標未改善，已連續 1 輪。最佳值: 1.158481, 當前值: 1.370367
2025-04-16 18:53:10,865 - src.training.trainer - INFO - min模式下監控指標改善, 從 1.158481 改善到 1.033196
2025-04-16 18:53:10,871 - src.training.trainer - INFO - 監控指標改善，模型已保存至 outputs/hybrid_model\models\best_model.pt
2025-04-16 18:53:13,667 - src.training.trainer - INFO - 輪次 55/300 - 訓練損失: 1.398299 - 驗證損失: 1.137432 - rmse: 1224.270386 - r2: -1.714563 - mae: 952.771790 - 學習率: 0.000359 - 時間: 2.80秒
2025-04-16 18:53:13,670 - src.training.trainer - INFO - 監控指標未改善，已連續 1 輪。最佳值: 1.033196, 當前值: 1.137432
2025-04-16 18:53:16,341 - src.training.callbacks - INFO - 模型檢查點已保存至 outputs\hybrid_model\HybridPINNLSTMModel_20250416_185038\checkpoints\HybridPINNLSTMModel_epoch_056.pt
2025-04-16 18:53:16,344 - src.training.trainer - INFO - 監控指標未改善，已連續 2 輪。最佳值: 1.033196, 當前值: 1.151173
2025-04-16 18:53:19,162 - src.training.trainer - INFO - 輪次 57/300 - 訓練損失: 1.412849 - 驗證損失: 1.144116 - rmse: 1230.448120 - r2: -1.742028 - mae: 959.863342 - 學習率: 0.000350 - 時間: 2.82秒
2025-04-16 18:53:19,166 - src.training.trainer - INFO - 監控指標未改善，已連續 3 輪。最佳值: 1.033196, 當前值: 1.144116
2025-04-16 18:53:21,819 - src.training.trainer - INFO - 監控指標未改善，已連續 4 輪。最佳值: 1.033196, 當前值: 1.050834
2025-04-16 18:53:24,606 - src.training.trainer - INFO - 輪次 59/300 - 訓練損失: 1.355139 - 驗證損失: 1.045104 - rmse: 1212.556396 - r2: -1.662866 - mae: 939.350281 - 學習率: 0.000340 - 時間: 2.79秒
2025-04-16 18:53:24,608 - src.training.trainer - INFO - 監控指標未改善，已連續 5 輪。最佳值: 1.033196, 當前值: 1.045104
2025-04-16 18:53:24,608 - src.training.trainer - INFO - 檢測到訓練停滯，嘗試重啟訓練...
2025-04-16 18:53:27,257 - src.training.trainer - INFO - 監控指標未改善，已連續 4 輪。最佳值: 1.033196, 當前值: 1.055363
2025-04-16 18:53:30,041 - src.training.trainer - INFO - 輪次 61/300 - 訓練損失: 1.380778 - 驗證損失: 1.074134 - rmse: 1215.663452 - r2: -1.676529 - mae: 947.507812 - 學習率: 0.000331 - 時間: 2.78秒
2025-04-16 18:53:30,052 - src.training.callbacks - INFO - 模型檢查點已保存至 outputs\hybrid_model\HybridPINNLSTMModel_20250416_185038\checkpoints\HybridPINNLSTMModel_epoch_061.pt
2025-04-16 18:53:30,056 - src.training.trainer - INFO - 監控指標未改善，已連續 5 輪。最佳值: 1.033196, 當前值: 1.074134
2025-04-16 18:53:32,769 - src.training.trainer - INFO - 監控指標未改善，已連續 6 輪。最佳值: 1.033196, 當前值: 1.198469
2025-04-16 18:53:35,402 - src.training.trainer - INFO - 輪次 63/300 - 訓練損失: 1.346442 - 驗證損失: 1.178347 - rmse: 1232.328125 - r2: -1.750414 - mae: 954.994080 - 學習率: 0.000321 - 時間: 2.63秒
2025-04-16 18:53:35,405 - src.training.trainer - INFO - 監控指標未改善，已連續 7 輪。最佳值: 1.033196, 當前值: 1.178347
2025-04-16 18:53:38,036 - src.training.trainer - INFO - 監控指標未改善，已連續 8 輪。最佳值: 1.033196, 當前值: 1.181187
2025-04-16 18:53:38,037 - src.training.trainer - INFO - 檢測到訓練停滯，嘗試重啟訓練...
2025-04-16 18:53:40,869 - src.training.trainer - INFO - 輪次 65/300 - 訓練損失: 1.296981 - 驗證損失: 1.101718 - rmse: 1229.431396 - r2: -1.737499 - mae: 962.226135 - 學習率: 0.000311 - 時間: 2.83秒
2025-04-16 18:53:40,873 - src.training.trainer - INFO - 監控指標未改善，已連續 7 輪。最佳值: 1.033196, 當前值: 1.101718
2025-04-16 18:53:43,698 - src.training.callbacks - INFO - 模型檢查點已保存至 outputs\hybrid_model\HybridPINNLSTMModel_20250416_185038\checkpoints\HybridPINNLSTMModel_epoch_066.pt
2025-04-16 18:53:43,702 - src.training.trainer - INFO - 監控指標未改善，已連續 8 輪。最佳值: 1.033196, 當前值: 1.051389
2025-04-16 18:53:46,450 - src.training.trainer - INFO - 輪次 67/300 - 訓練損失: 1.306487 - 驗證損失: 1.083128 - rmse: 1224.719849 - r2: -1.716557 - mae: 954.350037 - 學習率: 0.000301 - 時間: 2.75秒
2025-04-16 18:53:46,453 - src.training.trainer - INFO - 監控指標未改善，已連續 9 輪。最佳值: 1.033196, 當前值: 1.083128
2025-04-16 18:53:49,227 - src.training.trainer - INFO - min模式下監控指標改善, 從 1.033196 改善到 0.998556
2025-04-16 18:53:49,231 - src.training.trainer - INFO - 監控指標改善，模型已保存至 outputs/hybrid_model\models\best_model.pt
2025-04-16 18:53:51,946 - src.training.trainer - INFO - 輪次 69/300 - 訓練損失: 1.297873 - 驗證損失: 0.983475 - rmse: 1206.777100 - r2: -1.637542 - mae: 927.289551 - 學習率: 0.000291 - 時間: 2.71秒
2025-04-16 18:53:51,949 - src.training.trainer - INFO - min模式下監控指標改善, 從 0.998556 改善到 0.983475
2025-04-16 18:53:51,957 - src.training.trainer - INFO - 監控指標改善，模型已保存至 outputs/hybrid_model\models\best_model.pt
2025-04-16 18:53:54,761 - src.training.trainer - INFO - 監控指標未改善，已連續 1 輪。最佳值: 0.983475, 當前值: 1.102450
2025-04-16 18:53:57,511 - src.training.trainer - INFO - 輪次 71/300 - 訓練損失: 1.283256 - 驗證損失: 1.064692 - rmse: 1219.594482 - r2: -1.693867 - mae: 933.612610 - 學習率: 0.000281 - 時間: 2.75秒
2025-04-16 18:53:57,529 - src.training.callbacks - INFO - 模型檢查點已保存至 outputs\hybrid_model\HybridPINNLSTMModel_20250416_185038\checkpoints\HybridPINNLSTMModel_epoch_071.pt
2025-04-16 18:53:57,533 - src.training.trainer - INFO - 監控指標未改善，已連續 2 輪。最佳值: 0.983475, 當前值: 1.064692
2025-04-16 18:54:00,325 - src.training.trainer - INFO - 監控指標未改善，已連續 3 輪。最佳值: 0.983475, 當前值: 1.113635
2025-04-16 18:54:03,060 - src.training.trainer - INFO - 輪次 73/300 - 訓練損失: 1.270556 - 驗證損失: 0.999136 - rmse: 1211.842041 - r2: -1.659729 - mae: 933.659607 - 學習率: 0.000270 - 時間: 2.74秒
2025-04-16 18:54:03,063 - src.training.trainer - INFO - 監控指標未改善，已連續 4 輪。最佳值: 0.983475, 當前值: 0.999136
2025-04-16 18:54:05,767 - src.training.trainer - INFO - 監控指標未改善，已連續 5 輪。最佳值: 0.983475, 當前值: 1.269543
2025-04-16 18:54:05,767 - src.training.trainer - INFO - 檢測到訓練停滯，嘗試重啟訓練...
2025-04-16 18:54:08,521 - src.training.trainer - INFO - 輪次 75/300 - 訓練損失: 1.241533 - 驗證損失: 1.062699 - rmse: 1222.572632 - r2: -1.707040 - mae: 939.178894 - 學習率: 0.000260 - 時間: 2.75秒
2025-04-16 18:54:08,524 - src.training.trainer - INFO - 監控指標未改善，已連續 4 輪。最佳值: 0.983475, 當前值: 1.062699
2025-04-16 18:54:11,149 - src.training.callbacks - INFO - 模型檢查點已保存至 outputs\hybrid_model\HybridPINNLSTMModel_20250416_185038\checkpoints\HybridPINNLSTMModel_epoch_076.pt
2025-04-16 18:54:11,152 - src.training.trainer - INFO - 監控指標未改善，已連續 5 輪。最佳值: 0.983475, 當前值: 1.099323
2025-04-16 18:54:13,809 - src.training.trainer - INFO - 輪次 77/300 - 訓練損失: 1.253604 - 驗證損失: 1.095642 - rmse: 1233.382202 - r2: -1.755121 - mae: 969.656067 - 學習率: 0.000250 - 時間: 2.66秒
2025-04-16 18:54:13,811 - src.training.trainer - INFO - 監控指標未改善，已連續 6 輪。最佳值: 0.983475, 當前值: 1.095642
2025-04-16 18:54:16,733 - src.training.trainer - INFO - 監控指標未改善，已連續 7 輪。最佳值: 0.983475, 當前值: 1.092335
2025-04-16 18:54:19,343 - src.training.trainer - INFO - 輪次 79/300 - 訓練損失: 1.248068 - 驗證損失: 1.139203 - rmse: 1237.933105 - r2: -1.775491 - mae: 974.323303 - 學習率: 0.000240 - 時間: 2.61秒
2025-04-16 18:54:19,347 - src.training.trainer - INFO - 監控指標未改善，已連續 8 輪。最佳值: 0.983475, 當前值: 1.139203
2025-04-16 18:54:19,347 - src.training.trainer - INFO - 檢測到訓練停滯，嘗試重啟訓練...
2025-04-16 18:54:22,171 - src.training.trainer - INFO - 監控指標未改善，已連續 7 輪。最佳值: 0.983475, 當前值: 1.077236
2025-04-16 18:54:24,965 - src.training.trainer - INFO - 輪次 81/300 - 訓練損失: 1.233099 - 驗證損失: 1.205724 - rmse: 1238.087158 - r2: -1.776181 - mae: 970.946777 - 學習率: 0.000229 - 時間: 2.79秒
2025-04-16 18:54:24,981 - src.training.callbacks - INFO - 模型檢查點已保存至 outputs\hybrid_model\HybridPINNLSTMModel_20250416_185038\checkpoints\HybridPINNLSTMModel_epoch_081.pt
2025-04-16 18:54:24,985 - src.training.trainer - INFO - 監控指標未改善，已連續 8 輪。最佳值: 0.983475, 當前值: 1.205724
2025-04-16 18:54:27,823 - src.training.trainer - INFO - 監控指標未改善，已連續 9 輪。最佳值: 0.983475, 當前值: 1.107809
2025-04-16 18:54:30,462 - src.training.trainer - INFO - 輪次 83/300 - 訓練損失: 1.206612 - 驗證損失: 1.096260 - rmse: 1230.677856 - r2: -1.743052 - mae: 963.187012 - 學習率: 0.000219 - 時間: 2.64秒
2025-04-16 18:54:30,465 - src.training.trainer - INFO - 監控指標未改善，已連續 10 輪。最佳值: 0.983475, 當前值: 1.096260
2025-04-16 18:54:33,213 - src.training.trainer - INFO - 監控指標未改善，已連續 11 輪。最佳值: 0.983475, 當前值: 1.103776
2025-04-16 18:54:33,213 - src.training.trainer - INFO - 檢測到訓練停滯，嘗試重啟訓練...
2025-04-16 18:54:35,862 - src.training.trainer - INFO - 輪次 85/300 - 訓練損失: 1.190164 - 驗證損失: 1.179721 - rmse: 1242.612305 - r2: -1.796512 - mae: 984.550537 - 學習率: 0.000209 - 時間: 2.65秒
2025-04-16 18:54:35,865 - src.training.trainer - INFO - 監控指標未改善，已連續 10 輪。最佳值: 0.983475, 當前值: 1.179721
2025-04-16 18:54:38,599 - src.training.callbacks - INFO - 模型檢查點已保存至 outputs\hybrid_model\HybridPINNLSTMModel_20250416_185038\checkpoints\HybridPINNLSTMModel_epoch_086.pt
2025-04-16 18:54:38,602 - src.training.trainer - INFO - 監控指標未改善，已連續 11 輪。最佳值: 0.983475, 當前值: 1.077421
2025-04-16 18:54:41,246 - src.training.trainer - INFO - 輪次 87/300 - 訓練損失: 1.193561 - 驗證損失: 1.053045 - rmse: 1222.384766 - r2: -1.706208 - mae: 954.710449 - 學習率: 0.000199 - 時間: 2.64秒
2025-04-16 18:54:41,248 - src.training.trainer - INFO - 監控指標未改善，已連續 12 輪。最佳值: 0.983475, 當前值: 1.053045
2025-04-16 18:54:44,048 - src.training.trainer - INFO - 監控指標未改善，已連續 13 輪。最佳值: 0.983475, 當前值: 1.139894
2025-04-16 18:54:46,849 - src.training.trainer - INFO - 輪次 89/300 - 訓練損失: 1.204201 - 驗證損失: 1.113277 - rmse: 1236.931519 - r2: -1.771001 - mae: 975.568848 - 學習率: 0.000189 - 時間: 2.80秒
2025-04-16 18:54:46,854 - src.training.trainer - INFO - 監控指標未改善，已連續 14 輪。最佳值: 0.983475, 當前值: 1.113277
2025-04-16 18:54:46,854 - src.training.trainer - INFO - 檢測到訓練停滯，嘗試重啟訓練...
2025-04-16 18:54:49,544 - src.training.trainer - INFO - 監控指標未改善，已連續 13 輪。最佳值: 0.983475, 當前值: 1.094325
2025-04-16 18:54:52,239 - src.training.trainer - INFO - 輪次 91/300 - 訓練損失: 1.155492 - 驗證損失: 1.082167 - rmse: 1233.477295 - r2: -1.755546 - mae: 970.855225 - 學習率: 0.000179 - 時間: 2.69秒
2025-04-16 18:54:52,251 - src.training.callbacks - INFO - 模型檢查點已保存至 outputs\hybrid_model\HybridPINNLSTMModel_20250416_185038\checkpoints\HybridPINNLSTMModel_epoch_091.pt
2025-04-16 18:54:52,255 - src.training.trainer - INFO - 監控指標未改善，已連續 14 輪。最佳值: 0.983475, 當前值: 1.082167
2025-04-16 18:54:54,921 - src.training.trainer - INFO - 監控指標未改善，已連續 15 輪。最佳值: 0.983475, 當前值: 1.082587
2025-04-16 18:54:57,544 - src.training.trainer - INFO - 輪次 93/300 - 訓練損失: 1.182878 - 驗證損失: 1.085376 - rmse: 1233.190186 - r2: -1.754264 - mae: 971.180847 - 學習率: 0.000170 - 時間: 2.62秒
2025-04-16 18:54:57,547 - src.training.trainer - INFO - 監控指標未改善，已連續 16 輪。最佳值: 0.983475, 當前值: 1.085376
2025-04-16 18:55:00,353 - src.training.trainer - INFO - 監控指標未改善，已連續 17 輪。最佳值: 0.983475, 當前值: 1.055432
2025-04-16 18:55:00,353 - src.training.trainer - INFO - 檢測到訓練停滯，嘗試重啟訓練...
2025-04-16 18:55:02,881 - src.training.trainer - INFO - 輪次 95/300 - 訓練損失: 1.184165 - 驗證損失: 1.035510 - rmse: 1222.707031 - r2: -1.707636 - mae: 948.201233 - 學習率: 0.000160 - 時間: 2.53秒
2025-04-16 18:55:02,885 - src.training.trainer - INFO - 監控指標未改善，已連續 16 輪。最佳值: 0.983475, 當前值: 1.035510
2025-04-16 18:55:05,719 - src.training.callbacks - INFO - 模型檢查點已保存至 outputs\hybrid_model\HybridPINNLSTMModel_20250416_185038\checkpoints\HybridPINNLSTMModel_epoch_096.pt
2025-04-16 18:55:05,722 - src.training.trainer - INFO - 監控指標未改善，已連續 17 輪。最佳值: 0.983475, 當前值: 1.093567
2025-04-16 18:55:08,529 - src.training.trainer - INFO - 輪次 97/300 - 訓練損失: 1.188563 - 驗證損失: 1.133898 - rmse: 1238.584473 - r2: -1.778412 - mae: 974.939758 - 學習率: 0.000151 - 時間: 2.81秒
2025-04-16 18:55:08,532 - src.training.trainer - INFO - 監控指標未改善，已連續 18 輪。最佳值: 0.983475, 當前值: 1.133898
2025-04-16 18:55:11,246 - src.training.trainer - INFO - 監控指標未改善，已連續 19 輪。最佳值: 0.983475, 當前值: 1.094295
2025-04-16 18:55:13,823 - src.training.trainer - INFO - 輪次 99/300 - 訓練損失: 1.177250 - 驗證損失: 1.013539 - rmse: 1224.549927 - r2: -1.715803 - mae: 952.127380 - 學習率: 0.000141 - 時間: 2.58秒
2025-04-16 18:55:13,827 - src.training.trainer - INFO - 監控指標未改善，已連續 20 輪。最佳值: 0.983475, 當前值: 1.013539
2025-04-16 18:55:13,827 - src.training.trainer - INFO - 檢測到訓練停滯，嘗試重啟訓練...
2025-04-16 18:55:16,512 - src.training.trainer - INFO - 監控指標未改善，已連續 19 輪。最佳值: 0.983475, 當前值: 1.045207
2025-04-16 18:55:19,166 - src.training.trainer - INFO - 輪次 101/300 - 訓練損失: 1.159104 - 驗證損失: 1.085011 - rmse: 1232.899780 - r2: -1.752966 - mae: 961.875488 - 學習率: 0.000132 - 時間: 2.65秒
2025-04-16 18:55:19,178 - src.training.callbacks - INFO - 模型檢查點已保存至 outputs\hybrid_model\HybridPINNLSTMModel_20250416_185038\checkpoints\HybridPINNLSTMModel_epoch_101.pt
2025-04-16 18:55:19,182 - src.training.trainer - INFO - 監控指標未改善，已連續 20 輪。最佳值: 0.983475, 當前值: 1.085011
2025-04-16 18:55:22,032 - src.training.trainer - INFO - 監控指標未改善，已連續 21 輪。最佳值: 0.983475, 當前值: 1.189139
2025-04-16 18:55:24,770 - src.training.trainer - INFO - 輪次 103/300 - 訓練損失: 1.176497 - 驗證損失: 1.040167 - rmse: 1222.883301 - r2: -1.708416 - mae: 947.158630 - 學習率: 0.000124 - 時間: 2.74秒
2025-04-16 18:55:24,775 - src.training.trainer - INFO - 監控指標未改善，已連續 22 輪。最佳值: 0.983475, 當前值: 1.040167
2025-04-16 18:55:27,596 - src.training.trainer - INFO - 監控指標未改善，已連續 23 輪。最佳值: 0.983475, 當前值: 1.100944
2025-04-16 18:55:27,596 - src.training.trainer - INFO - 檢測到訓練停滯，嘗試重啟訓練...
2025-04-16 18:55:30,235 - src.training.trainer - INFO - 輪次 105/300 - 訓練損失: 1.154629 - 驗證損失: 1.127489 - rmse: 1240.726807 - r2: -1.788032 - mae: 972.980530 - 學習率: 0.000115 - 時間: 2.64秒
2025-04-16 18:55:30,239 - src.training.trainer - INFO - 監控指標未改善，已連續 22 輪。最佳值: 0.983475, 當前值: 1.127489
2025-04-16 18:55:33,396 - src.training.callbacks - INFO - 模型檢查點已保存至 outputs\hybrid_model\HybridPINNLSTMModel_20250416_185038\checkpoints\HybridPINNLSTMModel_epoch_106.pt
2025-04-16 18:55:33,402 - src.training.trainer - INFO - 監控指標未改善，已連續 23 輪。最佳值: 0.983475, 當前值: 1.093775
2025-04-16 18:55:36,520 - src.training.trainer - INFO - 輪次 107/300 - 訓練損失: 1.142918 - 驗證損失: 1.126643 - rmse: 1243.327637 - r2: -1.799732 - mae: 977.998535 - 學習率: 0.000107 - 時間: 3.12秒
2025-04-16 18:55:36,525 - src.training.trainer - INFO - 監控指標未改善，已連續 24 輪。最佳值: 0.983475, 當前值: 1.126643
2025-04-16 18:55:39,530 - src.training.trainer - INFO - 監控指標未改善，已連續 25 輪。最佳值: 0.983475, 當前值: 1.133630
2025-04-16 18:55:43,133 - src.training.trainer - INFO - 輪次 109/300 - 訓練損失: 1.136500 - 驗證損失: 1.091325 - rmse: 1238.544922 - r2: -1.778234 - mae: 968.593506 - 學習率: 0.000099 - 時間: 3.60秒
2025-04-16 18:55:43,150 - src.training.trainer - INFO - 監控指標未改善，已連續 26 輪。最佳值: 0.983475, 當前值: 1.091325
2025-04-16 18:55:43,150 - src.training.trainer - INFO - 檢測到訓練停滯，嘗試重啟訓練...
2025-04-16 18:55:47,046 - src.training.trainer - INFO - 監控指標未改善，已連續 25 輪。最佳值: 0.983475, 當前值: 1.094865
2025-04-16 18:55:50,858 - src.training.trainer - INFO - 輪次 111/300 - 訓練損失: 1.130016 - 驗證損失: 1.072116 - rmse: 1235.936157 - r2: -1.766543 - mae: 964.197998 - 學習率: 0.000091 - 時間: 3.81秒
2025-04-16 18:55:50,874 - src.training.callbacks - INFO - 模型檢查點已保存至 outputs\hybrid_model\HybridPINNLSTMModel_20250416_185038\checkpoints\HybridPINNLSTMModel_epoch_111.pt
2025-04-16 18:55:50,880 - src.training.trainer - INFO - 監控指標未改善，已連續 26 輪。最佳值: 0.983475, 當前值: 1.072116
2025-04-16 18:55:54,368 - src.training.trainer - INFO - 監控指標未改善，已連續 27 輪。最佳值: 0.983475, 當前值: 1.158115
2025-04-16 18:55:57,521 - src.training.trainer - INFO - 輪次 113/300 - 訓練損失: 1.134263 - 驗證損失: 1.130316 - rmse: 1245.245972 - r2: -1.808379 - mae: 979.243896 - 學習率: 0.000084 - 時間: 3.15秒
2025-04-16 18:55:57,525 - src.training.trainer - INFO - 監控指標未改善，已連續 28 輪。最佳值: 0.983475, 當前值: 1.130316
2025-04-16 18:56:00,406 - src.training.trainer - INFO - 監控指標未改善，已連續 29 輪。最佳值: 0.983475, 當前值: 1.111666
2025-04-16 18:56:00,406 - src.training.trainer - INFO - 檢測到訓練停滯，嘗試重啟訓練...
2025-04-16 18:56:03,373 - src.training.trainer - INFO - 輪次 115/300 - 訓練損失: 1.124615 - 驗證損失: 1.127264 - rmse: 1243.093994 - r2: -1.798680 - mae: 972.281982 - 學習率: 0.000076 - 時間: 2.97秒
2025-04-16 18:56:03,378 - src.training.trainer - INFO - 監控指標未改善，已連續 28 輪。最佳值: 0.983475, 當前值: 1.127264
2025-04-16 18:56:06,857 - src.training.callbacks - INFO - 模型檢查點已保存至 outputs\hybrid_model\HybridPINNLSTMModel_20250416_185038\checkpoints\HybridPINNLSTMModel_epoch_116.pt
2025-04-16 18:56:06,863 - src.training.trainer - INFO - 監控指標未改善，已連續 29 輪。最佳值: 0.983475, 當前值: 1.071599
2025-04-16 18:56:10,182 - src.training.trainer - INFO - 輪次 117/300 - 訓練損失: 1.118967 - 驗證損失: 1.027977 - rmse: 1229.512329 - r2: -1.737859 - mae: 955.683594 - 學習率: 0.000070 - 時間: 3.32秒
2025-04-16 18:56:10,188 - src.training.trainer - INFO - 監控指標未改善，已連續 30 輪。最佳值: 0.983475, 當前值: 1.027977
2025-04-16 18:56:14,103 - src.training.trainer - INFO - 監控指標未改善，已連續 31 輪。最佳值: 0.983475, 當前值: 1.063320
2025-04-16 18:56:18,425 - src.training.trainer - INFO - 輪次 119/300 - 訓練損失: 1.152940 - 驗證損失: 1.107071 - rmse: 1239.721436 - r2: -1.783515 - mae: 972.631348 - 學習率: 0.000063 - 時間: 4.32秒
2025-04-16 18:56:18,432 - src.training.trainer - INFO - 監控指標未改善，已連續 32 輪。最佳值: 0.983475, 當前值: 1.107071
2025-04-16 18:56:18,433 - src.training.trainer - INFO - 檢測到訓練停滯，嘗試重啟訓練...
2025-04-16 18:56:22,374 - src.training.trainer - INFO - 監控指標未改善，已連續 31 輪。最佳值: 0.983475, 當前值: 1.103996
2025-04-16 18:56:26,303 - src.training.trainer - INFO - 輪次 121/300 - 訓練損失: 1.135233 - 驗證損失: 1.064066 - rmse: 1234.730225 - r2: -1.761147 - mae: 966.381653 - 學習率: 0.000057 - 時間: 3.93秒
2025-04-16 18:56:26,320 - src.training.callbacks - INFO - 模型檢查點已保存至 outputs\hybrid_model\HybridPINNLSTMModel_20250416_185038\checkpoints\HybridPINNLSTMModel_epoch_121.pt
2025-04-16 18:56:26,326 - src.training.trainer - INFO - 監控指標未改善，已連續 32 輪。最佳值: 0.983475, 當前值: 1.064066
2025-04-16 18:56:29,894 - src.training.trainer - INFO - 監控指標未改善，已連續 33 輪。最佳值: 0.983475, 當前值: 1.128310
2025-04-16 18:56:33,258 - src.training.trainer - INFO - 輪次 123/300 - 訓練損失: 1.137112 - 驗證損失: 1.105600 - rmse: 1241.884888 - r2: -1.793239 - mae: 973.353455 - 學習率: 0.000051 - 時間: 3.36秒
2025-04-16 18:56:33,262 - src.training.trainer - INFO - 監控指標未改善，已連續 34 輪。最佳值: 0.983475, 當前值: 1.105600
2025-04-16 18:56:36,602 - src.training.trainer - INFO - 監控指標未改善，已連續 35 輪。最佳值: 0.983475, 當前值: 1.047017
2025-04-16 18:56:36,603 - src.training.trainer - INFO - 檢測到訓練停滯，嘗試重啟訓練...
2025-04-16 18:56:40,389 - src.training.trainer - INFO - 輪次 125/300 - 訓練損失: 1.127529 - 驗證損失: 1.134918 - rmse: 1245.352661 - r2: -1.808860 - mae: 979.720276 - 學習率: 0.000045 - 時間: 3.79秒
2025-04-16 18:56:40,395 - src.training.trainer - INFO - 監控指標未改善，已連續 34 輪。最佳值: 0.983475, 當前值: 1.134918
2025-04-16 18:56:44,124 - src.training.callbacks - INFO - 模型檢查點已保存至 outputs\hybrid_model\HybridPINNLSTMModel_20250416_185038\checkpoints\HybridPINNLSTMModel_epoch_126.pt
2025-04-16 18:56:44,129 - src.training.trainer - INFO - 監控指標未改善，已連續 35 輪。最佳值: 0.983475, 當前值: 1.111539
2025-04-16 18:56:47,458 - src.training.trainer - INFO - 輪次 127/300 - 訓練損失: 1.119376 - 驗證損失: 1.080435 - rmse: 1236.599487 - r2: -1.769514 - mae: 966.060547 - 學習率: 0.000040 - 時間: 3.33秒
2025-04-16 18:56:47,464 - src.training.trainer - INFO - 監控指標未改善，已連續 36 輪。最佳值: 0.983475, 當前值: 1.080435
2025-04-16 18:56:50,928 - src.training.trainer - INFO - 監控指標未改善，已連續 37 輪。最佳值: 0.983475, 當前值: 1.094739
2025-04-16 18:56:54,306 - src.training.trainer - INFO - 輪次 129/300 - 訓練損失: 1.098844 - 驗證損失: 1.102078 - rmse: 1240.842285 - r2: -1.788551 - mae: 975.836365 - 學習率: 0.000036 - 時間: 3.38秒
2025-04-16 18:56:54,312 - src.training.trainer - INFO - 監控指標未改善，已連續 38 輪。最佳值: 0.983475, 當前值: 1.102078
2025-04-16 18:56:54,312 - src.training.trainer - INFO - 檢測到訓練停滯，嘗試重啟訓練...
2025-04-16 18:56:57,625 - src.training.trainer - INFO - 監控指標未改善，已連續 37 輪。最佳值: 0.983475, 當前值: 1.043690
2025-04-16 18:57:01,480 - src.training.trainer - INFO - 輪次 131/300 - 訓練損失: 1.102516 - 驗證損失: 1.069143 - rmse: 1236.642090 - r2: -1.769704 - mae: 967.761292 - 學習率: 0.000031 - 時間: 3.85秒
2025-04-16 18:57:01,494 - src.training.callbacks - INFO - 模型檢查點已保存至 outputs\hybrid_model\HybridPINNLSTMModel_20250416_185038\checkpoints\HybridPINNLSTMModel_epoch_131.pt
2025-04-16 18:57:01,502 - src.training.trainer - INFO - 監控指標未改善，已連續 38 輪。最佳值: 0.983475, 當前值: 1.069143
2025-04-16 18:57:05,162 - src.training.trainer - INFO - 監控指標未改善，已連續 39 輪。最佳值: 0.983475, 當前值: 1.037402
2025-04-16 18:57:08,864 - src.training.trainer - INFO - 輪次 133/300 - 訓練損失: 1.110309 - 驗證損失: 1.107578 - rmse: 1242.802368 - r2: -1.797368 - mae: 972.735168 - 學習率: 0.000027 - 時間: 3.70秒
2025-04-16 18:57:08,871 - src.training.trainer - INFO - 監控指標未改善，已連續 40 輪。最佳值: 0.983475, 當前值: 1.107578
2025-04-16 18:57:08,871 - src.training.trainer - INFO - 早停觸發！40 輪未改善
2025-04-16 18:57:08,871 - src.training.trainer - INFO - 早停觸發，在輪次 133 停止訓練
2025-04-16 18:57:08,871 - src.training.trainer - INFO - 訓練完成，總時間: 389.90秒
2025-04-16 18:57:08,897 - __main__ - INFO - 訓練完成，最終模型已保存至: outputs/hybrid_model\models\final_model.pt
2025-04-16 18:57:08,912 - __main__ - WARNING - 合併輸出 l2_penalty 時出錯: zero-dimensional arrays cannot be concatenated
2025-04-16 18:57:08,920 - src.utils.metrics - INFO - Model: HybridPINNLSTMModel
RMSE: 1899.8716
R2: -5.2993
MAE: 1753.1030
MAPE: 91.21%
Relative Error (Mean): 91.21%
Relative Error (Median): 92.72%
Relative Error (90th percentile): 93.69%
Log RMSE: 1.0826
2025-04-16 18:57:08,929 - __main__ - INFO - 評估指標已保存至: outputs/hybrid_model\evaluation\metrics.csv
2025-04-16 18:57:08,929 - __main__ - INFO - 生成視覺化結果...
2025-04-16 18:57:10,014 - src.utils.visualization - INFO - 圖像已保存至: outputs/hybrid_model\evaluation\visualizations\prediction_vs_true.png
2025-04-16 18:57:10,799 - src.utils.visualization - INFO - 圖像已保存至: outputs/hybrid_model\evaluation\visualizations\delta_w_prediction.png
2025-04-16 18:57:11,685 - src.utils.visualization - INFO - 圖像已保存至: outputs/hybrid_model\evaluation\visualizations\physical_constraint.png
2025-04-16 18:57:11,695 - __main__ - INFO - 評估完成，結果已保存至: outputs/hybrid_model\evaluation
2025-04-16 18:57:11,695 - __main__ - INFO - 任務完成
